✔ bounded normal search keeps horizon leaves unknown and can resume exact search (1.7328ms)
✔ an unresolved sibling cannot turn a known draw into an exact root draw (0.2115ms)
✔ a proved winning child still cuts off after an unresolved sibling (0.1635ms)
✔ bounded forced chains respect the horizon and restore unrestricted search after failure (0.2476ms)
✔ structural draw intersects prior proof and rejects contradictory exact bounds (0.6647ms)
✔ both decision policies reject rank-preserving forced transitions (0.7391ms)
✔ a scout rejected with null cannot become a draw through numeric coercion (0.8525ms)
✔ a failed re-search retains ownership of its outstanding peer scouts (2.5667ms)
✔ frontier copying handles overlapping distinct views and keeps cached masks private (0.7386ms)
✔ fused frontier advancement matches independent masks for disjoint and overlapping views (3.1838ms)
✔ coherent read boundary rejects malformed scalars before typed narrowing (0.3073ms)
✔ actual search visits moves in descending eval order; hints only break equal scores (1.4571ms)
✔ root action results expose one canonical draw value after perspective reversal (0.2583ms)
✔ semantic tactical forwarding keeps kernel state checks and policy result checks (9.6045ms)
✔ nonzero hash mismatch avoids slot acquisition without granting hash equality proof authority (0.9378ms)
✔ hash rejection skips generation loads; replacement across the filter still requires exact payload (0.3776ms)
✔ bucket prefix probes stop at first empty and preserve exact matches through collisions, writers, poison and reset (0.6468ms)
✔ a first-empty observation during concurrent publication is only a miss and cannot hide the next probe (0.2299ms)
✔ current-handle observation rechecks generation after observing slot status (0.2184ms)
✔ game adapters require an arena bound to their exact geometry and term vocabulary (5.9097ms)
✔ resource reset rejects semantic nonquiescence before clearing static proofs (0.5967ms)
✔ arena views reject aliases/growth and snapshot mutable transport metadata (0.5397ms)
✔ a failure after payload overwrite poisons the new generation until quiescent reset (0.3898ms)
✔ generation exhaustion never wraps into a prior handle (0.2581ms)
✔ negative allocation and counters cannot alias existing term storage (0.3118ms)
✔ proof writer excludes replacement and reset, then wakes replacement on release (65.3452ms)
ℹ tests 26
ℹ suites 0
ℹ pass 26
ℹ fail 0
ℹ cancelled 0
ℹ skipped 0
ℹ todo 0
ℹ duration_ms 186.9588
