✔ CPC event counts reduce to XOR through the actual support/address mapping (1460.1111ms)
ℹ [{"geometry":"1x4c3","supports":5,"targets":10,"oddHeightAddressCounterexamples":0},{"geometry":"2x5c4","supports":36,"targets":180,"oddHeightAddressCounterexamples":81},{"geometry":"3x4c3","supports":125,"targets":750,"oddHeightAddressCounterexamples":0},{"geometry":"4x3c3","supports":256,"targets":1536,"oddHeightAddressCounterexamples":768},{"geometry":"4x4c4","supports":625,"targets":5000,"oddHeightAddressCounterexamples":0},{"geometry":"4x5c4","supports":1296,"targets":12960,"oddHeightAddressCounterexamples":6480},{"geometry":"5x3c3","supports":1024,"targets":7680,"oddHeightAddressCounterexamples":3840},{"geometry":"6x4c4","supports":15625,"targets":187500,"oddHeightAddressCounterexamples":0},{"geometry":"7x5c4","supports":279936,"targets":4898880,"oddHeightAddressCounterexamples":2449440},{"geometry":"7x6c4","supports":823543,"targets":17294403,"oddHeightAddressCounterexamples":0}]
✔ equal base parity operands and target do not erase differing residual context (3.5726ms)
ℹ {"loss":{"path":"122442","heights":[1,3,0,2],"mover":0,"outside":3,"through":2,"relativeControl":0,"wdl":-1},"win":{"path":"124224","heights":[1,3,0,2],"mover":0,"outside":3,"through":2,"relativeControl":0,"wdl":1}}
✔ frontier provider is selected at initialization and malformed providers fail closed (2.4078ms)
✔ bounded normal search keeps horizon leaves unknown and can resume exact search (0.5688ms)
✔ an unresolved sibling cannot turn a known draw into an exact root draw (0.2155ms)
✔ a proved winning child still cuts off after an unresolved sibling (0.1751ms)
✔ bounded forced chains respect the horizon and restore unrestricted search after failure (0.7548ms)
✔ structural draw intersects prior proof and rejects contradictory exact bounds (0.6399ms)
✔ both decision policies reject rank-preserving forced transitions (0.7391ms)
✔ a scout rejected with null cannot become a draw through numeric coercion (0.4697ms)
✔ a failed re-search retains ownership of its outstanding peer scouts (3.4539ms)
✔ frontier copying handles overlapping distinct views and keeps cached masks private (0.9522ms)
✔ fused frontier advancement matches independent masks for disjoint and overlapping views (6.1349ms)
✔ coherent read boundary rejects malformed scalars before typed narrowing (0.3896ms)
✔ actual search visits moves in descending eval order; hints only break equal scores (1.6546ms)
✔ root action results expose one canonical draw value after perspective reversal (0.4859ms)
✔ standard-board response certificates survive hostile play and shared Negamax perspective (223.395ms)
✔ proof arenas dispatch only explicit complete contracts (1.9437ms)
✔ publication rejects invalid values and hints before either live or stale access (1.7013ms)
✔ packed records reject reserved bits, invalid bounds and implicit number coercion (0.7582ms)
✔ replacement before proof lock acquisition rejects old publication and releases the acquired generation (0.6078ms)
✔ contradictory publication leaves the current proof intact and releases the writer (0.4006ms)
✔ coherent proof read observes sound writer-held record without blocking (0.9706ms)
✔ semantic tactical forwarding keeps kernel state checks and policy result checks (12.1075ms)
✔ nonzero hash mismatch avoids slot acquisition without granting hash equality proof authority (1.5578ms)
✔ hash rejection skips generation loads; replacement across the filter still requires exact payload (0.9399ms)
✔ bucket prefix probes stop at first empty and preserve exact matches through collisions, writers, poison and reset (1.5533ms)
✔ a first-empty observation during concurrent publication is only a miss and cannot hide the next probe (0.3876ms)
✔ current-handle observation rechecks generation after observing slot status (0.3814ms)
✔ game adapters require an arena bound to their exact geometry and term vocabulary (6.3879ms)
✔ resource reset rejects semantic nonquiescence before clearing static proofs (1.8216ms)
✔ arena views reject aliases/growth and snapshot mutable transport metadata (1.0009ms)
✔ a failure after payload overwrite poisons the new generation until quiescent reset (0.5763ms)
✔ generation exhaustion never wraps into a prior handle (0.3248ms)
✔ negative allocation and counters cannot alias existing term storage (0.422ms)
✔ proof writer excludes replacement and reset, then wakes replacement on release (88.009ms)
✔ singleton scalar reads match canonical residual terms across geometries and reject invalid addresses (57.5727ms)
✔ bounded reservations follow board/depth bounds, budget and actual owner byte counts (66.9215ms)
✔ changed-slot identity converges across blocking order, including all-zero address filters (19.1199ms)
✔ compact index preserves capacity and published keys when link or bucket allocation fails (3.7568ms)
✔ cheap chunk address collisions preserve exact IDs through dictionary rehash (5.227ms)
✔ reserved composed hashes reuse immutable local IDs across traversal and shared arena reset (40.8828ms)
✔ empty chunk identity survives dictionary growth and validates input before reuse (0.9996ms)
✔ direct semantic edges agree with recomputation and repeated edges bypass every interner (22.2521ms)
✔ prepared exact search performs no typed allocation or backing-array growth (9.1234ms)
✔ reserved state/chunk exhaustion preserves published identities instead of allocating (6.4175ms)
✔ standalone local solver reserves its proof arrays without adding them to online workers (5.0094ms)
✔ reserved residual exhaustion preserves existing classes and reports the resource boundary (7.9711ms)
✔ chunk exact keys survive collisions and growth; a hit never requests insertion capacity (1.2454ms)
✔ canonical cardinality and descriptor hashes match independent term sequences across growth and geometries (457.0072ms)
✔ term writer rejects malformed capacity before mutation and class-count allocation failure preserves published classes (2.8022ms)
✔ qualification baseline keeps one proof owner and rejects invalid residual inputs (0.716ms)
✔ support access rejects malformed indices and columns without rank-zero aliases (1.631ms)
✔ paired response guard preserves every column reservoir in packed and table layouts (3.2285ms)
✔ compiled residual coverage rejects malformed inputs and reads canonical chunks after growth (6.2678ms)
✔ board input is captured once at initialization and residual widths derive from that domain (56.6523ms)
✔ state interning and cached edges reject values outside their owned domains (0.628ms)
✔ slot64 cell masks reject integer wrapping and preserve the residual class (0.4863ms)
✔ failed state growth leaves every existing backing array and capacity intact (11.4198ms)
✔ semantic IDs and cached edges survive repeated state growth and hash collisions (79.5826ms)
✔ cleanup attempts every owned termination after stop/drain/close failure (1.6137ms)
✔ postMessage failure poisons executor and releases every pending task (1.1803ms)
✔ malformed worker values poison before the worker can run queued work (1.1158ms)
✔ synchronous abandonment failure cannot interrupt executor poisoning (0.601ms)
✔ queued payloads are captured at submission instead of borrowing caller state (0.5735ms)
✔ path replies must match the dispatched planner state and failed pools cannot be reused (1.0006ms)
✔ Branch Manager calls fail immediately after observed exit instead of awaiting a dead worker (63.6838ms)
✔ semantic worker fails closed on unknown protocol and remains poisoned (65.1685ms)
✔ bounded work plan rejects bad ordering/ranks and reduces actual worker values exactly (143.0785ms)
ℹ tests 69
ℹ suites 0
ℹ pass 69
ℹ fail 0
ℹ cancelled 0
ℹ skipped 0
ℹ todo 0
ℹ duration_ms 1573.6172
