ONLINE_DEPENDENCY_PARALLEL_SUMMARY={"kind":"connect4-online-frontier-dependency-parallel-negamax-v5","status":"complete","spec":{"columns":4,"rows":5,"connect":4},"repeats":5,"availableParallelism":16,"priorityProbeDepth":0,"completeGlobalGraphRequiredByRecursiveSearch":false,"canonicalProofIdentity":"exact_semantic_descriptor","coordinatorImplementation":"createOnlineDependencyCoordinator","coordinatorDiagnostics":"immutable_stats_snapshot","ordering":"dynamic_live_winning_line_frontier_with_proof_hint_equal_score_tiebreak","forcedTransit":"macro_normalized_before_decision_depth","sharedProofAdmission":"probe_without_allocation_then_generation_stable_read_or_rebind_on_publication","siblingCompletion":"incremental_completion_order_with_noninterrupting_detach_after_cutoff","baseline":{"elapsedMsMedian":28.663599999999974,"expandedMedian":10756,"callsMedian":23527,"runs":[{"elapsedMs":77.1423,"expanded":10756,"calls":23527,"forcedMacroTransitions":4297,"proofAdmissions":12716},{"elapsedMs":32.21709999999999,"expanded":10756,"calls":23527,"forcedMacroTransitions":4297,"proofAdmissions":12716},{"elapsedMs":28.531000000000006,"expanded":10756,"calls":23527,"forcedMacroTransitions":4297,"proofAdmissions":12716},{"elapsedMs":27.464499999999987,"expanded":10756,"calls":23527,"forcedMacroTransitions":4297,"proofAdmissions":12716},{"elapsedMs":28.663599999999974,"expanded":10756,"calls":23527,"forcedMacroTransitions":4297,"proofAdmissions":12716}]},"results":[{"requestedWorkers":1,"workers":1,"splitDepth":2,"splitDepthMeaning":"unresolved_decision_depth_after_forced_macro_normalization","rootResolvedMsMedian":23.51769999999999,"elapsedMsMedian":23.522399999999948,"totalExpandedMedian":10756,"shallowExpandedMedian":5,"workerExpandedMedian":10751,"leafTasksMedian":7,"scoutTasksMedian":6,"detachedScoutTasksMedian":0,"reSearchesMedian":0,"parallelBatchesMedian":2,"actions":[0,0,0,0],"runs":[{"rootResolvedMs":27.58000000000004,"elapsedMs":27.584500000000048,"shallowExpanded":5,"workerExpanded":10751,"totalExpanded":10756,"leafTasks":7,"scoutTasks":6,"incrementalScoutCompletions":6,"detachedScoutTasks":0,"detachedBatches":0,"reSearches":0,"parallelBatches":2,"forcedMacroTransitions":0,"proofAdmissions":5,"coordinatorStates":12,"coordinatorClasses":24,"coordinatorPaths":12,"priorityMemoEntries":7,"priorityMemoDrops":0},{"rootResolvedMs":24.151499999999942,"elapsedMs":24.15719999999999,"shallowExpanded":5,"workerExpanded":10751,"totalExpanded":10756,"leafTasks":7,"scoutTasks":6,"incrementalScoutCompletions":6,"detachedScoutTasks":0,"detachedBatches":0,"reSearches":0,"parallelBatches":2,"forcedMacroTransitions":0,"proofAdmissions":5,"coordinatorStates":12,"coordinatorClasses":24,"coordinatorPaths":12,"priorityMemoEntries":7,"priorityMemoDrops":0},{"rootResolvedMs":22.76529999999991,"elapsedMs":22.77069999999992,"shallowExpanded":5,"workerExpanded":10751,"totalExpanded":10756,"leafTasks":7,"scoutTasks":6,"incrementalScoutCompletions":6,"detachedScoutTasks":0,"detachedBatches":0,"reSearches":0,"parallelBatches":2,"forcedMacroTransitions":0,"proofAdmissions":5,"coordinatorStates":12,"coordinatorClasses":24,"coordinatorPaths":12,"priorityMemoEntries":7,"priorityMemoDrops":0},{"rootResolvedMs":23.14339999999993,"elapsedMs":23.152399999999943,"shallowExpanded":5,"workerExpanded":10751,"totalExpanded":10756,"leafTasks":7,"scoutTasks":6,"incrementalScoutCompletions":6,"detachedScoutTasks":0,"detachedBatches":0,"reSearches":0,"parallelBatches":2,"forcedMacroTransitions":0,"proofAdmissions":5,"coordinatorStates":12,"coordinatorClasses":24,"coordinatorPaths":12,"priorityMemoEntries":7,"priorityMemoDrops":0},{"rootResolvedMs":23.51769999999999,"elapsedMs":23.522399999999948,"shallowExpanded":5,"workerExpanded":10751,"totalExpanded":10756,"leafTasks":7,"scoutTasks":6,"incrementalScoutCompletions":6,"detachedScoutTasks":0,"detachedBatches":0,"reSearches":0,"parallelBatches":2,"forcedMacroTransitions":0,"proofAdmissions":5,"coordinatorStates":12,"coordinatorClasses":24,"coordinatorPaths":12,"priorityMemoEntries":7,"priorityMemoDrops":0}]},{"requestedWorkers":1,"workers":1,"splitDepth":3,"splitDepthMeaning":"unresolved_decision_depth_after_forced_macro_normalization","rootResolvedMsMedian":24.249900000000025,"elapsedMsMedian":24.255499999999984,"totalExpandedMedian":10789,"shallowExpandedMedian":12,"workerExpandedMedian":10777,"leafTasksMedian":20,"scoutTasksMedian":18,"detachedScoutTasksMedian":0,"reSearchesMedian":1,"parallelBatchesMedian":6,"actions":[0,0,0,0],"runs":[{"rootResolvedMs":24.249900000000025,"elapsedMs":24.255499999999984,"shallowExpanded":12,"workerExpanded":10777,"totalExpanded":10789,"leafTasks":20,"scoutTasks":18,"incrementalScoutCompletions":18,"detachedScoutTasks":0,"detachedBatches":0,"reSearches":1,"parallelBatches":6,"forcedMacroTransitions":0,"proofAdmissions":12,"coordinatorStates":40,"coordinatorClasses":68,"coordinatorPaths":31,"priorityMemoEntries":19,"priorityMemoDrops":0},{"rootResolvedMs":21.255300000000034,"elapsedMs":21.261100000000056,"shallowExpanded":12,"workerExpanded":10777,"totalExpanded":10789,"leafTasks":20,"scoutTasks":18,"incrementalScoutCompletions":18,"detachedScoutTasks":0,"detachedBatches":0,"reSearches":1,"parallelBatches":6,"forcedMacroTransitions":0,"proofAdmissions":12,"coordinatorStates":40,"coordinatorClasses":68,"coordinatorPaths":31,"priorityMemoEntries":19,"priorityMemoDrops":0},{"rootResolvedMs":22.768600000000106,"elapsedMs":22.777600000000007,"shallowExpanded":12,"workerExpanded":10777,"totalExpanded":10789,"leafTasks":20,"scoutTasks":18,"incrementalScoutCompletions":18,"detachedScoutTasks":0,"detachedBatches":0,"reSearches":1,"parallelBatches":6,"forcedMacroTransitions":0,"proofAdmissions":12,"coordinatorStates":40,"coordinatorClasses":68,"coordinatorPaths":31,"priorityMemoEntries":19,"priorityMemoDrops":0},{"rootResolvedMs":27.09699999999998,"elapsedMs":27.107500000000073,"shallowExpanded":12,"workerExpanded":10777,"totalExpanded":10789,"leafTasks":20,"scoutTasks":18,"incrementalScoutCompletions":18,"detachedScoutTasks":0,"detachedBatches":0,"reSearches":1,"parallelBatches":6,"forcedMacroTransitions":0,"proofAdmissions":12,"coordinatorStates":40,"coordinatorClasses":68,"coordinatorPaths":31,"priorityMemoEntries":19,"priorityMemoDrops":0},{"rootResolvedMs":25.454600000000028,"elapsedMs":25.461099999999988,"shallowExpanded":12,"workerExpanded":10777,"totalExpanded":10789,"leafTasks":20,"scoutTasks":18,"incrementalScoutCompletions":18,"detachedScoutTasks":0,"detachedBatches":0,"reSearches":1,"parallelBatches":6,"forcedMacroTransitions":0,"proofAdmissions":12,"coordinatorStates":40,"coordinatorClasses":68,"coordinatorPaths":31,"priorityMemoEntries":19,"priorityMemoDrops":0}]},{"requestedWorkers":1,"workers":1,"splitDepth":4,"splitDepthMeaning":"unresolved_decision_depth_after_forced_macro_normalization","rootResolvedMsMedian":35.515100000000075,"elapsedMsMedian":35.52019999999993,"totalExpandedMedian":14028,"shallowExpandedMedian":32,"workerExpandedMedian":13996,"leafTasksMedian":37,"scoutTasksMedian":36,"detachedScoutTasksMedian":4,"reSearchesMedian":1,"parallelBatchesMedian":12,"actions":[0,0,0,0],"runs":[{"rootResolvedMs":31.444300000000112,"elapsedMs":31.448799999999892,"shallowExpanded":32,"workerExpanded":13996,"totalExpanded":14028,"leafTasks":37,"scoutTasks":36,"incrementalScoutCompletions":32,"detachedScoutTasks":4,"detachedBatches":2,"reSearches":1,"parallelBatches":12,"forcedMacroTransitions":0,"proofAdmissions":31,"coordinatorStates":81,"coordinatorClasses":150,"coordinatorPaths":63,"priorityMemoEntries":32,"priorityMemoDrops":0},{"rootResolvedMs":31.368600000000015,"elapsedMs":31.373400000000174,"shallowExpanded":32,"workerExpanded":13996,"totalExpanded":14028,"leafTasks":37,"scoutTasks":36,"incrementalScoutCompletions":32,"detachedScoutTasks":4,"detachedBatches":2,"reSearches":1,"parallelBatches":12,"forcedMacroTransitions":0,"proofAdmissions":31,"coordinatorStates":81,"coordinatorClasses":150,"coordinatorPaths":63,"priorityMemoEntries":32,"priorityMemoDrops":0},{"rootResolvedMs":35.515100000000075,"elapsedMs":35.52019999999993,"shallowExpanded":32,"workerExpanded":13996,"totalExpanded":14028,"leafTasks":37,"scoutTasks":36,"incrementalScoutCompletions":32,"detachedScoutTasks":4,"detachedBatches":2,"reSearches":1,"parallelBatches":12,"forcedMacroTransitions":0,"proofAdmissions":31,"coordinatorStates":81,"coordinatorClasses":150,"coordinatorPaths":63,"priorityMemoEntries":32,"priorityMemoDrops":0},{"rootResolvedMs":43.630100000000084,"elapsedMs":43.63560000000007,"shallowExpanded":32,"workerExpanded":13996,"totalExpanded":14028,"leafTasks":37,"scoutTasks":36,"incrementalScoutCompletions":32,"detachedScoutTasks":4,"detachedBatches":2,"reSearches":1,"parallelBatches":12,"forcedMacroTransitions":0,"proofAdmissions":31,"coordinatorStates":81,"coordinatorClasses":150,"coordinatorPaths":63,"priorityMemoEntries":32,"priorityMemoDrops":0},{"rootResolvedMs":44.90779999999995,"elapsedMs":44.91350000000011,"shallowExpanded":32,"workerExpanded":13996,"totalExpanded":14028,"leafTasks":37,"scoutTasks":36,"incrementalScoutCompletions":32,"detachedScoutTasks":4,"detachedBatches":2,"reSearches":1,"parallelBatches":12,"forcedMacroTransitions":0,"proofAdmissions":31,"coordinatorStates":81,"coordinatorClasses":150,"coordinatorPaths":63,"priorityMemoEntries":32,"priorityMemoDrops":0}]},{"requestedWorkers":2,"workers":2,"splitDepth":2,"splitDepthMeaning":"unresolved_decision_depth_after_forced_macro_normalization","rootResolvedMsMedian":19.71550000000002,"elapsedMsMedian":19.719299999999976,"totalExpandedMedian":10779,"shallowExpandedMedian":5,"workerExpandedMedian":10774,"leafTasksMedian":7,"scoutTasksMedian":6,"detachedScoutTasksMedian":0,"reSearchesMedian":0,"parallelBatchesMedian":2,"actions":[0,0,0,0],"runs":[{"rootResolvedMs":40.963399999999865,"elapsedMs":40.9683,"shallowExpanded":5,"workerExpanded":10770,"totalExpanded":10775,"leafTasks":7,"scoutTasks":6,"incrementalScoutCompletions":6,"detachedScoutTasks":0,"detachedBatches":0,"reSearches":0,"parallelBatches":2,"forcedMacroTransitions":0,"proofAdmissions":5,"coordinatorStates":12,"coordinatorClasses":24,"coordinatorPaths":12,"priorityMemoEntries":7,"priorityMemoDrops":0},{"rootResolvedMs":26.577999999999975,"elapsedMs":26.582499999999982,"shallowExpanded":5,"workerExpanded":10776,"totalExpanded":10781,"leafTasks":7,"scoutTasks":6,"incrementalScoutCompletions":6,"detachedScoutTasks":0,"detachedBatches":0,"reSearches":0,"parallelBatches":2,"forcedMacroTransitions":0,"proofAdmissions":5,"coordinatorStates":12,"coordinatorClasses":24,"coordinatorPaths":12,"priorityMemoEntries":7,"priorityMemoDrops":0},{"rootResolvedMs":19.286100000000033,"elapsedMs":19.293499999999995,"shallowExpanded":5,"workerExpanded":10771,"totalExpanded":10776,"leafTasks":7,"scoutTasks":6,"incrementalScoutCompletions":6,"detachedScoutTasks":0,"detachedBatches":0,"reSearches":0,"parallelBatches":2,"forcedMacroTransitions":0,"proofAdmissions":5,"coordinatorStates":12,"coordinatorClasses":24,"coordinatorPaths":12,"priorityMemoEntries":7,"priorityMemoDrops":0},{"rootResolvedMs":19.71550000000002,"elapsedMs":19.719299999999976,"shallowExpanded":5,"workerExpanded":10803,"totalExpanded":10808,"leafTasks":7,"scoutTasks":6,"incrementalScoutCompletions":6,"detachedScoutTasks":0,"detachedBatches":0,"reSearches":0,"parallelBatches":2,"forcedMacroTransitions":0,"proofAdmissions":5,"coordinatorStates":12,"coordinatorClasses":24,"coordinatorPaths":12,"priorityMemoEntries":7,"priorityMemoDrops":0},{"rootResolvedMs":17.857500000000073,"elapsedMs":17.86110000000008,"shallowExpanded":5,"workerExpanded":10774,"totalExpanded":10779,"leafTasks":7,"scoutTasks":6,"incrementalScoutCompletions":6,"detachedScoutTasks":0,"detachedBatches":0,"reSearches":0,"parallelBatches":2,"forcedMacroTransitions":0,"proofAdmissions":5,"coordinatorStates":12,"coordinatorClasses":24,"coordinatorPaths":12,"priorityMemoEntries":7,"priorityMemoDrops":0}]},{"requestedWorkers":2,"workers":2,"splitDepth":3,"splitDepthMeaning":"unresolved_decision_depth_after_forced_macro_normalization","rootResolvedMsMedian":15.916899999999941,"elapsedMsMedian":15.921099999999797,"totalExpandedMedian":10829,"shallowExpandedMedian":12,"workerExpandedMedian":10817,"leafTasksMedian":20,"scoutTasksMedian":18,"detachedScoutTasksMedian":0,"reSearchesMedian":1,"parallelBatchesMedian":6,"actions":[0,0,0,0],"runs":[{"rootResolvedMs":18.241899999999987,"elapsedMs":18.245699999999943,"shallowExpanded":12,"workerExpanded":10811,"totalExpanded":10823,"leafTasks":20,"scoutTasks":18,"incrementalScoutCompletions":18,"detachedScoutTasks":0,"detachedBatches":0,"reSearches":1,"parallelBatches":6,"forcedMacroTransitions":0,"proofAdmissions":12,"coordinatorStates":40,"coordinatorClasses":68,"coordinatorPaths":31,"priorityMemoEntries":19,"priorityMemoDrops":0},{"rootResolvedMs":15.97400000000016,"elapsedMs":15.978500000000167,"shallowExpanded":12,"workerExpanded":10817,"totalExpanded":10829,"leafTasks":20,"scoutTasks":18,"incrementalScoutCompletions":18,"detachedScoutTasks":0,"detachedBatches":0,"reSearches":1,"parallelBatches":6,"forcedMacroTransitions":0,"proofAdmissions":12,"coordinatorStates":40,"coordinatorClasses":68,"coordinatorPaths":31,"priorityMemoEntries":19,"priorityMemoDrops":0},{"rootResolvedMs":15.673900000000003,"elapsedMs":15.67840000000001,"shallowExpanded":12,"workerExpanded":10799,"totalExpanded":10811,"leafTasks":20,"scoutTasks":18,"incrementalScoutCompletions":18,"detachedScoutTasks":0,"detachedBatches":0,"reSearches":1,"parallelBatches":6,"forcedMacroTransitions":0,"proofAdmissions":12,"coordinatorStates":40,"coordinatorClasses":68,"coordinatorPaths":31,"priorityMemoEntries":19,"priorityMemoDrops":0},{"rootResolvedMs":15.916899999999941,"elapsedMs":15.921099999999797,"shallowExpanded":12,"workerExpanded":10861,"totalExpanded":10873,"leafTasks":20,"scoutTasks":18,"incrementalScoutCompletions":18,"detachedScoutTasks":0,"detachedBatches":0,"reSearches":1,"parallelBatches":6,"forcedMacroTransitions":0,"proofAdmissions":12,"coordinatorStates":40,"coordinatorClasses":68,"coordinatorPaths":31,"priorityMemoEntries":19,"priorityMemoDrops":0},{"rootResolvedMs":15.84660000000008,"elapsedMs":15.85089999999991,"shallowExpanded":12,"workerExpanded":10825,"totalExpanded":10837,"leafTasks":20,"scoutTasks":18,"incrementalScoutCompletions":18,"detachedScoutTasks":0,"detachedBatches":0,"reSearches":1,"parallelBatches":6,"forcedMacroTransitions":0,"proofAdmissions":12,"coordinatorStates":40,"coordinatorClasses":68,"coordinatorPaths":31,"priorityMemoEntries":19,"priorityMemoDrops":0}]},{"requestedWorkers":2,"workers":2,"splitDepth":4,"splitDepthMeaning":"unresolved_decision_depth_after_forced_macro_normalization","rootResolvedMsMedian":18.76909999999998,"elapsedMsMedian":18.773400000000038,"totalExpandedMedian":14042,"shallowExpandedMedian":32,"workerExpandedMedian":14010,"leafTasksMedian":37,"scoutTasksMedian":36,"detachedScoutTasksMedian":3,"reSearchesMedian":1,"parallelBatchesMedian":12,"actions":[0,0,0,0],"runs":[{"rootResolvedMs":20.454100000000153,"elapsedMs":20.458200000000033,"shallowExpanded":32,"workerExpanded":14014,"totalExpanded":14046,"leafTasks":37,"scoutTasks":36,"incrementalScoutCompletions":32,"detachedScoutTasks":4,"detachedBatches":2,"reSearches":1,"parallelBatches":12,"forcedMacroTransitions":0,"proofAdmissions":31,"coordinatorStates":81,"coordinatorClasses":150,"coordinatorPaths":63,"priorityMemoEntries":32,"priorityMemoDrops":0},{"rootResolvedMs":20.204899999999952,"elapsedMs":20.208899999999858,"shallowExpanded":32,"workerExpanded":14010,"totalExpanded":14042,"leafTasks":37,"scoutTasks":36,"incrementalScoutCompletions":33,"detachedScoutTasks":3,"detachedBatches":2,"reSearches":1,"parallelBatches":12,"forcedMacroTransitions":0,"proofAdmissions":31,"coordinatorStates":81,"coordinatorClasses":150,"coordinatorPaths":63,"priorityMemoEntries":32,"priorityMemoDrops":0},{"rootResolvedMs":18.65300000000002,"elapsedMs":18.656900000000178,"shallowExpanded":32,"workerExpanded":14008,"totalExpanded":14040,"leafTasks":37,"scoutTasks":36,"incrementalScoutCompletions":33,"detachedScoutTasks":3,"detachedBatches":2,"reSearches":1,"parallelBatches":12,"forcedMacroTransitions":0,"proofAdmissions":31,"coordinatorStates":81,"coordinatorClasses":150,"coordinatorPaths":63,"priorityMemoEntries":32,"priorityMemoDrops":0},{"rootResolvedMs":18.76909999999998,"elapsedMs":18.773400000000038,"shallowExpanded":32,"workerExpanded":14000,"totalExpanded":14032,"leafTasks":37,"scoutTasks":36,"incrementalScoutCompletions":32,"detachedScoutTasks":4,"detachedBatches":2,"reSearches":1,"parallelBatches":12,"forcedMacroTransitions":0,"proofAdmissions":31,"coordinatorStates":81,"coordinatorClasses":150,"coordinatorPaths":63,"priorityMemoEntries":32,"priorityMemoDrops":0},{"rootResolvedMs":18.756399999999985,"elapsedMs":18.76039999999989,"shallowExpanded":32,"workerExpanded":14023,"totalExpanded":14055,"leafTasks":37,"scoutTasks":36,"incrementalScoutCompletions":33,"detachedScoutTasks":3,"detachedBatches":2,"reSearches":1,"parallelBatches":12,"forcedMacroTransitions":0,"proofAdmissions":31,"coordinatorStates":81,"coordinatorClasses":150,"coordinatorPaths":63,"priorityMemoEntries":32,"priorityMemoDrops":0}]},{"requestedWorkers":3,"workers":3,"splitDepth":2,"splitDepthMeaning":"unresolved_decision_depth_after_forced_macro_normalization","rootResolvedMsMedian":22.01399999999967,"elapsedMsMedian":22.017399999999725,"totalExpandedMedian":10769,"shallowExpandedMedian":5,"workerExpandedMedian":10764,"leafTasksMedian":7,"scoutTasksMedian":6,"detachedScoutTasksMedian":0,"reSearchesMedian":0,"parallelBatchesMedian":2,"actions":[0,0,0,0],"runs":[{"rootResolvedMs":27.82479999999987,"elapsedMs":27.828999999999724,"shallowExpanded":5,"workerExpanded":10756,"totalExpanded":10761,"leafTasks":7,"scoutTasks":6,"incrementalScoutCompletions":6,"detachedScoutTasks":0,"detachedBatches":0,"reSearches":0,"parallelBatches":2,"forcedMacroTransitions":0,"proofAdmissions":5,"coordinatorStates":12,"coordinatorClasses":24,"coordinatorPaths":12,"priorityMemoEntries":7,"priorityMemoDrops":0},{"rootResolvedMs":22.01399999999967,"elapsedMs":22.017399999999725,"shallowExpanded":5,"workerExpanded":10790,"totalExpanded":10795,"leafTasks":7,"scoutTasks":6,"incrementalScoutCompletions":6,"detachedScoutTasks":0,"detachedBatches":0,"reSearches":0,"parallelBatches":2,"forcedMacroTransitions":0,"proofAdmissions":5,"coordinatorStates":12,"coordinatorClasses":24,"coordinatorPaths":12,"priorityMemoEntries":7,"priorityMemoDrops":0},{"rootResolvedMs":31.00630000000001,"elapsedMs":31.010199999999713,"shallowExpanded":5,"workerExpanded":10764,"totalExpanded":10769,"leafTasks":7,"scoutTasks":6,"incrementalScoutCompletions":6,"detachedScoutTasks":0,"detachedBatches":0,"reSearches":0,"parallelBatches":2,"forcedMacroTransitions":0,"proofAdmissions":5,"coordinatorStates":12,"coordinatorClasses":24,"coordinatorPaths":12,"priorityMemoEntries":7,"priorityMemoDrops":0},{"rootResolvedMs":17.447699999999713,"elapsedMs":17.45169999999962,"shallowExpanded":5,"workerExpanded":10751,"totalExpanded":10756,"leafTasks":7,"scoutTasks":6,"incrementalScoutCompletions":6,"detachedScoutTasks":0,"detachedBatches":0,"reSearches":0,"parallelBatches":2,"forcedMacroTransitions":0,"proofAdmissions":5,"coordinatorStates":12,"coordinatorClasses":24,"coordinatorPaths":12,"priorityMemoEntries":7,"priorityMemoDrops":0},{"rootResolvedMs":17.94309999999996,"elapsedMs":17.94739999999956,"shallowExpanded":5,"workerExpanded":10789,"totalExpanded":10794,"leafTasks":7,"scoutTasks":6,"incrementalScoutCompletions":6,"detachedScoutTasks":0,"detachedBatches":0,"reSearches":0,"parallelBatches":2,"forcedMacroTransitions":0,"proofAdmissions":5,"coordinatorStates":12,"coordinatorClasses":24,"coordinatorPaths":12,"priorityMemoEntries":7,"priorityMemoDrops":0}]},{"requestedWorkers":3,"workers":3,"splitDepth":3,"splitDepthMeaning":"unresolved_decision_depth_after_forced_macro_normalization","rootResolvedMsMedian":13.423400000000129,"elapsedMsMedian":13.426400000000285,"totalExpandedMedian":10908,"shallowExpandedMedian":12,"workerExpandedMedian":10896,"leafTasksMedian":20,"scoutTasksMedian":18,"detachedScoutTasksMedian":0,"reSearchesMedian":1,"parallelBatchesMedian":6,"actions":[0,0,0,0],"runs":[{"rootResolvedMs":14.271799999999985,"elapsedMs":14.277099999999791,"shallowExpanded":12,"workerExpanded":10871,"totalExpanded":10883,"leafTasks":20,"scoutTasks":18,"incrementalScoutCompletions":18,"detachedScoutTasks":0,"detachedBatches":0,"reSearches":1,"parallelBatches":6,"forcedMacroTransitions":0,"proofAdmissions":12,"coordinatorStates":40,"coordinatorClasses":68,"coordinatorPaths":31,"priorityMemoEntries":19,"priorityMemoDrops":0},{"rootResolvedMs":18.312199999999848,"elapsedMs":18.31569999999965,"shallowExpanded":12,"workerExpanded":10896,"totalExpanded":10908,"leafTasks":20,"scoutTasks":18,"incrementalScoutCompletions":18,"detachedScoutTasks":0,"detachedBatches":0,"reSearches":1,"parallelBatches":6,"forcedMacroTransitions":0,"proofAdmissions":12,"coordinatorStates":40,"coordinatorClasses":68,"coordinatorPaths":31,"priorityMemoEntries":19,"priorityMemoDrops":0},{"rootResolvedMs":12.8766999999998,"elapsedMs":12.879699999999957,"shallowExpanded":12,"workerExpanded":10900,"totalExpanded":10912,"leafTasks":20,"scoutTasks":18,"incrementalScoutCompletions":18,"detachedScoutTasks":0,"detachedBatches":0,"reSearches":1,"parallelBatches":6,"forcedMacroTransitions":0,"proofAdmissions":12,"coordinatorStates":40,"coordinatorClasses":68,"coordinatorPaths":31,"priorityMemoEntries":19,"priorityMemoDrops":0},{"rootResolvedMs":13.423400000000129,"elapsedMs":13.426400000000285,"shallowExpanded":12,"workerExpanded":10890,"totalExpanded":10902,"leafTasks":20,"scoutTasks":18,"incrementalScoutCompletions":18,"detachedScoutTasks":0,"detachedBatches":0,"reSearches":1,"parallelBatches":6,"forcedMacroTransitions":0,"proofAdmissions":12,"coordinatorStates":40,"coordinatorClasses":68,"coordinatorPaths":31,"priorityMemoEntries":19,"priorityMemoDrops":0},{"rootResolvedMs":12.54359999999997,"elapsedMs":12.547000000000025,"shallowExpanded":12,"workerExpanded":10899,"totalExpanded":10911,"leafTasks":20,"scoutTasks":18,"incrementalScoutCompletions":18,"detachedScoutTasks":0,"detachedBatches":0,"reSearches":1,"parallelBatches":6,"forcedMacroTransitions":0,"proofAdmissions":12,"coordinatorStates":40,"coordinatorClasses":68,"coordinatorPaths":31,"priorityMemoEntries":19,"priorityMemoDrops":0}]},{"requestedWorkers":3,"workers":3,"splitDepth":4,"splitDepthMeaning":"unresolved_decision_depth_after_forced_macro_normalization","rootResolvedMsMedian":14.391300000000228,"elapsedMsMedian":14.395200000000386,"totalExpandedMedian":14218,"shallowExpandedMedian":32,"workerExpandedMedian":14186,"leafTasksMedian":37,"scoutTasksMedian":36,"detachedScoutTasksMedian":4,"reSearchesMedian":1,"parallelBatchesMedian":12,"actions":[0,0,0,0],"runs":[{"rootResolvedMs":15.436699999999746,"elapsedMs":15.440399999999954,"shallowExpanded":32,"workerExpanded":14186,"totalExpanded":14218,"leafTasks":37,"scoutTasks":36,"incrementalScoutCompletions":32,"detachedScoutTasks":4,"detachedBatches":2,"reSearches":1,"parallelBatches":12,"forcedMacroTransitions":0,"proofAdmissions":31,"coordinatorStates":81,"coordinatorClasses":150,"coordinatorPaths":63,"priorityMemoEntries":32,"priorityMemoDrops":0},{"rootResolvedMs":14.50610000000006,"elapsedMs":14.509500000000116,"shallowExpanded":32,"workerExpanded":14266,"totalExpanded":14298,"leafTasks":37,"scoutTasks":36,"incrementalScoutCompletions":32,"detachedScoutTasks":4,"detachedBatches":2,"reSearches":1,"parallelBatches":12,"forcedMacroTransitions":0,"proofAdmissions":31,"coordinatorStates":81,"coordinatorClasses":150,"coordinatorPaths":63,"priorityMemoEntries":32,"priorityMemoDrops":0},{"rootResolvedMs":14.176300000000083,"elapsedMs":14.18020000000024,"shallowExpanded":32,"workerExpanded":14185,"totalExpanded":14217,"leafTasks":37,"scoutTasks":36,"incrementalScoutCompletions":32,"detachedScoutTasks":4,"detachedBatches":2,"reSearches":1,"parallelBatches":12,"forcedMacroTransitions":0,"proofAdmissions":31,"coordinatorStates":81,"coordinatorClasses":150,"coordinatorPaths":63,"priorityMemoEntries":32,"priorityMemoDrops":0},{"rootResolvedMs":14.391300000000228,"elapsedMs":14.395200000000386,"shallowExpanded":32,"workerExpanded":14177,"totalExpanded":14209,"leafTasks":37,"scoutTasks":36,"incrementalScoutCompletions":32,"detachedScoutTasks":4,"detachedBatches":2,"reSearches":1,"parallelBatches":12,"forcedMacroTransitions":0,"proofAdmissions":31,"coordinatorStates":81,"coordinatorClasses":150,"coordinatorPaths":63,"priorityMemoEntries":32,"priorityMemoDrops":0},{"rootResolvedMs":13.653599999999642,"elapsedMs":13.65689999999995,"shallowExpanded":32,"workerExpanded":14223,"totalExpanded":14255,"leafTasks":37,"scoutTasks":36,"incrementalScoutCompletions":32,"detachedScoutTasks":4,"detachedBatches":2,"reSearches":1,"parallelBatches":12,"forcedMacroTransitions":0,"proofAdmissions":31,"coordinatorStates":81,"coordinatorClasses":150,"coordinatorPaths":63,"priorityMemoEntries":32,"priorityMemoDrops":0}]},{"requestedWorkers":4,"workers":4,"splitDepth":2,"splitDepthMeaning":"unresolved_decision_depth_after_forced_macro_normalization","rootResolvedMsMedian":80.99130000000014,"elapsedMsMedian":80.99789999999985,"totalExpandedMedian":10783,"shallowExpandedMedian":5,"workerExpandedMedian":10778,"leafTasksMedian":7,"scoutTasksMedian":6,"detachedScoutTasksMedian":0,"reSearchesMedian":0,"parallelBatchesMedian":2,"actions":[0,0,0,0],"runs":[{"rootResolvedMs":90.92689999999993,"elapsedMs":90.93319999999994,"shallowExpanded":5,"workerExpanded":10759,"totalExpanded":10764,"leafTasks":7,"scoutTasks":6,"incrementalScoutCompletions":6,"detachedScoutTasks":0,"detachedBatches":0,"reSearches":0,"parallelBatches":2,"forcedMacroTransitions":0,"proofAdmissions":5,"coordinatorStates":12,"coordinatorClasses":24,"coordinatorPaths":12,"priorityMemoEntries":7,"priorityMemoDrops":0},{"rootResolvedMs":95.2514000000001,"elapsedMs":95.25829999999996,"shallowExpanded":5,"workerExpanded":10756,"totalExpanded":10761,"leafTasks":7,"scoutTasks":6,"incrementalScoutCompletions":6,"detachedScoutTasks":0,"detachedBatches":0,"reSearches":0,"parallelBatches":2,"forcedMacroTransitions":0,"proofAdmissions":5,"coordinatorStates":12,"coordinatorClasses":24,"coordinatorPaths":12,"priorityMemoEntries":7,"priorityMemoDrops":0},{"rootResolvedMs":50.697799999999916,"elapsedMs":50.704899999999725,"shallowExpanded":5,"workerExpanded":10778,"totalExpanded":10783,"leafTasks":7,"scoutTasks":6,"incrementalScoutCompletions":6,"detachedScoutTasks":0,"detachedBatches":0,"reSearches":0,"parallelBatches":2,"forcedMacroTransitions":0,"proofAdmissions":5,"coordinatorStates":12,"coordinatorClasses":24,"coordinatorPaths":12,"priorityMemoEntries":7,"priorityMemoDrops":0},{"rootResolvedMs":63.85849999999982,"elapsedMs":63.86569999999983,"shallowExpanded":5,"workerExpanded":10822,"totalExpanded":10827,"leafTasks":7,"scoutTasks":6,"incrementalScoutCompletions":6,"detachedScoutTasks":0,"detachedBatches":0,"reSearches":0,"parallelBatches":2,"forcedMacroTransitions":0,"proofAdmissions":5,"coordinatorStates":12,"coordinatorClasses":24,"coordinatorPaths":12,"priorityMemoEntries":7,"priorityMemoDrops":0},{"rootResolvedMs":80.99130000000014,"elapsedMs":80.99789999999985,"shallowExpanded":5,"workerExpanded":10788,"totalExpanded":10793,"leafTasks":7,"scoutTasks":6,"incrementalScoutCompletions":6,"detachedScoutTasks":0,"detachedBatches":0,"reSearches":0,"parallelBatches":2,"forcedMacroTransitions":0,"proofAdmissions":5,"coordinatorStates":12,"coordinatorClasses":24,"coordinatorPaths":12,"priorityMemoEntries":7,"priorityMemoDrops":0}]},{"requestedWorkers":4,"workers":4,"splitDepth":3,"splitDepthMeaning":"unresolved_decision_depth_after_forced_macro_normalization","rootResolvedMsMedian":25.65209999999979,"elapsedMsMedian":25.658699999999953,"totalExpandedMedian":10833,"shallowExpandedMedian":12,"workerExpandedMedian":10821,"leafTasksMedian":20,"scoutTasksMedian":18,"detachedScoutTasksMedian":0,"reSearchesMedian":1,"parallelBatchesMedian":6,"actions":[0,0,0,0],"runs":[{"rootResolvedMs":25.098499999999603,"elapsedMs":25.104599999999664,"shallowExpanded":12,"workerExpanded":10842,"totalExpanded":10854,"leafTasks":20,"scoutTasks":18,"incrementalScoutCompletions":18,"detachedScoutTasks":0,"detachedBatches":0,"reSearches":1,"parallelBatches":6,"forcedMacroTransitions":0,"proofAdmissions":12,"coordinatorStates":40,"coordinatorClasses":68,"coordinatorPaths":31,"priorityMemoEntries":19,"priorityMemoDrops":0},{"rootResolvedMs":27.557800000000043,"elapsedMs":27.564100000000053,"shallowExpanded":12,"workerExpanded":10780,"totalExpanded":10792,"leafTasks":20,"scoutTasks":18,"incrementalScoutCompletions":18,"detachedScoutTasks":0,"detachedBatches":0,"reSearches":1,"parallelBatches":6,"forcedMacroTransitions":0,"proofAdmissions":12,"coordinatorStates":40,"coordinatorClasses":68,"coordinatorPaths":31,"priorityMemoEntries":19,"priorityMemoDrops":0},{"rootResolvedMs":25.65209999999979,"elapsedMs":25.658699999999953,"shallowExpanded":12,"workerExpanded":10821,"totalExpanded":10833,"leafTasks":20,"scoutTasks":18,"incrementalScoutCompletions":18,"detachedScoutTasks":0,"detachedBatches":0,"reSearches":1,"parallelBatches":6,"forcedMacroTransitions":0,"proofAdmissions":12,"coordinatorStates":40,"coordinatorClasses":68,"coordinatorPaths":31,"priorityMemoEntries":19,"priorityMemoDrops":0},{"rootResolvedMs":23.491899999999987,"elapsedMs":23.4991,"shallowExpanded":12,"workerExpanded":10842,"totalExpanded":10854,"leafTasks":20,"scoutTasks":18,"incrementalScoutCompletions":18,"detachedScoutTasks":0,"detachedBatches":0,"reSearches":1,"parallelBatches":6,"forcedMacroTransitions":0,"proofAdmissions":12,"coordinatorStates":40,"coordinatorClasses":68,"coordinatorPaths":31,"priorityMemoEntries":19,"priorityMemoDrops":0},{"rootResolvedMs":27.123299999999745,"elapsedMs":27.128999999999905,"shallowExpanded":12,"workerExpanded":10804,"totalExpanded":10816,"leafTasks":20,"scoutTasks":18,"incrementalScoutCompletions":18,"detachedScoutTasks":0,"detachedBatches":0,"reSearches":1,"parallelBatches":6,"forcedMacroTransitions":0,"proofAdmissions":12,"coordinatorStates":40,"coordinatorClasses":68,"coordinatorPaths":31,"priorityMemoEntries":19,"priorityMemoDrops":0}]},{"requestedWorkers":4,"workers":4,"splitDepth":4,"splitDepthMeaning":"unresolved_decision_depth_after_forced_macro_normalization","rootResolvedMsMedian":26.223700000000008,"elapsedMsMedian":26.22980000000007,"totalExpandedMedian":14177,"shallowExpandedMedian":32,"workerExpandedMedian":14145,"leafTasksMedian":37,"scoutTasksMedian":36,"detachedScoutTasksMedian":4,"reSearchesMedian":1,"parallelBatchesMedian":12,"actions":[0,0,0,0],"runs":[{"rootResolvedMs":26.034299999999803,"elapsedMs":26.040799999999763,"shallowExpanded":32,"workerExpanded":14107,"totalExpanded":14139,"leafTasks":37,"scoutTasks":36,"incrementalScoutCompletions":32,"detachedScoutTasks":4,"detachedBatches":2,"reSearches":1,"parallelBatches":12,"forcedMacroTransitions":0,"proofAdmissions":31,"coordinatorStates":81,"coordinatorClasses":150,"coordinatorPaths":63,"priorityMemoEntries":32,"priorityMemoDrops":0},{"rootResolvedMs":37.212299999999686,"elapsedMs":37.223299999999654,"shallowExpanded":32,"workerExpanded":14145,"totalExpanded":14177,"leafTasks":36,"scoutTasks":36,"incrementalScoutCompletions":32,"detachedScoutTasks":4,"detachedBatches":2,"reSearches":1,"parallelBatches":12,"forcedMacroTransitions":0,"proofAdmissions":31,"coordinatorStates":81,"coordinatorClasses":150,"coordinatorPaths":63,"priorityMemoEntries":32,"priorityMemoDrops":0},{"rootResolvedMs":28.16959999999972,"elapsedMs":28.222899999999754,"shallowExpanded":32,"workerExpanded":14130,"totalExpanded":14162,"leafTasks":37,"scoutTasks":36,"incrementalScoutCompletions":32,"detachedScoutTasks":4,"detachedBatches":2,"reSearches":1,"parallelBatches":12,"forcedMacroTransitions":0,"proofAdmissions":31,"coordinatorStates":81,"coordinatorClasses":150,"coordinatorPaths":63,"priorityMemoEntries":32,"priorityMemoDrops":0},{"rootResolvedMs":26.223700000000008,"elapsedMs":26.22980000000007,"shallowExpanded":32,"workerExpanded":14227,"totalExpanded":14259,"leafTasks":37,"scoutTasks":36,"incrementalScoutCompletions":33,"detachedScoutTasks":3,"detachedBatches":2,"reSearches":1,"parallelBatches":12,"forcedMacroTransitions":0,"proofAdmissions":31,"coordinatorStates":81,"coordinatorClasses":150,"coordinatorPaths":63,"priorityMemoEntries":32,"priorityMemoDrops":0},{"rootResolvedMs":25.90560000000005,"elapsedMs":25.91150000000016,"shallowExpanded":32,"workerExpanded":14177,"totalExpanded":14209,"leafTasks":37,"scoutTasks":36,"incrementalScoutCompletions":34,"detachedScoutTasks":2,"detachedBatches":1,"reSearches":1,"parallelBatches":12,"forcedMacroTransitions":0,"proofAdmissions":31,"coordinatorStates":81,"coordinatorClasses":150,"coordinatorPaths":63,"priorityMemoEntries":32,"priorityMemoDrops":0}]}],"best":{"requestedWorkers":3,"workers":3,"splitDepth":3,"splitDepthMeaning":"unresolved_decision_depth_after_forced_macro_normalization","rootResolvedMsMedian":13.423400000000129,"elapsedMsMedian":13.426400000000285,"totalExpandedMedian":10908,"shallowExpandedMedian":12,"workerExpandedMedian":10896,"leafTasksMedian":20,"scoutTasksMedian":18,"detachedScoutTasksMedian":0,"reSearchesMedian":1,"parallelBatchesMedian":6,"actions":[0,0,0,0],"runs":[{"rootResolvedMs":14.271799999999985,"elapsedMs":14.277099999999791,"shallowExpanded":12,"workerExpanded":10871,"totalExpanded":10883,"leafTasks":20,"scoutTasks":18,"incrementalScoutCompletions":18,"detachedScoutTasks":0,"detachedBatches":0,"reSearches":1,"parallelBatches":6,"forcedMacroTransitions":0,"proofAdmissions":12,"coordinatorStates":40,"coordinatorClasses":68,"coordinatorPaths":31,"priorityMemoEntries":19,"priorityMemoDrops":0},{"rootResolvedMs":18.312199999999848,"elapsedMs":18.31569999999965,"shallowExpanded":12,"workerExpanded":10896,"totalExpanded":10908,"leafTasks":20,"scoutTasks":18,"incrementalScoutCompletions":18,"detachedScoutTasks":0,"detachedBatches":0,"reSearches":1,"parallelBatches":6,"forcedMacroTransitions":0,"proofAdmissions":12,"coordinatorStates":40,"coordinatorClasses":68,"coordinatorPaths":31,"priorityMemoEntries":19,"priorityMemoDrops":0},{"rootResolvedMs":12.8766999999998,"elapsedMs":12.879699999999957,"shallowExpanded":12,"workerExpanded":10900,"totalExpanded":10912,"leafTasks":20,"scoutTasks":18,"incrementalScoutCompletions":18,"detachedScoutTasks":0,"detachedBatches":0,"reSearches":1,"parallelBatches":6,"forcedMacroTransitions":0,"proofAdmissions":12,"coordinatorStates":40,"coordinatorClasses":68,"coordinatorPaths":31,"priorityMemoEntries":19,"priorityMemoDrops":0},{"rootResolvedMs":13.423400000000129,"elapsedMs":13.426400000000285,"shallowExpanded":12,"workerExpanded":10890,"totalExpanded":10902,"leafTasks":20,"scoutTasks":18,"incrementalScoutCompletions":18,"detachedScoutTasks":0,"detachedBatches":0,"reSearches":1,"parallelBatches":6,"forcedMacroTransitions":0,"proofAdmissions":12,"coordinatorStates":40,"coordinatorClasses":68,"coordinatorPaths":31,"priorityMemoEntries":19,"priorityMemoDrops":0},{"rootResolvedMs":12.54359999999997,"elapsedMs":12.547000000000025,"shallowExpanded":12,"workerExpanded":10899,"totalExpanded":10911,"leafTasks":20,"scoutTasks":18,"incrementalScoutCompletions":18,"detachedScoutTasks":0,"detachedBatches":0,"reSearches":1,"parallelBatches":6,"forcedMacroTransitions":0,"proofAdmissions":12,"coordinatorStates":40,"coordinatorClasses":68,"coordinatorPaths":31,"priorityMemoEntries":19,"priorityMemoDrops":0}]}}
{
  "kind": "connect4-online-frontier-dependency-parallel-negamax-v5",
  "status": "complete",
  "spec": {
    "columns": 4,
    "rows": 5,
    "connect": 4
  },
  "repeats": 5,
  "availableParallelism": 16,
  "priorityProbeDepth": 0,
  "completeGlobalGraphRequiredByRecursiveSearch": false,
  "canonicalProofIdentity": "exact_semantic_descriptor",
  "coordinatorImplementation": "createOnlineDependencyCoordinator",
  "coordinatorDiagnostics": "immutable_stats_snapshot",
  "ordering": "dynamic_live_winning_line_frontier_with_proof_hint_equal_score_tiebreak",
  "forcedTransit": "macro_normalized_before_decision_depth",
  "sharedProofAdmission": "probe_without_allocation_then_generation_stable_read_or_rebind_on_publication",
  "siblingCompletion": "incremental_completion_order_with_noninterrupting_detach_after_cutoff",
  "baseline": {
    "elapsedMsMedian": 28.663599999999974,
    "expandedMedian": 10756,
    "callsMedian": 23527,
    "runs": [
      {
        "elapsedMs": 77.1423,
        "expanded": 10756,
        "calls": 23527,
        "forcedMacroTransitions": 4297,
        "proofAdmissions": 12716
      },
      {
        "elapsedMs": 32.21709999999999,
        "expanded": 10756,
        "calls": 23527,
        "forcedMacroTransitions": 4297,
        "proofAdmissions": 12716
      },
      {
        "elapsedMs": 28.531000000000006,
        "expanded": 10756,
        "calls": 23527,
        "forcedMacroTransitions": 4297,
        "proofAdmissions": 12716
      },
      {
        "elapsedMs": 27.464499999999987,
        "expanded": 10756,
        "calls": 23527,
        "forcedMacroTransitions": 4297,
        "proofAdmissions": 12716
      },
      {
        "elapsedMs": 28.663599999999974,
        "expanded": 10756,
        "calls": 23527,
        "forcedMacroTransitions": 4297,
        "proofAdmissions": 12716
      }
    ]
  },
  "results": [
    {
      "requestedWorkers": 1,
      "workers": 1,
      "splitDepth": 2,
      "splitDepthMeaning": "unresolved_decision_depth_after_forced_macro_normalization",
      "rootResolvedMsMedian": 23.51769999999999,
      "elapsedMsMedian": 23.522399999999948,
      "totalExpandedMedian": 10756,
      "shallowExpandedMedian": 5,
      "workerExpandedMedian": 10751,
      "leafTasksMedian": 7,
      "scoutTasksMedian": 6,
      "detachedScoutTasksMedian": 0,
      "reSearchesMedian": 0,
      "parallelBatchesMedian": 2,
      "actions": [
        0,
        0,
        0,
        0
      ],
      "runs": [
        {
          "rootResolvedMs": 27.58000000000004,
          "elapsedMs": 27.584500000000048,
          "shallowExpanded": 5,
          "workerExpanded": 10751,
          "totalExpanded": 10756,
          "leafTasks": 7,
          "scoutTasks": 6,
          "incrementalScoutCompletions": 6,
          "detachedScoutTasks": 0,
          "detachedBatches": 0,
          "reSearches": 0,
          "parallelBatches": 2,
          "forcedMacroTransitions": 0,
          "proofAdmissions": 5,
          "coordinatorStates": 12,
          "coordinatorClasses": 24,
          "coordinatorPaths": 12,
          "priorityMemoEntries": 7,
          "priorityMemoDrops": 0
        },
        {
          "rootResolvedMs": 24.151499999999942,
          "elapsedMs": 24.15719999999999,
          "shallowExpanded": 5,
          "workerExpanded": 10751,
          "totalExpanded": 10756,
          "leafTasks": 7,
          "scoutTasks": 6,
          "incrementalScoutCompletions": 6,
          "detachedScoutTasks": 0,
          "detachedBatches": 0,
          "reSearches": 0,
          "parallelBatches": 2,
          "forcedMacroTransitions": 0,
          "proofAdmissions": 5,
          "coordinatorStates": 12,
          "coordinatorClasses": 24,
          "coordinatorPaths": 12,
          "priorityMemoEntries": 7,
          "priorityMemoDrops": 0
        },
        {
          "rootResolvedMs": 22.76529999999991,
          "elapsedMs": 22.77069999999992,
          "shallowExpanded": 5,
          "workerExpanded": 10751,
          "totalExpanded": 10756,
          "leafTasks": 7,
          "scoutTasks": 6,
          "incrementalScoutCompletions": 6,
          "detachedScoutTasks": 0,
          "detachedBatches": 0,
          "reSearches": 0,
          "parallelBatches": 2,
          "forcedMacroTransitions": 0,
          "proofAdmissions": 5,
          "coordinatorStates": 12,
          "coordinatorClasses": 24,
          "coordinatorPaths": 12,
          "priorityMemoEntries": 7,
          "priorityMemoDrops": 0
        },
        {
          "rootResolvedMs": 23.14339999999993,
          "elapsedMs": 23.152399999999943,
          "shallowExpanded": 5,
          "workerExpanded": 10751,
          "totalExpanded": 10756,
          "leafTasks": 7,
          "scoutTasks": 6,
          "incrementalScoutCompletions": 6,
          "detachedScoutTasks": 0,
          "detachedBatches": 0,
          "reSearches": 0,
          "parallelBatches": 2,
          "forcedMacroTransitions": 0,
          "proofAdmissions": 5,
          "coordinatorStates": 12,
          "coordinatorClasses": 24,
          "coordinatorPaths": 12,
          "priorityMemoEntries": 7,
          "priorityMemoDrops": 0
        },
        {
          "rootResolvedMs": 23.51769999999999,
          "elapsedMs": 23.522399999999948,
          "shallowExpanded": 5,
          "workerExpanded": 10751,
          "totalExpanded": 10756,
          "leafTasks": 7,
          "scoutTasks": 6,
          "incrementalScoutCompletions": 6,
          "detachedScoutTasks": 0,
          "detachedBatches": 0,
          "reSearches": 0,
          "parallelBatches": 2,
          "forcedMacroTransitions": 0,
          "proofAdmissions": 5,
          "coordinatorStates": 12,
          "coordinatorClasses": 24,
          "coordinatorPaths": 12,
          "priorityMemoEntries": 7,
          "priorityMemoDrops": 0
        }
      ]
    },
    {
      "requestedWorkers": 1,
      "workers": 1,
      "splitDepth": 3,
      "splitDepthMeaning": "unresolved_decision_depth_after_forced_macro_normalization",
      "rootResolvedMsMedian": 24.249900000000025,
      "elapsedMsMedian": 24.255499999999984,
      "totalExpandedMedian": 10789,
      "shallowExpandedMedian": 12,
      "workerExpandedMedian": 10777,
      "leafTasksMedian": 20,
      "scoutTasksMedian": 18,
      "detachedScoutTasksMedian": 0,
      "reSearchesMedian": 1,
      "parallelBatchesMedian": 6,
      "actions": [
        0,
        0,
        0,
        0
      ],
      "runs": [
        {
          "rootResolvedMs": 24.249900000000025,
          "elapsedMs": 24.255499999999984,
          "shallowExpanded": 12,
          "workerExpanded": 10777,
          "totalExpanded": 10789,
          "leafTasks": 20,
          "scoutTasks": 18,
          "incrementalScoutCompletions": 18,
          "detachedScoutTasks": 0,
          "detachedBatches": 0,
          "reSearches": 1,
          "parallelBatches": 6,
          "forcedMacroTransitions": 0,
          "proofAdmissions": 12,
          "coordinatorStates": 40,
          "coordinatorClasses": 68,
          "coordinatorPaths": 31,
          "priorityMemoEntries": 19,
          "priorityMemoDrops": 0
        },
        {
          "rootResolvedMs": 21.255300000000034,
          "elapsedMs": 21.261100000000056,
          "shallowExpanded": 12,
          "workerExpanded": 10777,
          "totalExpanded": 10789,
          "leafTasks": 20,
          "scoutTasks": 18,
          "incrementalScoutCompletions": 18,
          "detachedScoutTasks": 0,
          "detachedBatches": 0,
          "reSearches": 1,
          "parallelBatches": 6,
          "forcedMacroTransitions": 0,
          "proofAdmissions": 12,
          "coordinatorStates": 40,
          "coordinatorClasses": 68,
          "coordinatorPaths": 31,
          "priorityMemoEntries": 19,
          "priorityMemoDrops": 0
        },
        {
          "rootResolvedMs": 22.768600000000106,
          "elapsedMs": 22.777600000000007,
          "shallowExpanded": 12,
          "workerExpanded": 10777,
          "totalExpanded": 10789,
          "leafTasks": 20,
          "scoutTasks": 18,
          "incrementalScoutCompletions": 18,
          "detachedScoutTasks": 0,
          "detachedBatches": 0,
          "reSearches": 1,
          "parallelBatches": 6,
          "forcedMacroTransitions": 0,
          "proofAdmissions": 12,
          "coordinatorStates": 40,
          "coordinatorClasses": 68,
          "coordinatorPaths": 31,
          "priorityMemoEntries": 19,
          "priorityMemoDrops": 0
        },
        {
          "rootResolvedMs": 27.09699999999998,
          "elapsedMs": 27.107500000000073,
          "shallowExpanded": 12,
          "workerExpanded": 10777,
          "totalExpanded": 10789,
          "leafTasks": 20,
          "scoutTasks": 18,
          "incrementalScoutCompletions": 18,
          "detachedScoutTasks": 0,
          "detachedBatches": 0,
          "reSearches": 1,
          "parallelBatches": 6,
          "forcedMacroTransitions": 0,
          "proofAdmissions": 12,
          "coordinatorStates": 40,
          "coordinatorClasses": 68,
          "coordinatorPaths": 31,
          "priorityMemoEntries": 19,
          "priorityMemoDrops": 0
        },
        {
          "rootResolvedMs": 25.454600000000028,
          "elapsedMs": 25.461099999999988,
          "shallowExpanded": 12,
          "workerExpanded": 10777,
          "totalExpanded": 10789,
          "leafTasks": 20,
          "scoutTasks": 18,
          "incrementalScoutCompletions": 18,
          "detachedScoutTasks": 0,
          "detachedBatches": 0,
          "reSearches": 1,
          "parallelBatches": 6,
          "forcedMacroTransitions": 0,
          "proofAdmissions": 12,
          "coordinatorStates": 40,
          "coordinatorClasses": 68,
          "coordinatorPaths": 31,
          "priorityMemoEntries": 19,
          "priorityMemoDrops": 0
        }
      ]
    },
    {
      "requestedWorkers": 1,
      "workers": 1,
      "splitDepth": 4,
      "splitDepthMeaning": "unresolved_decision_depth_after_forced_macro_normalization",
      "rootResolvedMsMedian": 35.515100000000075,
      "elapsedMsMedian": 35.52019999999993,
      "totalExpandedMedian": 14028,
      "shallowExpandedMedian": 32,
      "workerExpandedMedian": 13996,
      "leafTasksMedian": 37,
      "scoutTasksMedian": 36,
      "detachedScoutTasksMedian": 4,
      "reSearchesMedian": 1,
      "parallelBatchesMedian": 12,
      "actions": [
        0,
        0,
        0,
        0
      ],
      "runs": [
        {
          "rootResolvedMs": 31.444300000000112,
          "elapsedMs": 31.448799999999892,
          "shallowExpanded": 32,
          "workerExpanded": 13996,
          "totalExpanded": 14028,
          "leafTasks": 37,
          "scoutTasks": 36,
          "incrementalScoutCompletions": 32,
          "detachedScoutTasks": 4,
          "detachedBatches": 2,
          "reSearches": 1,
          "parallelBatches": 12,
          "forcedMacroTransitions": 0,
          "proofAdmissions": 31,
          "coordinatorStates": 81,
          "coordinatorClasses": 150,
          "coordinatorPaths": 63,
          "priorityMemoEntries": 32,
          "priorityMemoDrops": 0
        },
        {
          "rootResolvedMs": 31.368600000000015,
          "elapsedMs": 31.373400000000174,
          "shallowExpanded": 32,
          "workerExpanded": 13996,
          "totalExpanded": 14028,
          "leafTasks": 37,
          "scoutTasks": 36,
          "incrementalScoutCompletions": 32,
          "detachedScoutTasks": 4,
          "detachedBatches": 2,
          "reSearches": 1,
          "parallelBatches": 12,
          "forcedMacroTransitions": 0,
          "proofAdmissions": 31,
          "coordinatorStates": 81,
          "coordinatorClasses": 150,
          "coordinatorPaths": 63,
          "priorityMemoEntries": 32,
          "priorityMemoDrops": 0
        },
        {
          "rootResolvedMs": 35.515100000000075,
          "elapsedMs": 35.52019999999993,
          "shallowExpanded": 32,
          "workerExpanded": 13996,
          "totalExpanded": 14028,
          "leafTasks": 37,
          "scoutTasks": 36,
          "incrementalScoutCompletions": 32,
          "detachedScoutTasks": 4,
          "detachedBatches": 2,
          "reSearches": 1,
          "parallelBatches": 12,
          "forcedMacroTransitions": 0,
          "proofAdmissions": 31,
          "coordinatorStates": 81,
          "coordinatorClasses": 150,
          "coordinatorPaths": 63,
          "priorityMemoEntries": 32,
          "priorityMemoDrops": 0
        },
        {
          "rootResolvedMs": 43.630100000000084,
          "elapsedMs": 43.63560000000007,
          "shallowExpanded": 32,
          "workerExpanded": 13996,
          "totalExpanded": 14028,
          "leafTasks": 37,
          "scoutTasks": 36,
          "incrementalScoutCompletions": 32,
          "detachedScoutTasks": 4,
          "detachedBatches": 2,
          "reSearches": 1,
          "parallelBatches": 12,
          "forcedMacroTransitions": 0,
          "proofAdmissions": 31,
          "coordinatorStates": 81,
          "coordinatorClasses": 150,
          "coordinatorPaths": 63,
          "priorityMemoEntries": 32,
          "priorityMemoDrops": 0
        },
        {
          "rootResolvedMs": 44.90779999999995,
          "elapsedMs": 44.91350000000011,
          "shallowExpanded": 32,
          "workerExpanded": 13996,
          "totalExpanded": 14028,
          "leafTasks": 37,
          "scoutTasks": 36,
          "incrementalScoutCompletions": 32,
          "detachedScoutTasks": 4,
          "detachedBatches": 2,
          "reSearches": 1,
          "parallelBatches": 12,
          "forcedMacroTransitions": 0,
          "proofAdmissions": 31,
          "coordinatorStates": 81,
          "coordinatorClasses": 150,
          "coordinatorPaths": 63,
          "priorityMemoEntries": 32,
          "priorityMemoDrops": 0
        }
      ]
    },
    {
      "requestedWorkers": 2,
      "workers": 2,
      "splitDepth": 2,
      "splitDepthMeaning": "unresolved_decision_depth_after_forced_macro_normalization",
      "rootResolvedMsMedian": 19.71550000000002,
      "elapsedMsMedian": 19.719299999999976,
      "totalExpandedMedian": 10779,
      "shallowExpandedMedian": 5,
      "workerExpandedMedian": 10774,
      "leafTasksMedian": 7,
      "scoutTasksMedian": 6,
      "detachedScoutTasksMedian": 0,
      "reSearchesMedian": 0,
      "parallelBatchesMedian": 2,
      "actions": [
        0,
        0,
        0,
        0
      ],
      "runs": [
        {
          "rootResolvedMs": 40.963399999999865,
          "elapsedMs": 40.9683,
          "shallowExpanded": 5,
          "workerExpanded": 10770,
          "totalExpanded": 10775,
          "leafTasks": 7,
          "scoutTasks": 6,
          "incrementalScoutCompletions": 6,
          "detachedScoutTasks": 0,
          "detachedBatches": 0,
          "reSearches": 0,
          "parallelBatches": 2,
          "forcedMacroTransitions": 0,
          "proofAdmissions": 5,
          "coordinatorStates": 12,
          "coordinatorClasses": 24,
          "coordinatorPaths": 12,
          "priorityMemoEntries": 7,
          "priorityMemoDrops": 0
        },
        {
          "rootResolvedMs": 26.577999999999975,
          "elapsedMs": 26.582499999999982,
          "shallowExpanded": 5,
          "workerExpanded": 10776,
          "totalExpanded": 10781,
          "leafTasks": 7,
          "scoutTasks": 6,
          "incrementalScoutCompletions": 6,
          "detachedScoutTasks": 0,
          "detachedBatches": 0,
          "reSearches": 0,
          "parallelBatches": 2,
          "forcedMacroTransitions": 0,
          "proofAdmissions": 5,
          "coordinatorStates": 12,
          "coordinatorClasses": 24,
          "coordinatorPaths": 12,
          "priorityMemoEntries": 7,
          "priorityMemoDrops": 0
        },
        {
          "rootResolvedMs": 19.286100000000033,
          "elapsedMs": 19.293499999999995,
          "shallowExpanded": 5,
          "workerExpanded": 10771,
          "totalExpanded": 10776,
          "leafTasks": 7,
          "scoutTasks": 6,
          "incrementalScoutCompletions": 6,
          "detachedScoutTasks": 0,
          "detachedBatches": 0,
          "reSearches": 0,
          "parallelBatches": 2,
          "forcedMacroTransitions": 0,
          "proofAdmissions": 5,
          "coordinatorStates": 12,
          "coordinatorClasses": 24,
          "coordinatorPaths": 12,
          "priorityMemoEntries": 7,
          "priorityMemoDrops": 0
        },
        {
          "rootResolvedMs": 19.71550000000002,
          "elapsedMs": 19.719299999999976,
          "shallowExpanded": 5,
          "workerExpanded": 10803,
          "totalExpanded": 10808,
          "leafTasks": 7,
          "scoutTasks": 6,
          "incrementalScoutCompletions": 6,
          "detachedScoutTasks": 0,
          "detachedBatches": 0,
          "reSearches": 0,
          "parallelBatches": 2,
          "forcedMacroTransitions": 0,
          "proofAdmissions": 5,
          "coordinatorStates": 12,
          "coordinatorClasses": 24,
          "coordinatorPaths": 12,
          "priorityMemoEntries": 7,
          "priorityMemoDrops": 0
        },
        {
          "rootResolvedMs": 17.857500000000073,
          "elapsedMs": 17.86110000000008,
          "shallowExpanded": 5,
          "workerExpanded": 10774,
          "totalExpanded": 10779,
          "leafTasks": 7,
          "scoutTasks": 6,
          "incrementalScoutCompletions": 6,
          "detachedScoutTasks": 0,
          "detachedBatches": 0,
          "reSearches": 0,
          "parallelBatches": 2,
          "forcedMacroTransitions": 0,
          "proofAdmissions": 5,
          "coordinatorStates": 12,
          "coordinatorClasses": 24,
          "coordinatorPaths": 12,
          "priorityMemoEntries": 7,
          "priorityMemoDrops": 0
        }
      ]
    },
    {
      "requestedWorkers": 2,
      "workers": 2,
      "splitDepth": 3,
      "splitDepthMeaning": "unresolved_decision_depth_after_forced_macro_normalization",
      "rootResolvedMsMedian": 15.916899999999941,
      "elapsedMsMedian": 15.921099999999797,
      "totalExpandedMedian": 10829,
      "shallowExpandedMedian": 12,
      "workerExpandedMedian": 10817,
      "leafTasksMedian": 20,
      "scoutTasksMedian": 18,
      "detachedScoutTasksMedian": 0,
      "reSearchesMedian": 1,
      "parallelBatchesMedian": 6,
      "actions": [
        0,
        0,
        0,
        0
      ],
      "runs": [
        {
          "rootResolvedMs": 18.241899999999987,
          "elapsedMs": 18.245699999999943,
          "shallowExpanded": 12,
          "workerExpanded": 10811,
          "totalExpanded": 10823,
          "leafTasks": 20,
          "scoutTasks": 18,
          "incrementalScoutCompletions": 18,
          "detachedScoutTasks": 0,
          "detachedBatches": 0,
          "reSearches": 1,
          "parallelBatches": 6,
          "forcedMacroTransitions": 0,
          "proofAdmissions": 12,
          "coordinatorStates": 40,
          "coordinatorClasses": 68,
          "coordinatorPaths": 31,
          "priorityMemoEntries": 19,
          "priorityMemoDrops": 0
        },
        {
          "rootResolvedMs": 15.97400000000016,
          "elapsedMs": 15.978500000000167,
          "shallowExpanded": 12,
          "workerExpanded": 10817,
          "totalExpanded": 10829,
          "leafTasks": 20,
          "scoutTasks": 18,
          "incrementalScoutCompletions": 18,
          "detachedScoutTasks": 0,
          "detachedBatches": 0,
          "reSearches": 1,
          "parallelBatches": 6,
          "forcedMacroTransitions": 0,
          "proofAdmissions": 12,
          "coordinatorStates": 40,
          "coordinatorClasses": 68,
          "coordinatorPaths": 31,
          "priorityMemoEntries": 19,
          "priorityMemoDrops": 0
        },
        {
          "rootResolvedMs": 15.673900000000003,
          "elapsedMs": 15.67840000000001,
          "shallowExpanded": 12,
          "workerExpanded": 10799,
          "totalExpanded": 10811,
          "leafTasks": 20,
          "scoutTasks": 18,
          "incrementalScoutCompletions": 18,
          "detachedScoutTasks": 0,
          "detachedBatches": 0,
          "reSearches": 1,
          "parallelBatches": 6,
          "forcedMacroTransitions": 0,
          "proofAdmissions": 12,
          "coordinatorStates": 40,
          "coordinatorClasses": 68,
          "coordinatorPaths": 31,
          "priorityMemoEntries": 19,
          "priorityMemoDrops": 0
        },
        {
          "rootResolvedMs": 15.916899999999941,
          "elapsedMs": 15.921099999999797,
          "shallowExpanded": 12,
          "workerExpanded": 10861,
          "totalExpanded": 10873,
          "leafTasks": 20,
          "scoutTasks": 18,
          "incrementalScoutCompletions": 18,
          "detachedScoutTasks": 0,
          "detachedBatches": 0,
          "reSearches": 1,
          "parallelBatches": 6,
          "forcedMacroTransitions": 0,
          "proofAdmissions": 12,
          "coordinatorStates": 40,
          "coordinatorClasses": 68,
          "coordinatorPaths": 31,
          "priorityMemoEntries": 19,
          "priorityMemoDrops": 0
        },
        {
          "rootResolvedMs": 15.84660000000008,
          "elapsedMs": 15.85089999999991,
          "shallowExpanded": 12,
          "workerExpanded": 10825,
          "totalExpanded": 10837,
          "leafTasks": 20,
          "scoutTasks": 18,
          "incrementalScoutCompletions": 18,
          "detachedScoutTasks": 0,
          "detachedBatches": 0,
          "reSearches": 1,
          "parallelBatches": 6,
          "forcedMacroTransitions": 0,
          "proofAdmissions": 12,
          "coordinatorStates": 40,
          "coordinatorClasses": 68,
          "coordinatorPaths": 31,
          "priorityMemoEntries": 19,
          "priorityMemoDrops": 0
        }
      ]
    },
    {
      "requestedWorkers": 2,
      "workers": 2,
      "splitDepth": 4,
      "splitDepthMeaning": "unresolved_decision_depth_after_forced_macro_normalization",
      "rootResolvedMsMedian": 18.76909999999998,
      "elapsedMsMedian": 18.773400000000038,
      "totalExpandedMedian": 14042,
      "shallowExpandedMedian": 32,
      "workerExpandedMedian": 14010,
      "leafTasksMedian": 37,
      "scoutTasksMedian": 36,
      "detachedScoutTasksMedian": 3,
      "reSearchesMedian": 1,
      "parallelBatchesMedian": 12,
      "actions": [
        0,
        0,
        0,
        0
      ],
      "runs": [
        {
          "rootResolvedMs": 20.454100000000153,
          "elapsedMs": 20.458200000000033,
          "shallowExpanded": 32,
          "workerExpanded": 14014,
          "totalExpanded": 14046,
          "leafTasks": 37,
          "scoutTasks": 36,
          "incrementalScoutCompletions": 32,
          "detachedScoutTasks": 4,
          "detachedBatches": 2,
          "reSearches": 1,
          "parallelBatches": 12,
          "forcedMacroTransitions": 0,
          "proofAdmissions": 31,
          "coordinatorStates": 81,
          "coordinatorClasses": 150,
          "coordinatorPaths": 63,
          "priorityMemoEntries": 32,
          "priorityMemoDrops": 0
        },
        {
          "rootResolvedMs": 20.204899999999952,
          "elapsedMs": 20.208899999999858,
          "shallowExpanded": 32,
          "workerExpanded": 14010,
          "totalExpanded": 14042,
          "leafTasks": 37,
          "scoutTasks": 36,
          "incrementalScoutCompletions": 33,
          "detachedScoutTasks": 3,
          "detachedBatches": 2,
          "reSearches": 1,
          "parallelBatches": 12,
          "forcedMacroTransitions": 0,
          "proofAdmissions": 31,
          "coordinatorStates": 81,
          "coordinatorClasses": 150,
          "coordinatorPaths": 63,
          "priorityMemoEntries": 32,
          "priorityMemoDrops": 0
        },
        {
          "rootResolvedMs": 18.65300000000002,
          "elapsedMs": 18.656900000000178,
          "shallowExpanded": 32,
          "workerExpanded": 14008,
          "totalExpanded": 14040,
          "leafTasks": 37,
          "scoutTasks": 36,
          "incrementalScoutCompletions": 33,
          "detachedScoutTasks": 3,
          "detachedBatches": 2,
          "reSearches": 1,
          "parallelBatches": 12,
          "forcedMacroTransitions": 0,
          "proofAdmissions": 31,
          "coordinatorStates": 81,
          "coordinatorClasses": 150,
          "coordinatorPaths": 63,
          "priorityMemoEntries": 32,
          "priorityMemoDrops": 0
        },
        {
          "rootResolvedMs": 18.76909999999998,
          "elapsedMs": 18.773400000000038,
          "shallowExpanded": 32,
          "workerExpanded": 14000,
          "totalExpanded": 14032,
          "leafTasks": 37,
          "scoutTasks": 36,
          "incrementalScoutCompletions": 32,
          "detachedScoutTasks": 4,
          "detachedBatches": 2,
          "reSearches": 1,
          "parallelBatches": 12,
          "forcedMacroTransitions": 0,
          "proofAdmissions": 31,
          "coordinatorStates": 81,
          "coordinatorClasses": 150,
          "coordinatorPaths": 63,
          "priorityMemoEntries": 32,
          "priorityMemoDrops": 0
        },
        {
          "rootResolvedMs": 18.756399999999985,
          "elapsedMs": 18.76039999999989,
          "shallowExpanded": 32,
          "workerExpanded": 14023,
          "totalExpanded": 14055,
          "leafTasks": 37,
          "scoutTasks": 36,
          "incrementalScoutCompletions": 33,
          "detachedScoutTasks": 3,
          "detachedBatches": 2,
          "reSearches": 1,
          "parallelBatches": 12,
          "forcedMacroTransitions": 0,
          "proofAdmissions": 31,
          "coordinatorStates": 81,
          "coordinatorClasses": 150,
          "coordinatorPaths": 63,
          "priorityMemoEntries": 32,
          "priorityMemoDrops": 0
        }
      ]
    },
    {
      "requestedWorkers": 3,
      "workers": 3,
      "splitDepth": 2,
      "splitDepthMeaning": "unresolved_decision_depth_after_forced_macro_normalization",
      "rootResolvedMsMedian": 22.01399999999967,
      "elapsedMsMedian": 22.017399999999725,
      "totalExpandedMedian": 10769,
      "shallowExpandedMedian": 5,
      "workerExpandedMedian": 10764,
      "leafTasksMedian": 7,
      "scoutTasksMedian": 6,
      "detachedScoutTasksMedian": 0,
      "reSearchesMedian": 0,
      "parallelBatchesMedian": 2,
      "actions": [
        0,
        0,
        0,
        0
      ],
      "runs": [
        {
          "rootResolvedMs": 27.82479999999987,
          "elapsedMs": 27.828999999999724,
          "shallowExpanded": 5,
          "workerExpanded": 10756,
          "totalExpanded": 10761,
          "leafTasks": 7,
          "scoutTasks": 6,
          "incrementalScoutCompletions": 6,
          "detachedScoutTasks": 0,
          "detachedBatches": 0,
          "reSearches": 0,
          "parallelBatches": 2,
          "forcedMacroTransitions": 0,
          "proofAdmissions": 5,
          "coordinatorStates": 12,
          "coordinatorClasses": 24,
          "coordinatorPaths": 12,
          "priorityMemoEntries": 7,
          "priorityMemoDrops": 0
        },
        {
          "rootResolvedMs": 22.01399999999967,
          "elapsedMs": 22.017399999999725,
          "shallowExpanded": 5,
          "workerExpanded": 10790,
          "totalExpanded": 10795,
          "leafTasks": 7,
          "scoutTasks": 6,
          "incrementalScoutCompletions": 6,
          "detachedScoutTasks": 0,
          "detachedBatches": 0,
          "reSearches": 0,
          "parallelBatches": 2,
          "forcedMacroTransitions": 0,
          "proofAdmissions": 5,
          "coordinatorStates": 12,
          "coordinatorClasses": 24,
          "coordinatorPaths": 12,
          "priorityMemoEntries": 7,
          "priorityMemoDrops": 0
        },
        {
          "rootResolvedMs": 31.00630000000001,
          "elapsedMs": 31.010199999999713,
          "shallowExpanded": 5,
          "workerExpanded": 10764,
          "totalExpanded": 10769,
          "leafTasks": 7,
          "scoutTasks": 6,
          "incrementalScoutCompletions": 6,
          "detachedScoutTasks": 0,
          "detachedBatches": 0,
          "reSearches": 0,
          "parallelBatches": 2,
          "forcedMacroTransitions": 0,
          "proofAdmissions": 5,
          "coordinatorStates": 12,
          "coordinatorClasses": 24,
          "coordinatorPaths": 12,
          "priorityMemoEntries": 7,
          "priorityMemoDrops": 0
        },
        {
          "rootResolvedMs": 17.447699999999713,
          "elapsedMs": 17.45169999999962,
          "shallowExpanded": 5,
          "workerExpanded": 10751,
          "totalExpanded": 10756,
          "leafTasks": 7,
          "scoutTasks": 6,
          "incrementalScoutCompletions": 6,
          "detachedScoutTasks": 0,
          "detachedBatches": 0,
          "reSearches": 0,
          "parallelBatches": 2,
          "forcedMacroTransitions": 0,
          "proofAdmissions": 5,
          "coordinatorStates": 12,
          "coordinatorClasses": 24,
          "coordinatorPaths": 12,
          "priorityMemoEntries": 7,
          "priorityMemoDrops": 0
        },
        {
          "rootResolvedMs": 17.94309999999996,
          "elapsedMs": 17.94739999999956,
          "shallowExpanded": 5,
          "workerExpanded": 10789,
          "totalExpanded": 10794,
          "leafTasks": 7,
          "scoutTasks": 6,
          "incrementalScoutCompletions": 6,
          "detachedScoutTasks": 0,
          "detachedBatches": 0,
          "reSearches": 0,
          "parallelBatches": 2,
          "forcedMacroTransitions": 0,
          "proofAdmissions": 5,
          "coordinatorStates": 12,
          "coordinatorClasses": 24,
          "coordinatorPaths": 12,
          "priorityMemoEntries": 7,
          "priorityMemoDrops": 0
        }
      ]
    },
    {
      "requestedWorkers": 3,
      "workers": 3,
      "splitDepth": 3,
      "splitDepthMeaning": "unresolved_decision_depth_after_forced_macro_normalization",
      "rootResolvedMsMedian": 13.423400000000129,
      "elapsedMsMedian": 13.426400000000285,
      "totalExpandedMedian": 10908,
      "shallowExpandedMedian": 12,
      "workerExpandedMedian": 10896,
      "leafTasksMedian": 20,
      "scoutTasksMedian": 18,
      "detachedScoutTasksMedian": 0,
      "reSearchesMedian": 1,
      "parallelBatchesMedian": 6,
      "actions": [
        0,
        0,
        0,
        0
      ],
      "runs": [
        {
          "rootResolvedMs": 14.271799999999985,
          "elapsedMs": 14.277099999999791,
          "shallowExpanded": 12,
          "workerExpanded": 10871,
          "totalExpanded": 10883,
          "leafTasks": 20,
          "scoutTasks": 18,
          "incrementalScoutCompletions": 18,
          "detachedScoutTasks": 0,
          "detachedBatches": 0,
          "reSearches": 1,
          "parallelBatches": 6,
          "forcedMacroTransitions": 0,
          "proofAdmissions": 12,
          "coordinatorStates": 40,
          "coordinatorClasses": 68,
          "coordinatorPaths": 31,
          "priorityMemoEntries": 19,
          "priorityMemoDrops": 0
        },
        {
          "rootResolvedMs": 18.312199999999848,
          "elapsedMs": 18.31569999999965,
          "shallowExpanded": 12,
          "workerExpanded": 10896,
          "totalExpanded": 10908,
          "leafTasks": 20,
          "scoutTasks": 18,
          "incrementalScoutCompletions": 18,
          "detachedScoutTasks": 0,
          "detachedBatches": 0,
          "reSearches": 1,
          "parallelBatches": 6,
          "forcedMacroTransitions": 0,
          "proofAdmissions": 12,
          "coordinatorStates": 40,
          "coordinatorClasses": 68,
          "coordinatorPaths": 31,
          "priorityMemoEntries": 19,
          "priorityMemoDrops": 0
        },
        {
          "rootResolvedMs": 12.8766999999998,
          "elapsedMs": 12.879699999999957,
          "shallowExpanded": 12,
          "workerExpanded": 10900,
          "totalExpanded": 10912,
          "leafTasks": 20,
          "scoutTasks": 18,
          "incrementalScoutCompletions": 18,
          "detachedScoutTasks": 0,
          "detachedBatches": 0,
          "reSearches": 1,
          "parallelBatches": 6,
          "forcedMacroTransitions": 0,
          "proofAdmissions": 12,
          "coordinatorStates": 40,
          "coordinatorClasses": 68,
          "coordinatorPaths": 31,
          "priorityMemoEntries": 19,
          "priorityMemoDrops": 0
        },
        {
          "rootResolvedMs": 13.423400000000129,
          "elapsedMs": 13.426400000000285,
          "shallowExpanded": 12,
          "workerExpanded": 10890,
          "totalExpanded": 10902,
          "leafTasks": 20,
          "scoutTasks": 18,
          "incrementalScoutCompletions": 18,
          "detachedScoutTasks": 0,
          "detachedBatches": 0,
          "reSearches": 1,
          "parallelBatches": 6,
          "forcedMacroTransitions": 0,
          "proofAdmissions": 12,
          "coordinatorStates": 40,
          "coordinatorClasses": 68,
          "coordinatorPaths": 31,
          "priorityMemoEntries": 19,
          "priorityMemoDrops": 0
        },
        {
          "rootResolvedMs": 12.54359999999997,
          "elapsedMs": 12.547000000000025,
          "shallowExpanded": 12,
          "workerExpanded": 10899,
          "totalExpanded": 10911,
          "leafTasks": 20,
          "scoutTasks": 18,
          "incrementalScoutCompletions": 18,
          "detachedScoutTasks": 0,
          "detachedBatches": 0,
          "reSearches": 1,
          "parallelBatches": 6,
          "forcedMacroTransitions": 0,
          "proofAdmissions": 12,
          "coordinatorStates": 40,
          "coordinatorClasses": 68,
          "coordinatorPaths": 31,
          "priorityMemoEntries": 19,
          "priorityMemoDrops": 0
        }
      ]
    },
    {
      "requestedWorkers": 3,
      "workers": 3,
      "splitDepth": 4,
      "splitDepthMeaning": "unresolved_decision_depth_after_forced_macro_normalization",
      "rootResolvedMsMedian": 14.391300000000228,
      "elapsedMsMedian": 14.395200000000386,
      "totalExpandedMedian": 14218,
      "shallowExpandedMedian": 32,
      "workerExpandedMedian": 14186,
      "leafTasksMedian": 37,
      "scoutTasksMedian": 36,
      "detachedScoutTasksMedian": 4,
      "reSearchesMedian": 1,
      "parallelBatchesMedian": 12,
      "actions": [
        0,
        0,
        0,
        0
      ],
      "runs": [
        {
          "rootResolvedMs": 15.436699999999746,
          "elapsedMs": 15.440399999999954,
          "shallowExpanded": 32,
          "workerExpanded": 14186,
          "totalExpanded": 14218,
          "leafTasks": 37,
          "scoutTasks": 36,
          "incrementalScoutCompletions": 32,
          "detachedScoutTasks": 4,
          "detachedBatches": 2,
          "reSearches": 1,
          "parallelBatches": 12,
          "forcedMacroTransitions": 0,
          "proofAdmissions": 31,
          "coordinatorStates": 81,
          "coordinatorClasses": 150,
          "coordinatorPaths": 63,
          "priorityMemoEntries": 32,
          "priorityMemoDrops": 0
        },
        {
          "rootResolvedMs": 14.50610000000006,
          "elapsedMs": 14.509500000000116,
          "shallowExpanded": 32,
          "workerExpanded": 14266,
          "totalExpanded": 14298,
          "leafTasks": 37,
          "scoutTasks": 36,
          "incrementalScoutCompletions": 32,
          "detachedScoutTasks": 4,
          "detachedBatches": 2,
          "reSearches": 1,
          "parallelBatches": 12,
          "forcedMacroTransitions": 0,
          "proofAdmissions": 31,
          "coordinatorStates": 81,
          "coordinatorClasses": 150,
          "coordinatorPaths": 63,
          "priorityMemoEntries": 32,
          "priorityMemoDrops": 0
        },
        {
          "rootResolvedMs": 14.176300000000083,
          "elapsedMs": 14.18020000000024,
          "shallowExpanded": 32,
          "workerExpanded": 14185,
          "totalExpanded": 14217,
          "leafTasks": 37,
          "scoutTasks": 36,
          "incrementalScoutCompletions": 32,
          "detachedScoutTasks": 4,
          "detachedBatches": 2,
          "reSearches": 1,
          "parallelBatches": 12,
          "forcedMacroTransitions": 0,
          "proofAdmissions": 31,
          "coordinatorStates": 81,
          "coordinatorClasses": 150,
          "coordinatorPaths": 63,
          "priorityMemoEntries": 32,
          "priorityMemoDrops": 0
        },
        {
          "rootResolvedMs": 14.391300000000228,
          "elapsedMs": 14.395200000000386,
          "shallowExpanded": 32,
          "workerExpanded": 14177,
          "totalExpanded": 14209,
          "leafTasks": 37,
          "scoutTasks": 36,
          "incrementalScoutCompletions": 32,
          "detachedScoutTasks": 4,
          "detachedBatches": 2,
          "reSearches": 1,
          "parallelBatches": 12,
          "forcedMacroTransitions": 0,
          "proofAdmissions": 31,
          "coordinatorStates": 81,
          "coordinatorClasses": 150,
          "coordinatorPaths": 63,
          "priorityMemoEntries": 32,
          "priorityMemoDrops": 0
        },
        {
          "rootResolvedMs": 13.653599999999642,
          "elapsedMs": 13.65689999999995,
          "shallowExpanded": 32,
          "workerExpanded": 14223,
          "totalExpanded": 14255,
          "leafTasks": 37,
          "scoutTasks": 36,
          "incrementalScoutCompletions": 32,
          "detachedScoutTasks": 4,
          "detachedBatches": 2,
          "reSearches": 1,
          "parallelBatches": 12,
          "forcedMacroTransitions": 0,
          "proofAdmissions": 31,
          "coordinatorStates": 81,
          "coordinatorClasses": 150,
          "coordinatorPaths": 63,
          "priorityMemoEntries": 32,
          "priorityMemoDrops": 0
        }
      ]
    },
    {
      "requestedWorkers": 4,
      "workers": 4,
      "splitDepth": 2,
      "splitDepthMeaning": "unresolved_decision_depth_after_forced_macro_normalization",
      "rootResolvedMsMedian": 80.99130000000014,
      "elapsedMsMedian": 80.99789999999985,
      "totalExpandedMedian": 10783,
      "shallowExpandedMedian": 5,
      "workerExpandedMedian": 10778,
      "leafTasksMedian": 7,
      "scoutTasksMedian": 6,
      "detachedScoutTasksMedian": 0,
      "reSearchesMedian": 0,
      "parallelBatchesMedian": 2,
      "actions": [
        0,
        0,
        0,
        0
      ],
      "runs": [
        {
          "rootResolvedMs": 90.92689999999993,
          "elapsedMs": 90.93319999999994,
          "shallowExpanded": 5,
          "workerExpanded": 10759,
          "totalExpanded": 10764,
          "leafTasks": 7,
          "scoutTasks": 6,
          "incrementalScoutCompletions": 6,
          "detachedScoutTasks": 0,
          "detachedBatches": 0,
          "reSearches": 0,
          "parallelBatches": 2,
          "forcedMacroTransitions": 0,
          "proofAdmissions": 5,
          "coordinatorStates": 12,
          "coordinatorClasses": 24,
          "coordinatorPaths": 12,
          "priorityMemoEntries": 7,
          "priorityMemoDrops": 0
        },
        {
          "rootResolvedMs": 95.2514000000001,
          "elapsedMs": 95.25829999999996,
          "shallowExpanded": 5,
          "workerExpanded": 10756,
          "totalExpanded": 10761,
          "leafTasks": 7,
          "scoutTasks": 6,
          "incrementalScoutCompletions": 6,
          "detachedScoutTasks": 0,
          "detachedBatches": 0,
          "reSearches": 0,
          "parallelBatches": 2,
          "forcedMacroTransitions": 0,
          "proofAdmissions": 5,
          "coordinatorStates": 12,
          "coordinatorClasses": 24,
          "coordinatorPaths": 12,
          "priorityMemoEntries": 7,
          "priorityMemoDrops": 0
        },
        {
          "rootResolvedMs": 50.697799999999916,
          "elapsedMs": 50.704899999999725,
          "shallowExpanded": 5,
          "workerExpanded": 10778,
          "totalExpanded": 10783,
          "leafTasks": 7,
          "scoutTasks": 6,
          "incrementalScoutCompletions": 6,
          "detachedScoutTasks": 0,
          "detachedBatches": 0,
          "reSearches": 0,
          "parallelBatches": 2,
          "forcedMacroTransitions": 0,
          "proofAdmissions": 5,
          "coordinatorStates": 12,
          "coordinatorClasses": 24,
          "coordinatorPaths": 12,
          "priorityMemoEntries": 7,
          "priorityMemoDrops": 0
        },
        {
          "rootResolvedMs": 63.85849999999982,
          "elapsedMs": 63.86569999999983,
          "shallowExpanded": 5,
          "workerExpanded": 10822,
          "totalExpanded": 10827,
          "leafTasks": 7,
          "scoutTasks": 6,
          "incrementalScoutCompletions": 6,
          "detachedScoutTasks": 0,
          "detachedBatches": 0,
          "reSearches": 0,
          "parallelBatches": 2,
          "forcedMacroTransitions": 0,
          "proofAdmissions": 5,
          "coordinatorStates": 12,
          "coordinatorClasses": 24,
          "coordinatorPaths": 12,
          "priorityMemoEntries": 7,
          "priorityMemoDrops": 0
        },
        {
          "rootResolvedMs": 80.99130000000014,
          "elapsedMs": 80.99789999999985,
          "shallowExpanded": 5,
          "workerExpanded": 10788,
          "totalExpanded": 10793,
          "leafTasks": 7,
          "scoutTasks": 6,
          "incrementalScoutCompletions": 6,
          "detachedScoutTasks": 0,
          "detachedBatches": 0,
          "reSearches": 0,
          "parallelBatches": 2,
          "forcedMacroTransitions": 0,
          "proofAdmissions": 5,
          "coordinatorStates": 12,
          "coordinatorClasses": 24,
          "coordinatorPaths": 12,
          "priorityMemoEntries": 7,
          "priorityMemoDrops": 0
        }
      ]
    },
    {
      "requestedWorkers": 4,
      "workers": 4,
      "splitDepth": 3,
      "splitDepthMeaning": "unresolved_decision_depth_after_forced_macro_normalization",
      "rootResolvedMsMedian": 25.65209999999979,
      "elapsedMsMedian": 25.658699999999953,
      "totalExpandedMedian": 10833,
      "shallowExpandedMedian": 12,
      "workerExpandedMedian": 10821,
      "leafTasksMedian": 20,
      "scoutTasksMedian": 18,
      "detachedScoutTasksMedian": 0,
      "reSearchesMedian": 1,
      "parallelBatchesMedian": 6,
      "actions": [
        0,
        0,
        0,
        0
      ],
      "runs": [
        {
          "rootResolvedMs": 25.098499999999603,
          "elapsedMs": 25.104599999999664,
          "shallowExpanded": 12,
          "workerExpanded": 10842,
          "totalExpanded": 10854,
          "leafTasks": 20,
          "scoutTasks": 18,
          "incrementalScoutCompletions": 18,
          "detachedScoutTasks": 0,
          "detachedBatches": 0,
          "reSearches": 1,
          "parallelBatches": 6,
          "forcedMacroTransitions": 0,
          "proofAdmissions": 12,
          "coordinatorStates": 40,
          "coordinatorClasses": 68,
          "coordinatorPaths": 31,
          "priorityMemoEntries": 19,
          "priorityMemoDrops": 0
        },
        {
          "rootResolvedMs": 27.557800000000043,
          "elapsedMs": 27.564100000000053,
          "shallowExpanded": 12,
          "workerExpanded": 10780,
          "totalExpanded": 10792,
          "leafTasks": 20,
          "scoutTasks": 18,
          "incrementalScoutCompletions": 18,
          "detachedScoutTasks": 0,
          "detachedBatches": 0,
          "reSearches": 1,
          "parallelBatches": 6,
          "forcedMacroTransitions": 0,
          "proofAdmissions": 12,
          "coordinatorStates": 40,
          "coordinatorClasses": 68,
          "coordinatorPaths": 31,
          "priorityMemoEntries": 19,
          "priorityMemoDrops": 0
        },
        {
          "rootResolvedMs": 25.65209999999979,
          "elapsedMs": 25.658699999999953,
          "shallowExpanded": 12,
          "workerExpanded": 10821,
          "totalExpanded": 10833,
          "leafTasks": 20,
          "scoutTasks": 18,
          "incrementalScoutCompletions": 18,
          "detachedScoutTasks": 0,
          "detachedBatches": 0,
          "reSearches": 1,
          "parallelBatches": 6,
          "forcedMacroTransitions": 0,
          "proofAdmissions": 12,
          "coordinatorStates": 40,
          "coordinatorClasses": 68,
          "coordinatorPaths": 31,
          "priorityMemoEntries": 19,
          "priorityMemoDrops": 0
        },
        {
          "rootResolvedMs": 23.491899999999987,
          "elapsedMs": 23.4991,
          "shallowExpanded": 12,
          "workerExpanded": 10842,
          "totalExpanded": 10854,
          "leafTasks": 20,
          "scoutTasks": 18,
          "incrementalScoutCompletions": 18,
          "detachedScoutTasks": 0,
          "detachedBatches": 0,
          "reSearches": 1,
          "parallelBatches": 6,
          "forcedMacroTransitions": 0,
          "proofAdmissions": 12,
          "coordinatorStates": 40,
          "coordinatorClasses": 68,
          "coordinatorPaths": 31,
          "priorityMemoEntries": 19,
          "priorityMemoDrops": 0
        },
        {
          "rootResolvedMs": 27.123299999999745,
          "elapsedMs": 27.128999999999905,
          "shallowExpanded": 12,
          "workerExpanded": 10804,
          "totalExpanded": 10816,
          "leafTasks": 20,
          "scoutTasks": 18,
          "incrementalScoutCompletions": 18,
          "detachedScoutTasks": 0,
          "detachedBatches": 0,
          "reSearches": 1,
          "parallelBatches": 6,
          "forcedMacroTransitions": 0,
          "proofAdmissions": 12,
          "coordinatorStates": 40,
          "coordinatorClasses": 68,
          "coordinatorPaths": 31,
          "priorityMemoEntries": 19,
          "priorityMemoDrops": 0
        }
      ]
    },
    {
      "requestedWorkers": 4,
      "workers": 4,
      "splitDepth": 4,
      "splitDepthMeaning": "unresolved_decision_depth_after_forced_macro_normalization",
      "rootResolvedMsMedian": 26.223700000000008,
      "elapsedMsMedian": 26.22980000000007,
      "totalExpandedMedian": 14177,
      "shallowExpandedMedian": 32,
      "workerExpandedMedian": 14145,
      "leafTasksMedian": 37,
      "scoutTasksMedian": 36,
      "detachedScoutTasksMedian": 4,
      "reSearchesMedian": 1,
      "parallelBatchesMedian": 12,
      "actions": [
        0,
        0,
        0,
        0
      ],
      "runs": [
        {
          "rootResolvedMs": 26.034299999999803,
          "elapsedMs": 26.040799999999763,
          "shallowExpanded": 32,
          "workerExpanded": 14107,
          "totalExpanded": 14139,
          "leafTasks": 37,
          "scoutTasks": 36,
          "incrementalScoutCompletions": 32,
          "detachedScoutTasks": 4,
          "detachedBatches": 2,
          "reSearches": 1,
          "parallelBatches": 12,
          "forcedMacroTransitions": 0,
          "proofAdmissions": 31,
          "coordinatorStates": 81,
          "coordinatorClasses": 150,
          "coordinatorPaths": 63,
          "priorityMemoEntries": 32,
          "priorityMemoDrops": 0
        },
        {
          "rootResolvedMs": 37.212299999999686,
          "elapsedMs": 37.223299999999654,
          "shallowExpanded": 32,
          "workerExpanded": 14145,
          "totalExpanded": 14177,
          "leafTasks": 36,
          "scoutTasks": 36,
          "incrementalScoutCompletions": 32,
          "detachedScoutTasks": 4,
          "detachedBatches": 2,
          "reSearches": 1,
          "parallelBatches": 12,
          "forcedMacroTransitions": 0,
          "proofAdmissions": 31,
          "coordinatorStates": 81,
          "coordinatorClasses": 150,
          "coordinatorPaths": 63,
          "priorityMemoEntries": 32,
          "priorityMemoDrops": 0
        },
        {
          "rootResolvedMs": 28.16959999999972,
          "elapsedMs": 28.222899999999754,
          "shallowExpanded": 32,
          "workerExpanded": 14130,
          "totalExpanded": 14162,
          "leafTasks": 37,
          "scoutTasks": 36,
          "incrementalScoutCompletions": 32,
          "detachedScoutTasks": 4,
          "detachedBatches": 2,
          "reSearches": 1,
          "parallelBatches": 12,
          "forcedMacroTransitions": 0,
          "proofAdmissions": 31,
          "coordinatorStates": 81,
          "coordinatorClasses": 150,
          "coordinatorPaths": 63,
          "priorityMemoEntries": 32,
          "priorityMemoDrops": 0
        },
        {
          "rootResolvedMs": 26.223700000000008,
          "elapsedMs": 26.22980000000007,
          "shallowExpanded": 32,
          "workerExpanded": 14227,
          "totalExpanded": 14259,
          "leafTasks": 37,
          "scoutTasks": 36,
          "incrementalScoutCompletions": 33,
          "detachedScoutTasks": 3,
          "detachedBatches": 2,
          "reSearches": 1,
          "parallelBatches": 12,
          "forcedMacroTransitions": 0,
          "proofAdmissions": 31,
          "coordinatorStates": 81,
          "coordinatorClasses": 150,
          "coordinatorPaths": 63,
          "priorityMemoEntries": 32,
          "priorityMemoDrops": 0
        },
        {
          "rootResolvedMs": 25.90560000000005,
          "elapsedMs": 25.91150000000016,
          "shallowExpanded": 32,
          "workerExpanded": 14177,
          "totalExpanded": 14209,
          "leafTasks": 37,
          "scoutTasks": 36,
          "incrementalScoutCompletions": 34,
          "detachedScoutTasks": 2,
          "detachedBatches": 1,
          "reSearches": 1,
          "parallelBatches": 12,
          "forcedMacroTransitions": 0,
          "proofAdmissions": 31,
          "coordinatorStates": 81,
          "coordinatorClasses": 150,
          "coordinatorPaths": 63,
          "priorityMemoEntries": 32,
          "priorityMemoDrops": 0
        }
      ]
    }
  ],
  "best": {
    "requestedWorkers": 3,
    "workers": 3,
    "splitDepth": 3,
    "splitDepthMeaning": "unresolved_decision_depth_after_forced_macro_normalization",
    "rootResolvedMsMedian": 13.423400000000129,
    "elapsedMsMedian": 13.426400000000285,
    "totalExpandedMedian": 10908,
    "shallowExpandedMedian": 12,
    "workerExpandedMedian": 10896,
    "leafTasksMedian": 20,
    "scoutTasksMedian": 18,
    "detachedScoutTasksMedian": 0,
    "reSearchesMedian": 1,
    "parallelBatchesMedian": 6,
    "actions": [
      0,
      0,
      0,
      0
    ],
    "runs": [
      {
        "rootResolvedMs": 14.271799999999985,
        "elapsedMs": 14.277099999999791,
        "shallowExpanded": 12,
        "workerExpanded": 10871,
        "totalExpanded": 10883,
        "leafTasks": 20,
        "scoutTasks": 18,
        "incrementalScoutCompletions": 18,
        "detachedScoutTasks": 0,
        "detachedBatches": 0,
        "reSearches": 1,
        "parallelBatches": 6,
        "forcedMacroTransitions": 0,
        "proofAdmissions": 12,
        "coordinatorStates": 40,
        "coordinatorClasses": 68,
        "coordinatorPaths": 31,
        "priorityMemoEntries": 19,
        "priorityMemoDrops": 0
      },
      {
        "rootResolvedMs": 18.312199999999848,
        "elapsedMs": 18.31569999999965,
        "shallowExpanded": 12,
        "workerExpanded": 10896,
        "totalExpanded": 10908,
        "leafTasks": 20,
        "scoutTasks": 18,
        "incrementalScoutCompletions": 18,
        "detachedScoutTasks": 0,
        "detachedBatches": 0,
        "reSearches": 1,
        "parallelBatches": 6,
        "forcedMacroTransitions": 0,
        "proofAdmissions": 12,
        "coordinatorStates": 40,
        "coordinatorClasses": 68,
        "coordinatorPaths": 31,
        "priorityMemoEntries": 19,
        "priorityMemoDrops": 0
      },
      {
        "rootResolvedMs": 12.8766999999998,
        "elapsedMs": 12.879699999999957,
        "shallowExpanded": 12,
        "workerExpanded": 10900,
        "totalExpanded": 10912,
        "leafTasks": 20,
        "scoutTasks": 18,
        "incrementalScoutCompletions": 18,
        "detachedScoutTasks": 0,
        "detachedBatches": 0,
        "reSearches": 1,
        "parallelBatches": 6,
        "forcedMacroTransitions": 0,
        "proofAdmissions": 12,
        "coordinatorStates": 40,
        "coordinatorClasses": 68,
        "coordinatorPaths": 31,
        "priorityMemoEntries": 19,
        "priorityMemoDrops": 0
      },
      {
        "rootResolvedMs": 13.423400000000129,
        "elapsedMs": 13.426400000000285,
        "shallowExpanded": 12,
        "workerExpanded": 10890,
        "totalExpanded": 10902,
        "leafTasks": 20,
        "scoutTasks": 18,
        "incrementalScoutCompletions": 18,
        "detachedScoutTasks": 0,
        "detachedBatches": 0,
        "reSearches": 1,
        "parallelBatches": 6,
        "forcedMacroTransitions": 0,
        "proofAdmissions": 12,
        "coordinatorStates": 40,
        "coordinatorClasses": 68,
        "coordinatorPaths": 31,
        "priorityMemoEntries": 19,
        "priorityMemoDrops": 0
      },
      {
        "rootResolvedMs": 12.54359999999997,
        "elapsedMs": 12.547000000000025,
        "shallowExpanded": 12,
        "workerExpanded": 10899,
        "totalExpanded": 10911,
        "leafTasks": 20,
        "scoutTasks": 18,
        "incrementalScoutCompletions": 18,
        "detachedScoutTasks": 0,
        "detachedBatches": 0,
        "reSearches": 1,
        "parallelBatches": 6,
        "forcedMacroTransitions": 0,
        "proofAdmissions": 12,
        "coordinatorStates": 40,
        "coordinatorClasses": 68,
        "coordinatorPaths": 31,
        "priorityMemoEntries": 19,
        "priorityMemoDrops": 0
      }
    ]
  }
}
