SEMANTIC_TT_REPLACEMENT_SUMMARY={"kind":"connect4-semantic-proof-replacement-qualification-v7","status":"complete","replacement":"8-way exact-descriptor set-associative with generation-safe proof rebinding, poisoned failed installs, quiescent poison recovery, slot-owned extension chunks, direct canonical residual materialization, transient hot descriptors, and separate semantic/proof state ownership","staleHandleControl":{"staleHandle":8,"replacementHandle":16,"tt":{"probes":2,"probeMisses":1,"ensures":9,"hits":1,"inserts":8,"replacements":1,"poisonedInstalls":0,"nonExactVictims":0,"exactVictims":1,"descriptorCompares":1,"hashCollisions":0,"bucketLockWaits":0,"proofWriterWaits":0,"termIdsPublished":18,"termIdsAllocated":16,"termArenaWordsAllocated":40,"termChunkAllocations":8,"termSpanReuses":1,"termSpanGrows":0,"maxBucketScan":8,"entries":8,"replacementsShared":1,"termSpanReusesShared":1,"termSpanGrowsShared":0,"termChunkCountShared":8,"termIdsUsed":16,"termArenaWordsUsed":40,"termHeaderWordsUsed":24,"entryCapacity":8,"associativity":8,"bucketCount":1,"generationLimit":4294967295,"termCapacity":1024},"proofStore":{"reads":8,"publications":9,"retries":0,"staleReads":3,"stalePublications":1,"waits":0}},"poisonedInstallControl":{"oldHandle":1,"reboundHandle":2,"poisonedStats":{"probes":2,"probeMisses":2,"ensures":3,"hits":0,"inserts":1,"replacements":0,"poisonedInstalls":1,"nonExactVictims":0,"exactVictims":1,"descriptorCompares":0,"hashCollisions":0,"bucketLockWaits":0,"proofWriterWaits":0,"termIdsPublished":2,"termIdsAllocated":2,"termArenaWordsAllocated":5,"termChunkAllocations":1,"termSpanReuses":0,"termSpanGrows":0,"maxBucketScan":1,"entries":1,"replacementsShared":0,"termSpanReusesShared":0,"termSpanGrowsShared":0,"termChunkCountShared":1,"termIdsUsed":2,"termArenaWordsUsed":5,"termHeaderWordsUsed":3,"entryCapacity":1,"associativity":1,"bucketCount":1,"generationLimit":4294967295,"termCapacity":8},"recoveredStats":{"probes":3,"probeMisses":2,"ensures":4,"hits":1,"inserts":2,"replacements":0,"poisonedInstalls":1,"nonExactVictims":0,"exactVictims":1,"descriptorCompares":1,"hashCollisions":0,"bucketLockWaits":0,"proofWriterWaits":0,"termIdsPublished":4,"termIdsAllocated":4,"termArenaWordsAllocated":10,"termChunkAllocations":2,"termSpanReuses":0,"termSpanGrows":0,"maxBucketScan":1,"entries":1,"replacementsShared":0,"termSpanReusesShared":0,"termSpanGrowsShared":0,"termChunkCountShared":1,"termIdsUsed":2,"termArenaWordsUsed":5,"termHeaderWordsUsed":3,"entryCapacity":1,"associativity":1,"bucketCount":1,"generationLimit":4294967295,"termCapacity":8}},"slotChunkGrowthControl":{"latestSupports":[2000,2001,2002,2003,2004,2005,2006,2007],"tt":{"probes":288,"probeMisses":0,"ensures":152,"hits":288,"inserts":8,"replacements":144,"poisonedInstalls":0,"nonExactVictims":144,"exactVictims":0,"descriptorCompares":288,"hashCollisions":0,"bucketLockWaits":0,"proofWriterWaits":0,"termIdsPublished":1672,"termIdsAllocated":160,"termArenaWordsAllocated":616,"termChunkAllocations":152,"termSpanReuses":0,"termSpanGrows":144,"maxBucketScan":8,"entries":8,"replacementsShared":144,"termSpanReusesShared":0,"termSpanGrowsShared":144,"termChunkCountShared":152,"termIdsUsed":160,"termArenaWordsUsed":616,"termHeaderWordsUsed":456,"entryCapacity":8,"associativity":8,"bucketCount":1,"generationLimit":4294967295,"termCapacity":640}},"constrainedGameControl":{"root":0,"actions":[0,0,0,0],"rootStats":{"probes":0,"probeMisses":0,"ensures":0,"hits":0,"inserts":0,"replacements":0,"poisonedInstalls":0,"nonExactVictims":0,"exactVictims":0,"descriptorCompares":0,"hashCollisions":0,"bucketLockWaits":0,"proofWriterWaits":0,"termIdsPublished":0,"termIdsAllocated":0,"termArenaWordsAllocated":0,"termChunkAllocations":0,"termSpanReuses":0,"termSpanGrows":0,"maxBucketScan":0,"entries":4096,"replacementsShared":11065,"termSpanReusesShared":7953,"termSpanGrowsShared":3112,"termChunkCountShared":7208,"termIdsUsed":34614,"termArenaWordsUsed":56238,"termHeaderWordsUsed":21624,"entryCapacity":4096,"associativity":8,"bucketCount":512,"generationLimit":4294967295,"termCapacity":16777216},"actionStats":{"probes":0,"probeMisses":0,"ensures":0,"hits":0,"inserts":0,"replacements":0,"poisonedInstalls":0,"nonExactVictims":0,"exactVictims":0,"descriptorCompares":0,"hashCollisions":0,"bucketLockWaits":0,"proofWriterWaits":0,"termIdsPublished":0,"termIdsAllocated":0,"termArenaWordsAllocated":0,"termChunkAllocations":0,"termSpanReuses":0,"termSpanGrows":0,"maxBucketScan":0,"entries":4096,"replacementsShared":42687,"termSpanReusesShared":36038,"termSpanGrowsShared":6649,"termChunkCountShared":10745,"termIdsUsed":46224,"termArenaWordsUsed":78459,"termHeaderWordsUsed":32235,"entryCapacity":4096,"associativity":8,"bucketCount":512,"generationLimit":4294967295,"termCapacity":16777216},"executor":{"submitted":51,"completed":51,"failed":0,"aborted":0,"workerFaults":0,"maxQueued":6,"exploreQueued":0,"exploreStarted":0,"exploreCompleted":0,"exploreFailed":0,"queued":0,"exploreReady":0,"active":0,"pending":0,"backgroundSideEffects":0,"poisoned":false,"workerTasks":[30,21],"workerResources":[{"localStatesHighWater":31958,"localClassesHighWater":15415,"localTypedBytesHighWater":38950810,"onlineStateCapacityHighWater":262144,"onlineStateBytesPerStateAvoided":3,"onlineStateLocalProofBytesAvoidedHighWater":786432,"onlineStateLocalProofBytesRetainedHighWater":0,"descriptorStateBuildsHighWater":117500,"descriptorClassBuildsHighWater":15388,"descriptorTransientStateDescriptorUsesHighWater":117500,"descriptorStateDescriptorObjectsAllocatedHighWater":0,"descriptorClassDescriptorObjectsAllocatedHighWater":0,"descriptorTermArrayMaterializationsHighWater":0,"descriptorTermIdsMaterializedHighWater":0,"descriptorDirectTermWritesHighWater":129850,"descriptorDirectTermIdsWrittenHighWater":338371,"descriptorTermIdsCachedHighWater":0,"descriptorTermArrayObjectsCachedHighWater":0,"descriptorClassObjectsCachedHighWater":0,"descriptorClassMetadataBytesHighWater":4259840,"descriptorStateMetadataBytesHighWater":2129920,"descriptorStateHashCapacityHighWater":262144,"descriptorScratchBytesHighWater":382,"descriptorScratchCapacityHighWater":191,"descriptorTermArenaBytesHighWater":0,"descriptorRetainedTypedBytesHighWater":6389760,"descriptorClassCapacityHighWater":524288,"descriptorTermCapacityHighWater":0,"isolateHeapUsedHighWater":12058672,"isolateExternalHighWater":48957454,"isolateArrayBuffersHighWater":45611091},{"localStatesHighWater":19853,"localClassesHighWater":10133,"localTypedBytesHighWater":38950810,"onlineStateCapacityHighWater":262144,"onlineStateBytesPerStateAvoided":3,"onlineStateLocalProofBytesAvoidedHighWater":786432,"onlineStateLocalProofBytesRetainedHighWater":0,"descriptorStateBuildsHighWater":61780,"descriptorClassBuildsHighWater":10108,"descriptorTransientStateDescriptorUsesHighWater":61780,"descriptorStateDescriptorObjectsAllocatedHighWater":0,"descriptorClassDescriptorObjectsAllocatedHighWater":0,"descriptorTermArrayMaterializationsHighWater":0,"descriptorTermIdsMaterializedHighWater":0,"descriptorDirectTermWritesHighWater":71112,"descriptorDirectTermIdsWrittenHighWater":192305,"descriptorTermIdsCachedHighWater":0,"descriptorTermArrayObjectsCachedHighWater":0,"descriptorClassObjectsCachedHighWater":0,"descriptorClassMetadataBytesHighWater":4259840,"descriptorStateMetadataBytesHighWater":2129920,"descriptorStateHashCapacityHighWater":262144,"descriptorScratchBytesHighWater":382,"descriptorScratchCapacityHighWater":191,"descriptorTermArenaBytesHighWater":0,"descriptorRetainedTypedBytesHighWater":6389760,"descriptorClassCapacityHighWater":524288,"descriptorTermCapacityHighWater":0,"isolateHeapUsedHighWater":11705416,"isolateExternalHighWater":48957358,"isolateArrayBuffersHighWater":45611027}]},"coordinatorMetrics":{"calls":51,"shallowExpanded":20,"ttExactReturns":0,"ttBoundReturns":0,"domainBoundCuts":0,"ttMoveOrderHits":0,"tacticalExact":0,"cutoffs":12,"firstMoveCutoffs":12,"transitionsRequested":48,"leafTasks":31,"scoutTasks":24,"reSearches":3,"parallelBatches":8,"incrementalScoutCompletions":24,"detachedScoutTasks":0,"detachedBatches":0,"workerCalls":88678,"workerExpanded":40919,"forcedNodes":0,"forcedMacroChains":0,"forcedMacroTransitions":0,"frontierBoundCuts":0,"frontierOrderedNodes":20,"proofProbeMisses":48,"proofAdmissions":20}}}
{
  "kind": "connect4-semantic-proof-replacement-qualification-v7",
  "status": "complete",
  "replacement": "8-way exact-descriptor set-associative with generation-safe proof rebinding, poisoned failed installs, quiescent poison recovery, slot-owned extension chunks, direct canonical residual materialization, transient hot descriptors, and separate semantic/proof state ownership",
  "staleHandleControl": {
    "staleHandle": 8,
    "replacementHandle": 16,
    "tt": {
      "probes": 2,
      "probeMisses": 1,
      "ensures": 9,
      "hits": 1,
      "inserts": 8,
      "replacements": 1,
      "poisonedInstalls": 0,
      "nonExactVictims": 0,
      "exactVictims": 1,
      "descriptorCompares": 1,
      "hashCollisions": 0,
      "bucketLockWaits": 0,
      "proofWriterWaits": 0,
      "termIdsPublished": 18,
      "termIdsAllocated": 16,
      "termArenaWordsAllocated": 40,
      "termChunkAllocations": 8,
      "termSpanReuses": 1,
      "termSpanGrows": 0,
      "maxBucketScan": 8,
      "entries": 8,
      "replacementsShared": 1,
      "termSpanReusesShared": 1,
      "termSpanGrowsShared": 0,
      "termChunkCountShared": 8,
      "termIdsUsed": 16,
      "termArenaWordsUsed": 40,
      "termHeaderWordsUsed": 24,
      "entryCapacity": 8,
      "associativity": 8,
      "bucketCount": 1,
      "generationLimit": 4294967295,
      "termCapacity": 1024
    },
    "proofStore": {
      "reads": 8,
      "publications": 9,
      "retries": 0,
      "staleReads": 3,
      "stalePublications": 1,
      "waits": 0
    }
  },
  "poisonedInstallControl": {
    "oldHandle": 1,
    "reboundHandle": 2,
    "poisonedStats": {
      "probes": 2,
      "probeMisses": 2,
      "ensures": 3,
      "hits": 0,
      "inserts": 1,
      "replacements": 0,
      "poisonedInstalls": 1,
      "nonExactVictims": 0,
      "exactVictims": 1,
      "descriptorCompares": 0,
      "hashCollisions": 0,
      "bucketLockWaits": 0,
      "proofWriterWaits": 0,
      "termIdsPublished": 2,
      "termIdsAllocated": 2,
      "termArenaWordsAllocated": 5,
      "termChunkAllocations": 1,
      "termSpanReuses": 0,
      "termSpanGrows": 0,
      "maxBucketScan": 1,
      "entries": 1,
      "replacementsShared": 0,
      "termSpanReusesShared": 0,
      "termSpanGrowsShared": 0,
      "termChunkCountShared": 1,
      "termIdsUsed": 2,
      "termArenaWordsUsed": 5,
      "termHeaderWordsUsed": 3,
      "entryCapacity": 1,
      "associativity": 1,
      "bucketCount": 1,
      "generationLimit": 4294967295,
      "termCapacity": 8
    },
    "recoveredStats": {
      "probes": 3,
      "probeMisses": 2,
      "ensures": 4,
      "hits": 1,
      "inserts": 2,
      "replacements": 0,
      "poisonedInstalls": 1,
      "nonExactVictims": 0,
      "exactVictims": 1,
      "descriptorCompares": 1,
      "hashCollisions": 0,
      "bucketLockWaits": 0,
      "proofWriterWaits": 0,
      "termIdsPublished": 4,
      "termIdsAllocated": 4,
      "termArenaWordsAllocated": 10,
      "termChunkAllocations": 2,
      "termSpanReuses": 0,
      "termSpanGrows": 0,
      "maxBucketScan": 1,
      "entries": 1,
      "replacementsShared": 0,
      "termSpanReusesShared": 0,
      "termSpanGrowsShared": 0,
      "termChunkCountShared": 1,
      "termIdsUsed": 2,
      "termArenaWordsUsed": 5,
      "termHeaderWordsUsed": 3,
      "entryCapacity": 1,
      "associativity": 1,
      "bucketCount": 1,
      "generationLimit": 4294967295,
      "termCapacity": 8
    }
  },
  "slotChunkGrowthControl": {
    "latestSupports": [
      2000,
      2001,
      2002,
      2003,
      2004,
      2005,
      2006,
      2007
    ],
    "tt": {
      "probes": 288,
      "probeMisses": 0,
      "ensures": 152,
      "hits": 288,
      "inserts": 8,
      "replacements": 144,
      "poisonedInstalls": 0,
      "nonExactVictims": 144,
      "exactVictims": 0,
      "descriptorCompares": 288,
      "hashCollisions": 0,
      "bucketLockWaits": 0,
      "proofWriterWaits": 0,
      "termIdsPublished": 1672,
      "termIdsAllocated": 160,
      "termArenaWordsAllocated": 616,
      "termChunkAllocations": 152,
      "termSpanReuses": 0,
      "termSpanGrows": 144,
      "maxBucketScan": 8,
      "entries": 8,
      "replacementsShared": 144,
      "termSpanReusesShared": 0,
      "termSpanGrowsShared": 144,
      "termChunkCountShared": 152,
      "termIdsUsed": 160,
      "termArenaWordsUsed": 616,
      "termHeaderWordsUsed": 456,
      "entryCapacity": 8,
      "associativity": 8,
      "bucketCount": 1,
      "generationLimit": 4294967295,
      "termCapacity": 640
    }
  },
  "constrainedGameControl": {
    "root": 0,
    "actions": [
      0,
      0,
      0,
      0
    ],
    "rootStats": {
      "probes": 0,
      "probeMisses": 0,
      "ensures": 0,
      "hits": 0,
      "inserts": 0,
      "replacements": 0,
      "poisonedInstalls": 0,
      "nonExactVictims": 0,
      "exactVictims": 0,
      "descriptorCompares": 0,
      "hashCollisions": 0,
      "bucketLockWaits": 0,
      "proofWriterWaits": 0,
      "termIdsPublished": 0,
      "termIdsAllocated": 0,
      "termArenaWordsAllocated": 0,
      "termChunkAllocations": 0,
      "termSpanReuses": 0,
      "termSpanGrows": 0,
      "maxBucketScan": 0,
      "entries": 4096,
      "replacementsShared": 11065,
      "termSpanReusesShared": 7953,
      "termSpanGrowsShared": 3112,
      "termChunkCountShared": 7208,
      "termIdsUsed": 34614,
      "termArenaWordsUsed": 56238,
      "termHeaderWordsUsed": 21624,
      "entryCapacity": 4096,
      "associativity": 8,
      "bucketCount": 512,
      "generationLimit": 4294967295,
      "termCapacity": 16777216
    },
    "actionStats": {
      "probes": 0,
      "probeMisses": 0,
      "ensures": 0,
      "hits": 0,
      "inserts": 0,
      "replacements": 0,
      "poisonedInstalls": 0,
      "nonExactVictims": 0,
      "exactVictims": 0,
      "descriptorCompares": 0,
      "hashCollisions": 0,
      "bucketLockWaits": 0,
      "proofWriterWaits": 0,
      "termIdsPublished": 0,
      "termIdsAllocated": 0,
      "termArenaWordsAllocated": 0,
      "termChunkAllocations": 0,
      "termSpanReuses": 0,
      "termSpanGrows": 0,
      "maxBucketScan": 0,
      "entries": 4096,
      "replacementsShared": 42687,
      "termSpanReusesShared": 36038,
      "termSpanGrowsShared": 6649,
      "termChunkCountShared": 10745,
      "termIdsUsed": 46224,
      "termArenaWordsUsed": 78459,
      "termHeaderWordsUsed": 32235,
      "entryCapacity": 4096,
      "associativity": 8,
      "bucketCount": 512,
      "generationLimit": 4294967295,
      "termCapacity": 16777216
    },
    "executor": {
      "submitted": 51,
      "completed": 51,
      "failed": 0,
      "aborted": 0,
      "workerFaults": 0,
      "maxQueued": 6,
      "exploreQueued": 0,
      "exploreStarted": 0,
      "exploreCompleted": 0,
      "exploreFailed": 0,
      "queued": 0,
      "exploreReady": 0,
      "active": 0,
      "pending": 0,
      "backgroundSideEffects": 0,
      "poisoned": false,
      "workerTasks": [
        30,
        21
      ],
      "workerResources": [
        {
          "localStatesHighWater": 31958,
          "localClassesHighWater": 15415,
          "localTypedBytesHighWater": 38950810,
          "onlineStateCapacityHighWater": 262144,
          "onlineStateBytesPerStateAvoided": 3,
          "onlineStateLocalProofBytesAvoidedHighWater": 786432,
          "onlineStateLocalProofBytesRetainedHighWater": 0,
          "descriptorStateBuildsHighWater": 117500,
          "descriptorClassBuildsHighWater": 15388,
          "descriptorTransientStateDescriptorUsesHighWater": 117500,
          "descriptorStateDescriptorObjectsAllocatedHighWater": 0,
          "descriptorClassDescriptorObjectsAllocatedHighWater": 0,
          "descriptorTermArrayMaterializationsHighWater": 0,
          "descriptorTermIdsMaterializedHighWater": 0,
          "descriptorDirectTermWritesHighWater": 129850,
          "descriptorDirectTermIdsWrittenHighWater": 338371,
          "descriptorTermIdsCachedHighWater": 0,
          "descriptorTermArrayObjectsCachedHighWater": 0,
          "descriptorClassObjectsCachedHighWater": 0,
          "descriptorClassMetadataBytesHighWater": 4259840,
          "descriptorStateMetadataBytesHighWater": 2129920,
          "descriptorStateHashCapacityHighWater": 262144,
          "descriptorScratchBytesHighWater": 382,
          "descriptorScratchCapacityHighWater": 191,
          "descriptorTermArenaBytesHighWater": 0,
          "descriptorRetainedTypedBytesHighWater": 6389760,
          "descriptorClassCapacityHighWater": 524288,
          "descriptorTermCapacityHighWater": 0,
          "isolateHeapUsedHighWater": 12058672,
          "isolateExternalHighWater": 48957454,
          "isolateArrayBuffersHighWater": 45611091
        },
        {
          "localStatesHighWater": 19853,
          "localClassesHighWater": 10133,
          "localTypedBytesHighWater": 38950810,
          "onlineStateCapacityHighWater": 262144,
          "onlineStateBytesPerStateAvoided": 3,
          "onlineStateLocalProofBytesAvoidedHighWater": 786432,
          "onlineStateLocalProofBytesRetainedHighWater": 0,
          "descriptorStateBuildsHighWater": 61780,
          "descriptorClassBuildsHighWater": 10108,
          "descriptorTransientStateDescriptorUsesHighWater": 61780,
          "descriptorStateDescriptorObjectsAllocatedHighWater": 0,
          "descriptorClassDescriptorObjectsAllocatedHighWater": 0,
          "descriptorTermArrayMaterializationsHighWater": 0,
          "descriptorTermIdsMaterializedHighWater": 0,
          "descriptorDirectTermWritesHighWater": 71112,
          "descriptorDirectTermIdsWrittenHighWater": 192305,
          "descriptorTermIdsCachedHighWater": 0,
          "descriptorTermArrayObjectsCachedHighWater": 0,
          "descriptorClassObjectsCachedHighWater": 0,
          "descriptorClassMetadataBytesHighWater": 4259840,
          "descriptorStateMetadataBytesHighWater": 2129920,
          "descriptorStateHashCapacityHighWater": 262144,
          "descriptorScratchBytesHighWater": 382,
          "descriptorScratchCapacityHighWater": 191,
          "descriptorTermArenaBytesHighWater": 0,
          "descriptorRetainedTypedBytesHighWater": 6389760,
          "descriptorClassCapacityHighWater": 524288,
          "descriptorTermCapacityHighWater": 0,
          "isolateHeapUsedHighWater": 11705416,
          "isolateExternalHighWater": 48957358,
          "isolateArrayBuffersHighWater": 45611027
        }
      ]
    },
    "coordinatorMetrics": {
      "calls": 51,
      "shallowExpanded": 20,
      "ttExactReturns": 0,
      "ttBoundReturns": 0,
      "domainBoundCuts": 0,
      "ttMoveOrderHits": 0,
      "tacticalExact": 0,
      "cutoffs": 12,
      "firstMoveCutoffs": 12,
      "transitionsRequested": 48,
      "leafTasks": 31,
      "scoutTasks": 24,
      "reSearches": 3,
      "parallelBatches": 8,
      "incrementalScoutCompletions": 24,
      "detachedScoutTasks": 0,
      "detachedBatches": 0,
      "workerCalls": 88678,
      "workerExpanded": 40919,
      "forcedNodes": 0,
      "forcedMacroChains": 0,
      "forcedMacroTransitions": 0,
      "frontierBoundCuts": 0,
      "frontierOrderedNodes": 20,
      "proofProbeMisses": 48,
      "proofAdmissions": 20
    }
  }
}
