✔ bounded normal search keeps horizon leaves unknown and can resume exact search (1.9612ms)
✔ an unresolved sibling cannot turn a known draw into an exact root draw (0.2602ms)
✔ a proved winning child still cuts off after an unresolved sibling (0.1778ms)
✔ bounded forced chains respect the horizon and restore unrestricted search after failure (0.2695ms)
✔ structural draw intersects prior proof and rejects contradictory exact bounds (0.7063ms)
✔ both decision policies reject rank-preserving forced transitions (0.8247ms)
✔ a scout rejected with null cannot become a draw through numeric coercion (1.0089ms)
✔ a failed re-search retains ownership of its outstanding peer scouts (3.193ms)
✔ frontier copying handles overlapping distinct views and keeps cached masks private (0.7718ms)
✔ fused frontier advancement matches independent masks for disjoint and overlapping views (3.5039ms)
✔ coherent read boundary rejects malformed scalars before typed narrowing (0.3226ms)
✔ actual search visits moves in descending eval order; hints only break equal scores (1.6873ms)
✔ root action results expose one canonical draw value after perspective reversal (0.2855ms)
✔ proof arenas dispatch only explicit complete contracts (2.1948ms)
✔ publication rejects invalid values and hints before either live or stale access (1.6942ms)
✔ packed records reject reserved bits, invalid bounds and implicit number coercion (0.4755ms)
✔ replacement before proof lock acquisition rejects old publication and releases the acquired generation (0.486ms)
✔ contradictory publication leaves the current proof intact and releases the writer (0.3018ms)
✔ coherent proof read observes sound writer-held record without blocking (0.7248ms)
✔ hash rejection skips generation loads; replacement across the filter still requires exact payload (1.8488ms)
✔ bucket prefix probes stop at first empty and preserve exact matches through collisions, writers, poison and reset (0.7905ms)
✔ a first-empty observation during concurrent publication is only a miss and cannot hide the next probe (0.219ms)
✔ current-handle observation rechecks generation after observing slot status (0.2657ms)
✔ game adapters require an arena bound to their exact geometry and term vocabulary (8.0803ms)
✔ resource reset rejects semantic nonquiescence before clearing static proofs (0.4827ms)
✔ arena views reject aliases/growth and snapshot mutable transport metadata (0.5014ms)
✔ a failure after payload overwrite poisons the new generation until quiescent reset (0.4191ms)
✔ generation exhaustion never wraps into a prior handle (0.2992ms)
✔ negative allocation and counters cannot alias existing term storage (0.4282ms)
✔ proof writer excludes replacement and reset, then wakes replacement on release (76.6705ms)
✔ compact index preserves capacity and published keys when link or bucket allocation fails (6.0947ms)
✔ cheap chunk address collisions preserve exact IDs through dictionary rehash (2.7951ms)
✔ reserved composed hashes reuse immutable local IDs across traversal and shared arena reset (23.5183ms)
✔ empty chunk identity survives dictionary growth and validates input before reuse (1.1202ms)
✔ direct semantic edges agree with recomputation and repeated edges bypass every interner (17.858ms)
✔ prepared exact search performs no typed allocation or backing-array growth (7.0356ms)
✔ reserved state/chunk exhaustion preserves published identities instead of allocating (5.8645ms)
✔ standalone local solver reserves its proof arrays without adding them to online workers (2.477ms)
✔ reserved residual exhaustion preserves existing classes and reports the resource boundary (2.9324ms)
✔ chunk exact keys survive collisions and growth; a hit never requests insertion capacity (0.7939ms)
✔ canonical cardinality and descriptor hashes match independent term sequences across growth and geometries (440.9852ms)
✔ term writer rejects malformed capacity before mutation and class-count allocation failure preserves published classes (3.3666ms)
✔ qualification baseline keeps one proof owner and rejects invalid residual inputs (0.6585ms)
✔ support access rejects malformed indices and columns without rank-zero aliases (2.422ms)
✔ paired response guard preserves every column reservoir in packed and table layouts (3.4152ms)
✔ compiled residual coverage rejects malformed inputs and reads canonical chunks after growth (5.5164ms)
✔ board input is captured once at initialization and residual widths derive from that domain (27.0499ms)
✔ state interning and cached edges reject values outside their owned domains (0.684ms)
✔ slot64 cell masks reject integer wrapping and preserve the residual class (0.5359ms)
✔ failed state growth leaves every existing backing array and capacity intact (10.5314ms)
✔ semantic IDs and cached edges survive repeated state growth and hash collisions (63.8484ms)
✔ cleanup attempts every owned termination after stop/drain/close failure (1.133ms)
✔ postMessage failure poisons executor and releases every pending task (1.0563ms)
✔ malformed worker values poison before the worker can run queued work (0.8228ms)
✔ synchronous abandonment failure cannot interrupt executor poisoning (0.4808ms)
✔ queued payloads are captured at submission instead of borrowing caller state (0.3952ms)
✔ path replies must match the dispatched planner state and failed pools cannot be reused (0.722ms)
✔ Branch Manager calls fail immediately after observed exit instead of awaiting a dead worker (47.8402ms)
✔ semantic worker fails closed on unknown protocol and remains poisoned (54.7517ms)
✔ bounded work plan rejects bad ordering/ranks and reduces actual worker values exactly (106.9868ms)
ℹ tests 60
ℹ suites 0
ℹ pass 60
ℹ fail 0
ℹ cancelled 0
ℹ skipped 0
ℹ todo 0
ℹ duration_ms 767.854
