✔ changed-slot identity converges across blocking order, including all-zero address filters (18.5262ms)
✔ compact index preserves capacity and published keys when link or bucket allocation fails (3.0194ms)
✔ cheap chunk address collisions preserve exact IDs through dictionary rehash (1.1843ms)
✔ reserved composed hashes reuse immutable local IDs across traversal and shared arena reset (22.5333ms)
✔ empty chunk identity survives dictionary growth and validates input before reuse (0.9411ms)
✔ direct semantic edges agree with recomputation and repeated edges bypass every interner (15.8838ms)
✔ prepared exact search performs no typed allocation or backing-array growth (7.5886ms)
✔ reserved state/chunk exhaustion preserves published identities instead of allocating (4.619ms)
✔ standalone local solver reserves its proof arrays without adding them to online workers (2.4805ms)
✔ reserved residual exhaustion preserves existing classes and reports the resource boundary (3.8732ms)
✔ chunk exact keys survive collisions and growth; a hit never requests insertion capacity (0.6731ms)
✔ canonical cardinality and descriptor hashes match independent term sequences across growth and geometries (453.2638ms)
✔ term writer rejects malformed capacity before mutation and class-count allocation failure preserves published classes (4.5372ms)
✔ qualification baseline keeps one proof owner and rejects invalid residual inputs (0.7706ms)
✔ support access rejects malformed indices and columns without rank-zero aliases (1.5762ms)
✔ paired response guard preserves every column reservoir in packed and table layouts (3.4923ms)
✔ compiled residual coverage rejects malformed inputs and reads canonical chunks after growth (6.3537ms)
✔ board input is captured once at initialization and residual widths derive from that domain (56.7888ms)
✔ state interning and cached edges reject values outside their owned domains (0.6233ms)
✔ slot64 cell masks reject integer wrapping and preserve the residual class (0.4811ms)
✔ failed state growth leaves every existing backing array and capacity intact (12.2308ms)
✔ semantic IDs and cached edges survive repeated state growth and hash collisions (77.5711ms)
ℹ tests 22
ℹ suites 0
ℹ pass 22
ℹ fail 0
ℹ cancelled 0
ℹ skipped 0
ℹ todo 0
ℹ duration_ms 804.6885
