✔ bounded normal search keeps horizon leaves unknown and can resume exact search (1.9878ms)
✔ an unresolved sibling cannot turn a known draw into an exact root draw (0.2814ms)
✔ a proved winning child still cuts off after an unresolved sibling (0.1756ms)
✔ bounded forced chains respect the horizon and restore unrestricted search after failure (0.2816ms)
✔ structural draw intersects prior proof and rejects contradictory exact bounds (0.7242ms)
✔ both decision policies reject rank-preserving forced transitions (0.7889ms)
✔ a scout rejected with null cannot become a draw through numeric coercion (1.0967ms)
✔ a failed re-search retains ownership of its outstanding peer scouts (3.8253ms)
✔ frontier copying handles overlapping distinct views and keeps cached masks private (0.8201ms)
✔ fused frontier advancement matches independent masks for disjoint and overlapping views (4.1564ms)
✔ coherent read boundary rejects malformed scalars before typed narrowing (0.3025ms)
✔ actual search visits moves in descending eval order; hints only break equal scores (1.8199ms)
✔ root action results expose one canonical draw value after perspective reversal (0.2987ms)
✔ proof arenas dispatch only explicit complete contracts (2.041ms)
✔ publication rejects invalid values and hints before either live or stale access (1.6767ms)
✔ packed records reject reserved bits, invalid bounds and implicit number coercion (0.4833ms)
✔ replacement before proof lock acquisition rejects old publication and releases the acquired generation (0.5112ms)
✔ contradictory publication leaves the current proof intact and releases the writer (0.294ms)
✔ coherent proof read observes sound writer-held record without blocking (0.7353ms)
✔ hash rejection skips generation loads; replacement across the filter still requires exact payload (1.9411ms)
✔ bucket prefix probes stop at first empty and preserve exact matches through collisions, writers, poison and reset (0.7943ms)
✔ a first-empty observation during concurrent publication is only a miss and cannot hide the next probe (0.2159ms)
✔ current-handle observation rechecks generation after observing slot status (0.2478ms)
✔ game adapters require an arena bound to their exact geometry and term vocabulary (8.3281ms)
✔ resource reset rejects semantic nonquiescence before clearing static proofs (0.4699ms)
✔ arena views reject aliases/growth and snapshot mutable transport metadata (0.5662ms)
✔ a failure after payload overwrite poisons the new generation until quiescent reset (0.4104ms)
✔ generation exhaustion never wraps into a prior handle (0.3702ms)
✔ negative allocation and counters cannot alias existing term storage (0.3947ms)
✔ proof writer excludes replacement and reset, then wakes replacement on release (65.6513ms)
✔ cheap chunk address collisions preserve exact IDs through dictionary rehash (8.1719ms)
✔ reserved composed hashes reuse immutable local IDs across traversal and shared arena reset (23.6208ms)
✔ empty chunk identity survives dictionary growth and validates input before reuse (1.1722ms)
✔ direct semantic edges agree with recomputation and repeated edges bypass every interner (19.6163ms)
✔ prepared exact search performs no typed allocation or backing-array growth (8.1838ms)
✔ reserved state/chunk exhaustion preserves published identities instead of allocating (5.6597ms)
✔ standalone local solver reserves its proof arrays without adding them to online workers (2.5221ms)
✔ reserved residual exhaustion preserves existing classes and reports the resource boundary (3.4654ms)
✔ chunk exact keys survive collisions and growth; a hit never requests insertion capacity (1.1684ms)
✔ canonical cardinality and descriptor hashes match independent term sequences across growth and geometries (439.6688ms)
✔ term writer rejects malformed capacity before mutation and class-count allocation failure preserves published classes (5.2494ms)
✔ qualification baseline keeps one proof owner and rejects invalid residual inputs (0.9825ms)
✔ support access rejects malformed indices and columns without rank-zero aliases (2.0267ms)
✔ paired response guard preserves every column reservoir in packed and table layouts (5.0744ms)
✔ compiled residual coverage rejects malformed inputs and reads canonical chunks after growth (8.1178ms)
✔ board input is captured once at initialization and residual widths derive from that domain (59.356ms)
✔ state interning and cached edges reject values outside their owned domains (0.665ms)
✔ slot64 cell masks reject integer wrapping and preserve the residual class (0.4643ms)
✔ failed state growth leaves every existing backing array and capacity intact (11.2657ms)
✔ semantic IDs and cached edges survive repeated state growth and hash collisions (72.5476ms)
✔ cleanup attempts every owned termination after stop/drain/close failure (1.379ms)
✔ postMessage failure poisons executor and releases every pending task (0.846ms)
✔ malformed worker values poison before the worker can run queued work (0.7885ms)
✔ synchronous abandonment failure cannot interrupt executor poisoning (0.3935ms)
✔ queued payloads are captured at submission instead of borrowing caller state (0.3747ms)
✔ path replies must match the dispatched planner state and failed pools cannot be reused (0.6829ms)
✔ Branch Manager calls fail immediately after observed exit instead of awaiting a dead worker (45.9783ms)
✔ semantic worker fails closed on unknown protocol and remains poisoned (55.5724ms)
✔ bounded work plan rejects bad ordering/ranks and reduces actual worker values exactly (105.0356ms)
ℹ tests 59
ℹ suites 0
ℹ pass 59
ℹ fail 0
ℹ cancelled 0
ℹ skipped 0
ℹ todo 0
ℹ duration_ms 822.8545
