{
  "kind": "connect4-bsfp-oqs-cofactor-42",
  "mode": "native",
  "geometry": "5x5:c4",
  "outcome": "native-oqs-cofactor-pass",
  "evidenceGrade": "all-candidates-of-selected-supports",
  "fullDeviceQuotientSynthesis": false,
  "rootWdl": null,
  "transitionsChecked": 112,
  "candidatesChecked": 220744,
  "mismatches": 0,
  "targetCoverage": 1,
  "controls": [],
  "timings": {
    "baseline": {
      "uploadMs": 370.79260000003705,
      "submitWaitMs": 428.3844000000099,
      "readbackMs": 2217.5389999999898
    },
    "preserved": {
      "uploadMs": 345.4212000000116,
      "submitWaitMs": 280.9927000000098,
      "readbackMs": 2217.2941999999966
    }
  },
  "compileLoadMs": 822.5118000000002,
  "setupMs": 839.3260000000009,
  "deviceBytes": 269746344,
  "upperBoundBytes": 538181800,
  "seedConstructionMs": 38630.2681,
  "lineOrderMs": 28.919900000000013,
  "referenceSupports": [
    {
      "supportIndex": 4426,
      "rank": 16,
      "heights": [
        4,
        5,
        2,
        2,
        3
      ],
      "oracleMode": true,
      "validateDirect": true,
      "oracleChecks": 29,
      "directChecks": 22598,
      "totalDenseStates": 16736,
      "maxDenseStates": 1603,
      "transitionEntries": 22598,
      "totalCandidates": 22598,
      "maxLayerCandidateCount": 2770,
      "maxActiveLayerPairRecords": 7943,
      "maxWinRecordsPerState": 344,
      "maxLossRecordsPerState": 304,
      "maxPairRecordsPerState": 648,
      "generationMs": 137.50510000002396,
      "dedupMs": 17.39129999998113,
      "oracleBuildMs": 9456.19250000002,
      "synthesisMs": 154.8964000000051,
      "elapsedMs": 9629.392699999997
    },
    {
      "supportIndex": 4743,
      "rank": 18,
      "heights": [
        3,
        4,
        5,
        3,
        3
      ],
      "oracleMode": false,
      "validateDirect": true,
      "oracleChecks": 0,
      "directChecks": 52129,
      "totalDenseStates": 40035,
      "maxDenseStates": 3985,
      "transitionEntries": 52129,
      "totalCandidates": 52129,
      "maxLayerCandidateCount": 6260,
      "maxActiveLayerPairRecords": 8769,
      "maxWinRecordsPerState": 364,
      "maxLossRecordsPerState": 376,
      "maxPairRecordsPerState": 740,
      "generationMs": 202.38529999999446,
      "dedupMs": 32.623300000028394,
      "oracleBuildMs": 0,
      "synthesisMs": 235.00860000002285,
      "elapsedMs": 236.92559999999503
    },
    {
      "supportIndex": 6351,
      "rank": 16,
      "heights": [
        3,
        2,
        2,
        5,
        4
      ],
      "oracleMode": false,
      "validateDirect": true,
      "oracleChecks": 0,
      "directChecks": 28444,
      "totalDenseStates": 21872,
      "maxDenseStates": 2107,
      "transitionEntries": 28444,
      "totalCandidates": 28444,
      "maxLayerCandidateCount": 2850,
      "maxActiveLayerPairRecords": 7129,
      "maxWinRecordsPerState": 344,
      "maxLossRecordsPerState": 304,
      "maxPairRecordsPerState": 648,
      "generationMs": 132.126700000008,
      "dedupMs": 15.925100000000384,
      "oracleBuildMs": 0,
      "synthesisMs": 148.05180000000837,
      "elapsedMs": 148.7372000000032
    },
    {
      "supportIndex": 6465,
      "rank": 20,
      "heights": [
        3,
        3,
        5,
        5,
        4
      ],
      "oracleMode": false,
      "validateDirect": true,
      "oracleChecks": 0,
      "directChecks": 117573,
      "totalDenseStates": 86965,
      "maxDenseStates": 9170,
      "transitionEntries": 117573,
      "totalCandidates": 117573,
      "maxLayerCandidateCount": 11132,
      "maxActiveLayerPairRecords": 17448,
      "maxWinRecordsPerState": 236,
      "maxLossRecordsPerState": 456,
      "maxPairRecordsPerState": 692,
      "generationMs": 317.9352000000363,
      "dedupMs": 61.00909999998839,
      "oracleBuildMs": 0,
      "synthesisMs": 378.94430000002467,
      "elapsedMs": 380.62539999999717
    }
  ],
  "interpretation": "CPU oracle layers are qualification inputs. GPU candidate generation and exact cofactor normalization are exercised; grouping, dense IDs and chained OQS remain unimplemented. Submit/wait includes orchestration, not pure kernel time.",
  "cleanup": "graceful"
}
