TAP version 13
# Subtest: carrier boundary is closed; tiny toys are explicitly separate
ok 1 - carrier boundary is closed; tiny toys are explicitly separate
  ---
  duration_ms: 1.3206
  type: 'test'
  ...
# Subtest: one-column toy is a forced alternating full-board draw
ok 2 - one-column toy is a forced alternating full-board draw
  ---
  duration_ms: 1.7991
  type: 'test'
  ...
# Subtest: 2x2 connect2 ends immediately on first alignment
ok 3 - 2x2 connect2 ends immediately on first alignment
  ---
  duration_ms: 1.2721
  type: 'test'
  ...
# Subtest: R means distinct alternating slots, not independent deadlines
ok 4 - R means distinct alternating slots, not independent deadlines
  ---
  duration_ms: 0.1223
  type: 'test'
  ...
# Subtest: component canonicalization preserves owner and role-bound phase
ok 5 - component canonicalization preserves owner and role-bound phase
  ---
  duration_ms: 0.8531
  type: 'test'
  ...
# Subtest: OOO image uses structural lower-feature kernel
ok 6 - OOO image uses structural lower-feature kernel
  ---
  duration_ms: 0.9173
  type: 'test'
  ...
1..6
# tests 6
# suites 0
# pass 6
# fail 0
# cancelled 0
# skipped 0
# todo 0
# duration_ms 85.9905
