✔ native identity layout round trips all width regimes against independent BigInt concatenation (7.2699ms)
✔ sealing preserves IDs and edges, replaces payload, and rejects capacity aliases (2.1763ms)
✔ all-zero bucket hash still distinguishes complete keys and full pool still returns existing IDs (24.7498ms)
✔ failed reservation allocation preserves readable identities and allows a clean retry (0.9624ms)
✔ singleton scalar reads match canonical residual terms across geometries and reject invalid addresses (42.4721ms)
✔ bounded reservations follow board/depth bounds, budget and actual owner byte counts (66.7785ms)
✔ changed-slot identity converges across blocking order, including all-zero address filters (13.6831ms)
✔ compact index preserves capacity and published keys when link or bucket allocation fails (1.4747ms)
✔ cheap chunk address collisions preserve exact IDs through dictionary rehash (3.4639ms)
✔ reserved composed hashes reuse immutable local IDs across traversal and shared arena reset (22.8771ms)
✔ empty chunk identity survives dictionary growth and validates input before reuse (0.8468ms)
✔ direct semantic edges agree with recomputation and repeated edges bypass every interner (16.6867ms)
✔ prepared exact search performs no typed allocation or backing-array growth (6.162ms)
✔ reserved state/chunk exhaustion preserves published identities instead of allocating (3.5314ms)
✔ standalone local solver reserves its proof arrays without adding them to online workers (2.4228ms)
✔ reserved residual exhaustion preserves existing classes and reports the resource boundary (3.7333ms)
✔ chunk exact keys survive collisions and growth; a hit never requests insertion capacity (1.0907ms)
✔ canonical cardinality and descriptor hashes match independent term sequences across growth and geometries (467.7351ms)
✔ term writer rejects malformed capacity before mutation and class-count allocation failure preserves published classes (3.1111ms)
✔ qualification baseline keeps one proof owner and rejects invalid residual inputs (0.7575ms)
✔ support access rejects malformed indices and columns without rank-zero aliases (1.9837ms)
✔ paired response guard preserves every column reservoir in packed and table layouts (3.9842ms)
✔ compiled residual coverage rejects malformed inputs and reads canonical chunks after growth (7.1701ms)
✔ board input is captured once at initialization and residual widths derive from that domain (57.3726ms)
✔ state interning and cached edges reject values outside their owned domains (0.6663ms)
✔ slot64 cell masks reject integer wrapping and preserve the residual class (0.5203ms)
✔ failed state growth leaves every existing backing array and capacity intact (8.9239ms)
✔ semantic IDs and cached edges survive repeated state growth and hash collisions (85.8642ms)
ℹ tests 28
ℹ suites 0
ℹ pass 28
ℹ fail 0
ℹ cancelled 0
ℹ skipped 0
ℹ todo 0
ℹ duration_ms 940.3432
