✔ bounded normal search keeps horizon leaves unknown and can resume exact search (2.4031ms)
✔ an unresolved sibling cannot turn a known draw into an exact root draw (0.2641ms)
✔ a proved winning child still cuts off after an unresolved sibling (0.1985ms)
✔ bounded forced chains respect the horizon and restore unrestricted search after failure (0.4174ms)
✔ structural draw intersects prior proof and rejects contradictory exact bounds (1.1268ms)
✔ both decision policies reject rank-preserving forced transitions (0.8012ms)
✔ a scout rejected with null cannot become a draw through numeric coercion (1.1175ms)
✔ a failed re-search retains ownership of its outstanding peer scouts (3.2469ms)
✔ frontier copying handles overlapping distinct views and keeps cached masks private (0.7901ms)
✔ fused frontier advancement matches independent masks for disjoint and overlapping views (3.3953ms)
✔ coherent read boundary rejects malformed scalars before typed narrowing (0.4091ms)
✔ actual search visits moves in descending eval order; hints only break equal scores (1.3432ms)
✔ root action results expose one canonical draw value after perspective reversal (0.3356ms)
✔ proof arenas dispatch only explicit complete contracts (2.3239ms)
✔ publication rejects invalid values and hints before either live or stale access (1.8462ms)
✔ packed records reject reserved bits, invalid bounds and implicit number coercion (0.4914ms)
✔ replacement before proof lock acquisition rejects old publication and releases the acquired generation (0.4798ms)
✔ contradictory publication leaves the current proof intact and releases the writer (0.3071ms)
✔ coherent proof read observes sound writer-held record without blocking (0.729ms)
✔ hash rejection skips generation loads; replacement across the filter still requires exact payload (2.2333ms)
✔ bucket prefix probes stop at first empty and preserve exact matches through collisions, writers, poison and reset (0.9323ms)
✔ a first-empty observation during concurrent publication is only a miss and cannot hide the next probe (0.2411ms)
✔ current-handle observation rechecks generation after observing slot status (0.3718ms)
✔ game adapters require an arena bound to their exact geometry and term vocabulary (9.1679ms)
✔ resource reset rejects semantic nonquiescence before clearing static proofs (0.5157ms)
✔ arena views reject aliases/growth and snapshot mutable transport metadata (0.5163ms)
✔ a failure after payload overwrite poisons the new generation until quiescent reset (0.4102ms)
✔ generation exhaustion never wraps into a prior handle (0.4418ms)
✔ negative allocation and counters cannot alias existing term storage (0.4278ms)
✔ proof writer excludes replacement and reset, then wakes replacement on release (70.9399ms)
✔ reserved composed hashes reuse immutable local IDs across traversal and shared arena reset (31.8446ms)
✔ empty chunk identity survives dictionary growth and validates input before reuse (1.5669ms)
✔ direct semantic edges agree with recomputation and repeated edges bypass every interner (21.8754ms)
✔ prepared exact search performs no typed allocation or backing-array growth (9.0269ms)
✔ reserved state/chunk exhaustion preserves published identities instead of allocating (5.683ms)
✔ standalone local solver reserves its proof arrays without adding them to online workers (2.6716ms)
✔ reserved residual exhaustion preserves existing classes and reports the resource boundary (4.2247ms)
✔ chunk exact keys survive collisions and growth; a hit never requests insertion capacity (0.9226ms)
✔ canonical cardinality and descriptor hashes match independent term sequences across growth and geometries (483.9752ms)
✔ term writer rejects malformed capacity before mutation and class-count allocation failure preserves published classes (4.3374ms)
✔ qualification baseline keeps one proof owner and rejects invalid residual inputs (0.6957ms)
✔ support access rejects malformed indices and columns without rank-zero aliases (1.5789ms)
✔ paired response guard preserves every column reservoir in packed and table layouts (3.6062ms)
✔ compiled residual coverage rejects malformed inputs and reads canonical chunks after growth (5.633ms)
✔ board input is captured once at initialization and residual widths derive from that domain (54.2423ms)
✔ state interning and cached edges reject values outside their owned domains (1.9096ms)
✔ slot64 cell masks reject integer wrapping and preserve the residual class (0.5827ms)
✔ failed state growth leaves every existing backing array and capacity intact (11.605ms)
✔ semantic IDs and cached edges survive repeated state growth and hash collisions (71.4442ms)
✔ cleanup attempts every owned termination after stop/drain/close failure (1.134ms)
✔ postMessage failure poisons executor and releases every pending task (0.8057ms)
✔ malformed worker values poison before the worker can run queued work (0.8414ms)
✔ synchronous abandonment failure cannot interrupt executor poisoning (0.4207ms)
✔ queued payloads are captured at submission instead of borrowing caller state (0.3917ms)
✔ path replies must match the dispatched planner state and failed pools cannot be reused (0.7934ms)
✔ Branch Manager calls fail immediately after observed exit instead of awaiting a dead worker (55.6653ms)
✔ semantic worker fails closed on unknown protocol and remains poisoned (60.7479ms)
✔ bounded work plan rejects bad ordering/ranks and reduces actual worker values exactly (113.4556ms)
ℹ tests 58
ℹ suites 0
ℹ pass 58
ℹ fail 0
ℹ cancelled 0
ℹ skipped 0
ℹ todo 0
ℹ duration_ms 904.495
