✔ compiled chunk blocking agrees with uncached residuals across prefix boundaries and geometries (84.8636ms)
✔ failed chunk interning cannot publish an unfinished blocking memo entry (1.1664ms)
✔ reserved composed hashes reuse immutable local IDs across traversal and shared arena reset (19.3336ms)
✔ empty chunk identity survives dictionary growth and validates input before reuse (0.7812ms)
✔ direct semantic edges agree with recomputation and repeated edges bypass every interner (13.1539ms)
✔ prepared exact search performs no typed allocation or backing-array growth (6.4481ms)
✔ reserved state/chunk exhaustion preserves published identities instead of allocating (4.137ms)
✔ standalone local solver reserves its proof arrays without adding them to online workers (2.4703ms)
✔ reserved residual exhaustion preserves existing classes and reports the resource boundary (3.4513ms)
✔ chunk exact keys survive collisions and growth; a hit never requests insertion capacity (0.8752ms)
✔ canonical cardinality and descriptor hashes match independent term sequences across growth and geometries (444.9887ms)
✔ term writer rejects malformed capacity before mutation and class-count allocation failure preserves published classes (3.4101ms)
✔ qualification baseline keeps one proof owner and rejects invalid residual inputs (1.5058ms)
✔ support access rejects malformed indices and columns without rank-zero aliases (2.1363ms)
✔ paired response guard preserves every column reservoir in packed and table layouts (4.0316ms)
✔ compiled residual coverage rejects malformed inputs and reads canonical chunks after growth (7.4192ms)
✔ board input is captured once at initialization and residual widths derive from that domain (28.5408ms)
✔ state interning and cached edges reject values outside their owned domains (1.1214ms)
✔ slot64 cell masks reject integer wrapping and preserve the residual class (0.7612ms)
✔ failed state growth leaves every existing backing array and capacity intact (15.0065ms)
✔ semantic IDs and cached edges survive repeated state growth and hash collisions (68.9702ms)
ℹ tests 21
ℹ suites 0
ℹ pass 21
ℹ fail 0
ℹ cancelled 0
ℹ skipped 0
ℹ todo 0
ℹ duration_ms 817.7871
