✔ bounded normal search keeps horizon leaves unknown and can resume exact search (2.0878ms)
✔ an unresolved sibling cannot turn a known draw into an exact root draw (0.2905ms)
✔ a proved winning child still cuts off after an unresolved sibling (0.1879ms)
✔ bounded forced chains respect the horizon and restore unrestricted search after failure (0.2845ms)
✔ structural draw intersects prior proof and rejects contradictory exact bounds (0.7196ms)
✔ both decision policies reject rank-preserving forced transitions (1.2685ms)
✔ a scout rejected with null cannot become a draw through numeric coercion (0.5195ms)
✔ a failed re-search retains ownership of its outstanding peer scouts (3.2208ms)
✔ frontier copying handles overlapping distinct views and keeps cached masks private (0.7662ms)
✔ fused frontier advancement matches independent masks for disjoint and overlapping views (4.1105ms)
✔ coherent read boundary rejects malformed scalars before typed narrowing (0.8706ms)
✔ actual search visits moves in descending eval order; hints only break equal scores (1.2685ms)
✔ root action results expose one canonical draw value after perspective reversal (0.296ms)
✔ proof arenas dispatch only explicit complete contracts (2.5025ms)
✔ publication rejects invalid values and hints before either live or stale access (1.5867ms)
✔ packed records reject reserved bits, invalid bounds and implicit number coercion (0.5582ms)
✔ replacement before proof lock acquisition rejects old publication and releases the acquired generation (0.5123ms)
✔ contradictory publication leaves the current proof intact and releases the writer (0.2872ms)
✔ coherent proof read observes sound writer-held record without blocking (0.7629ms)
✔ hash rejection skips generation loads; replacement across the filter still requires exact payload (1.8808ms)
✔ bucket prefix probes stop at first empty and preserve exact matches through collisions, writers, poison and reset (0.7834ms)
✔ a first-empty observation during concurrent publication is only a miss and cannot hide the next probe (0.2149ms)
✔ current-handle observation rechecks generation after observing slot status (0.2455ms)
✔ game adapters require an arena bound to their exact geometry and term vocabulary (8.3451ms)
✔ resource reset rejects semantic nonquiescence before clearing static proofs (0.4889ms)
✔ arena views reject aliases/growth and snapshot mutable transport metadata (0.5047ms)
✔ a failure after payload overwrite poisons the new generation until quiescent reset (0.4051ms)
✔ generation exhaustion never wraps into a prior handle (0.3107ms)
✔ negative allocation and counters cannot alias existing term storage (0.4111ms)
✔ proof writer excludes replacement and reset, then wakes replacement on release (74.6301ms)
✔ compiled chunk blocking agrees with uncached residuals across prefix boundaries and geometries (87.6385ms)
✔ failed chunk interning cannot publish an unfinished blocking memo entry (1.2082ms)
✔ reserved composed hashes reuse immutable local IDs across traversal and shared arena reset (18.2862ms)
✔ empty chunk identity survives dictionary growth and validates input before reuse (0.7817ms)
✔ direct semantic edges agree with recomputation and repeated edges bypass every interner (12.5711ms)
✔ prepared exact search performs no typed allocation or backing-array growth (5.8867ms)
✔ reserved state/chunk exhaustion preserves published identities instead of allocating (4.772ms)
✔ standalone local solver reserves its proof arrays without adding them to online workers (2.8192ms)
✔ reserved residual exhaustion preserves existing classes and reports the resource boundary (4.0028ms)
✔ chunk exact keys survive collisions and growth; a hit never requests insertion capacity (0.9666ms)
✔ canonical cardinality and descriptor hashes match independent term sequences across growth and geometries (438.1772ms)
✔ term writer rejects malformed capacity before mutation and class-count allocation failure preserves published classes (4.0032ms)
✔ qualification baseline keeps one proof owner and rejects invalid residual inputs (0.7929ms)
✔ support access rejects malformed indices and columns without rank-zero aliases (2.2832ms)
✔ paired response guard preserves every column reservoir in packed and table layouts (3.9259ms)
✔ compiled residual coverage rejects malformed inputs and reads canonical chunks after growth (6.1808ms)
✔ board input is captured once at initialization and residual widths derive from that domain (59.6029ms)
✔ state interning and cached edges reject values outside their owned domains (0.7319ms)
✔ slot64 cell masks reject integer wrapping and preserve the residual class (0.9016ms)
✔ failed state growth leaves every existing backing array and capacity intact (11.6705ms)
✔ semantic IDs and cached edges survive repeated state growth and hash collisions (72.3893ms)
✔ cleanup attempts every owned termination after stop/drain/close failure (1.1441ms)
✔ postMessage failure poisons executor and releases every pending task (0.95ms)
✔ malformed worker values poison before the worker can run queued work (0.9916ms)
✔ synchronous abandonment failure cannot interrupt executor poisoning (0.563ms)
✔ queued payloads are captured at submission instead of borrowing caller state (0.3796ms)
✔ path replies must match the dispatched planner state and failed pools cannot be reused (0.7214ms)
✔ Branch Manager calls fail immediately after observed exit instead of awaiting a dead worker (46.6788ms)
✔ semantic worker fails closed on unknown protocol and remains poisoned (57.1581ms)
✔ bounded work plan rejects bad ordering/ranks and reduces actual worker values exactly (106.2357ms)
ℹ tests 60
ℹ suites 0
ℹ pass 60
ℹ fail 0
ℹ cancelled 0
ℹ skipped 0
ℹ todo 0
ℹ duration_ms 879.737
