ONLINE_DEPENDENCY_PARALLEL_SUMMARY={"kind":"connect4-online-frontier-dependency-parallel-negamax-v5","status":"complete","spec":{"columns":4,"rows":5,"connect":4},"repeats":5,"availableParallelism":16,"priorityProbeDepth":0,"completeGlobalGraphRequiredByRecursiveSearch":false,"canonicalProofIdentity":"exact_semantic_descriptor","coordinatorImplementation":"createOnlineDependencyCoordinator","coordinatorDiagnostics":"immutable_stats_snapshot","ordering":"dynamic_live_winning_line_frontier_with_proof_hint_equal_score_tiebreak","forcedTransit":"macro_normalized_before_decision_depth","sharedProofAdmission":"probe_without_allocation_then_generation_stable_read_or_rebind_on_publication","siblingCompletion":"incremental_completion_order_with_noninterrupting_detach_after_cutoff","baseline":{"elapsedMsMedian":31.227800000000002,"expandedMedian":10756,"callsMedian":23527,"runs":[{"elapsedMs":92.6593,"expanded":10756,"calls":23527,"forcedMacroTransitions":4297,"proofAdmissions":12716},{"elapsedMs":36.35900000000001,"expanded":10756,"calls":23527,"forcedMacroTransitions":4297,"proofAdmissions":12716},{"elapsedMs":30.235500000000002,"expanded":10756,"calls":23527,"forcedMacroTransitions":4297,"proofAdmissions":12716},{"elapsedMs":30.725799999999992,"expanded":10756,"calls":23527,"forcedMacroTransitions":4297,"proofAdmissions":12716},{"elapsedMs":31.227800000000002,"expanded":10756,"calls":23527,"forcedMacroTransitions":4297,"proofAdmissions":12716}]},"results":[{"requestedWorkers":1,"workers":1,"splitDepth":2,"splitDepthMeaning":"unresolved_decision_depth_after_forced_macro_normalization","rootResolvedMsMedian":24.028600000000097,"elapsedMsMedian":24.032800000000066,"totalExpandedMedian":10756,"shallowExpandedMedian":5,"workerExpandedMedian":10751,"leafTasksMedian":7,"scoutTasksMedian":6,"detachedScoutTasksMedian":0,"reSearchesMedian":0,"parallelBatchesMedian":2,"actions":[0,0,0,0],"runs":[{"rootResolvedMs":27.916600000000017,"elapsedMs":27.921600000000012,"shallowExpanded":5,"workerExpanded":10751,"totalExpanded":10756,"leafTasks":7,"scoutTasks":6,"incrementalScoutCompletions":6,"detachedScoutTasks":0,"detachedBatches":0,"reSearches":0,"parallelBatches":2,"forcedMacroTransitions":0,"proofAdmissions":5,"coordinatorStates":12,"coordinatorClasses":24,"coordinatorPaths":12,"priorityMemoEntries":7,"priorityMemoDrops":0},{"rootResolvedMs":30.347499999999968,"elapsedMs":30.353599999999915,"shallowExpanded":5,"workerExpanded":10751,"totalExpanded":10756,"leafTasks":7,"scoutTasks":6,"incrementalScoutCompletions":6,"detachedScoutTasks":0,"detachedBatches":0,"reSearches":0,"parallelBatches":2,"forcedMacroTransitions":0,"proofAdmissions":5,"coordinatorStates":12,"coordinatorClasses":24,"coordinatorPaths":12,"priorityMemoEntries":7,"priorityMemoDrops":0},{"rootResolvedMs":24.028600000000097,"elapsedMs":24.032800000000066,"shallowExpanded":5,"workerExpanded":10751,"totalExpanded":10756,"leafTasks":7,"scoutTasks":6,"incrementalScoutCompletions":6,"detachedScoutTasks":0,"detachedBatches":0,"reSearches":0,"parallelBatches":2,"forcedMacroTransitions":0,"proofAdmissions":5,"coordinatorStates":12,"coordinatorClasses":24,"coordinatorPaths":12,"priorityMemoEntries":7,"priorityMemoDrops":0},{"rootResolvedMs":22.135299999999916,"elapsedMs":22.14029999999991,"shallowExpanded":5,"workerExpanded":10751,"totalExpanded":10756,"leafTasks":7,"scoutTasks":6,"incrementalScoutCompletions":6,"detachedScoutTasks":0,"detachedBatches":0,"reSearches":0,"parallelBatches":2,"forcedMacroTransitions":0,"proofAdmissions":5,"coordinatorStates":12,"coordinatorClasses":24,"coordinatorPaths":12,"priorityMemoEntries":7,"priorityMemoDrops":0},{"rootResolvedMs":23.37080000000003,"elapsedMs":23.375600000000077,"shallowExpanded":5,"workerExpanded":10751,"totalExpanded":10756,"leafTasks":7,"scoutTasks":6,"incrementalScoutCompletions":6,"detachedScoutTasks":0,"detachedBatches":0,"reSearches":0,"parallelBatches":2,"forcedMacroTransitions":0,"proofAdmissions":5,"coordinatorStates":12,"coordinatorClasses":24,"coordinatorPaths":12,"priorityMemoEntries":7,"priorityMemoDrops":0}]},{"requestedWorkers":1,"workers":1,"splitDepth":3,"splitDepthMeaning":"unresolved_decision_depth_after_forced_macro_normalization","rootResolvedMsMedian":24.14670000000001,"elapsedMsMedian":24.151599999999917,"totalExpandedMedian":10789,"shallowExpandedMedian":12,"workerExpandedMedian":10777,"leafTasksMedian":20,"scoutTasksMedian":18,"detachedScoutTasksMedian":0,"reSearchesMedian":1,"parallelBatchesMedian":6,"actions":[0,0,0,0],"runs":[{"rootResolvedMs":24.14580000000001,"elapsedMs":24.15050000000008,"shallowExpanded":12,"workerExpanded":10777,"totalExpanded":10789,"leafTasks":20,"scoutTasks":18,"incrementalScoutCompletions":18,"detachedScoutTasks":0,"detachedBatches":0,"reSearches":1,"parallelBatches":6,"forcedMacroTransitions":0,"proofAdmissions":12,"coordinatorStates":40,"coordinatorClasses":68,"coordinatorPaths":31,"priorityMemoEntries":19,"priorityMemoDrops":0},{"rootResolvedMs":24.47199999999998,"elapsedMs":24.47739999999999,"shallowExpanded":12,"workerExpanded":10777,"totalExpanded":10789,"leafTasks":20,"scoutTasks":18,"incrementalScoutCompletions":18,"detachedScoutTasks":0,"detachedBatches":0,"reSearches":1,"parallelBatches":6,"forcedMacroTransitions":0,"proofAdmissions":12,"coordinatorStates":40,"coordinatorClasses":68,"coordinatorPaths":31,"priorityMemoEntries":19,"priorityMemoDrops":0},{"rootResolvedMs":25.58719999999994,"elapsedMs":25.59699999999998,"shallowExpanded":12,"workerExpanded":10777,"totalExpanded":10789,"leafTasks":20,"scoutTasks":18,"incrementalScoutCompletions":18,"detachedScoutTasks":0,"detachedBatches":0,"reSearches":1,"parallelBatches":6,"forcedMacroTransitions":0,"proofAdmissions":12,"coordinatorStates":40,"coordinatorClasses":68,"coordinatorPaths":31,"priorityMemoEntries":19,"priorityMemoDrops":0},{"rootResolvedMs":22.901200000000017,"elapsedMs":22.91140000000007,"shallowExpanded":12,"workerExpanded":10777,"totalExpanded":10789,"leafTasks":20,"scoutTasks":18,"incrementalScoutCompletions":18,"detachedScoutTasks":0,"detachedBatches":0,"reSearches":1,"parallelBatches":6,"forcedMacroTransitions":0,"proofAdmissions":12,"coordinatorStates":40,"coordinatorClasses":68,"coordinatorPaths":31,"priorityMemoEntries":19,"priorityMemoDrops":0},{"rootResolvedMs":24.14670000000001,"elapsedMs":24.151599999999917,"shallowExpanded":12,"workerExpanded":10777,"totalExpanded":10789,"leafTasks":20,"scoutTasks":18,"incrementalScoutCompletions":18,"detachedScoutTasks":0,"detachedBatches":0,"reSearches":1,"parallelBatches":6,"forcedMacroTransitions":0,"proofAdmissions":12,"coordinatorStates":40,"coordinatorClasses":68,"coordinatorPaths":31,"priorityMemoEntries":19,"priorityMemoDrops":0}]},{"requestedWorkers":1,"workers":1,"splitDepth":4,"splitDepthMeaning":"unresolved_decision_depth_after_forced_macro_normalization","rootResolvedMsMedian":30.69159999999988,"elapsedMsMedian":30.696199999999862,"totalExpandedMedian":14028,"shallowExpandedMedian":32,"workerExpandedMedian":13996,"leafTasksMedian":37,"scoutTasksMedian":36,"detachedScoutTasksMedian":4,"reSearchesMedian":1,"parallelBatchesMedian":12,"actions":[0,0,0,0],"runs":[{"rootResolvedMs":30.69159999999988,"elapsedMs":30.696199999999862,"shallowExpanded":32,"workerExpanded":13996,"totalExpanded":14028,"leafTasks":37,"scoutTasks":36,"incrementalScoutCompletions":32,"detachedScoutTasks":4,"detachedBatches":2,"reSearches":1,"parallelBatches":12,"forcedMacroTransitions":0,"proofAdmissions":31,"coordinatorStates":81,"coordinatorClasses":150,"coordinatorPaths":63,"priorityMemoEntries":32,"priorityMemoDrops":0},{"rootResolvedMs":30.696100000000115,"elapsedMs":30.700900000000047,"shallowExpanded":32,"workerExpanded":13996,"totalExpanded":14028,"leafTasks":37,"scoutTasks":36,"incrementalScoutCompletions":32,"detachedScoutTasks":4,"detachedBatches":2,"reSearches":1,"parallelBatches":12,"forcedMacroTransitions":0,"proofAdmissions":31,"coordinatorStates":81,"coordinatorClasses":150,"coordinatorPaths":63,"priorityMemoEntries":32,"priorityMemoDrops":0},{"rootResolvedMs":30.242999999999938,"elapsedMs":30.247699999999895,"shallowExpanded":32,"workerExpanded":13996,"totalExpanded":14028,"leafTasks":37,"scoutTasks":36,"incrementalScoutCompletions":32,"detachedScoutTasks":4,"detachedBatches":2,"reSearches":1,"parallelBatches":12,"forcedMacroTransitions":0,"proofAdmissions":31,"coordinatorStates":81,"coordinatorClasses":150,"coordinatorPaths":63,"priorityMemoEntries":32,"priorityMemoDrops":0},{"rootResolvedMs":31.185600000000022,"elapsedMs":31.190000000000055,"shallowExpanded":32,"workerExpanded":13996,"totalExpanded":14028,"leafTasks":37,"scoutTasks":36,"incrementalScoutCompletions":32,"detachedScoutTasks":4,"detachedBatches":2,"reSearches":1,"parallelBatches":12,"forcedMacroTransitions":0,"proofAdmissions":31,"coordinatorStates":81,"coordinatorClasses":150,"coordinatorPaths":63,"priorityMemoEntries":32,"priorityMemoDrops":0},{"rootResolvedMs":30.479700000000093,"elapsedMs":30.484100000000126,"shallowExpanded":32,"workerExpanded":13996,"totalExpanded":14028,"leafTasks":37,"scoutTasks":36,"incrementalScoutCompletions":32,"detachedScoutTasks":4,"detachedBatches":2,"reSearches":1,"parallelBatches":12,"forcedMacroTransitions":0,"proofAdmissions":31,"coordinatorStates":81,"coordinatorClasses":150,"coordinatorPaths":63,"priorityMemoEntries":32,"priorityMemoDrops":0}]},{"requestedWorkers":2,"workers":2,"splitDepth":2,"splitDepthMeaning":"unresolved_decision_depth_after_forced_macro_normalization","rootResolvedMsMedian":22.57470000000012,"elapsedMsMedian":22.582599999999957,"totalExpandedMedian":10782,"shallowExpandedMedian":5,"workerExpandedMedian":10777,"leafTasksMedian":7,"scoutTasksMedian":6,"detachedScoutTasksMedian":0,"reSearchesMedian":0,"parallelBatchesMedian":2,"actions":[0,0,0,0],"runs":[{"rootResolvedMs":46.527700000000095,"elapsedMs":46.534000000000106,"shallowExpanded":5,"workerExpanded":10764,"totalExpanded":10769,"leafTasks":7,"scoutTasks":6,"incrementalScoutCompletions":6,"detachedScoutTasks":0,"detachedBatches":0,"reSearches":0,"parallelBatches":2,"forcedMacroTransitions":0,"proofAdmissions":5,"coordinatorStates":12,"coordinatorClasses":24,"coordinatorPaths":12,"priorityMemoEntries":7,"priorityMemoDrops":0},{"rootResolvedMs":28.882500000000164,"elapsedMs":28.888100000000122,"shallowExpanded":5,"workerExpanded":10757,"totalExpanded":10762,"leafTasks":7,"scoutTasks":6,"incrementalScoutCompletions":6,"detachedScoutTasks":0,"detachedBatches":0,"reSearches":0,"parallelBatches":2,"forcedMacroTransitions":0,"proofAdmissions":5,"coordinatorStates":12,"coordinatorClasses":24,"coordinatorPaths":12,"priorityMemoEntries":7,"priorityMemoDrops":0},{"rootResolvedMs":22.57470000000012,"elapsedMs":22.582599999999957,"shallowExpanded":5,"workerExpanded":10785,"totalExpanded":10790,"leafTasks":7,"scoutTasks":6,"incrementalScoutCompletions":6,"detachedScoutTasks":0,"detachedBatches":0,"reSearches":0,"parallelBatches":2,"forcedMacroTransitions":0,"proofAdmissions":5,"coordinatorStates":12,"coordinatorClasses":24,"coordinatorPaths":12,"priorityMemoEntries":7,"priorityMemoDrops":0},{"rootResolvedMs":21.40339999999992,"elapsedMs":21.407400000000052,"shallowExpanded":5,"workerExpanded":10791,"totalExpanded":10796,"leafTasks":7,"scoutTasks":6,"incrementalScoutCompletions":6,"detachedScoutTasks":0,"detachedBatches":0,"reSearches":0,"parallelBatches":2,"forcedMacroTransitions":0,"proofAdmissions":5,"coordinatorStates":12,"coordinatorClasses":24,"coordinatorPaths":12,"priorityMemoEntries":7,"priorityMemoDrops":0},{"rootResolvedMs":19.478200000000015,"elapsedMs":19.48180000000002,"shallowExpanded":5,"workerExpanded":10777,"totalExpanded":10782,"leafTasks":7,"scoutTasks":6,"incrementalScoutCompletions":6,"detachedScoutTasks":0,"detachedBatches":0,"reSearches":0,"parallelBatches":2,"forcedMacroTransitions":0,"proofAdmissions":5,"coordinatorStates":12,"coordinatorClasses":24,"coordinatorPaths":12,"priorityMemoEntries":7,"priorityMemoDrops":0}]},{"requestedWorkers":2,"workers":2,"splitDepth":3,"splitDepthMeaning":"unresolved_decision_depth_after_forced_macro_normalization","rootResolvedMsMedian":17.524999999999864,"elapsedMsMedian":17.530099999999948,"totalExpandedMedian":10803,"shallowExpandedMedian":12,"workerExpandedMedian":10791,"leafTasksMedian":20,"scoutTasksMedian":18,"detachedScoutTasksMedian":0,"reSearchesMedian":1,"parallelBatchesMedian":6,"actions":[0,0,0,0],"runs":[{"rootResolvedMs":16.50610000000006,"elapsedMs":16.510099999999966,"shallowExpanded":12,"workerExpanded":10786,"totalExpanded":10798,"leafTasks":20,"scoutTasks":18,"incrementalScoutCompletions":18,"detachedScoutTasks":0,"detachedBatches":0,"reSearches":1,"parallelBatches":6,"forcedMacroTransitions":0,"proofAdmissions":12,"coordinatorStates":40,"coordinatorClasses":68,"coordinatorPaths":31,"priorityMemoEntries":19,"priorityMemoDrops":0},{"rootResolvedMs":15.863600000000133,"elapsedMs":15.867700000000013,"shallowExpanded":12,"workerExpanded":10790,"totalExpanded":10802,"leafTasks":20,"scoutTasks":18,"incrementalScoutCompletions":18,"detachedScoutTasks":0,"detachedBatches":0,"reSearches":1,"parallelBatches":6,"forcedMacroTransitions":0,"proofAdmissions":12,"coordinatorStates":40,"coordinatorClasses":68,"coordinatorPaths":31,"priorityMemoEntries":19,"priorityMemoDrops":0},{"rootResolvedMs":17.524999999999864,"elapsedMs":17.530099999999948,"shallowExpanded":12,"workerExpanded":10816,"totalExpanded":10828,"leafTasks":20,"scoutTasks":18,"incrementalScoutCompletions":18,"detachedScoutTasks":0,"detachedBatches":0,"reSearches":1,"parallelBatches":6,"forcedMacroTransitions":0,"proofAdmissions":12,"coordinatorStates":40,"coordinatorClasses":68,"coordinatorPaths":31,"priorityMemoEntries":19,"priorityMemoDrops":0},{"rootResolvedMs":20.9541999999999,"elapsedMs":20.961499999999887,"shallowExpanded":12,"workerExpanded":10843,"totalExpanded":10855,"leafTasks":20,"scoutTasks":18,"incrementalScoutCompletions":18,"detachedScoutTasks":0,"detachedBatches":0,"reSearches":1,"parallelBatches":6,"forcedMacroTransitions":0,"proofAdmissions":12,"coordinatorStates":40,"coordinatorClasses":68,"coordinatorPaths":31,"priorityMemoEntries":19,"priorityMemoDrops":0},{"rootResolvedMs":20.04859999999985,"elapsedMs":20.05340000000001,"shallowExpanded":12,"workerExpanded":10791,"totalExpanded":10803,"leafTasks":20,"scoutTasks":18,"incrementalScoutCompletions":18,"detachedScoutTasks":0,"detachedBatches":0,"reSearches":1,"parallelBatches":6,"forcedMacroTransitions":0,"proofAdmissions":12,"coordinatorStates":40,"coordinatorClasses":68,"coordinatorPaths":31,"priorityMemoEntries":19,"priorityMemoDrops":0}]},{"requestedWorkers":2,"workers":2,"splitDepth":4,"splitDepthMeaning":"unresolved_decision_depth_after_forced_macro_normalization","rootResolvedMsMedian":19.01389999999992,"elapsedMsMedian":19.018100000000004,"totalExpandedMedian":14077,"shallowExpandedMedian":32,"workerExpandedMedian":14045,"leafTasksMedian":37,"scoutTasksMedian":36,"detachedScoutTasksMedian":4,"reSearchesMedian":1,"parallelBatchesMedian":12,"actions":[0,0,0,0],"runs":[{"rootResolvedMs":20.109900000000152,"elapsedMs":20.114700000000084,"shallowExpanded":32,"workerExpanded":14045,"totalExpanded":14077,"leafTasks":37,"scoutTasks":36,"incrementalScoutCompletions":33,"detachedScoutTasks":3,"detachedBatches":2,"reSearches":1,"parallelBatches":12,"forcedMacroTransitions":0,"proofAdmissions":31,"coordinatorStates":81,"coordinatorClasses":150,"coordinatorPaths":63,"priorityMemoEntries":32,"priorityMemoDrops":0},{"rootResolvedMs":19.44289999999978,"elapsedMs":19.44699999999989,"shallowExpanded":32,"workerExpanded":14088,"totalExpanded":14120,"leafTasks":37,"scoutTasks":36,"incrementalScoutCompletions":32,"detachedScoutTasks":4,"detachedBatches":2,"reSearches":1,"parallelBatches":12,"forcedMacroTransitions":0,"proofAdmissions":31,"coordinatorStates":81,"coordinatorClasses":150,"coordinatorPaths":63,"priorityMemoEntries":32,"priorityMemoDrops":0},{"rootResolvedMs":18.824099999999817,"elapsedMs":18.828199999999924,"shallowExpanded":32,"workerExpanded":14002,"totalExpanded":14034,"leafTasks":37,"scoutTasks":36,"incrementalScoutCompletions":32,"detachedScoutTasks":4,"detachedBatches":2,"reSearches":1,"parallelBatches":12,"forcedMacroTransitions":0,"proofAdmissions":31,"coordinatorStates":81,"coordinatorClasses":150,"coordinatorPaths":63,"priorityMemoEntries":32,"priorityMemoDrops":0},{"rootResolvedMs":19.01389999999992,"elapsedMs":19.018100000000004,"shallowExpanded":32,"workerExpanded":14061,"totalExpanded":14093,"leafTasks":37,"scoutTasks":36,"incrementalScoutCompletions":32,"detachedScoutTasks":4,"detachedBatches":2,"reSearches":1,"parallelBatches":12,"forcedMacroTransitions":0,"proofAdmissions":31,"coordinatorStates":81,"coordinatorClasses":150,"coordinatorPaths":63,"priorityMemoEntries":32,"priorityMemoDrops":0},{"rootResolvedMs":18.02529999999979,"elapsedMs":18.028999999999996,"shallowExpanded":32,"workerExpanded":14041,"totalExpanded":14073,"leafTasks":37,"scoutTasks":36,"incrementalScoutCompletions":33,"detachedScoutTasks":3,"detachedBatches":2,"reSearches":1,"parallelBatches":12,"forcedMacroTransitions":0,"proofAdmissions":31,"coordinatorStates":81,"coordinatorClasses":150,"coordinatorPaths":63,"priorityMemoEntries":32,"priorityMemoDrops":0}]},{"requestedWorkers":3,"workers":3,"splitDepth":2,"splitDepthMeaning":"unresolved_decision_depth_after_forced_macro_normalization","rootResolvedMsMedian":21.41780000000017,"elapsedMsMedian":21.421700000000328,"totalExpandedMedian":10770,"shallowExpandedMedian":5,"workerExpandedMedian":10765,"leafTasksMedian":7,"scoutTasksMedian":6,"detachedScoutTasksMedian":0,"reSearchesMedian":0,"parallelBatchesMedian":2,"actions":[0,0,0,0],"runs":[{"rootResolvedMs":27.330599999999777,"elapsedMs":27.334899999999834,"shallowExpanded":5,"workerExpanded":10757,"totalExpanded":10762,"leafTasks":7,"scoutTasks":6,"incrementalScoutCompletions":6,"detachedScoutTasks":0,"detachedBatches":0,"reSearches":0,"parallelBatches":2,"forcedMacroTransitions":0,"proofAdmissions":5,"coordinatorStates":12,"coordinatorClasses":24,"coordinatorPaths":12,"priorityMemoEntries":7,"priorityMemoDrops":0},{"rootResolvedMs":21.41780000000017,"elapsedMs":21.421700000000328,"shallowExpanded":5,"workerExpanded":10806,"totalExpanded":10811,"leafTasks":7,"scoutTasks":6,"incrementalScoutCompletions":6,"detachedScoutTasks":0,"detachedBatches":0,"reSearches":0,"parallelBatches":2,"forcedMacroTransitions":0,"proofAdmissions":5,"coordinatorStates":12,"coordinatorClasses":24,"coordinatorPaths":12,"priorityMemoEntries":7,"priorityMemoDrops":0},{"rootResolvedMs":29.971700000000055,"elapsedMs":29.975600000000213,"shallowExpanded":5,"workerExpanded":10765,"totalExpanded":10770,"leafTasks":7,"scoutTasks":6,"incrementalScoutCompletions":6,"detachedScoutTasks":0,"detachedBatches":0,"reSearches":0,"parallelBatches":2,"forcedMacroTransitions":0,"proofAdmissions":5,"coordinatorStates":12,"coordinatorClasses":24,"coordinatorPaths":12,"priorityMemoEntries":7,"priorityMemoDrops":0},{"rootResolvedMs":17.04410000000007,"elapsedMs":17.047900000000027,"shallowExpanded":5,"workerExpanded":10751,"totalExpanded":10756,"leafTasks":7,"scoutTasks":6,"incrementalScoutCompletions":6,"detachedScoutTasks":0,"detachedBatches":0,"reSearches":0,"parallelBatches":2,"forcedMacroTransitions":0,"proofAdmissions":5,"coordinatorStates":12,"coordinatorClasses":24,"coordinatorPaths":12,"priorityMemoEntries":7,"priorityMemoDrops":0},{"rootResolvedMs":16.816599999999653,"elapsedMs":16.81999999999971,"shallowExpanded":5,"workerExpanded":10797,"totalExpanded":10802,"leafTasks":7,"scoutTasks":6,"incrementalScoutCompletions":6,"detachedScoutTasks":0,"detachedBatches":0,"reSearches":0,"parallelBatches":2,"forcedMacroTransitions":0,"proofAdmissions":5,"coordinatorStates":12,"coordinatorClasses":24,"coordinatorPaths":12,"priorityMemoEntries":7,"priorityMemoDrops":0}]},{"requestedWorkers":3,"workers":3,"splitDepth":3,"splitDepthMeaning":"unresolved_decision_depth_after_forced_macro_normalization","rootResolvedMsMedian":14.185300000000097,"elapsedMsMedian":14.18899999999985,"totalExpandedMedian":10929,"shallowExpandedMedian":12,"workerExpandedMedian":10917,"leafTasksMedian":20,"scoutTasksMedian":18,"detachedScoutTasksMedian":0,"reSearchesMedian":1,"parallelBatchesMedian":6,"actions":[0,0,0,0],"runs":[{"rootResolvedMs":14.185300000000097,"elapsedMs":14.18899999999985,"shallowExpanded":12,"workerExpanded":10939,"totalExpanded":10951,"leafTasks":20,"scoutTasks":18,"incrementalScoutCompletions":18,"detachedScoutTasks":0,"detachedBatches":0,"reSearches":1,"parallelBatches":6,"forcedMacroTransitions":0,"proofAdmissions":12,"coordinatorStates":40,"coordinatorClasses":68,"coordinatorPaths":31,"priorityMemoEntries":19,"priorityMemoDrops":0},{"rootResolvedMs":15.651499999999942,"elapsedMs":15.655999999999949,"shallowExpanded":12,"workerExpanded":10854,"totalExpanded":10866,"leafTasks":20,"scoutTasks":18,"incrementalScoutCompletions":18,"detachedScoutTasks":0,"detachedBatches":0,"reSearches":1,"parallelBatches":6,"forcedMacroTransitions":0,"proofAdmissions":12,"coordinatorStates":40,"coordinatorClasses":68,"coordinatorPaths":31,"priorityMemoEntries":19,"priorityMemoDrops":0},{"rootResolvedMs":13.814800000000105,"elapsedMs":13.81820000000016,"shallowExpanded":12,"workerExpanded":10919,"totalExpanded":10931,"leafTasks":20,"scoutTasks":18,"incrementalScoutCompletions":18,"detachedScoutTasks":0,"detachedBatches":0,"reSearches":1,"parallelBatches":6,"forcedMacroTransitions":0,"proofAdmissions":12,"coordinatorStates":40,"coordinatorClasses":68,"coordinatorPaths":31,"priorityMemoEntries":19,"priorityMemoDrops":0},{"rootResolvedMs":16.558899999999994,"elapsedMs":16.56230000000005,"shallowExpanded":12,"workerExpanded":10917,"totalExpanded":10929,"leafTasks":20,"scoutTasks":18,"incrementalScoutCompletions":18,"detachedScoutTasks":0,"detachedBatches":0,"reSearches":1,"parallelBatches":6,"forcedMacroTransitions":0,"proofAdmissions":12,"coordinatorStates":40,"coordinatorClasses":68,"coordinatorPaths":31,"priorityMemoEntries":19,"priorityMemoDrops":0},{"rootResolvedMs":13.531199999999899,"elapsedMs":13.534900000000107,"shallowExpanded":12,"workerExpanded":10845,"totalExpanded":10857,"leafTasks":20,"scoutTasks":18,"incrementalScoutCompletions":18,"detachedScoutTasks":0,"detachedBatches":0,"reSearches":1,"parallelBatches":6,"forcedMacroTransitions":0,"proofAdmissions":12,"coordinatorStates":40,"coordinatorClasses":68,"coordinatorPaths":31,"priorityMemoEntries":19,"priorityMemoDrops":0}]},{"requestedWorkers":3,"workers":3,"splitDepth":4,"splitDepthMeaning":"unresolved_decision_depth_after_forced_macro_normalization","rootResolvedMsMedian":14.383499999999913,"elapsedMsMedian":14.386899999999969,"totalExpandedMedian":14236,"shallowExpandedMedian":32,"workerExpandedMedian":14204,"leafTasksMedian":37,"scoutTasksMedian":36,"detachedScoutTasksMedian":4,"reSearchesMedian":1,"parallelBatchesMedian":12,"actions":[0,0,0,0],"runs":[{"rootResolvedMs":14.879999999999654,"elapsedMs":14.88319999999976,"shallowExpanded":32,"workerExpanded":14289,"totalExpanded":14321,"leafTasks":37,"scoutTasks":36,"incrementalScoutCompletions":32,"detachedScoutTasks":4,"detachedBatches":2,"reSearches":1,"parallelBatches":12,"forcedMacroTransitions":0,"proofAdmissions":31,"coordinatorStates":81,"coordinatorClasses":150,"coordinatorPaths":63,"priorityMemoEntries":32,"priorityMemoDrops":0},{"rootResolvedMs":15.856400000000122,"elapsedMs":15.859800000000178,"shallowExpanded":32,"workerExpanded":14214,"totalExpanded":14246,"leafTasks":37,"scoutTasks":36,"incrementalScoutCompletions":32,"detachedScoutTasks":4,"detachedBatches":2,"reSearches":1,"parallelBatches":12,"forcedMacroTransitions":0,"proofAdmissions":31,"coordinatorStates":81,"coordinatorClasses":150,"coordinatorPaths":63,"priorityMemoEntries":32,"priorityMemoDrops":0},{"rootResolvedMs":14.048600000000079,"elapsedMs":14.052599999999984,"shallowExpanded":32,"workerExpanded":14163,"totalExpanded":14195,"leafTasks":37,"scoutTasks":36,"incrementalScoutCompletions":32,"detachedScoutTasks":4,"detachedBatches":2,"reSearches":1,"parallelBatches":12,"forcedMacroTransitions":0,"proofAdmissions":31,"coordinatorStates":81,"coordinatorClasses":150,"coordinatorPaths":63,"priorityMemoEntries":32,"priorityMemoDrops":0},{"rootResolvedMs":14.383499999999913,"elapsedMs":14.386899999999969,"shallowExpanded":32,"workerExpanded":14130,"totalExpanded":14162,"leafTasks":37,"scoutTasks":36,"incrementalScoutCompletions":32,"detachedScoutTasks":4,"detachedBatches":2,"reSearches":1,"parallelBatches":12,"forcedMacroTransitions":0,"proofAdmissions":31,"coordinatorStates":81,"coordinatorClasses":150,"coordinatorPaths":63,"priorityMemoEntries":32,"priorityMemoDrops":0},{"rootResolvedMs":13.918699999999717,"elapsedMs":13.922199999999975,"shallowExpanded":32,"workerExpanded":14204,"totalExpanded":14236,"leafTasks":37,"scoutTasks":36,"incrementalScoutCompletions":33,"detachedScoutTasks":3,"detachedBatches":2,"reSearches":1,"parallelBatches":12,"forcedMacroTransitions":0,"proofAdmissions":31,"coordinatorStates":81,"coordinatorClasses":150,"coordinatorPaths":63,"priorityMemoEntries":32,"priorityMemoDrops":0}]},{"requestedWorkers":4,"workers":4,"splitDepth":2,"splitDepthMeaning":"unresolved_decision_depth_after_forced_macro_normalization","rootResolvedMsMedian":70.83680000000004,"elapsedMsMedian":70.84389999999985,"totalExpandedMedian":10775,"shallowExpandedMedian":5,"workerExpandedMedian":10770,"leafTasksMedian":7,"scoutTasksMedian":6,"detachedScoutTasksMedian":0,"reSearchesMedian":0,"parallelBatchesMedian":2,"actions":[0,0,0,0],"runs":[{"rootResolvedMs":119.10569999999962,"elapsedMs":119.11239999999998,"shallowExpanded":5,"workerExpanded":10770,"totalExpanded":10775,"leafTasks":7,"scoutTasks":6,"incrementalScoutCompletions":6,"detachedScoutTasks":0,"detachedBatches":0,"reSearches":0,"parallelBatches":2,"forcedMacroTransitions":0,"proofAdmissions":5,"coordinatorStates":12,"coordinatorClasses":24,"coordinatorPaths":12,"priorityMemoEntries":7,"priorityMemoDrops":0},{"rootResolvedMs":96.99629999999979,"elapsedMs":97.00379999999996,"shallowExpanded":5,"workerExpanded":10798,"totalExpanded":10803,"leafTasks":7,"scoutTasks":6,"incrementalScoutCompletions":6,"detachedScoutTasks":0,"detachedBatches":0,"reSearches":0,"parallelBatches":2,"forcedMacroTransitions":0,"proofAdmissions":5,"coordinatorStates":12,"coordinatorClasses":24,"coordinatorPaths":12,"priorityMemoEntries":7,"priorityMemoDrops":0},{"rootResolvedMs":67.23180000000002,"elapsedMs":67.23820000000023,"shallowExpanded":5,"workerExpanded":10753,"totalExpanded":10758,"leafTasks":7,"scoutTasks":6,"incrementalScoutCompletions":6,"detachedScoutTasks":0,"detachedBatches":0,"reSearches":0,"parallelBatches":2,"forcedMacroTransitions":0,"proofAdmissions":5,"coordinatorStates":12,"coordinatorClasses":24,"coordinatorPaths":12,"priorityMemoEntries":7,"priorityMemoDrops":0},{"rootResolvedMs":53.59439999999995,"elapsedMs":53.60089999999991,"shallowExpanded":5,"workerExpanded":10762,"totalExpanded":10767,"leafTasks":7,"scoutTasks":6,"incrementalScoutCompletions":6,"detachedScoutTasks":0,"detachedBatches":0,"reSearches":0,"parallelBatches":2,"forcedMacroTransitions":0,"proofAdmissions":5,"coordinatorStates":12,"coordinatorClasses":24,"coordinatorPaths":12,"priorityMemoEntries":7,"priorityMemoDrops":0},{"rootResolvedMs":70.83680000000004,"elapsedMs":70.84389999999985,"shallowExpanded":5,"workerExpanded":10770,"totalExpanded":10775,"leafTasks":7,"scoutTasks":6,"incrementalScoutCompletions":6,"detachedScoutTasks":0,"detachedBatches":0,"reSearches":0,"parallelBatches":2,"forcedMacroTransitions":0,"proofAdmissions":5,"coordinatorStates":12,"coordinatorClasses":24,"coordinatorPaths":12,"priorityMemoEntries":7,"priorityMemoDrops":0}]},{"requestedWorkers":4,"workers":4,"splitDepth":3,"splitDepthMeaning":"unresolved_decision_depth_after_forced_macro_normalization","rootResolvedMsMedian":27.72569999999996,"elapsedMsMedian":27.732700000000023,"totalExpandedMedian":10854,"shallowExpandedMedian":12,"workerExpandedMedian":10842,"leafTasksMedian":20,"scoutTasksMedian":18,"detachedScoutTasksMedian":0,"reSearchesMedian":1,"parallelBatchesMedian":6,"actions":[0,0,0,0],"runs":[{"rootResolvedMs":32.899099999999635,"elapsedMs":32.9052999999999,"shallowExpanded":12,"workerExpanded":10829,"totalExpanded":10841,"leafTasks":20,"scoutTasks":18,"incrementalScoutCompletions":18,"detachedScoutTasks":0,"detachedBatches":0,"reSearches":1,"parallelBatches":6,"forcedMacroTransitions":0,"proofAdmissions":12,"coordinatorStates":40,"coordinatorClasses":68,"coordinatorPaths":31,"priorityMemoEntries":19,"priorityMemoDrops":0},{"rootResolvedMs":33.903499999999894,"elapsedMs":33.90949999999975,"shallowExpanded":12,"workerExpanded":10802,"totalExpanded":10814,"leafTasks":20,"scoutTasks":18,"incrementalScoutCompletions":18,"detachedScoutTasks":0,"detachedBatches":0,"reSearches":1,"parallelBatches":6,"forcedMacroTransitions":0,"proofAdmissions":12,"coordinatorStates":40,"coordinatorClasses":68,"coordinatorPaths":31,"priorityMemoEntries":19,"priorityMemoDrops":0},{"rootResolvedMs":27.72569999999996,"elapsedMs":27.732700000000023,"shallowExpanded":12,"workerExpanded":10901,"totalExpanded":10913,"leafTasks":20,"scoutTasks":18,"incrementalScoutCompletions":18,"detachedScoutTasks":0,"detachedBatches":0,"reSearches":1,"parallelBatches":6,"forcedMacroTransitions":0,"proofAdmissions":12,"coordinatorStates":40,"coordinatorClasses":68,"coordinatorPaths":31,"priorityMemoEntries":19,"priorityMemoDrops":0},{"rootResolvedMs":25.6234000000004,"elapsedMs":25.62990000000036,"shallowExpanded":12,"workerExpanded":10848,"totalExpanded":10860,"leafTasks":20,"scoutTasks":18,"incrementalScoutCompletions":18,"detachedScoutTasks":0,"detachedBatches":0,"reSearches":1,"parallelBatches":6,"forcedMacroTransitions":0,"proofAdmissions":12,"coordinatorStates":40,"coordinatorClasses":68,"coordinatorPaths":31,"priorityMemoEntries":19,"priorityMemoDrops":0},{"rootResolvedMs":27.36959999999999,"elapsedMs":27.37559999999985,"shallowExpanded":12,"workerExpanded":10842,"totalExpanded":10854,"leafTasks":20,"scoutTasks":18,"incrementalScoutCompletions":18,"detachedScoutTasks":0,"detachedBatches":0,"reSearches":1,"parallelBatches":6,"forcedMacroTransitions":0,"proofAdmissions":12,"coordinatorStates":40,"coordinatorClasses":68,"coordinatorPaths":31,"priorityMemoEntries":19,"priorityMemoDrops":0}]},{"requestedWorkers":4,"workers":4,"splitDepth":4,"splitDepthMeaning":"unresolved_decision_depth_after_forced_macro_normalization","rootResolvedMsMedian":29.152500000000146,"elapsedMsMedian":29.42150000000038,"totalExpandedMedian":14136,"shallowExpandedMedian":32,"workerExpandedMedian":14104,"leafTasksMedian":37,"scoutTasksMedian":36,"detachedScoutTasksMedian":4,"reSearchesMedian":1,"parallelBatchesMedian":12,"actions":[0,0,0,0],"runs":[{"rootResolvedMs":29.959699999999884,"elapsedMs":29.966599999999744,"shallowExpanded":32,"workerExpanded":14100,"totalExpanded":14132,"leafTasks":37,"scoutTasks":36,"incrementalScoutCompletions":32,"detachedScoutTasks":4,"detachedBatches":2,"reSearches":1,"parallelBatches":12,"forcedMacroTransitions":0,"proofAdmissions":31,"coordinatorStates":81,"coordinatorClasses":150,"coordinatorPaths":63,"priorityMemoEntries":32,"priorityMemoDrops":0},{"rootResolvedMs":33.79099999999971,"elapsedMs":33.79930000000013,"shallowExpanded":32,"workerExpanded":14164,"totalExpanded":14196,"leafTasks":37,"scoutTasks":36,"incrementalScoutCompletions":32,"detachedScoutTasks":4,"detachedBatches":2,"reSearches":1,"parallelBatches":12,"forcedMacroTransitions":0,"proofAdmissions":31,"coordinatorStates":81,"coordinatorClasses":150,"coordinatorPaths":63,"priorityMemoEntries":32,"priorityMemoDrops":0},{"rootResolvedMs":29.152500000000146,"elapsedMs":29.42150000000038,"shallowExpanded":32,"workerExpanded":14104,"totalExpanded":14136,"leafTasks":37,"scoutTasks":36,"incrementalScoutCompletions":33,"detachedScoutTasks":3,"detachedBatches":2,"reSearches":1,"parallelBatches":12,"forcedMacroTransitions":0,"proofAdmissions":31,"coordinatorStates":81,"coordinatorClasses":150,"coordinatorPaths":63,"priorityMemoEntries":32,"priorityMemoDrops":0},{"rootResolvedMs":25.64980000000014,"elapsedMs":25.655099999999948,"shallowExpanded":32,"workerExpanded":14213,"totalExpanded":14245,"leafTasks":37,"scoutTasks":36,"incrementalScoutCompletions":32,"detachedScoutTasks":4,"detachedBatches":2,"reSearches":1,"parallelBatches":12,"forcedMacroTransitions":0,"proofAdmissions":31,"coordinatorStates":81,"coordinatorClasses":150,"coordinatorPaths":63,"priorityMemoEntries":32,"priorityMemoDrops":0},{"rootResolvedMs":26.03979999999956,"elapsedMs":26.045199999999568,"shallowExpanded":32,"workerExpanded":14100,"totalExpanded":14132,"leafTasks":37,"scoutTasks":36,"incrementalScoutCompletions":33,"detachedScoutTasks":3,"detachedBatches":2,"reSearches":1,"parallelBatches":12,"forcedMacroTransitions":0,"proofAdmissions":31,"coordinatorStates":81,"coordinatorClasses":150,"coordinatorPaths":63,"priorityMemoEntries":32,"priorityMemoDrops":0}]}],"best":{"requestedWorkers":3,"workers":3,"splitDepth":3,"splitDepthMeaning":"unresolved_decision_depth_after_forced_macro_normalization","rootResolvedMsMedian":14.185300000000097,"elapsedMsMedian":14.18899999999985,"totalExpandedMedian":10929,"shallowExpandedMedian":12,"workerExpandedMedian":10917,"leafTasksMedian":20,"scoutTasksMedian":18,"detachedScoutTasksMedian":0,"reSearchesMedian":1,"parallelBatchesMedian":6,"actions":[0,0,0,0],"runs":[{"rootResolvedMs":14.185300000000097,"elapsedMs":14.18899999999985,"shallowExpanded":12,"workerExpanded":10939,"totalExpanded":10951,"leafTasks":20,"scoutTasks":18,"incrementalScoutCompletions":18,"detachedScoutTasks":0,"detachedBatches":0,"reSearches":1,"parallelBatches":6,"forcedMacroTransitions":0,"proofAdmissions":12,"coordinatorStates":40,"coordinatorClasses":68,"coordinatorPaths":31,"priorityMemoEntries":19,"priorityMemoDrops":0},{"rootResolvedMs":15.651499999999942,"elapsedMs":15.655999999999949,"shallowExpanded":12,"workerExpanded":10854,"totalExpanded":10866,"leafTasks":20,"scoutTasks":18,"incrementalScoutCompletions":18,"detachedScoutTasks":0,"detachedBatches":0,"reSearches":1,"parallelBatches":6,"forcedMacroTransitions":0,"proofAdmissions":12,"coordinatorStates":40,"coordinatorClasses":68,"coordinatorPaths":31,"priorityMemoEntries":19,"priorityMemoDrops":0},{"rootResolvedMs":13.814800000000105,"elapsedMs":13.81820000000016,"shallowExpanded":12,"workerExpanded":10919,"totalExpanded":10931,"leafTasks":20,"scoutTasks":18,"incrementalScoutCompletions":18,"detachedScoutTasks":0,"detachedBatches":0,"reSearches":1,"parallelBatches":6,"forcedMacroTransitions":0,"proofAdmissions":12,"coordinatorStates":40,"coordinatorClasses":68,"coordinatorPaths":31,"priorityMemoEntries":19,"priorityMemoDrops":0},{"rootResolvedMs":16.558899999999994,"elapsedMs":16.56230000000005,"shallowExpanded":12,"workerExpanded":10917,"totalExpanded":10929,"leafTasks":20,"scoutTasks":18,"incrementalScoutCompletions":18,"detachedScoutTasks":0,"detachedBatches":0,"reSearches":1,"parallelBatches":6,"forcedMacroTransitions":0,"proofAdmissions":12,"coordinatorStates":40,"coordinatorClasses":68,"coordinatorPaths":31,"priorityMemoEntries":19,"priorityMemoDrops":0},{"rootResolvedMs":13.531199999999899,"elapsedMs":13.534900000000107,"shallowExpanded":12,"workerExpanded":10845,"totalExpanded":10857,"leafTasks":20,"scoutTasks":18,"incrementalScoutCompletions":18,"detachedScoutTasks":0,"detachedBatches":0,"reSearches":1,"parallelBatches":6,"forcedMacroTransitions":0,"proofAdmissions":12,"coordinatorStates":40,"coordinatorClasses":68,"coordinatorPaths":31,"priorityMemoEntries":19,"priorityMemoDrops":0}]}}
{
  "kind": "connect4-online-frontier-dependency-parallel-negamax-v5",
  "status": "complete",
  "spec": {
    "columns": 4,
    "rows": 5,
    "connect": 4
  },
  "repeats": 5,
  "availableParallelism": 16,
  "priorityProbeDepth": 0,
  "completeGlobalGraphRequiredByRecursiveSearch": false,
  "canonicalProofIdentity": "exact_semantic_descriptor",
  "coordinatorImplementation": "createOnlineDependencyCoordinator",
  "coordinatorDiagnostics": "immutable_stats_snapshot",
  "ordering": "dynamic_live_winning_line_frontier_with_proof_hint_equal_score_tiebreak",
  "forcedTransit": "macro_normalized_before_decision_depth",
  "sharedProofAdmission": "probe_without_allocation_then_generation_stable_read_or_rebind_on_publication",
  "siblingCompletion": "incremental_completion_order_with_noninterrupting_detach_after_cutoff",
  "baseline": {
    "elapsedMsMedian": 31.227800000000002,
    "expandedMedian": 10756,
    "callsMedian": 23527,
    "runs": [
      {
        "elapsedMs": 92.6593,
        "expanded": 10756,
        "calls": 23527,
        "forcedMacroTransitions": 4297,
        "proofAdmissions": 12716
      },
      {
        "elapsedMs": 36.35900000000001,
        "expanded": 10756,
        "calls": 23527,
        "forcedMacroTransitions": 4297,
        "proofAdmissions": 12716
      },
      {
        "elapsedMs": 30.235500000000002,
        "expanded": 10756,
        "calls": 23527,
        "forcedMacroTransitions": 4297,
        "proofAdmissions": 12716
      },
      {
        "elapsedMs": 30.725799999999992,
        "expanded": 10756,
        "calls": 23527,
        "forcedMacroTransitions": 4297,
        "proofAdmissions": 12716
      },
      {
        "elapsedMs": 31.227800000000002,
        "expanded": 10756,
        "calls": 23527,
        "forcedMacroTransitions": 4297,
        "proofAdmissions": 12716
      }
    ]
  },
  "results": [
    {
      "requestedWorkers": 1,
      "workers": 1,
      "splitDepth": 2,
      "splitDepthMeaning": "unresolved_decision_depth_after_forced_macro_normalization",
      "rootResolvedMsMedian": 24.028600000000097,
      "elapsedMsMedian": 24.032800000000066,
      "totalExpandedMedian": 10756,
      "shallowExpandedMedian": 5,
      "workerExpandedMedian": 10751,
      "leafTasksMedian": 7,
      "scoutTasksMedian": 6,
      "detachedScoutTasksMedian": 0,
      "reSearchesMedian": 0,
      "parallelBatchesMedian": 2,
      "actions": [
        0,
        0,
        0,
        0
      ],
      "runs": [
        {
          "rootResolvedMs": 27.916600000000017,
          "elapsedMs": 27.921600000000012,
          "shallowExpanded": 5,
          "workerExpanded": 10751,
          "totalExpanded": 10756,
          "leafTasks": 7,
          "scoutTasks": 6,
          "incrementalScoutCompletions": 6,
          "detachedScoutTasks": 0,
          "detachedBatches": 0,
          "reSearches": 0,
          "parallelBatches": 2,
          "forcedMacroTransitions": 0,
          "proofAdmissions": 5,
          "coordinatorStates": 12,
          "coordinatorClasses": 24,
          "coordinatorPaths": 12,
          "priorityMemoEntries": 7,
          "priorityMemoDrops": 0
        },
        {
          "rootResolvedMs": 30.347499999999968,
          "elapsedMs": 30.353599999999915,
          "shallowExpanded": 5,
          "workerExpanded": 10751,
          "totalExpanded": 10756,
          "leafTasks": 7,
          "scoutTasks": 6,
          "incrementalScoutCompletions": 6,
          "detachedScoutTasks": 0,
          "detachedBatches": 0,
          "reSearches": 0,
          "parallelBatches": 2,
          "forcedMacroTransitions": 0,
          "proofAdmissions": 5,
          "coordinatorStates": 12,
          "coordinatorClasses": 24,
          "coordinatorPaths": 12,
          "priorityMemoEntries": 7,
          "priorityMemoDrops": 0
        },
        {
          "rootResolvedMs": 24.028600000000097,
          "elapsedMs": 24.032800000000066,
          "shallowExpanded": 5,
          "workerExpanded": 10751,
          "totalExpanded": 10756,
          "leafTasks": 7,
          "scoutTasks": 6,
          "incrementalScoutCompletions": 6,
          "detachedScoutTasks": 0,
          "detachedBatches": 0,
          "reSearches": 0,
          "parallelBatches": 2,
          "forcedMacroTransitions": 0,
          "proofAdmissions": 5,
          "coordinatorStates": 12,
          "coordinatorClasses": 24,
          "coordinatorPaths": 12,
          "priorityMemoEntries": 7,
          "priorityMemoDrops": 0
        },
        {
          "rootResolvedMs": 22.135299999999916,
          "elapsedMs": 22.14029999999991,
          "shallowExpanded": 5,
          "workerExpanded": 10751,
          "totalExpanded": 10756,
          "leafTasks": 7,
          "scoutTasks": 6,
          "incrementalScoutCompletions": 6,
          "detachedScoutTasks": 0,
          "detachedBatches": 0,
          "reSearches": 0,
          "parallelBatches": 2,
          "forcedMacroTransitions": 0,
          "proofAdmissions": 5,
          "coordinatorStates": 12,
          "coordinatorClasses": 24,
          "coordinatorPaths": 12,
          "priorityMemoEntries": 7,
          "priorityMemoDrops": 0
        },
        {
          "rootResolvedMs": 23.37080000000003,
          "elapsedMs": 23.375600000000077,
          "shallowExpanded": 5,
          "workerExpanded": 10751,
          "totalExpanded": 10756,
          "leafTasks": 7,
          "scoutTasks": 6,
          "incrementalScoutCompletions": 6,
          "detachedScoutTasks": 0,
          "detachedBatches": 0,
          "reSearches": 0,
          "parallelBatches": 2,
          "forcedMacroTransitions": 0,
          "proofAdmissions": 5,
          "coordinatorStates": 12,
          "coordinatorClasses": 24,
          "coordinatorPaths": 12,
          "priorityMemoEntries": 7,
          "priorityMemoDrops": 0
        }
      ]
    },
    {
      "requestedWorkers": 1,
      "workers": 1,
      "splitDepth": 3,
      "splitDepthMeaning": "unresolved_decision_depth_after_forced_macro_normalization",
      "rootResolvedMsMedian": 24.14670000000001,
      "elapsedMsMedian": 24.151599999999917,
      "totalExpandedMedian": 10789,
      "shallowExpandedMedian": 12,
      "workerExpandedMedian": 10777,
      "leafTasksMedian": 20,
      "scoutTasksMedian": 18,
      "detachedScoutTasksMedian": 0,
      "reSearchesMedian": 1,
      "parallelBatchesMedian": 6,
      "actions": [
        0,
        0,
        0,
        0
      ],
      "runs": [
        {
          "rootResolvedMs": 24.14580000000001,
          "elapsedMs": 24.15050000000008,
          "shallowExpanded": 12,
          "workerExpanded": 10777,
          "totalExpanded": 10789,
          "leafTasks": 20,
          "scoutTasks": 18,
          "incrementalScoutCompletions": 18,
          "detachedScoutTasks": 0,
          "detachedBatches": 0,
          "reSearches": 1,
          "parallelBatches": 6,
          "forcedMacroTransitions": 0,
          "proofAdmissions": 12,
          "coordinatorStates": 40,
          "coordinatorClasses": 68,
          "coordinatorPaths": 31,
          "priorityMemoEntries": 19,
          "priorityMemoDrops": 0
        },
        {
          "rootResolvedMs": 24.47199999999998,
          "elapsedMs": 24.47739999999999,
          "shallowExpanded": 12,
          "workerExpanded": 10777,
          "totalExpanded": 10789,
          "leafTasks": 20,
          "scoutTasks": 18,
          "incrementalScoutCompletions": 18,
          "detachedScoutTasks": 0,
          "detachedBatches": 0,
          "reSearches": 1,
          "parallelBatches": 6,
          "forcedMacroTransitions": 0,
          "proofAdmissions": 12,
          "coordinatorStates": 40,
          "coordinatorClasses": 68,
          "coordinatorPaths": 31,
          "priorityMemoEntries": 19,
          "priorityMemoDrops": 0
        },
        {
          "rootResolvedMs": 25.58719999999994,
          "elapsedMs": 25.59699999999998,
          "shallowExpanded": 12,
          "workerExpanded": 10777,
          "totalExpanded": 10789,
          "leafTasks": 20,
          "scoutTasks": 18,
          "incrementalScoutCompletions": 18,
          "detachedScoutTasks": 0,
          "detachedBatches": 0,
          "reSearches": 1,
          "parallelBatches": 6,
          "forcedMacroTransitions": 0,
          "proofAdmissions": 12,
          "coordinatorStates": 40,
          "coordinatorClasses": 68,
          "coordinatorPaths": 31,
          "priorityMemoEntries": 19,
          "priorityMemoDrops": 0
        },
        {
          "rootResolvedMs": 22.901200000000017,
          "elapsedMs": 22.91140000000007,
          "shallowExpanded": 12,
          "workerExpanded": 10777,
          "totalExpanded": 10789,
          "leafTasks": 20,
          "scoutTasks": 18,
          "incrementalScoutCompletions": 18,
          "detachedScoutTasks": 0,
          "detachedBatches": 0,
          "reSearches": 1,
          "parallelBatches": 6,
          "forcedMacroTransitions": 0,
          "proofAdmissions": 12,
          "coordinatorStates": 40,
          "coordinatorClasses": 68,
          "coordinatorPaths": 31,
          "priorityMemoEntries": 19,
          "priorityMemoDrops": 0
        },
        {
          "rootResolvedMs": 24.14670000000001,
          "elapsedMs": 24.151599999999917,
          "shallowExpanded": 12,
          "workerExpanded": 10777,
          "totalExpanded": 10789,
          "leafTasks": 20,
          "scoutTasks": 18,
          "incrementalScoutCompletions": 18,
          "detachedScoutTasks": 0,
          "detachedBatches": 0,
          "reSearches": 1,
          "parallelBatches": 6,
          "forcedMacroTransitions": 0,
          "proofAdmissions": 12,
          "coordinatorStates": 40,
          "coordinatorClasses": 68,
          "coordinatorPaths": 31,
          "priorityMemoEntries": 19,
          "priorityMemoDrops": 0
        }
      ]
    },
    {
      "requestedWorkers": 1,
      "workers": 1,
      "splitDepth": 4,
      "splitDepthMeaning": "unresolved_decision_depth_after_forced_macro_normalization",
      "rootResolvedMsMedian": 30.69159999999988,
      "elapsedMsMedian": 30.696199999999862,
      "totalExpandedMedian": 14028,
      "shallowExpandedMedian": 32,
      "workerExpandedMedian": 13996,
      "leafTasksMedian": 37,
      "scoutTasksMedian": 36,
      "detachedScoutTasksMedian": 4,
      "reSearchesMedian": 1,
      "parallelBatchesMedian": 12,
      "actions": [
        0,
        0,
        0,
        0
      ],
      "runs": [
        {
          "rootResolvedMs": 30.69159999999988,
          "elapsedMs": 30.696199999999862,
          "shallowExpanded": 32,
          "workerExpanded": 13996,
          "totalExpanded": 14028,
          "leafTasks": 37,
          "scoutTasks": 36,
          "incrementalScoutCompletions": 32,
          "detachedScoutTasks": 4,
          "detachedBatches": 2,
          "reSearches": 1,
          "parallelBatches": 12,
          "forcedMacroTransitions": 0,
          "proofAdmissions": 31,
          "coordinatorStates": 81,
          "coordinatorClasses": 150,
          "coordinatorPaths": 63,
          "priorityMemoEntries": 32,
          "priorityMemoDrops": 0
        },
        {
          "rootResolvedMs": 30.696100000000115,
          "elapsedMs": 30.700900000000047,
          "shallowExpanded": 32,
          "workerExpanded": 13996,
          "totalExpanded": 14028,
          "leafTasks": 37,
          "scoutTasks": 36,
          "incrementalScoutCompletions": 32,
          "detachedScoutTasks": 4,
          "detachedBatches": 2,
          "reSearches": 1,
          "parallelBatches": 12,
          "forcedMacroTransitions": 0,
          "proofAdmissions": 31,
          "coordinatorStates": 81,
          "coordinatorClasses": 150,
          "coordinatorPaths": 63,
          "priorityMemoEntries": 32,
          "priorityMemoDrops": 0
        },
        {
          "rootResolvedMs": 30.242999999999938,
          "elapsedMs": 30.247699999999895,
          "shallowExpanded": 32,
          "workerExpanded": 13996,
          "totalExpanded": 14028,
          "leafTasks": 37,
          "scoutTasks": 36,
          "incrementalScoutCompletions": 32,
          "detachedScoutTasks": 4,
          "detachedBatches": 2,
          "reSearches": 1,
          "parallelBatches": 12,
          "forcedMacroTransitions": 0,
          "proofAdmissions": 31,
          "coordinatorStates": 81,
          "coordinatorClasses": 150,
          "coordinatorPaths": 63,
          "priorityMemoEntries": 32,
          "priorityMemoDrops": 0
        },
        {
          "rootResolvedMs": 31.185600000000022,
          "elapsedMs": 31.190000000000055,
          "shallowExpanded": 32,
          "workerExpanded": 13996,
          "totalExpanded": 14028,
          "leafTasks": 37,
          "scoutTasks": 36,
          "incrementalScoutCompletions": 32,
          "detachedScoutTasks": 4,
          "detachedBatches": 2,
          "reSearches": 1,
          "parallelBatches": 12,
          "forcedMacroTransitions": 0,
          "proofAdmissions": 31,
          "coordinatorStates": 81,
          "coordinatorClasses": 150,
          "coordinatorPaths": 63,
          "priorityMemoEntries": 32,
          "priorityMemoDrops": 0
        },
        {
          "rootResolvedMs": 30.479700000000093,
          "elapsedMs": 30.484100000000126,
          "shallowExpanded": 32,
          "workerExpanded": 13996,
          "totalExpanded": 14028,
          "leafTasks": 37,
          "scoutTasks": 36,
          "incrementalScoutCompletions": 32,
          "detachedScoutTasks": 4,
          "detachedBatches": 2,
          "reSearches": 1,
          "parallelBatches": 12,
          "forcedMacroTransitions": 0,
          "proofAdmissions": 31,
          "coordinatorStates": 81,
          "coordinatorClasses": 150,
          "coordinatorPaths": 63,
          "priorityMemoEntries": 32,
          "priorityMemoDrops": 0
        }
      ]
    },
    {
      "requestedWorkers": 2,
      "workers": 2,
      "splitDepth": 2,
      "splitDepthMeaning": "unresolved_decision_depth_after_forced_macro_normalization",
      "rootResolvedMsMedian": 22.57470000000012,
      "elapsedMsMedian": 22.582599999999957,
      "totalExpandedMedian": 10782,
      "shallowExpandedMedian": 5,
      "workerExpandedMedian": 10777,
      "leafTasksMedian": 7,
      "scoutTasksMedian": 6,
      "detachedScoutTasksMedian": 0,
      "reSearchesMedian": 0,
      "parallelBatchesMedian": 2,
      "actions": [
        0,
        0,
        0,
        0
      ],
      "runs": [
        {
          "rootResolvedMs": 46.527700000000095,
          "elapsedMs": 46.534000000000106,
          "shallowExpanded": 5,
          "workerExpanded": 10764,
          "totalExpanded": 10769,
          "leafTasks": 7,
          "scoutTasks": 6,
          "incrementalScoutCompletions": 6,
          "detachedScoutTasks": 0,
          "detachedBatches": 0,
          "reSearches": 0,
          "parallelBatches": 2,
          "forcedMacroTransitions": 0,
          "proofAdmissions": 5,
          "coordinatorStates": 12,
          "coordinatorClasses": 24,
          "coordinatorPaths": 12,
          "priorityMemoEntries": 7,
          "priorityMemoDrops": 0
        },
        {
          "rootResolvedMs": 28.882500000000164,
          "elapsedMs": 28.888100000000122,
          "shallowExpanded": 5,
          "workerExpanded": 10757,
          "totalExpanded": 10762,
          "leafTasks": 7,
          "scoutTasks": 6,
          "incrementalScoutCompletions": 6,
          "detachedScoutTasks": 0,
          "detachedBatches": 0,
          "reSearches": 0,
          "parallelBatches": 2,
          "forcedMacroTransitions": 0,
          "proofAdmissions": 5,
          "coordinatorStates": 12,
          "coordinatorClasses": 24,
          "coordinatorPaths": 12,
          "priorityMemoEntries": 7,
          "priorityMemoDrops": 0
        },
        {
          "rootResolvedMs": 22.57470000000012,
          "elapsedMs": 22.582599999999957,
          "shallowExpanded": 5,
          "workerExpanded": 10785,
          "totalExpanded": 10790,
          "leafTasks": 7,
          "scoutTasks": 6,
          "incrementalScoutCompletions": 6,
          "detachedScoutTasks": 0,
          "detachedBatches": 0,
          "reSearches": 0,
          "parallelBatches": 2,
          "forcedMacroTransitions": 0,
          "proofAdmissions": 5,
          "coordinatorStates": 12,
          "coordinatorClasses": 24,
          "coordinatorPaths": 12,
          "priorityMemoEntries": 7,
          "priorityMemoDrops": 0
        },
        {
          "rootResolvedMs": 21.40339999999992,
          "elapsedMs": 21.407400000000052,
          "shallowExpanded": 5,
          "workerExpanded": 10791,
          "totalExpanded": 10796,
          "leafTasks": 7,
          "scoutTasks": 6,
          "incrementalScoutCompletions": 6,
          "detachedScoutTasks": 0,
          "detachedBatches": 0,
          "reSearches": 0,
          "parallelBatches": 2,
          "forcedMacroTransitions": 0,
          "proofAdmissions": 5,
          "coordinatorStates": 12,
          "coordinatorClasses": 24,
          "coordinatorPaths": 12,
          "priorityMemoEntries": 7,
          "priorityMemoDrops": 0
        },
        {
          "rootResolvedMs": 19.478200000000015,
          "elapsedMs": 19.48180000000002,
          "shallowExpanded": 5,
          "workerExpanded": 10777,
          "totalExpanded": 10782,
          "leafTasks": 7,
          "scoutTasks": 6,
          "incrementalScoutCompletions": 6,
          "detachedScoutTasks": 0,
          "detachedBatches": 0,
          "reSearches": 0,
          "parallelBatches": 2,
          "forcedMacroTransitions": 0,
          "proofAdmissions": 5,
          "coordinatorStates": 12,
          "coordinatorClasses": 24,
          "coordinatorPaths": 12,
          "priorityMemoEntries": 7,
          "priorityMemoDrops": 0
        }
      ]
    },
    {
      "requestedWorkers": 2,
      "workers": 2,
      "splitDepth": 3,
      "splitDepthMeaning": "unresolved_decision_depth_after_forced_macro_normalization",
      "rootResolvedMsMedian": 17.524999999999864,
      "elapsedMsMedian": 17.530099999999948,
      "totalExpandedMedian": 10803,
      "shallowExpandedMedian": 12,
      "workerExpandedMedian": 10791,
      "leafTasksMedian": 20,
      "scoutTasksMedian": 18,
      "detachedScoutTasksMedian": 0,
      "reSearchesMedian": 1,
      "parallelBatchesMedian": 6,
      "actions": [
        0,
        0,
        0,
        0
      ],
      "runs": [
        {
          "rootResolvedMs": 16.50610000000006,
          "elapsedMs": 16.510099999999966,
          "shallowExpanded": 12,
          "workerExpanded": 10786,
          "totalExpanded": 10798,
          "leafTasks": 20,
          "scoutTasks": 18,
          "incrementalScoutCompletions": 18,
          "detachedScoutTasks": 0,
          "detachedBatches": 0,
          "reSearches": 1,
          "parallelBatches": 6,
          "forcedMacroTransitions": 0,
          "proofAdmissions": 12,
          "coordinatorStates": 40,
          "coordinatorClasses": 68,
          "coordinatorPaths": 31,
          "priorityMemoEntries": 19,
          "priorityMemoDrops": 0
        },
        {
          "rootResolvedMs": 15.863600000000133,
          "elapsedMs": 15.867700000000013,
          "shallowExpanded": 12,
          "workerExpanded": 10790,
          "totalExpanded": 10802,
          "leafTasks": 20,
          "scoutTasks": 18,
          "incrementalScoutCompletions": 18,
          "detachedScoutTasks": 0,
          "detachedBatches": 0,
          "reSearches": 1,
          "parallelBatches": 6,
          "forcedMacroTransitions": 0,
          "proofAdmissions": 12,
          "coordinatorStates": 40,
          "coordinatorClasses": 68,
          "coordinatorPaths": 31,
          "priorityMemoEntries": 19,
          "priorityMemoDrops": 0
        },
        {
          "rootResolvedMs": 17.524999999999864,
          "elapsedMs": 17.530099999999948,
          "shallowExpanded": 12,
          "workerExpanded": 10816,
          "totalExpanded": 10828,
          "leafTasks": 20,
          "scoutTasks": 18,
          "incrementalScoutCompletions": 18,
          "detachedScoutTasks": 0,
          "detachedBatches": 0,
          "reSearches": 1,
          "parallelBatches": 6,
          "forcedMacroTransitions": 0,
          "proofAdmissions": 12,
          "coordinatorStates": 40,
          "coordinatorClasses": 68,
          "coordinatorPaths": 31,
          "priorityMemoEntries": 19,
          "priorityMemoDrops": 0
        },
        {
          "rootResolvedMs": 20.9541999999999,
          "elapsedMs": 20.961499999999887,
          "shallowExpanded": 12,
          "workerExpanded": 10843,
          "totalExpanded": 10855,
          "leafTasks": 20,
          "scoutTasks": 18,
          "incrementalScoutCompletions": 18,
          "detachedScoutTasks": 0,
          "detachedBatches": 0,
          "reSearches": 1,
          "parallelBatches": 6,
          "forcedMacroTransitions": 0,
          "proofAdmissions": 12,
          "coordinatorStates": 40,
          "coordinatorClasses": 68,
          "coordinatorPaths": 31,
          "priorityMemoEntries": 19,
          "priorityMemoDrops": 0
        },
        {
          "rootResolvedMs": 20.04859999999985,
          "elapsedMs": 20.05340000000001,
          "shallowExpanded": 12,
          "workerExpanded": 10791,
          "totalExpanded": 10803,
          "leafTasks": 20,
          "scoutTasks": 18,
          "incrementalScoutCompletions": 18,
          "detachedScoutTasks": 0,
          "detachedBatches": 0,
          "reSearches": 1,
          "parallelBatches": 6,
          "forcedMacroTransitions": 0,
          "proofAdmissions": 12,
          "coordinatorStates": 40,
          "coordinatorClasses": 68,
          "coordinatorPaths": 31,
          "priorityMemoEntries": 19,
          "priorityMemoDrops": 0
        }
      ]
    },
    {
      "requestedWorkers": 2,
      "workers": 2,
      "splitDepth": 4,
      "splitDepthMeaning": "unresolved_decision_depth_after_forced_macro_normalization",
      "rootResolvedMsMedian": 19.01389999999992,
      "elapsedMsMedian": 19.018100000000004,
      "totalExpandedMedian": 14077,
      "shallowExpandedMedian": 32,
      "workerExpandedMedian": 14045,
      "leafTasksMedian": 37,
      "scoutTasksMedian": 36,
      "detachedScoutTasksMedian": 4,
      "reSearchesMedian": 1,
      "parallelBatchesMedian": 12,
      "actions": [
        0,
        0,
        0,
        0
      ],
      "runs": [
        {
          "rootResolvedMs": 20.109900000000152,
          "elapsedMs": 20.114700000000084,
          "shallowExpanded": 32,
          "workerExpanded": 14045,
          "totalExpanded": 14077,
          "leafTasks": 37,
          "scoutTasks": 36,
          "incrementalScoutCompletions": 33,
          "detachedScoutTasks": 3,
          "detachedBatches": 2,
          "reSearches": 1,
          "parallelBatches": 12,
          "forcedMacroTransitions": 0,
          "proofAdmissions": 31,
          "coordinatorStates": 81,
          "coordinatorClasses": 150,
          "coordinatorPaths": 63,
          "priorityMemoEntries": 32,
          "priorityMemoDrops": 0
        },
        {
          "rootResolvedMs": 19.44289999999978,
          "elapsedMs": 19.44699999999989,
          "shallowExpanded": 32,
          "workerExpanded": 14088,
          "totalExpanded": 14120,
          "leafTasks": 37,
          "scoutTasks": 36,
          "incrementalScoutCompletions": 32,
          "detachedScoutTasks": 4,
          "detachedBatches": 2,
          "reSearches": 1,
          "parallelBatches": 12,
          "forcedMacroTransitions": 0,
          "proofAdmissions": 31,
          "coordinatorStates": 81,
          "coordinatorClasses": 150,
          "coordinatorPaths": 63,
          "priorityMemoEntries": 32,
          "priorityMemoDrops": 0
        },
        {
          "rootResolvedMs": 18.824099999999817,
          "elapsedMs": 18.828199999999924,
          "shallowExpanded": 32,
          "workerExpanded": 14002,
          "totalExpanded": 14034,
          "leafTasks": 37,
          "scoutTasks": 36,
          "incrementalScoutCompletions": 32,
          "detachedScoutTasks": 4,
          "detachedBatches": 2,
          "reSearches": 1,
          "parallelBatches": 12,
          "forcedMacroTransitions": 0,
          "proofAdmissions": 31,
          "coordinatorStates": 81,
          "coordinatorClasses": 150,
          "coordinatorPaths": 63,
          "priorityMemoEntries": 32,
          "priorityMemoDrops": 0
        },
        {
          "rootResolvedMs": 19.01389999999992,
          "elapsedMs": 19.018100000000004,
          "shallowExpanded": 32,
          "workerExpanded": 14061,
          "totalExpanded": 14093,
          "leafTasks": 37,
          "scoutTasks": 36,
          "incrementalScoutCompletions": 32,
          "detachedScoutTasks": 4,
          "detachedBatches": 2,
          "reSearches": 1,
          "parallelBatches": 12,
          "forcedMacroTransitions": 0,
          "proofAdmissions": 31,
          "coordinatorStates": 81,
          "coordinatorClasses": 150,
          "coordinatorPaths": 63,
          "priorityMemoEntries": 32,
          "priorityMemoDrops": 0
        },
        {
          "rootResolvedMs": 18.02529999999979,
          "elapsedMs": 18.028999999999996,
          "shallowExpanded": 32,
          "workerExpanded": 14041,
          "totalExpanded": 14073,
          "leafTasks": 37,
          "scoutTasks": 36,
          "incrementalScoutCompletions": 33,
          "detachedScoutTasks": 3,
          "detachedBatches": 2,
          "reSearches": 1,
          "parallelBatches": 12,
          "forcedMacroTransitions": 0,
          "proofAdmissions": 31,
          "coordinatorStates": 81,
          "coordinatorClasses": 150,
          "coordinatorPaths": 63,
          "priorityMemoEntries": 32,
          "priorityMemoDrops": 0
        }
      ]
    },
    {
      "requestedWorkers": 3,
      "workers": 3,
      "splitDepth": 2,
      "splitDepthMeaning": "unresolved_decision_depth_after_forced_macro_normalization",
      "rootResolvedMsMedian": 21.41780000000017,
      "elapsedMsMedian": 21.421700000000328,
      "totalExpandedMedian": 10770,
      "shallowExpandedMedian": 5,
      "workerExpandedMedian": 10765,
      "leafTasksMedian": 7,
      "scoutTasksMedian": 6,
      "detachedScoutTasksMedian": 0,
      "reSearchesMedian": 0,
      "parallelBatchesMedian": 2,
      "actions": [
        0,
        0,
        0,
        0
      ],
      "runs": [
        {
          "rootResolvedMs": 27.330599999999777,
          "elapsedMs": 27.334899999999834,
          "shallowExpanded": 5,
          "workerExpanded": 10757,
          "totalExpanded": 10762,
          "leafTasks": 7,
          "scoutTasks": 6,
          "incrementalScoutCompletions": 6,
          "detachedScoutTasks": 0,
          "detachedBatches": 0,
          "reSearches": 0,
          "parallelBatches": 2,
          "forcedMacroTransitions": 0,
          "proofAdmissions": 5,
          "coordinatorStates": 12,
          "coordinatorClasses": 24,
          "coordinatorPaths": 12,
          "priorityMemoEntries": 7,
          "priorityMemoDrops": 0
        },
        {
          "rootResolvedMs": 21.41780000000017,
          "elapsedMs": 21.421700000000328,
          "shallowExpanded": 5,
          "workerExpanded": 10806,
          "totalExpanded": 10811,
          "leafTasks": 7,
          "scoutTasks": 6,
          "incrementalScoutCompletions": 6,
          "detachedScoutTasks": 0,
          "detachedBatches": 0,
          "reSearches": 0,
          "parallelBatches": 2,
          "forcedMacroTransitions": 0,
          "proofAdmissions": 5,
          "coordinatorStates": 12,
          "coordinatorClasses": 24,
          "coordinatorPaths": 12,
          "priorityMemoEntries": 7,
          "priorityMemoDrops": 0
        },
        {
          "rootResolvedMs": 29.971700000000055,
          "elapsedMs": 29.975600000000213,
          "shallowExpanded": 5,
          "workerExpanded": 10765,
          "totalExpanded": 10770,
          "leafTasks": 7,
          "scoutTasks": 6,
          "incrementalScoutCompletions": 6,
          "detachedScoutTasks": 0,
          "detachedBatches": 0,
          "reSearches": 0,
          "parallelBatches": 2,
          "forcedMacroTransitions": 0,
          "proofAdmissions": 5,
          "coordinatorStates": 12,
          "coordinatorClasses": 24,
          "coordinatorPaths": 12,
          "priorityMemoEntries": 7,
          "priorityMemoDrops": 0
        },
        {
          "rootResolvedMs": 17.04410000000007,
          "elapsedMs": 17.047900000000027,
          "shallowExpanded": 5,
          "workerExpanded": 10751,
          "totalExpanded": 10756,
          "leafTasks": 7,
          "scoutTasks": 6,
          "incrementalScoutCompletions": 6,
          "detachedScoutTasks": 0,
          "detachedBatches": 0,
          "reSearches": 0,
          "parallelBatches": 2,
          "forcedMacroTransitions": 0,
          "proofAdmissions": 5,
          "coordinatorStates": 12,
          "coordinatorClasses": 24,
          "coordinatorPaths": 12,
          "priorityMemoEntries": 7,
          "priorityMemoDrops": 0
        },
        {
          "rootResolvedMs": 16.816599999999653,
          "elapsedMs": 16.81999999999971,
          "shallowExpanded": 5,
          "workerExpanded": 10797,
          "totalExpanded": 10802,
          "leafTasks": 7,
          "scoutTasks": 6,
          "incrementalScoutCompletions": 6,
          "detachedScoutTasks": 0,
          "detachedBatches": 0,
          "reSearches": 0,
          "parallelBatches": 2,
          "forcedMacroTransitions": 0,
          "proofAdmissions": 5,
          "coordinatorStates": 12,
          "coordinatorClasses": 24,
          "coordinatorPaths": 12,
          "priorityMemoEntries": 7,
          "priorityMemoDrops": 0
        }
      ]
    },
    {
      "requestedWorkers": 3,
      "workers": 3,
      "splitDepth": 3,
      "splitDepthMeaning": "unresolved_decision_depth_after_forced_macro_normalization",
      "rootResolvedMsMedian": 14.185300000000097,
      "elapsedMsMedian": 14.18899999999985,
      "totalExpandedMedian": 10929,
      "shallowExpandedMedian": 12,
      "workerExpandedMedian": 10917,
      "leafTasksMedian": 20,
      "scoutTasksMedian": 18,
      "detachedScoutTasksMedian": 0,
      "reSearchesMedian": 1,
      "parallelBatchesMedian": 6,
      "actions": [
        0,
        0,
        0,
        0
      ],
      "runs": [
        {
          "rootResolvedMs": 14.185300000000097,
          "elapsedMs": 14.18899999999985,
          "shallowExpanded": 12,
          "workerExpanded": 10939,
          "totalExpanded": 10951,
          "leafTasks": 20,
          "scoutTasks": 18,
          "incrementalScoutCompletions": 18,
          "detachedScoutTasks": 0,
          "detachedBatches": 0,
          "reSearches": 1,
          "parallelBatches": 6,
          "forcedMacroTransitions": 0,
          "proofAdmissions": 12,
          "coordinatorStates": 40,
          "coordinatorClasses": 68,
          "coordinatorPaths": 31,
          "priorityMemoEntries": 19,
          "priorityMemoDrops": 0
        },
        {
          "rootResolvedMs": 15.651499999999942,
          "elapsedMs": 15.655999999999949,
          "shallowExpanded": 12,
          "workerExpanded": 10854,
          "totalExpanded": 10866,
          "leafTasks": 20,
          "scoutTasks": 18,
          "incrementalScoutCompletions": 18,
          "detachedScoutTasks": 0,
          "detachedBatches": 0,
          "reSearches": 1,
          "parallelBatches": 6,
          "forcedMacroTransitions": 0,
          "proofAdmissions": 12,
          "coordinatorStates": 40,
          "coordinatorClasses": 68,
          "coordinatorPaths": 31,
          "priorityMemoEntries": 19,
          "priorityMemoDrops": 0
        },
        {
          "rootResolvedMs": 13.814800000000105,
          "elapsedMs": 13.81820000000016,
          "shallowExpanded": 12,
          "workerExpanded": 10919,
          "totalExpanded": 10931,
          "leafTasks": 20,
          "scoutTasks": 18,
          "incrementalScoutCompletions": 18,
          "detachedScoutTasks": 0,
          "detachedBatches": 0,
          "reSearches": 1,
          "parallelBatches": 6,
          "forcedMacroTransitions": 0,
          "proofAdmissions": 12,
          "coordinatorStates": 40,
          "coordinatorClasses": 68,
          "coordinatorPaths": 31,
          "priorityMemoEntries": 19,
          "priorityMemoDrops": 0
        },
        {
          "rootResolvedMs": 16.558899999999994,
          "elapsedMs": 16.56230000000005,
          "shallowExpanded": 12,
          "workerExpanded": 10917,
          "totalExpanded": 10929,
          "leafTasks": 20,
          "scoutTasks": 18,
          "incrementalScoutCompletions": 18,
          "detachedScoutTasks": 0,
          "detachedBatches": 0,
          "reSearches": 1,
          "parallelBatches": 6,
          "forcedMacroTransitions": 0,
          "proofAdmissions": 12,
          "coordinatorStates": 40,
          "coordinatorClasses": 68,
          "coordinatorPaths": 31,
          "priorityMemoEntries": 19,
          "priorityMemoDrops": 0
        },
        {
          "rootResolvedMs": 13.531199999999899,
          "elapsedMs": 13.534900000000107,
          "shallowExpanded": 12,
          "workerExpanded": 10845,
          "totalExpanded": 10857,
          "leafTasks": 20,
          "scoutTasks": 18,
          "incrementalScoutCompletions": 18,
          "detachedScoutTasks": 0,
          "detachedBatches": 0,
          "reSearches": 1,
          "parallelBatches": 6,
          "forcedMacroTransitions": 0,
          "proofAdmissions": 12,
          "coordinatorStates": 40,
          "coordinatorClasses": 68,
          "coordinatorPaths": 31,
          "priorityMemoEntries": 19,
          "priorityMemoDrops": 0
        }
      ]
    },
    {
      "requestedWorkers": 3,
      "workers": 3,
      "splitDepth": 4,
      "splitDepthMeaning": "unresolved_decision_depth_after_forced_macro_normalization",
      "rootResolvedMsMedian": 14.383499999999913,
      "elapsedMsMedian": 14.386899999999969,
      "totalExpandedMedian": 14236,
      "shallowExpandedMedian": 32,
      "workerExpandedMedian": 14204,
      "leafTasksMedian": 37,
      "scoutTasksMedian": 36,
      "detachedScoutTasksMedian": 4,
      "reSearchesMedian": 1,
      "parallelBatchesMedian": 12,
      "actions": [
        0,
        0,
        0,
        0
      ],
      "runs": [
        {
          "rootResolvedMs": 14.879999999999654,
          "elapsedMs": 14.88319999999976,
          "shallowExpanded": 32,
          "workerExpanded": 14289,
          "totalExpanded": 14321,
          "leafTasks": 37,
          "scoutTasks": 36,
          "incrementalScoutCompletions": 32,
          "detachedScoutTasks": 4,
          "detachedBatches": 2,
          "reSearches": 1,
          "parallelBatches": 12,
          "forcedMacroTransitions": 0,
          "proofAdmissions": 31,
          "coordinatorStates": 81,
          "coordinatorClasses": 150,
          "coordinatorPaths": 63,
          "priorityMemoEntries": 32,
          "priorityMemoDrops": 0
        },
        {
          "rootResolvedMs": 15.856400000000122,
          "elapsedMs": 15.859800000000178,
          "shallowExpanded": 32,
          "workerExpanded": 14214,
          "totalExpanded": 14246,
          "leafTasks": 37,
          "scoutTasks": 36,
          "incrementalScoutCompletions": 32,
          "detachedScoutTasks": 4,
          "detachedBatches": 2,
          "reSearches": 1,
          "parallelBatches": 12,
          "forcedMacroTransitions": 0,
          "proofAdmissions": 31,
          "coordinatorStates": 81,
          "coordinatorClasses": 150,
          "coordinatorPaths": 63,
          "priorityMemoEntries": 32,
          "priorityMemoDrops": 0
        },
        {
          "rootResolvedMs": 14.048600000000079,
          "elapsedMs": 14.052599999999984,
          "shallowExpanded": 32,
          "workerExpanded": 14163,
          "totalExpanded": 14195,
          "leafTasks": 37,
          "scoutTasks": 36,
          "incrementalScoutCompletions": 32,
          "detachedScoutTasks": 4,
          "detachedBatches": 2,
          "reSearches": 1,
          "parallelBatches": 12,
          "forcedMacroTransitions": 0,
          "proofAdmissions": 31,
          "coordinatorStates": 81,
          "coordinatorClasses": 150,
          "coordinatorPaths": 63,
          "priorityMemoEntries": 32,
          "priorityMemoDrops": 0
        },
        {
          "rootResolvedMs": 14.383499999999913,
          "elapsedMs": 14.386899999999969,
          "shallowExpanded": 32,
          "workerExpanded": 14130,
          "totalExpanded": 14162,
          "leafTasks": 37,
          "scoutTasks": 36,
          "incrementalScoutCompletions": 32,
          "detachedScoutTasks": 4,
          "detachedBatches": 2,
          "reSearches": 1,
          "parallelBatches": 12,
          "forcedMacroTransitions": 0,
          "proofAdmissions": 31,
          "coordinatorStates": 81,
          "coordinatorClasses": 150,
          "coordinatorPaths": 63,
          "priorityMemoEntries": 32,
          "priorityMemoDrops": 0
        },
        {
          "rootResolvedMs": 13.918699999999717,
          "elapsedMs": 13.922199999999975,
          "shallowExpanded": 32,
          "workerExpanded": 14204,
          "totalExpanded": 14236,
          "leafTasks": 37,
          "scoutTasks": 36,
          "incrementalScoutCompletions": 33,
          "detachedScoutTasks": 3,
          "detachedBatches": 2,
          "reSearches": 1,
          "parallelBatches": 12,
          "forcedMacroTransitions": 0,
          "proofAdmissions": 31,
          "coordinatorStates": 81,
          "coordinatorClasses": 150,
          "coordinatorPaths": 63,
          "priorityMemoEntries": 32,
          "priorityMemoDrops": 0
        }
      ]
    },
    {
      "requestedWorkers": 4,
      "workers": 4,
      "splitDepth": 2,
      "splitDepthMeaning": "unresolved_decision_depth_after_forced_macro_normalization",
      "rootResolvedMsMedian": 70.83680000000004,
      "elapsedMsMedian": 70.84389999999985,
      "totalExpandedMedian": 10775,
      "shallowExpandedMedian": 5,
      "workerExpandedMedian": 10770,
      "leafTasksMedian": 7,
      "scoutTasksMedian": 6,
      "detachedScoutTasksMedian": 0,
      "reSearchesMedian": 0,
      "parallelBatchesMedian": 2,
      "actions": [
        0,
        0,
        0,
        0
      ],
      "runs": [
        {
          "rootResolvedMs": 119.10569999999962,
          "elapsedMs": 119.11239999999998,
          "shallowExpanded": 5,
          "workerExpanded": 10770,
          "totalExpanded": 10775,
          "leafTasks": 7,
          "scoutTasks": 6,
          "incrementalScoutCompletions": 6,
          "detachedScoutTasks": 0,
          "detachedBatches": 0,
          "reSearches": 0,
          "parallelBatches": 2,
          "forcedMacroTransitions": 0,
          "proofAdmissions": 5,
          "coordinatorStates": 12,
          "coordinatorClasses": 24,
          "coordinatorPaths": 12,
          "priorityMemoEntries": 7,
          "priorityMemoDrops": 0
        },
        {
          "rootResolvedMs": 96.99629999999979,
          "elapsedMs": 97.00379999999996,
          "shallowExpanded": 5,
          "workerExpanded": 10798,
          "totalExpanded": 10803,
          "leafTasks": 7,
          "scoutTasks": 6,
          "incrementalScoutCompletions": 6,
          "detachedScoutTasks": 0,
          "detachedBatches": 0,
          "reSearches": 0,
          "parallelBatches": 2,
          "forcedMacroTransitions": 0,
          "proofAdmissions": 5,
          "coordinatorStates": 12,
          "coordinatorClasses": 24,
          "coordinatorPaths": 12,
          "priorityMemoEntries": 7,
          "priorityMemoDrops": 0
        },
        {
          "rootResolvedMs": 67.23180000000002,
          "elapsedMs": 67.23820000000023,
          "shallowExpanded": 5,
          "workerExpanded": 10753,
          "totalExpanded": 10758,
          "leafTasks": 7,
          "scoutTasks": 6,
          "incrementalScoutCompletions": 6,
          "detachedScoutTasks": 0,
          "detachedBatches": 0,
          "reSearches": 0,
          "parallelBatches": 2,
          "forcedMacroTransitions": 0,
          "proofAdmissions": 5,
          "coordinatorStates": 12,
          "coordinatorClasses": 24,
          "coordinatorPaths": 12,
          "priorityMemoEntries": 7,
          "priorityMemoDrops": 0
        },
        {
          "rootResolvedMs": 53.59439999999995,
          "elapsedMs": 53.60089999999991,
          "shallowExpanded": 5,
          "workerExpanded": 10762,
          "totalExpanded": 10767,
          "leafTasks": 7,
          "scoutTasks": 6,
          "incrementalScoutCompletions": 6,
          "detachedScoutTasks": 0,
          "detachedBatches": 0,
          "reSearches": 0,
          "parallelBatches": 2,
          "forcedMacroTransitions": 0,
          "proofAdmissions": 5,
          "coordinatorStates": 12,
          "coordinatorClasses": 24,
          "coordinatorPaths": 12,
          "priorityMemoEntries": 7,
          "priorityMemoDrops": 0
        },
        {
          "rootResolvedMs": 70.83680000000004,
          "elapsedMs": 70.84389999999985,
          "shallowExpanded": 5,
          "workerExpanded": 10770,
          "totalExpanded": 10775,
          "leafTasks": 7,
          "scoutTasks": 6,
          "incrementalScoutCompletions": 6,
          "detachedScoutTasks": 0,
          "detachedBatches": 0,
          "reSearches": 0,
          "parallelBatches": 2,
          "forcedMacroTransitions": 0,
          "proofAdmissions": 5,
          "coordinatorStates": 12,
          "coordinatorClasses": 24,
          "coordinatorPaths": 12,
          "priorityMemoEntries": 7,
          "priorityMemoDrops": 0
        }
      ]
    },
    {
      "requestedWorkers": 4,
      "workers": 4,
      "splitDepth": 3,
      "splitDepthMeaning": "unresolved_decision_depth_after_forced_macro_normalization",
      "rootResolvedMsMedian": 27.72569999999996,
      "elapsedMsMedian": 27.732700000000023,
      "totalExpandedMedian": 10854,
      "shallowExpandedMedian": 12,
      "workerExpandedMedian": 10842,
      "leafTasksMedian": 20,
      "scoutTasksMedian": 18,
      "detachedScoutTasksMedian": 0,
      "reSearchesMedian": 1,
      "parallelBatchesMedian": 6,
      "actions": [
        0,
        0,
        0,
        0
      ],
      "runs": [
        {
          "rootResolvedMs": 32.899099999999635,
          "elapsedMs": 32.9052999999999,
          "shallowExpanded": 12,
          "workerExpanded": 10829,
          "totalExpanded": 10841,
          "leafTasks": 20,
          "scoutTasks": 18,
          "incrementalScoutCompletions": 18,
          "detachedScoutTasks": 0,
          "detachedBatches": 0,
          "reSearches": 1,
          "parallelBatches": 6,
          "forcedMacroTransitions": 0,
          "proofAdmissions": 12,
          "coordinatorStates": 40,
          "coordinatorClasses": 68,
          "coordinatorPaths": 31,
          "priorityMemoEntries": 19,
          "priorityMemoDrops": 0
        },
        {
          "rootResolvedMs": 33.903499999999894,
          "elapsedMs": 33.90949999999975,
          "shallowExpanded": 12,
          "workerExpanded": 10802,
          "totalExpanded": 10814,
          "leafTasks": 20,
          "scoutTasks": 18,
          "incrementalScoutCompletions": 18,
          "detachedScoutTasks": 0,
          "detachedBatches": 0,
          "reSearches": 1,
          "parallelBatches": 6,
          "forcedMacroTransitions": 0,
          "proofAdmissions": 12,
          "coordinatorStates": 40,
          "coordinatorClasses": 68,
          "coordinatorPaths": 31,
          "priorityMemoEntries": 19,
          "priorityMemoDrops": 0
        },
        {
          "rootResolvedMs": 27.72569999999996,
          "elapsedMs": 27.732700000000023,
          "shallowExpanded": 12,
          "workerExpanded": 10901,
          "totalExpanded": 10913,
          "leafTasks": 20,
          "scoutTasks": 18,
          "incrementalScoutCompletions": 18,
          "detachedScoutTasks": 0,
          "detachedBatches": 0,
          "reSearches": 1,
          "parallelBatches": 6,
          "forcedMacroTransitions": 0,
          "proofAdmissions": 12,
          "coordinatorStates": 40,
          "coordinatorClasses": 68,
          "coordinatorPaths": 31,
          "priorityMemoEntries": 19,
          "priorityMemoDrops": 0
        },
        {
          "rootResolvedMs": 25.6234000000004,
          "elapsedMs": 25.62990000000036,
          "shallowExpanded": 12,
          "workerExpanded": 10848,
          "totalExpanded": 10860,
          "leafTasks": 20,
          "scoutTasks": 18,
          "incrementalScoutCompletions": 18,
          "detachedScoutTasks": 0,
          "detachedBatches": 0,
          "reSearches": 1,
          "parallelBatches": 6,
          "forcedMacroTransitions": 0,
          "proofAdmissions": 12,
          "coordinatorStates": 40,
          "coordinatorClasses": 68,
          "coordinatorPaths": 31,
          "priorityMemoEntries": 19,
          "priorityMemoDrops": 0
        },
        {
          "rootResolvedMs": 27.36959999999999,
          "elapsedMs": 27.37559999999985,
          "shallowExpanded": 12,
          "workerExpanded": 10842,
          "totalExpanded": 10854,
          "leafTasks": 20,
          "scoutTasks": 18,
          "incrementalScoutCompletions": 18,
          "detachedScoutTasks": 0,
          "detachedBatches": 0,
          "reSearches": 1,
          "parallelBatches": 6,
          "forcedMacroTransitions": 0,
          "proofAdmissions": 12,
          "coordinatorStates": 40,
          "coordinatorClasses": 68,
          "coordinatorPaths": 31,
          "priorityMemoEntries": 19,
          "priorityMemoDrops": 0
        }
      ]
    },
    {
      "requestedWorkers": 4,
      "workers": 4,
      "splitDepth": 4,
      "splitDepthMeaning": "unresolved_decision_depth_after_forced_macro_normalization",
      "rootResolvedMsMedian": 29.152500000000146,
      "elapsedMsMedian": 29.42150000000038,
      "totalExpandedMedian": 14136,
      "shallowExpandedMedian": 32,
      "workerExpandedMedian": 14104,
      "leafTasksMedian": 37,
      "scoutTasksMedian": 36,
      "detachedScoutTasksMedian": 4,
      "reSearchesMedian": 1,
      "parallelBatchesMedian": 12,
      "actions": [
        0,
        0,
        0,
        0
      ],
      "runs": [
        {
          "rootResolvedMs": 29.959699999999884,
          "elapsedMs": 29.966599999999744,
          "shallowExpanded": 32,
          "workerExpanded": 14100,
          "totalExpanded": 14132,
          "leafTasks": 37,
          "scoutTasks": 36,
          "incrementalScoutCompletions": 32,
          "detachedScoutTasks": 4,
          "detachedBatches": 2,
          "reSearches": 1,
          "parallelBatches": 12,
          "forcedMacroTransitions": 0,
          "proofAdmissions": 31,
          "coordinatorStates": 81,
          "coordinatorClasses": 150,
          "coordinatorPaths": 63,
          "priorityMemoEntries": 32,
          "priorityMemoDrops": 0
        },
        {
          "rootResolvedMs": 33.79099999999971,
          "elapsedMs": 33.79930000000013,
          "shallowExpanded": 32,
          "workerExpanded": 14164,
          "totalExpanded": 14196,
          "leafTasks": 37,
          "scoutTasks": 36,
          "incrementalScoutCompletions": 32,
          "detachedScoutTasks": 4,
          "detachedBatches": 2,
          "reSearches": 1,
          "parallelBatches": 12,
          "forcedMacroTransitions": 0,
          "proofAdmissions": 31,
          "coordinatorStates": 81,
          "coordinatorClasses": 150,
          "coordinatorPaths": 63,
          "priorityMemoEntries": 32,
          "priorityMemoDrops": 0
        },
        {
          "rootResolvedMs": 29.152500000000146,
          "elapsedMs": 29.42150000000038,
          "shallowExpanded": 32,
          "workerExpanded": 14104,
          "totalExpanded": 14136,
          "leafTasks": 37,
          "scoutTasks": 36,
          "incrementalScoutCompletions": 33,
          "detachedScoutTasks": 3,
          "detachedBatches": 2,
          "reSearches": 1,
          "parallelBatches": 12,
          "forcedMacroTransitions": 0,
          "proofAdmissions": 31,
          "coordinatorStates": 81,
          "coordinatorClasses": 150,
          "coordinatorPaths": 63,
          "priorityMemoEntries": 32,
          "priorityMemoDrops": 0
        },
        {
          "rootResolvedMs": 25.64980000000014,
          "elapsedMs": 25.655099999999948,
          "shallowExpanded": 32,
          "workerExpanded": 14213,
          "totalExpanded": 14245,
          "leafTasks": 37,
          "scoutTasks": 36,
          "incrementalScoutCompletions": 32,
          "detachedScoutTasks": 4,
          "detachedBatches": 2,
          "reSearches": 1,
          "parallelBatches": 12,
          "forcedMacroTransitions": 0,
          "proofAdmissions": 31,
          "coordinatorStates": 81,
          "coordinatorClasses": 150,
          "coordinatorPaths": 63,
          "priorityMemoEntries": 32,
          "priorityMemoDrops": 0
        },
        {
          "rootResolvedMs": 26.03979999999956,
          "elapsedMs": 26.045199999999568,
          "shallowExpanded": 32,
          "workerExpanded": 14100,
          "totalExpanded": 14132,
          "leafTasks": 37,
          "scoutTasks": 36,
          "incrementalScoutCompletions": 33,
          "detachedScoutTasks": 3,
          "detachedBatches": 2,
          "reSearches": 1,
          "parallelBatches": 12,
          "forcedMacroTransitions": 0,
          "proofAdmissions": 31,
          "coordinatorStates": 81,
          "coordinatorClasses": 150,
          "coordinatorPaths": 63,
          "priorityMemoEntries": 32,
          "priorityMemoDrops": 0
        }
      ]
    }
  ],
  "best": {
    "requestedWorkers": 3,
    "workers": 3,
    "splitDepth": 3,
    "splitDepthMeaning": "unresolved_decision_depth_after_forced_macro_normalization",
    "rootResolvedMsMedian": 14.185300000000097,
    "elapsedMsMedian": 14.18899999999985,
    "totalExpandedMedian": 10929,
    "shallowExpandedMedian": 12,
    "workerExpandedMedian": 10917,
    "leafTasksMedian": 20,
    "scoutTasksMedian": 18,
    "detachedScoutTasksMedian": 0,
    "reSearchesMedian": 1,
    "parallelBatchesMedian": 6,
    "actions": [
      0,
      0,
      0,
      0
    ],
    "runs": [
      {
        "rootResolvedMs": 14.185300000000097,
        "elapsedMs": 14.18899999999985,
        "shallowExpanded": 12,
        "workerExpanded": 10939,
        "totalExpanded": 10951,
        "leafTasks": 20,
        "scoutTasks": 18,
        "incrementalScoutCompletions": 18,
        "detachedScoutTasks": 0,
        "detachedBatches": 0,
        "reSearches": 1,
        "parallelBatches": 6,
        "forcedMacroTransitions": 0,
        "proofAdmissions": 12,
        "coordinatorStates": 40,
        "coordinatorClasses": 68,
        "coordinatorPaths": 31,
        "priorityMemoEntries": 19,
        "priorityMemoDrops": 0
      },
      {
        "rootResolvedMs": 15.651499999999942,
        "elapsedMs": 15.655999999999949,
        "shallowExpanded": 12,
        "workerExpanded": 10854,
        "totalExpanded": 10866,
        "leafTasks": 20,
        "scoutTasks": 18,
        "incrementalScoutCompletions": 18,
        "detachedScoutTasks": 0,
        "detachedBatches": 0,
        "reSearches": 1,
        "parallelBatches": 6,
        "forcedMacroTransitions": 0,
        "proofAdmissions": 12,
        "coordinatorStates": 40,
        "coordinatorClasses": 68,
        "coordinatorPaths": 31,
        "priorityMemoEntries": 19,
        "priorityMemoDrops": 0
      },
      {
        "rootResolvedMs": 13.814800000000105,
        "elapsedMs": 13.81820000000016,
        "shallowExpanded": 12,
        "workerExpanded": 10919,
        "totalExpanded": 10931,
        "leafTasks": 20,
        "scoutTasks": 18,
        "incrementalScoutCompletions": 18,
        "detachedScoutTasks": 0,
        "detachedBatches": 0,
        "reSearches": 1,
        "parallelBatches": 6,
        "forcedMacroTransitions": 0,
        "proofAdmissions": 12,
        "coordinatorStates": 40,
        "coordinatorClasses": 68,
        "coordinatorPaths": 31,
        "priorityMemoEntries": 19,
        "priorityMemoDrops": 0
      },
      {
        "rootResolvedMs": 16.558899999999994,
        "elapsedMs": 16.56230000000005,
        "shallowExpanded": 12,
        "workerExpanded": 10917,
        "totalExpanded": 10929,
        "leafTasks": 20,
        "scoutTasks": 18,
        "incrementalScoutCompletions": 18,
        "detachedScoutTasks": 0,
        "detachedBatches": 0,
        "reSearches": 1,
        "parallelBatches": 6,
        "forcedMacroTransitions": 0,
        "proofAdmissions": 12,
        "coordinatorStates": 40,
        "coordinatorClasses": 68,
        "coordinatorPaths": 31,
        "priorityMemoEntries": 19,
        "priorityMemoDrops": 0
      },
      {
        "rootResolvedMs": 13.531199999999899,
        "elapsedMs": 13.534900000000107,
        "shallowExpanded": 12,
        "workerExpanded": 10845,
        "totalExpanded": 10857,
        "leafTasks": 20,
        "scoutTasks": 18,
        "incrementalScoutCompletions": 18,
        "detachedScoutTasks": 0,
        "detachedBatches": 0,
        "reSearches": 1,
        "parallelBatches": 6,
        "forcedMacroTransitions": 0,
        "proofAdmissions": 12,
        "coordinatorStates": 40,
        "coordinatorClasses": 68,
        "coordinatorPaths": 31,
        "priorityMemoEntries": 19,
        "priorityMemoDrops": 0
      }
    ]
  }
}
