✔ bounded normal search keeps horizon leaves unknown and can resume exact search (1.8767ms)
✔ an unresolved sibling cannot turn a known draw into an exact root draw (0.2517ms)
✔ a proved winning child still cuts off after an unresolved sibling (0.1791ms)
✔ bounded forced chains respect the horizon and restore unrestricted search after failure (0.2803ms)
✔ structural draw intersects prior proof and rejects contradictory exact bounds (0.7227ms)
✔ both decision policies reject rank-preserving forced transitions (0.7688ms)
✔ a scout rejected with null cannot become a draw through numeric coercion (1.0737ms)
✔ a failed re-search retains ownership of its outstanding peer scouts (3.524ms)
✔ frontier copying handles overlapping distinct views and keeps cached masks private (1.0348ms)
✔ coherent read boundary rejects malformed scalars before typed narrowing (0.4739ms)
✔ actual search visits moves in descending eval order; hints only break equal scores (1.6968ms)
✔ root action results expose one canonical draw value after perspective reversal (0.4278ms)
✔ proof arenas dispatch only explicit complete contracts (1.8955ms)
✔ publication rejects invalid values and hints before either live or stale access (1.5261ms)
✔ packed records reject reserved bits, invalid bounds and implicit number coercion (0.503ms)
✔ replacement before proof lock acquisition rejects old publication and releases the acquired generation (0.4718ms)
✔ contradictory publication leaves the current proof intact and releases the writer (0.2919ms)
✔ coherent proof read observes sound writer-held record without blocking (0.6987ms)
✔ bucket prefix probes stop at first empty and preserve exact matches through collisions, writers, poison and reset (2.5244ms)
✔ a first-empty observation during concurrent publication is only a miss and cannot hide the next probe (0.2512ms)
✔ current-handle observation rechecks generation after observing slot status (0.2387ms)
✔ game adapters require an arena bound to their exact geometry and term vocabulary (8.237ms)
✔ resource reset rejects semantic nonquiescence before clearing static proofs (0.5163ms)
✔ arena views reject aliases/growth and snapshot mutable transport metadata (0.4492ms)
✔ a failure after payload overwrite poisons the new generation until quiescent reset (0.366ms)
✔ generation exhaustion never wraps into a prior handle (0.318ms)
✔ negative allocation and counters cannot alias existing term storage (0.3871ms)
✔ proof writer excludes replacement and reset, then wakes replacement on release (68.6657ms)
✔ direct semantic edges agree with recomputation and repeated edges bypass every interner (30.6428ms)
✔ prepared exact search performs no typed allocation or backing-array growth (8.573ms)
✔ reserved state/chunk exhaustion preserves published identities instead of allocating (4.0943ms)
✔ standalone local solver reserves its proof arrays without adding them to online workers (2.5599ms)
✔ reserved residual exhaustion preserves existing classes and reports the resource boundary (4.4116ms)
✔ chunk exact keys survive collisions and growth; a hit never requests insertion capacity (1.1566ms)
✔ canonical cardinality and descriptor hashes match independent term sequences across growth and geometries (433.8545ms)
✔ term writer rejects malformed capacity before mutation and class-count allocation failure preserves published classes (3.6828ms)
✔ qualification baseline keeps one proof owner and rejects invalid residual inputs (1.1891ms)
✔ support access rejects malformed indices and columns without rank-zero aliases (1.6602ms)
✔ paired response guard preserves every column reservoir in packed and table layouts (3.7287ms)
✔ compiled residual coverage rejects malformed inputs and reads canonical chunks after growth (6.6467ms)
✔ board input is captured once at initialization and residual widths derive from that domain (65.228ms)
✔ state interning and cached edges reject values outside their owned domains (0.6223ms)
✔ slot64 cell masks reject integer wrapping and preserve the residual class (0.5366ms)
✔ failed state growth leaves every existing backing array and capacity intact (12.2243ms)
✔ semantic IDs and cached edges survive repeated state growth and hash collisions (72.0138ms)
✔ cleanup attempts every owned termination after stop/drain/close failure (1.1931ms)
✔ postMessage failure poisons executor and releases every pending task (0.8157ms)
✔ malformed worker values poison before the worker can run queued work (0.7605ms)
✔ synchronous abandonment failure cannot interrupt executor poisoning (0.4056ms)
✔ queued payloads are captured at submission instead of borrowing caller state (0.3546ms)
✔ path replies must match the dispatched planner state and failed pools cannot be reused (0.6822ms)
✔ Branch Manager calls fail immediately after observed exit instead of awaiting a dead worker (49.941ms)
✔ semantic worker fails closed on unknown protocol and remains poisoned (55.4719ms)
✔ bounded work plan rejects bad ordering/ranks and reduces actual worker values exactly (105.0907ms)
ℹ tests 54
ℹ suites 0
ℹ pass 54
ℹ fail 0
ℹ cancelled 0
ℹ skipped 0
ℹ todo 0
ℹ duration_ms 794.9375
