✔ bounded normal search keeps horizon leaves unknown and can resume exact search (1.8149ms)
✔ an unresolved sibling cannot turn a known draw into an exact root draw (0.2351ms)
✔ a proved winning child still cuts off after an unresolved sibling (0.1787ms)
✔ bounded forced chains respect the horizon and restore unrestricted search after failure (0.2706ms)
✔ structural draw intersects prior proof and rejects contradictory exact bounds (0.8685ms)
✔ both decision policies reject rank-preserving forced transitions (1.5095ms)
✔ a scout rejected with null cannot become a draw through numeric coercion (0.6335ms)
✔ a failed re-search retains ownership of its outstanding peer scouts (3.0455ms)
✔ frontier copying handles overlapping distinct views and keeps cached masks private (0.7915ms)
✔ fused frontier advancement matches independent masks for disjoint and overlapping views (3.3667ms)
✔ coherent read boundary rejects malformed scalars before typed narrowing (0.694ms)
✔ actual search visits moves in descending eval order; hints only break equal scores (1.1754ms)
✔ root action results expose one canonical draw value after perspective reversal (0.2936ms)
✔ proof arenas dispatch only explicit complete contracts (1.9765ms)
✔ publication rejects invalid values and hints before either live or stale access (1.6314ms)
✔ packed records reject reserved bits, invalid bounds and implicit number coercion (0.4905ms)
✔ replacement before proof lock acquisition rejects old publication and releases the acquired generation (0.4707ms)
✔ contradictory publication leaves the current proof intact and releases the writer (0.4956ms)
✔ coherent proof read observes sound writer-held record without blocking (0.8261ms)
✔ hash rejection skips generation loads; replacement across the filter still requires exact payload (1.8726ms)
✔ bucket prefix probes stop at first empty and preserve exact matches through collisions, writers, poison and reset (0.7691ms)
✔ a first-empty observation during concurrent publication is only a miss and cannot hide the next probe (0.2147ms)
✔ current-handle observation rechecks generation after observing slot status (0.2451ms)
✔ game adapters require an arena bound to their exact geometry and term vocabulary (8.1206ms)
✔ resource reset rejects semantic nonquiescence before clearing static proofs (0.4751ms)
✔ arena views reject aliases/growth and snapshot mutable transport metadata (0.6087ms)
✔ a failure after payload overwrite poisons the new generation until quiescent reset (0.46ms)
✔ generation exhaustion never wraps into a prior handle (0.3329ms)
✔ negative allocation and counters cannot alias existing term storage (0.4226ms)
✔ proof writer excludes replacement and reset, then wakes replacement on release (65.1196ms)
✔ changed-slot identity converges across blocking order, including all-zero address filters (21.2989ms)
✔ compact index preserves capacity and published keys when link or bucket allocation fails (3.0051ms)
✔ cheap chunk address collisions preserve exact IDs through dictionary rehash (2.1918ms)
✔ reserved composed hashes reuse immutable local IDs across traversal and shared arena reset (23.8616ms)
✔ empty chunk identity survives dictionary growth and validates input before reuse (0.8664ms)
✔ direct semantic edges agree with recomputation and repeated edges bypass every interner (17.4566ms)
✔ prepared exact search performs no typed allocation or backing-array growth (7.7874ms)
✔ reserved state/chunk exhaustion preserves published identities instead of allocating (5.3717ms)
✔ standalone local solver reserves its proof arrays without adding them to online workers (2.4208ms)
✔ reserved residual exhaustion preserves existing classes and reports the resource boundary (4.3ms)
✔ chunk exact keys survive collisions and growth; a hit never requests insertion capacity (0.7535ms)
✔ canonical cardinality and descriptor hashes match independent term sequences across growth and geometries (454.6169ms)
✔ term writer rejects malformed capacity before mutation and class-count allocation failure preserves published classes (4.453ms)
✔ qualification baseline keeps one proof owner and rejects invalid residual inputs (0.695ms)
✔ support access rejects malformed indices and columns without rank-zero aliases (1.5619ms)
✔ paired response guard preserves every column reservoir in packed and table layouts (3.4193ms)
✔ compiled residual coverage rejects malformed inputs and reads canonical chunks after growth (5.9434ms)
✔ board input is captured once at initialization and residual widths derive from that domain (52.3166ms)
✔ state interning and cached edges reject values outside their owned domains (0.5932ms)
✔ slot64 cell masks reject integer wrapping and preserve the residual class (0.4359ms)
✔ failed state growth leaves every existing backing array and capacity intact (11.043ms)
✔ semantic IDs and cached edges survive repeated state growth and hash collisions (71.7737ms)
✔ cleanup attempts every owned termination after stop/drain/close failure (1.0335ms)
✔ postMessage failure poisons executor and releases every pending task (0.8548ms)
✔ malformed worker values poison before the worker can run queued work (0.8236ms)
✔ synchronous abandonment failure cannot interrupt executor poisoning (0.4298ms)
✔ queued payloads are captured at submission instead of borrowing caller state (0.3971ms)
✔ path replies must match the dispatched planner state and failed pools cannot be reused (0.7567ms)
✔ Branch Manager calls fail immediately after observed exit instead of awaiting a dead worker (46.3666ms)
✔ semantic worker fails closed on unknown protocol and remains poisoned (57.4105ms)
✔ bounded work plan rejects bad ordering/ranks and reduces actual worker values exactly (105.1002ms)
ℹ tests 61
ℹ suites 0
ℹ pass 61
ℹ fail 0
ℹ cancelled 0
ℹ skipped 0
ℹ todo 0
ℹ duration_ms 835.0308
