{"event":"case-start","index":0,"input":"45461667","expectedWdl":1}
(node:2852) ExperimentalWarning: FFI is an experimental feature and might change at any time
(Use `node --trace-warnings ...` to show where the warning was created)
{"event":"progress","index":0,"elapsedMs":30011.597,"cpuCycles":"33964813167","rssBytes":111558656}
{"event":"progress","index":0,"elapsedMs":60012.2242,"cpuCycles":"65672374102","rssBytes":107872256}
{"event":"progress","index":0,"elapsedMs":90028.55750000001,"cpuCycles":"100869310258","rssBytes":107843584}
{"event":"case-result","index":0,"input":"45461667","expectedWdl":1,"status":"TIMEOUT","rootWdl":null,"move":-1,"errorCode":102,"errors":[],"fault":[0,0,0,0],"metrics":{"claims":208441,"branches":208291,"evaluations":208441,"idlePolls":0,"cpcCalls":712768,"cpcExact":195650,"cpcBounds":71184,"cpcRestrictions":92511,"cpcForced":50870,"cpcPrecursors":805,"transitions":506498,"readyExposure":0,"ttLive":34868,"readyCount":13408,"eventCount":0},"reflected":0,"elapsedMs":120011.53760000001,"cleanup":true,"workersExited":2,"sharedBytes":43253944,"requestedWorkers":1,"workersUsed":1,"wallMs":120017.2405,"cpuMs":39407,"cpuCycles":"142414098789","rssBytes":101478400,"oracleMatched":null}
{"event":"case-start","index":1,"input":"35333571","expectedWdl":-1}
{"event":"progress","index":1,"elapsedMs":30007.03959999999,"cpuCycles":"41822345365","rssBytes":150327296}
{"event":"progress","index":1,"elapsedMs":60023.72409999999,"cpuCycles":"92937663236","rssBytes":159559680}
{"event":"progress","index":1,"elapsedMs":90023.87719999999,"cpuCycles":"145805195846","rssBytes":163901440}
{"event":"case-result","index":1,"input":"35333571","expectedWdl":-1,"status":"FAILED","rootWdl":null,"move":-1,"errorCode":1,"errors":[],"fault":[0,0,0,0],"metrics":{"claims":228145,"branches":227894,"evaluations":228145,"idlePolls":0,"cpcCalls":719344,"cpcExact":113927,"cpcBounds":293514,"cpcRestrictions":87365,"cpcForced":68182,"cpcPrecursors":3569,"transitions":495021,"readyExposure":0,"ttLive":65536,"readyCount":21664,"eventCount":69},"reflected":1,"elapsedMs":91241.1275,"cleanup":true,"workersExited":2,"sharedBytes":43253944,"requestedWorkers":1,"workersUsed":1,"wallMs":91246.4981,"cpuMs":40031,"cpuCycles":"148074274600","rssBytes":141361152,"oracleMatched":null}
{"event":"case-start","index":2,"input":"13333111","expectedWdl":0}
{"event":"progress","index":2,"elapsedMs":30008.860199999996,"cpuCycles":"45406502997","rssBytes":199200768}
{"event":"progress","index":2,"elapsedMs":60008.48859999998,"cpuCycles":"98750384789","rssBytes":206200832}
{"event":"progress","index":2,"elapsedMs":90009.4548,"cpuCycles":"159428236719","rssBytes":206364672}
{"event":"case-result","index":2,"input":"13333111","expectedWdl":0,"status":"FAILED","rootWdl":null,"move":-1,"errorCode":1,"errors":[],"fault":[0,0,0,0],"metrics":{"claims":261789,"branches":261529,"evaluations":261789,"idlePolls":0,"cpcCalls":835634,"cpcExact":141245,"cpcBounds":297367,"cpcRestrictions":92871,"cpcForced":72521,"cpcPrecursors":2989,"transitions":575134,"readyExposure":0,"ttLive":65536,"readyCount":25850,"eventCount":47},"reflected":1,"elapsedMs":108890.1043,"cleanup":true,"workersExited":2,"sharedBytes":43253944,"requestedWorkers":1,"workersUsed":1,"wallMs":108895.59129999997,"cpuMs":50484,"cpuCycles":"190070979139","rssBytes":189591552,"oracleMatched":null}
{"event":"case-start","index":3,"input":"","expectedWdl":1}
{"event":"progress","index":3,"elapsedMs":30010.533400000015,"cpuCycles":"42971210345","rssBytes":240656384}
{"event":"progress","index":3,"elapsedMs":60010.81599999999,"cpuCycles":"90499746811","rssBytes":251260928}
{"event":"case-result","index":3,"input":"","expectedWdl":1,"status":"FAILED","rootWdl":null,"move":-1,"errorCode":1,"errors":[],"fault":[0,0,0,0],"metrics":{"claims":158014,"branches":157818,"evaluations":158014,"idlePolls":0,"cpcCalls":506723,"cpcExact":82608,"cpcBounds":161769,"cpcRestrictions":73551,"cpcForced":46235,"cpcPrecursors":1196,"transitions":353048,"readyExposure":0,"ttLive":65536,"readyCount":25374,"eventCount":13},"reflected":0,"elapsedMs":68819.53779999999,"cleanup":true,"workersExited":2,"sharedBytes":43253944,"requestedWorkers":1,"workersUsed":1,"wallMs":68822.46729999996,"cpuMs":27719,"cpuCycles":"104432576232","rssBytes":227729408,"oracleMatched":null}
{"event":"finish","outcome":"INCOMPLETE_OR_FAILED","cases":4}
