ONLINE_DEPENDENCY_PARALLEL_SUMMARY={"kind":"connect4-online-frontier-dependency-parallel-negamax-v5","status":"complete","spec":{"columns":4,"rows":5,"connect":4},"repeats":5,"availableParallelism":16,"priorityProbeDepth":0,"completeGlobalGraphRequiredByRecursiveSearch":false,"canonicalProofIdentity":"exact_semantic_descriptor","coordinatorImplementation":"createOnlineDependencyCoordinator","coordinatorDiagnostics":"immutable_stats_snapshot","ordering":"dynamic_live_winning_line_frontier_with_proof_hint_equal_score_tiebreak","forcedTransit":"macro_normalized_before_decision_depth","sharedProofAdmission":"probe_without_allocation_then_generation_stable_read_or_rebind_on_publication","siblingCompletion":"incremental_completion_order_with_noninterrupting_detach_after_cutoff","baseline":{"elapsedMsMedian":60.7244,"expandedMedian":10756,"callsMedian":23527,"runs":[{"elapsedMs":184.84920000000002,"expanded":10756,"calls":23527,"forcedMacroTransitions":4297,"proofAdmissions":12716},{"elapsedMs":74.07229999999998,"expanded":10756,"calls":23527,"forcedMacroTransitions":4297,"proofAdmissions":12716},{"elapsedMs":60.7244,"expanded":10756,"calls":23527,"forcedMacroTransitions":4297,"proofAdmissions":12716},{"elapsedMs":49.03530000000001,"expanded":10756,"calls":23527,"forcedMacroTransitions":4297,"proofAdmissions":12716},{"elapsedMs":56.58549999999991,"expanded":10756,"calls":23527,"forcedMacroTransitions":4297,"proofAdmissions":12716}]},"results":[{"requestedWorkers":1,"workers":1,"splitDepth":2,"splitDepthMeaning":"unresolved_decision_depth_after_forced_macro_normalization","rootResolvedMsMedian":47.91339999999991,"elapsedMsMedian":47.92169999999999,"totalExpandedMedian":10756,"shallowExpandedMedian":5,"workerExpandedMedian":10751,"leafTasksMedian":7,"scoutTasksMedian":6,"detachedScoutTasksMedian":0,"reSearchesMedian":0,"parallelBatchesMedian":2,"actions":[0,0,0,0],"runs":[{"rootResolvedMs":55.55010000000004,"elapsedMs":55.55540000000008,"shallowExpanded":5,"workerExpanded":10751,"totalExpanded":10756,"leafTasks":7,"scoutTasks":6,"incrementalScoutCompletions":6,"detachedScoutTasks":0,"detachedBatches":0,"reSearches":0,"parallelBatches":2,"forcedMacroTransitions":0,"proofAdmissions":5,"coordinatorStates":12,"coordinatorClasses":24,"coordinatorPaths":12,"priorityMemoEntries":7,"priorityMemoDrops":0},{"rootResolvedMs":47.91339999999991,"elapsedMs":47.92169999999999,"shallowExpanded":5,"workerExpanded":10751,"totalExpanded":10756,"leafTasks":7,"scoutTasks":6,"incrementalScoutCompletions":6,"detachedScoutTasks":0,"detachedBatches":0,"reSearches":0,"parallelBatches":2,"forcedMacroTransitions":0,"proofAdmissions":5,"coordinatorStates":12,"coordinatorClasses":24,"coordinatorPaths":12,"priorityMemoEntries":7,"priorityMemoDrops":0},{"rootResolvedMs":47.74879999999996,"elapsedMs":47.75490000000002,"shallowExpanded":5,"workerExpanded":10751,"totalExpanded":10756,"leafTasks":7,"scoutTasks":6,"incrementalScoutCompletions":6,"detachedScoutTasks":0,"detachedBatches":0,"reSearches":0,"parallelBatches":2,"forcedMacroTransitions":0,"proofAdmissions":5,"coordinatorStates":12,"coordinatorClasses":24,"coordinatorPaths":12,"priorityMemoEntries":7,"priorityMemoDrops":0},{"rootResolvedMs":48.50459999999998,"elapsedMs":48.51110000000017,"shallowExpanded":5,"workerExpanded":10751,"totalExpanded":10756,"leafTasks":7,"scoutTasks":6,"incrementalScoutCompletions":6,"detachedScoutTasks":0,"detachedBatches":0,"reSearches":0,"parallelBatches":2,"forcedMacroTransitions":0,"proofAdmissions":5,"coordinatorStates":12,"coordinatorClasses":24,"coordinatorPaths":12,"priorityMemoEntries":7,"priorityMemoDrops":0},{"rootResolvedMs":47.69170000000008,"elapsedMs":47.69859999999994,"shallowExpanded":5,"workerExpanded":10751,"totalExpanded":10756,"leafTasks":7,"scoutTasks":6,"incrementalScoutCompletions":6,"detachedScoutTasks":0,"detachedBatches":0,"reSearches":0,"parallelBatches":2,"forcedMacroTransitions":0,"proofAdmissions":5,"coordinatorStates":12,"coordinatorClasses":24,"coordinatorPaths":12,"priorityMemoEntries":7,"priorityMemoDrops":0}]},{"requestedWorkers":1,"workers":1,"splitDepth":3,"splitDepthMeaning":"unresolved_decision_depth_after_forced_macro_normalization","rootResolvedMsMedian":44.91350000000011,"elapsedMsMedian":44.91980000000012,"totalExpandedMedian":10789,"shallowExpandedMedian":12,"workerExpandedMedian":10777,"leafTasksMedian":20,"scoutTasksMedian":18,"detachedScoutTasksMedian":0,"reSearchesMedian":1,"parallelBatchesMedian":6,"actions":[0,0,0,0],"runs":[{"rootResolvedMs":49.53309999999988,"elapsedMs":49.53969999999981,"shallowExpanded":12,"workerExpanded":10777,"totalExpanded":10789,"leafTasks":20,"scoutTasks":18,"incrementalScoutCompletions":18,"detachedScoutTasks":0,"detachedBatches":0,"reSearches":1,"parallelBatches":6,"forcedMacroTransitions":0,"proofAdmissions":12,"coordinatorStates":40,"coordinatorClasses":68,"coordinatorPaths":31,"priorityMemoEntries":19,"priorityMemoDrops":0},{"rootResolvedMs":40.85459999999989,"elapsedMs":40.86149999999998,"shallowExpanded":12,"workerExpanded":10777,"totalExpanded":10789,"leafTasks":20,"scoutTasks":18,"incrementalScoutCompletions":18,"detachedScoutTasks":0,"detachedBatches":0,"reSearches":1,"parallelBatches":6,"forcedMacroTransitions":0,"proofAdmissions":12,"coordinatorStates":40,"coordinatorClasses":68,"coordinatorPaths":31,"priorityMemoEntries":19,"priorityMemoDrops":0},{"rootResolvedMs":47.43489999999997,"elapsedMs":47.444999999999936,"shallowExpanded":12,"workerExpanded":10777,"totalExpanded":10789,"leafTasks":20,"scoutTasks":18,"incrementalScoutCompletions":18,"detachedScoutTasks":0,"detachedBatches":0,"reSearches":1,"parallelBatches":6,"forcedMacroTransitions":0,"proofAdmissions":12,"coordinatorStates":40,"coordinatorClasses":68,"coordinatorPaths":31,"priorityMemoEntries":19,"priorityMemoDrops":0},{"rootResolvedMs":43.733400000000074,"elapsedMs":43.74330000000009,"shallowExpanded":12,"workerExpanded":10777,"totalExpanded":10789,"leafTasks":20,"scoutTasks":18,"incrementalScoutCompletions":18,"detachedScoutTasks":0,"detachedBatches":0,"reSearches":1,"parallelBatches":6,"forcedMacroTransitions":0,"proofAdmissions":12,"coordinatorStates":40,"coordinatorClasses":68,"coordinatorPaths":31,"priorityMemoEntries":19,"priorityMemoDrops":0},{"rootResolvedMs":44.91350000000011,"elapsedMs":44.91980000000012,"shallowExpanded":12,"workerExpanded":10777,"totalExpanded":10789,"leafTasks":20,"scoutTasks":18,"incrementalScoutCompletions":18,"detachedScoutTasks":0,"detachedBatches":0,"reSearches":1,"parallelBatches":6,"forcedMacroTransitions":0,"proofAdmissions":12,"coordinatorStates":40,"coordinatorClasses":68,"coordinatorPaths":31,"priorityMemoEntries":19,"priorityMemoDrops":0}]},{"requestedWorkers":1,"workers":1,"splitDepth":4,"splitDepthMeaning":"unresolved_decision_depth_after_forced_macro_normalization","rootResolvedMsMedian":61.02689999999984,"elapsedMsMedian":61.03309999999988,"totalExpandedMedian":14028,"shallowExpandedMedian":32,"workerExpandedMedian":13996,"leafTasksMedian":37,"scoutTasksMedian":36,"detachedScoutTasksMedian":4,"reSearchesMedian":1,"parallelBatchesMedian":12,"actions":[0,0,0,0],"runs":[{"rootResolvedMs":55.49350000000004,"elapsedMs":55.499000000000024,"shallowExpanded":32,"workerExpanded":13996,"totalExpanded":14028,"leafTasks":37,"scoutTasks":36,"incrementalScoutCompletions":32,"detachedScoutTasks":4,"detachedBatches":2,"reSearches":1,"parallelBatches":12,"forcedMacroTransitions":0,"proofAdmissions":31,"coordinatorStates":81,"coordinatorClasses":150,"coordinatorPaths":63,"priorityMemoEntries":32,"priorityMemoDrops":0},{"rootResolvedMs":56.231199999999944,"elapsedMs":56.23759999999993,"shallowExpanded":32,"workerExpanded":13996,"totalExpanded":14028,"leafTasks":37,"scoutTasks":36,"incrementalScoutCompletions":32,"detachedScoutTasks":4,"detachedBatches":2,"reSearches":1,"parallelBatches":12,"forcedMacroTransitions":0,"proofAdmissions":31,"coordinatorStates":81,"coordinatorClasses":150,"coordinatorPaths":63,"priorityMemoEntries":32,"priorityMemoDrops":0},{"rootResolvedMs":61.60589999999979,"elapsedMs":61.61209999999983,"shallowExpanded":32,"workerExpanded":13996,"totalExpanded":14028,"leafTasks":37,"scoutTasks":36,"incrementalScoutCompletions":32,"detachedScoutTasks":4,"detachedBatches":2,"reSearches":1,"parallelBatches":12,"forcedMacroTransitions":0,"proofAdmissions":31,"coordinatorStates":81,"coordinatorClasses":150,"coordinatorPaths":63,"priorityMemoEntries":32,"priorityMemoDrops":0},{"rootResolvedMs":61.02689999999984,"elapsedMs":61.03309999999988,"shallowExpanded":32,"workerExpanded":13996,"totalExpanded":14028,"leafTasks":37,"scoutTasks":36,"incrementalScoutCompletions":32,"detachedScoutTasks":4,"detachedBatches":2,"reSearches":1,"parallelBatches":12,"forcedMacroTransitions":0,"proofAdmissions":31,"coordinatorStates":81,"coordinatorClasses":150,"coordinatorPaths":63,"priorityMemoEntries":32,"priorityMemoDrops":0},{"rootResolvedMs":65.85720000000015,"elapsedMs":65.86379999999986,"shallowExpanded":32,"workerExpanded":13996,"totalExpanded":14028,"leafTasks":37,"scoutTasks":36,"incrementalScoutCompletions":32,"detachedScoutTasks":4,"detachedBatches":2,"reSearches":1,"parallelBatches":12,"forcedMacroTransitions":0,"proofAdmissions":31,"coordinatorStates":81,"coordinatorClasses":150,"coordinatorPaths":63,"priorityMemoEntries":32,"priorityMemoDrops":0}]},{"requestedWorkers":2,"workers":2,"splitDepth":2,"splitDepthMeaning":"unresolved_decision_depth_after_forced_macro_normalization","rootResolvedMsMedian":68.94290000000001,"elapsedMsMedian":68.94789999999966,"totalExpandedMedian":10758,"shallowExpandedMedian":5,"workerExpandedMedian":10753,"leafTasksMedian":7,"scoutTasksMedian":6,"detachedScoutTasksMedian":0,"reSearchesMedian":0,"parallelBatchesMedian":2,"actions":[0,0,0,0],"runs":[{"rootResolvedMs":115.20749999999998,"elapsedMs":115.2156,"shallowExpanded":5,"workerExpanded":10751,"totalExpanded":10756,"leafTasks":7,"scoutTasks":6,"incrementalScoutCompletions":6,"detachedScoutTasks":0,"detachedBatches":0,"reSearches":0,"parallelBatches":2,"forcedMacroTransitions":0,"proofAdmissions":5,"coordinatorStates":12,"coordinatorClasses":24,"coordinatorPaths":12,"priorityMemoEntries":7,"priorityMemoDrops":0},{"rootResolvedMs":84.66190000000006,"elapsedMs":84.66829999999982,"shallowExpanded":5,"workerExpanded":10753,"totalExpanded":10758,"leafTasks":7,"scoutTasks":6,"incrementalScoutCompletions":6,"detachedScoutTasks":0,"detachedBatches":0,"reSearches":0,"parallelBatches":2,"forcedMacroTransitions":0,"proofAdmissions":5,"coordinatorStates":12,"coordinatorClasses":24,"coordinatorPaths":12,"priorityMemoEntries":7,"priorityMemoDrops":0},{"rootResolvedMs":58.035899999999856,"elapsedMs":58.04509999999982,"shallowExpanded":5,"workerExpanded":10786,"totalExpanded":10791,"leafTasks":7,"scoutTasks":6,"incrementalScoutCompletions":6,"detachedScoutTasks":0,"detachedBatches":0,"reSearches":0,"parallelBatches":2,"forcedMacroTransitions":0,"proofAdmissions":5,"coordinatorStates":12,"coordinatorClasses":24,"coordinatorPaths":12,"priorityMemoEntries":7,"priorityMemoDrops":0},{"rootResolvedMs":68.94290000000001,"elapsedMs":68.94789999999966,"shallowExpanded":5,"workerExpanded":10751,"totalExpanded":10756,"leafTasks":7,"scoutTasks":6,"incrementalScoutCompletions":6,"detachedScoutTasks":0,"detachedBatches":0,"reSearches":0,"parallelBatches":2,"forcedMacroTransitions":0,"proofAdmissions":5,"coordinatorStates":12,"coordinatorClasses":24,"coordinatorPaths":12,"priorityMemoEntries":7,"priorityMemoDrops":0},{"rootResolvedMs":60.3748999999998,"elapsedMs":60.38119999999981,"shallowExpanded":5,"workerExpanded":10812,"totalExpanded":10817,"leafTasks":7,"scoutTasks":6,"incrementalScoutCompletions":6,"detachedScoutTasks":0,"detachedBatches":0,"reSearches":0,"parallelBatches":2,"forcedMacroTransitions":0,"proofAdmissions":5,"coordinatorStates":12,"coordinatorClasses":24,"coordinatorPaths":12,"priorityMemoEntries":7,"priorityMemoDrops":0}]},{"requestedWorkers":2,"workers":2,"splitDepth":3,"splitDepthMeaning":"unresolved_decision_depth_after_forced_macro_normalization","rootResolvedMsMedian":130.51060000000007,"elapsedMsMedian":130.51909999999998,"totalExpandedMedian":10795,"shallowExpandedMedian":12,"workerExpandedMedian":10783,"leafTasksMedian":20,"scoutTasksMedian":18,"detachedScoutTasksMedian":0,"reSearchesMedian":1,"parallelBatchesMedian":6,"actions":[0,0,0,0],"runs":[{"rootResolvedMs":140.78279999999995,"elapsedMs":140.79219999999987,"shallowExpanded":12,"workerExpanded":10781,"totalExpanded":10793,"leafTasks":20,"scoutTasks":18,"incrementalScoutCompletions":18,"detachedScoutTasks":0,"detachedBatches":0,"reSearches":1,"parallelBatches":6,"forcedMacroTransitions":0,"proofAdmissions":12,"coordinatorStates":40,"coordinatorClasses":68,"coordinatorPaths":31,"priorityMemoEntries":19,"priorityMemoDrops":0},{"rootResolvedMs":136.9335000000001,"elapsedMs":136.9432999999999,"shallowExpanded":12,"workerExpanded":10783,"totalExpanded":10795,"leafTasks":20,"scoutTasks":18,"incrementalScoutCompletions":18,"detachedScoutTasks":0,"detachedBatches":0,"reSearches":1,"parallelBatches":6,"forcedMacroTransitions":0,"proofAdmissions":12,"coordinatorStates":40,"coordinatorClasses":68,"coordinatorPaths":31,"priorityMemoEntries":19,"priorityMemoDrops":0},{"rootResolvedMs":116.85189999999966,"elapsedMs":116.86059999999998,"shallowExpanded":12,"workerExpanded":10808,"totalExpanded":10820,"leafTasks":20,"scoutTasks":18,"incrementalScoutCompletions":18,"detachedScoutTasks":0,"detachedBatches":0,"reSearches":1,"parallelBatches":6,"forcedMacroTransitions":0,"proofAdmissions":12,"coordinatorStates":40,"coordinatorClasses":68,"coordinatorPaths":31,"priorityMemoEntries":19,"priorityMemoDrops":0},{"rootResolvedMs":125.51560000000018,"elapsedMs":125.52370000000019,"shallowExpanded":12,"workerExpanded":10782,"totalExpanded":10794,"leafTasks":20,"scoutTasks":18,"incrementalScoutCompletions":18,"detachedScoutTasks":0,"detachedBatches":0,"reSearches":1,"parallelBatches":6,"forcedMacroTransitions":0,"proofAdmissions":12,"coordinatorStates":40,"coordinatorClasses":68,"coordinatorPaths":31,"priorityMemoEntries":19,"priorityMemoDrops":0},{"rootResolvedMs":130.51060000000007,"elapsedMs":130.51909999999998,"shallowExpanded":12,"workerExpanded":10788,"totalExpanded":10800,"leafTasks":20,"scoutTasks":18,"incrementalScoutCompletions":18,"detachedScoutTasks":0,"detachedBatches":0,"reSearches":1,"parallelBatches":6,"forcedMacroTransitions":0,"proofAdmissions":12,"coordinatorStates":40,"coordinatorClasses":68,"coordinatorPaths":31,"priorityMemoEntries":19,"priorityMemoDrops":0}]},{"requestedWorkers":2,"workers":2,"splitDepth":4,"splitDepthMeaning":"unresolved_decision_depth_after_forced_macro_normalization","rootResolvedMsMedian":122.07469999999921,"elapsedMsMedian":122.08459999999923,"totalExpandedMedian":14040,"shallowExpandedMedian":32,"workerExpandedMedian":14008,"leafTasksMedian":37,"scoutTasksMedian":36,"detachedScoutTasksMedian":4,"reSearchesMedian":1,"parallelBatchesMedian":12,"actions":[0,0,0,0],"runs":[{"rootResolvedMs":123.51640000000043,"elapsedMs":123.52559999999994,"shallowExpanded":32,"workerExpanded":14000,"totalExpanded":14032,"leafTasks":37,"scoutTasks":36,"incrementalScoutCompletions":32,"detachedScoutTasks":4,"detachedBatches":2,"reSearches":1,"parallelBatches":12,"forcedMacroTransitions":0,"proofAdmissions":31,"coordinatorStates":81,"coordinatorClasses":150,"coordinatorPaths":63,"priorityMemoEntries":32,"priorityMemoDrops":0},{"rootResolvedMs":122.07469999999921,"elapsedMs":122.08459999999923,"shallowExpanded":32,"workerExpanded":14009,"totalExpanded":14041,"leafTasks":37,"scoutTasks":36,"incrementalScoutCompletions":32,"detachedScoutTasks":4,"detachedBatches":2,"reSearches":1,"parallelBatches":12,"forcedMacroTransitions":0,"proofAdmissions":31,"coordinatorStates":81,"coordinatorClasses":150,"coordinatorPaths":63,"priorityMemoEntries":32,"priorityMemoDrops":0},{"rootResolvedMs":124.48459999999977,"elapsedMs":124.49330000000009,"shallowExpanded":32,"workerExpanded":14007,"totalExpanded":14039,"leafTasks":37,"scoutTasks":36,"incrementalScoutCompletions":32,"detachedScoutTasks":4,"detachedBatches":2,"reSearches":1,"parallelBatches":12,"forcedMacroTransitions":0,"proofAdmissions":31,"coordinatorStates":81,"coordinatorClasses":150,"coordinatorPaths":63,"priorityMemoEntries":32,"priorityMemoDrops":0},{"rootResolvedMs":110.78169999999955,"elapsedMs":110.78970000000027,"shallowExpanded":32,"workerExpanded":14008,"totalExpanded":14040,"leafTasks":37,"scoutTasks":36,"incrementalScoutCompletions":32,"detachedScoutTasks":4,"detachedBatches":2,"reSearches":1,"parallelBatches":12,"forcedMacroTransitions":0,"proofAdmissions":31,"coordinatorStates":81,"coordinatorClasses":150,"coordinatorPaths":63,"priorityMemoEntries":32,"priorityMemoDrops":0},{"rootResolvedMs":119.88749999999982,"elapsedMs":119.89669999999933,"shallowExpanded":32,"workerExpanded":14021,"totalExpanded":14053,"leafTasks":37,"scoutTasks":36,"incrementalScoutCompletions":32,"detachedScoutTasks":4,"detachedBatches":2,"reSearches":1,"parallelBatches":12,"forcedMacroTransitions":0,"proofAdmissions":31,"coordinatorStates":81,"coordinatorClasses":150,"coordinatorPaths":63,"priorityMemoEntries":32,"priorityMemoDrops":0}]},{"requestedWorkers":3,"workers":3,"splitDepth":2,"splitDepthMeaning":"unresolved_decision_depth_after_forced_macro_normalization","rootResolvedMsMedian":119.76350000000002,"elapsedMsMedian":119.77329999999984,"totalExpandedMedian":10762,"shallowExpandedMedian":5,"workerExpandedMedian":10757,"leafTasksMedian":7,"scoutTasksMedian":6,"detachedScoutTasksMedian":0,"reSearchesMedian":0,"parallelBatchesMedian":2,"actions":[0,0,0,0],"runs":[{"rootResolvedMs":221.14879999999994,"elapsedMs":221.15740000000005,"shallowExpanded":5,"workerExpanded":10789,"totalExpanded":10794,"leafTasks":7,"scoutTasks":6,"incrementalScoutCompletions":6,"detachedScoutTasks":0,"detachedBatches":0,"reSearches":0,"parallelBatches":2,"forcedMacroTransitions":0,"proofAdmissions":5,"coordinatorStates":12,"coordinatorClasses":24,"coordinatorPaths":12,"priorityMemoEntries":7,"priorityMemoDrops":0},{"rootResolvedMs":202.6322999999993,"elapsedMs":202.64109999999982,"shallowExpanded":5,"workerExpanded":10752,"totalExpanded":10757,"leafTasks":7,"scoutTasks":6,"incrementalScoutCompletions":6,"detachedScoutTasks":0,"detachedBatches":0,"reSearches":0,"parallelBatches":2,"forcedMacroTransitions":0,"proofAdmissions":5,"coordinatorStates":12,"coordinatorClasses":24,"coordinatorPaths":12,"priorityMemoEntries":7,"priorityMemoDrops":0},{"rootResolvedMs":119.76350000000002,"elapsedMs":119.77329999999984,"shallowExpanded":5,"workerExpanded":10762,"totalExpanded":10767,"leafTasks":7,"scoutTasks":6,"incrementalScoutCompletions":6,"detachedScoutTasks":0,"detachedBatches":0,"reSearches":0,"parallelBatches":2,"forcedMacroTransitions":0,"proofAdmissions":5,"coordinatorStates":12,"coordinatorClasses":24,"coordinatorPaths":12,"priorityMemoEntries":7,"priorityMemoDrops":0},{"rootResolvedMs":85.28949999999986,"elapsedMs":85.29809999999998,"shallowExpanded":5,"workerExpanded":10757,"totalExpanded":10762,"leafTasks":7,"scoutTasks":6,"incrementalScoutCompletions":6,"detachedScoutTasks":0,"detachedBatches":0,"reSearches":0,"parallelBatches":2,"forcedMacroTransitions":0,"proofAdmissions":5,"coordinatorStates":12,"coordinatorClasses":24,"coordinatorPaths":12,"priorityMemoEntries":7,"priorityMemoDrops":0},{"rootResolvedMs":82.5581000000002,"elapsedMs":82.5672999999997,"shallowExpanded":5,"workerExpanded":10753,"totalExpanded":10758,"leafTasks":7,"scoutTasks":6,"incrementalScoutCompletions":6,"detachedScoutTasks":0,"detachedBatches":0,"reSearches":0,"parallelBatches":2,"forcedMacroTransitions":0,"proofAdmissions":5,"coordinatorStates":12,"coordinatorClasses":24,"coordinatorPaths":12,"priorityMemoEntries":7,"priorityMemoDrops":0}]},{"requestedWorkers":3,"workers":3,"splitDepth":3,"splitDepthMeaning":"unresolved_decision_depth_after_forced_macro_normalization","rootResolvedMsMedian":78.62700000000041,"elapsedMsMedian":78.63550000000032,"totalExpandedMedian":10833,"shallowExpandedMedian":12,"workerExpandedMedian":10821,"leafTasksMedian":20,"scoutTasksMedian":18,"detachedScoutTasksMedian":0,"reSearchesMedian":1,"parallelBatchesMedian":6,"actions":[0,0,0,0],"runs":[{"rootResolvedMs":83.66479999999956,"elapsedMs":83.67379999999957,"shallowExpanded":12,"workerExpanded":10790,"totalExpanded":10802,"leafTasks":20,"scoutTasks":18,"incrementalScoutCompletions":18,"detachedScoutTasks":0,"detachedBatches":0,"reSearches":1,"parallelBatches":6,"forcedMacroTransitions":0,"proofAdmissions":12,"coordinatorStates":40,"coordinatorClasses":68,"coordinatorPaths":31,"priorityMemoEntries":19,"priorityMemoDrops":0},{"rootResolvedMs":78.62700000000041,"elapsedMs":78.63550000000032,"shallowExpanded":12,"workerExpanded":10833,"totalExpanded":10845,"leafTasks":20,"scoutTasks":18,"incrementalScoutCompletions":18,"detachedScoutTasks":0,"detachedBatches":0,"reSearches":1,"parallelBatches":6,"forcedMacroTransitions":0,"proofAdmissions":12,"coordinatorStates":40,"coordinatorClasses":68,"coordinatorPaths":31,"priorityMemoEntries":19,"priorityMemoDrops":0},{"rootResolvedMs":74.82150000000001,"elapsedMs":74.82920000000013,"shallowExpanded":12,"workerExpanded":10848,"totalExpanded":10860,"leafTasks":20,"scoutTasks":18,"incrementalScoutCompletions":18,"detachedScoutTasks":0,"detachedBatches":0,"reSearches":1,"parallelBatches":6,"forcedMacroTransitions":0,"proofAdmissions":12,"coordinatorStates":40,"coordinatorClasses":68,"coordinatorPaths":31,"priorityMemoEntries":19,"priorityMemoDrops":0},{"rootResolvedMs":78.76569999999992,"elapsedMs":78.77419999999984,"shallowExpanded":12,"workerExpanded":10821,"totalExpanded":10833,"leafTasks":20,"scoutTasks":18,"incrementalScoutCompletions":18,"detachedScoutTasks":0,"detachedBatches":0,"reSearches":1,"parallelBatches":6,"forcedMacroTransitions":0,"proofAdmissions":12,"coordinatorStates":40,"coordinatorClasses":68,"coordinatorPaths":31,"priorityMemoEntries":19,"priorityMemoDrops":0},{"rootResolvedMs":77.0600999999997,"elapsedMs":77.06880000000001,"shallowExpanded":12,"workerExpanded":10792,"totalExpanded":10804,"leafTasks":20,"scoutTasks":18,"incrementalScoutCompletions":18,"detachedScoutTasks":0,"detachedBatches":0,"reSearches":1,"parallelBatches":6,"forcedMacroTransitions":0,"proofAdmissions":12,"coordinatorStates":40,"coordinatorClasses":68,"coordinatorPaths":31,"priorityMemoEntries":19,"priorityMemoDrops":0}]},{"requestedWorkers":3,"workers":3,"splitDepth":4,"splitDepthMeaning":"unresolved_decision_depth_after_forced_macro_normalization","rootResolvedMsMedian":92.32970000000023,"elapsedMsMedian":92.33940000000075,"totalExpandedMedian":14161,"shallowExpandedMedian":32,"workerExpandedMedian":14129,"leafTasksMedian":37,"scoutTasksMedian":36,"detachedScoutTasksMedian":4,"reSearchesMedian":1,"parallelBatchesMedian":12,"actions":[0,0,0,0],"runs":[{"rootResolvedMs":106.33630000000085,"elapsedMs":106.34540000000015,"shallowExpanded":32,"workerExpanded":14129,"totalExpanded":14161,"leafTasks":37,"scoutTasks":36,"incrementalScoutCompletions":33,"detachedScoutTasks":3,"detachedBatches":2,"reSearches":1,"parallelBatches":12,"forcedMacroTransitions":0,"proofAdmissions":31,"coordinatorStates":81,"coordinatorClasses":150,"coordinatorPaths":63,"priorityMemoEntries":32,"priorityMemoDrops":0},{"rootResolvedMs":92.32970000000023,"elapsedMs":92.33940000000075,"shallowExpanded":32,"workerExpanded":14038,"totalExpanded":14070,"leafTasks":37,"scoutTasks":36,"incrementalScoutCompletions":32,"detachedScoutTasks":4,"detachedBatches":2,"reSearches":1,"parallelBatches":12,"forcedMacroTransitions":0,"proofAdmissions":31,"coordinatorStates":81,"coordinatorClasses":150,"coordinatorPaths":63,"priorityMemoEntries":32,"priorityMemoDrops":0},{"rootResolvedMs":90.8078000000005,"elapsedMs":90.81700000000092,"shallowExpanded":32,"workerExpanded":14173,"totalExpanded":14205,"leafTasks":37,"scoutTasks":36,"incrementalScoutCompletions":33,"detachedScoutTasks":3,"detachedBatches":2,"reSearches":1,"parallelBatches":12,"forcedMacroTransitions":0,"proofAdmissions":31,"coordinatorStates":81,"coordinatorClasses":150,"coordinatorPaths":63,"priorityMemoEntries":32,"priorityMemoDrops":0},{"rootResolvedMs":83.91070000000036,"elapsedMs":83.92009999999937,"shallowExpanded":32,"workerExpanded":14125,"totalExpanded":14157,"leafTasks":37,"scoutTasks":36,"incrementalScoutCompletions":32,"detachedScoutTasks":4,"detachedBatches":2,"reSearches":1,"parallelBatches":12,"forcedMacroTransitions":0,"proofAdmissions":31,"coordinatorStates":81,"coordinatorClasses":150,"coordinatorPaths":63,"priorityMemoEntries":32,"priorityMemoDrops":0},{"rootResolvedMs":125.9385999999995,"elapsedMs":125.94830000000002,"shallowExpanded":32,"workerExpanded":14137,"totalExpanded":14169,"leafTasks":37,"scoutTasks":36,"incrementalScoutCompletions":32,"detachedScoutTasks":4,"detachedBatches":2,"reSearches":1,"parallelBatches":12,"forcedMacroTransitions":0,"proofAdmissions":31,"coordinatorStates":81,"coordinatorClasses":150,"coordinatorPaths":63,"priorityMemoEntries":32,"priorityMemoDrops":0}]},{"requestedWorkers":4,"workers":4,"splitDepth":2,"splitDepthMeaning":"unresolved_decision_depth_after_forced_macro_normalization","rootResolvedMsMedian":205.50850000000173,"elapsedMsMedian":205.51710000000094,"totalExpandedMedian":10772,"shallowExpandedMedian":5,"workerExpandedMedian":10767,"leafTasksMedian":7,"scoutTasksMedian":6,"detachedScoutTasksMedian":0,"reSearchesMedian":0,"parallelBatchesMedian":2,"actions":[0,0,0,0],"runs":[{"rootResolvedMs":298.22639999999956,"elapsedMs":298.2345000000005,"shallowExpanded":5,"workerExpanded":10800,"totalExpanded":10805,"leafTasks":7,"scoutTasks":6,"incrementalScoutCompletions":6,"detachedScoutTasks":0,"detachedBatches":0,"reSearches":0,"parallelBatches":2,"forcedMacroTransitions":0,"proofAdmissions":5,"coordinatorStates":12,"coordinatorClasses":24,"coordinatorPaths":12,"priorityMemoEntries":7,"priorityMemoDrops":0},{"rootResolvedMs":354.64630000000034,"elapsedMs":354.65500000000065,"shallowExpanded":5,"workerExpanded":10761,"totalExpanded":10766,"leafTasks":7,"scoutTasks":6,"incrementalScoutCompletions":6,"detachedScoutTasks":0,"detachedBatches":0,"reSearches":0,"parallelBatches":2,"forcedMacroTransitions":0,"proofAdmissions":5,"coordinatorStates":12,"coordinatorClasses":24,"coordinatorPaths":12,"priorityMemoEntries":7,"priorityMemoDrops":0},{"rootResolvedMs":184.89989999999852,"elapsedMs":184.90849999999955,"shallowExpanded":5,"workerExpanded":10782,"totalExpanded":10787,"leafTasks":7,"scoutTasks":6,"incrementalScoutCompletions":6,"detachedScoutTasks":0,"detachedBatches":0,"reSearches":0,"parallelBatches":2,"forcedMacroTransitions":0,"proofAdmissions":5,"coordinatorStates":12,"coordinatorClasses":24,"coordinatorPaths":12,"priorityMemoEntries":7,"priorityMemoDrops":0},{"rootResolvedMs":205.50850000000173,"elapsedMs":205.51710000000094,"shallowExpanded":5,"workerExpanded":10767,"totalExpanded":10772,"leafTasks":7,"scoutTasks":6,"incrementalScoutCompletions":6,"detachedScoutTasks":0,"detachedBatches":0,"reSearches":0,"parallelBatches":2,"forcedMacroTransitions":0,"proofAdmissions":5,"coordinatorStates":12,"coordinatorClasses":24,"coordinatorPaths":12,"priorityMemoEntries":7,"priorityMemoDrops":0},{"rootResolvedMs":173.39209999999912,"elapsedMs":173.40089999999873,"shallowExpanded":5,"workerExpanded":10767,"totalExpanded":10772,"leafTasks":7,"scoutTasks":6,"incrementalScoutCompletions":6,"detachedScoutTasks":0,"detachedBatches":0,"reSearches":0,"parallelBatches":2,"forcedMacroTransitions":0,"proofAdmissions":5,"coordinatorStates":12,"coordinatorClasses":24,"coordinatorPaths":12,"priorityMemoEntries":7,"priorityMemoDrops":0}]},{"requestedWorkers":4,"workers":4,"splitDepth":3,"splitDepthMeaning":"unresolved_decision_depth_after_forced_macro_normalization","rootResolvedMsMedian":85.0661,"elapsedMsMedian":85.07309999999961,"totalExpandedMedian":10832,"shallowExpandedMedian":12,"workerExpandedMedian":10820,"leafTasksMedian":20,"scoutTasksMedian":18,"detachedScoutTasksMedian":0,"reSearchesMedian":1,"parallelBatchesMedian":6,"actions":[0,0,0,0],"runs":[{"rootResolvedMs":90.28299999999945,"elapsedMs":90.29210000000057,"shallowExpanded":12,"workerExpanded":10800,"totalExpanded":10812,"leafTasks":20,"scoutTasks":18,"incrementalScoutCompletions":18,"detachedScoutTasks":0,"detachedBatches":0,"reSearches":1,"parallelBatches":6,"forcedMacroTransitions":0,"proofAdmissions":12,"coordinatorStates":40,"coordinatorClasses":68,"coordinatorPaths":31,"priorityMemoEntries":19,"priorityMemoDrops":0},{"rootResolvedMs":95.57129999999961,"elapsedMs":95.57940000000053,"shallowExpanded":12,"workerExpanded":10794,"totalExpanded":10806,"leafTasks":20,"scoutTasks":18,"incrementalScoutCompletions":18,"detachedScoutTasks":0,"detachedBatches":0,"reSearches":1,"parallelBatches":6,"forcedMacroTransitions":0,"proofAdmissions":12,"coordinatorStates":40,"coordinatorClasses":68,"coordinatorPaths":31,"priorityMemoEntries":19,"priorityMemoDrops":0},{"rootResolvedMs":85.0661,"elapsedMs":85.07309999999961,"shallowExpanded":12,"workerExpanded":10825,"totalExpanded":10837,"leafTasks":20,"scoutTasks":18,"incrementalScoutCompletions":18,"detachedScoutTasks":0,"detachedBatches":0,"reSearches":1,"parallelBatches":6,"forcedMacroTransitions":0,"proofAdmissions":12,"coordinatorStates":40,"coordinatorClasses":68,"coordinatorPaths":31,"priorityMemoEntries":19,"priorityMemoDrops":0},{"rootResolvedMs":76.60119999999915,"elapsedMs":76.60909999999967,"shallowExpanded":12,"workerExpanded":10820,"totalExpanded":10832,"leafTasks":20,"scoutTasks":18,"incrementalScoutCompletions":18,"detachedScoutTasks":0,"detachedBatches":0,"reSearches":1,"parallelBatches":6,"forcedMacroTransitions":0,"proofAdmissions":12,"coordinatorStates":40,"coordinatorClasses":68,"coordinatorPaths":31,"priorityMemoEntries":19,"priorityMemoDrops":0},{"rootResolvedMs":71.27579999999944,"elapsedMs":71.28390000000036,"shallowExpanded":12,"workerExpanded":10833,"totalExpanded":10845,"leafTasks":20,"scoutTasks":18,"incrementalScoutCompletions":18,"detachedScoutTasks":0,"detachedBatches":0,"reSearches":1,"parallelBatches":6,"forcedMacroTransitions":0,"proofAdmissions":12,"coordinatorStates":40,"coordinatorClasses":68,"coordinatorPaths":31,"priorityMemoEntries":19,"priorityMemoDrops":0}]},{"requestedWorkers":4,"workers":4,"splitDepth":4,"splitDepthMeaning":"unresolved_decision_depth_after_forced_macro_normalization","rootResolvedMsMedian":68.29269999999997,"elapsedMsMedian":68.3048000000017,"totalExpandedMedian":14111,"shallowExpandedMedian":32,"workerExpandedMedian":14079,"leafTasksMedian":37,"scoutTasksMedian":36,"detachedScoutTasksMedian":4,"reSearchesMedian":1,"parallelBatchesMedian":12,"actions":[0,0,0,0],"runs":[{"rootResolvedMs":69.77469999999994,"elapsedMs":69.78199999999924,"shallowExpanded":32,"workerExpanded":14290,"totalExpanded":14322,"leafTasks":36,"scoutTasks":36,"incrementalScoutCompletions":32,"detachedScoutTasks":4,"detachedBatches":2,"reSearches":1,"parallelBatches":12,"forcedMacroTransitions":0,"proofAdmissions":31,"coordinatorStates":81,"coordinatorClasses":150,"coordinatorPaths":63,"priorityMemoEntries":32,"priorityMemoDrops":0},{"rootResolvedMs":68.29269999999997,"elapsedMs":68.3048000000017,"shallowExpanded":32,"workerExpanded":14028,"totalExpanded":14060,"leafTasks":37,"scoutTasks":36,"incrementalScoutCompletions":32,"detachedScoutTasks":4,"detachedBatches":2,"reSearches":1,"parallelBatches":12,"forcedMacroTransitions":0,"proofAdmissions":31,"coordinatorStates":81,"coordinatorClasses":150,"coordinatorPaths":63,"priorityMemoEntries":32,"priorityMemoDrops":0},{"rootResolvedMs":63.693199999999706,"elapsedMs":63.74120000000039,"shallowExpanded":32,"workerExpanded":14065,"totalExpanded":14097,"leafTasks":37,"scoutTasks":36,"incrementalScoutCompletions":32,"detachedScoutTasks":4,"detachedBatches":2,"reSearches":1,"parallelBatches":12,"forcedMacroTransitions":0,"proofAdmissions":31,"coordinatorStates":81,"coordinatorClasses":150,"coordinatorPaths":63,"priorityMemoEntries":32,"priorityMemoDrops":0},{"rootResolvedMs":58.52060000000165,"elapsedMs":58.52860000000146,"shallowExpanded":32,"workerExpanded":14079,"totalExpanded":14111,"leafTasks":37,"scoutTasks":36,"incrementalScoutCompletions":32,"detachedScoutTasks":4,"detachedBatches":2,"reSearches":1,"parallelBatches":12,"forcedMacroTransitions":0,"proofAdmissions":31,"coordinatorStates":81,"coordinatorClasses":150,"coordinatorPaths":63,"priorityMemoEntries":32,"priorityMemoDrops":0},{"rootResolvedMs":69.15220000000045,"elapsedMs":69.16010000000097,"shallowExpanded":32,"workerExpanded":14126,"totalExpanded":14158,"leafTasks":36,"scoutTasks":36,"incrementalScoutCompletions":32,"detachedScoutTasks":4,"detachedBatches":2,"reSearches":1,"parallelBatches":12,"forcedMacroTransitions":0,"proofAdmissions":31,"coordinatorStates":81,"coordinatorClasses":150,"coordinatorPaths":63,"priorityMemoEntries":32,"priorityMemoDrops":0}]}],"best":{"requestedWorkers":1,"workers":1,"splitDepth":3,"splitDepthMeaning":"unresolved_decision_depth_after_forced_macro_normalization","rootResolvedMsMedian":44.91350000000011,"elapsedMsMedian":44.91980000000012,"totalExpandedMedian":10789,"shallowExpandedMedian":12,"workerExpandedMedian":10777,"leafTasksMedian":20,"scoutTasksMedian":18,"detachedScoutTasksMedian":0,"reSearchesMedian":1,"parallelBatchesMedian":6,"actions":[0,0,0,0],"runs":[{"rootResolvedMs":49.53309999999988,"elapsedMs":49.53969999999981,"shallowExpanded":12,"workerExpanded":10777,"totalExpanded":10789,"leafTasks":20,"scoutTasks":18,"incrementalScoutCompletions":18,"detachedScoutTasks":0,"detachedBatches":0,"reSearches":1,"parallelBatches":6,"forcedMacroTransitions":0,"proofAdmissions":12,"coordinatorStates":40,"coordinatorClasses":68,"coordinatorPaths":31,"priorityMemoEntries":19,"priorityMemoDrops":0},{"rootResolvedMs":40.85459999999989,"elapsedMs":40.86149999999998,"shallowExpanded":12,"workerExpanded":10777,"totalExpanded":10789,"leafTasks":20,"scoutTasks":18,"incrementalScoutCompletions":18,"detachedScoutTasks":0,"detachedBatches":0,"reSearches":1,"parallelBatches":6,"forcedMacroTransitions":0,"proofAdmissions":12,"coordinatorStates":40,"coordinatorClasses":68,"coordinatorPaths":31,"priorityMemoEntries":19,"priorityMemoDrops":0},{"rootResolvedMs":47.43489999999997,"elapsedMs":47.444999999999936,"shallowExpanded":12,"workerExpanded":10777,"totalExpanded":10789,"leafTasks":20,"scoutTasks":18,"incrementalScoutCompletions":18,"detachedScoutTasks":0,"detachedBatches":0,"reSearches":1,"parallelBatches":6,"forcedMacroTransitions":0,"proofAdmissions":12,"coordinatorStates":40,"coordinatorClasses":68,"coordinatorPaths":31,"priorityMemoEntries":19,"priorityMemoDrops":0},{"rootResolvedMs":43.733400000000074,"elapsedMs":43.74330000000009,"shallowExpanded":12,"workerExpanded":10777,"totalExpanded":10789,"leafTasks":20,"scoutTasks":18,"incrementalScoutCompletions":18,"detachedScoutTasks":0,"detachedBatches":0,"reSearches":1,"parallelBatches":6,"forcedMacroTransitions":0,"proofAdmissions":12,"coordinatorStates":40,"coordinatorClasses":68,"coordinatorPaths":31,"priorityMemoEntries":19,"priorityMemoDrops":0},{"rootResolvedMs":44.91350000000011,"elapsedMs":44.91980000000012,"shallowExpanded":12,"workerExpanded":10777,"totalExpanded":10789,"leafTasks":20,"scoutTasks":18,"incrementalScoutCompletions":18,"detachedScoutTasks":0,"detachedBatches":0,"reSearches":1,"parallelBatches":6,"forcedMacroTransitions":0,"proofAdmissions":12,"coordinatorStates":40,"coordinatorClasses":68,"coordinatorPaths":31,"priorityMemoEntries":19,"priorityMemoDrops":0}]}}
{
  "kind": "connect4-online-frontier-dependency-parallel-negamax-v5",
  "status": "complete",
  "spec": {
    "columns": 4,
    "rows": 5,
    "connect": 4
  },
  "repeats": 5,
  "availableParallelism": 16,
  "priorityProbeDepth": 0,
  "completeGlobalGraphRequiredByRecursiveSearch": false,
  "canonicalProofIdentity": "exact_semantic_descriptor",
  "coordinatorImplementation": "createOnlineDependencyCoordinator",
  "coordinatorDiagnostics": "immutable_stats_snapshot",
  "ordering": "dynamic_live_winning_line_frontier_with_proof_hint_equal_score_tiebreak",
  "forcedTransit": "macro_normalized_before_decision_depth",
  "sharedProofAdmission": "probe_without_allocation_then_generation_stable_read_or_rebind_on_publication",
  "siblingCompletion": "incremental_completion_order_with_noninterrupting_detach_after_cutoff",
  "baseline": {
    "elapsedMsMedian": 60.7244,
    "expandedMedian": 10756,
    "callsMedian": 23527,
    "runs": [
      {
        "elapsedMs": 184.84920000000002,
        "expanded": 10756,
        "calls": 23527,
        "forcedMacroTransitions": 4297,
        "proofAdmissions": 12716
      },
      {
        "elapsedMs": 74.07229999999998,
        "expanded": 10756,
        "calls": 23527,
        "forcedMacroTransitions": 4297,
        "proofAdmissions": 12716
      },
      {
        "elapsedMs": 60.7244,
        "expanded": 10756,
        "calls": 23527,
        "forcedMacroTransitions": 4297,
        "proofAdmissions": 12716
      },
      {
        "elapsedMs": 49.03530000000001,
        "expanded": 10756,
        "calls": 23527,
        "forcedMacroTransitions": 4297,
        "proofAdmissions": 12716
      },
      {
        "elapsedMs": 56.58549999999991,
        "expanded": 10756,
        "calls": 23527,
        "forcedMacroTransitions": 4297,
        "proofAdmissions": 12716
      }
    ]
  },
  "results": [
    {
      "requestedWorkers": 1,
      "workers": 1,
      "splitDepth": 2,
      "splitDepthMeaning": "unresolved_decision_depth_after_forced_macro_normalization",
      "rootResolvedMsMedian": 47.91339999999991,
      "elapsedMsMedian": 47.92169999999999,
      "totalExpandedMedian": 10756,
      "shallowExpandedMedian": 5,
      "workerExpandedMedian": 10751,
      "leafTasksMedian": 7,
      "scoutTasksMedian": 6,
      "detachedScoutTasksMedian": 0,
      "reSearchesMedian": 0,
      "parallelBatchesMedian": 2,
      "actions": [
        0,
        0,
        0,
        0
      ],
      "runs": [
        {
          "rootResolvedMs": 55.55010000000004,
          "elapsedMs": 55.55540000000008,
          "shallowExpanded": 5,
          "workerExpanded": 10751,
          "totalExpanded": 10756,
          "leafTasks": 7,
          "scoutTasks": 6,
          "incrementalScoutCompletions": 6,
          "detachedScoutTasks": 0,
          "detachedBatches": 0,
          "reSearches": 0,
          "parallelBatches": 2,
          "forcedMacroTransitions": 0,
          "proofAdmissions": 5,
          "coordinatorStates": 12,
          "coordinatorClasses": 24,
          "coordinatorPaths": 12,
          "priorityMemoEntries": 7,
          "priorityMemoDrops": 0
        },
        {
          "rootResolvedMs": 47.91339999999991,
          "elapsedMs": 47.92169999999999,
          "shallowExpanded": 5,
          "workerExpanded": 10751,
          "totalExpanded": 10756,
          "leafTasks": 7,
          "scoutTasks": 6,
          "incrementalScoutCompletions": 6,
          "detachedScoutTasks": 0,
          "detachedBatches": 0,
          "reSearches": 0,
          "parallelBatches": 2,
          "forcedMacroTransitions": 0,
          "proofAdmissions": 5,
          "coordinatorStates": 12,
          "coordinatorClasses": 24,
          "coordinatorPaths": 12,
          "priorityMemoEntries": 7,
          "priorityMemoDrops": 0
        },
        {
          "rootResolvedMs": 47.74879999999996,
          "elapsedMs": 47.75490000000002,
          "shallowExpanded": 5,
          "workerExpanded": 10751,
          "totalExpanded": 10756,
          "leafTasks": 7,
          "scoutTasks": 6,
          "incrementalScoutCompletions": 6,
          "detachedScoutTasks": 0,
          "detachedBatches": 0,
          "reSearches": 0,
          "parallelBatches": 2,
          "forcedMacroTransitions": 0,
          "proofAdmissions": 5,
          "coordinatorStates": 12,
          "coordinatorClasses": 24,
          "coordinatorPaths": 12,
          "priorityMemoEntries": 7,
          "priorityMemoDrops": 0
        },
        {
          "rootResolvedMs": 48.50459999999998,
          "elapsedMs": 48.51110000000017,
          "shallowExpanded": 5,
          "workerExpanded": 10751,
          "totalExpanded": 10756,
          "leafTasks": 7,
          "scoutTasks": 6,
          "incrementalScoutCompletions": 6,
          "detachedScoutTasks": 0,
          "detachedBatches": 0,
          "reSearches": 0,
          "parallelBatches": 2,
          "forcedMacroTransitions": 0,
          "proofAdmissions": 5,
          "coordinatorStates": 12,
          "coordinatorClasses": 24,
          "coordinatorPaths": 12,
          "priorityMemoEntries": 7,
          "priorityMemoDrops": 0
        },
        {
          "rootResolvedMs": 47.69170000000008,
          "elapsedMs": 47.69859999999994,
          "shallowExpanded": 5,
          "workerExpanded": 10751,
          "totalExpanded": 10756,
          "leafTasks": 7,
          "scoutTasks": 6,
          "incrementalScoutCompletions": 6,
          "detachedScoutTasks": 0,
          "detachedBatches": 0,
          "reSearches": 0,
          "parallelBatches": 2,
          "forcedMacroTransitions": 0,
          "proofAdmissions": 5,
          "coordinatorStates": 12,
          "coordinatorClasses": 24,
          "coordinatorPaths": 12,
          "priorityMemoEntries": 7,
          "priorityMemoDrops": 0
        }
      ]
    },
    {
      "requestedWorkers": 1,
      "workers": 1,
      "splitDepth": 3,
      "splitDepthMeaning": "unresolved_decision_depth_after_forced_macro_normalization",
      "rootResolvedMsMedian": 44.91350000000011,
      "elapsedMsMedian": 44.91980000000012,
      "totalExpandedMedian": 10789,
      "shallowExpandedMedian": 12,
      "workerExpandedMedian": 10777,
      "leafTasksMedian": 20,
      "scoutTasksMedian": 18,
      "detachedScoutTasksMedian": 0,
      "reSearchesMedian": 1,
      "parallelBatchesMedian": 6,
      "actions": [
        0,
        0,
        0,
        0
      ],
      "runs": [
        {
          "rootResolvedMs": 49.53309999999988,
          "elapsedMs": 49.53969999999981,
          "shallowExpanded": 12,
          "workerExpanded": 10777,
          "totalExpanded": 10789,
          "leafTasks": 20,
          "scoutTasks": 18,
          "incrementalScoutCompletions": 18,
          "detachedScoutTasks": 0,
          "detachedBatches": 0,
          "reSearches": 1,
          "parallelBatches": 6,
          "forcedMacroTransitions": 0,
          "proofAdmissions": 12,
          "coordinatorStates": 40,
          "coordinatorClasses": 68,
          "coordinatorPaths": 31,
          "priorityMemoEntries": 19,
          "priorityMemoDrops": 0
        },
        {
          "rootResolvedMs": 40.85459999999989,
          "elapsedMs": 40.86149999999998,
          "shallowExpanded": 12,
          "workerExpanded": 10777,
          "totalExpanded": 10789,
          "leafTasks": 20,
          "scoutTasks": 18,
          "incrementalScoutCompletions": 18,
          "detachedScoutTasks": 0,
          "detachedBatches": 0,
          "reSearches": 1,
          "parallelBatches": 6,
          "forcedMacroTransitions": 0,
          "proofAdmissions": 12,
          "coordinatorStates": 40,
          "coordinatorClasses": 68,
          "coordinatorPaths": 31,
          "priorityMemoEntries": 19,
          "priorityMemoDrops": 0
        },
        {
          "rootResolvedMs": 47.43489999999997,
          "elapsedMs": 47.444999999999936,
          "shallowExpanded": 12,
          "workerExpanded": 10777,
          "totalExpanded": 10789,
          "leafTasks": 20,
          "scoutTasks": 18,
          "incrementalScoutCompletions": 18,
          "detachedScoutTasks": 0,
          "detachedBatches": 0,
          "reSearches": 1,
          "parallelBatches": 6,
          "forcedMacroTransitions": 0,
          "proofAdmissions": 12,
          "coordinatorStates": 40,
          "coordinatorClasses": 68,
          "coordinatorPaths": 31,
          "priorityMemoEntries": 19,
          "priorityMemoDrops": 0
        },
        {
          "rootResolvedMs": 43.733400000000074,
          "elapsedMs": 43.74330000000009,
          "shallowExpanded": 12,
          "workerExpanded": 10777,
          "totalExpanded": 10789,
          "leafTasks": 20,
          "scoutTasks": 18,
          "incrementalScoutCompletions": 18,
          "detachedScoutTasks": 0,
          "detachedBatches": 0,
          "reSearches": 1,
          "parallelBatches": 6,
          "forcedMacroTransitions": 0,
          "proofAdmissions": 12,
          "coordinatorStates": 40,
          "coordinatorClasses": 68,
          "coordinatorPaths": 31,
          "priorityMemoEntries": 19,
          "priorityMemoDrops": 0
        },
        {
          "rootResolvedMs": 44.91350000000011,
          "elapsedMs": 44.91980000000012,
          "shallowExpanded": 12,
          "workerExpanded": 10777,
          "totalExpanded": 10789,
          "leafTasks": 20,
          "scoutTasks": 18,
          "incrementalScoutCompletions": 18,
          "detachedScoutTasks": 0,
          "detachedBatches": 0,
          "reSearches": 1,
          "parallelBatches": 6,
          "forcedMacroTransitions": 0,
          "proofAdmissions": 12,
          "coordinatorStates": 40,
          "coordinatorClasses": 68,
          "coordinatorPaths": 31,
          "priorityMemoEntries": 19,
          "priorityMemoDrops": 0
        }
      ]
    },
    {
      "requestedWorkers": 1,
      "workers": 1,
      "splitDepth": 4,
      "splitDepthMeaning": "unresolved_decision_depth_after_forced_macro_normalization",
      "rootResolvedMsMedian": 61.02689999999984,
      "elapsedMsMedian": 61.03309999999988,
      "totalExpandedMedian": 14028,
      "shallowExpandedMedian": 32,
      "workerExpandedMedian": 13996,
      "leafTasksMedian": 37,
      "scoutTasksMedian": 36,
      "detachedScoutTasksMedian": 4,
      "reSearchesMedian": 1,
      "parallelBatchesMedian": 12,
      "actions": [
        0,
        0,
        0,
        0
      ],
      "runs": [
        {
          "rootResolvedMs": 55.49350000000004,
          "elapsedMs": 55.499000000000024,
          "shallowExpanded": 32,
          "workerExpanded": 13996,
          "totalExpanded": 14028,
          "leafTasks": 37,
          "scoutTasks": 36,
          "incrementalScoutCompletions": 32,
          "detachedScoutTasks": 4,
          "detachedBatches": 2,
          "reSearches": 1,
          "parallelBatches": 12,
          "forcedMacroTransitions": 0,
          "proofAdmissions": 31,
          "coordinatorStates": 81,
          "coordinatorClasses": 150,
          "coordinatorPaths": 63,
          "priorityMemoEntries": 32,
          "priorityMemoDrops": 0
        },
        {
          "rootResolvedMs": 56.231199999999944,
          "elapsedMs": 56.23759999999993,
          "shallowExpanded": 32,
          "workerExpanded": 13996,
          "totalExpanded": 14028,
          "leafTasks": 37,
          "scoutTasks": 36,
          "incrementalScoutCompletions": 32,
          "detachedScoutTasks": 4,
          "detachedBatches": 2,
          "reSearches": 1,
          "parallelBatches": 12,
          "forcedMacroTransitions": 0,
          "proofAdmissions": 31,
          "coordinatorStates": 81,
          "coordinatorClasses": 150,
          "coordinatorPaths": 63,
          "priorityMemoEntries": 32,
          "priorityMemoDrops": 0
        },
        {
          "rootResolvedMs": 61.60589999999979,
          "elapsedMs": 61.61209999999983,
          "shallowExpanded": 32,
          "workerExpanded": 13996,
          "totalExpanded": 14028,
          "leafTasks": 37,
          "scoutTasks": 36,
          "incrementalScoutCompletions": 32,
          "detachedScoutTasks": 4,
          "detachedBatches": 2,
          "reSearches": 1,
          "parallelBatches": 12,
          "forcedMacroTransitions": 0,
          "proofAdmissions": 31,
          "coordinatorStates": 81,
          "coordinatorClasses": 150,
          "coordinatorPaths": 63,
          "priorityMemoEntries": 32,
          "priorityMemoDrops": 0
        },
        {
          "rootResolvedMs": 61.02689999999984,
          "elapsedMs": 61.03309999999988,
          "shallowExpanded": 32,
          "workerExpanded": 13996,
          "totalExpanded": 14028,
          "leafTasks": 37,
          "scoutTasks": 36,
          "incrementalScoutCompletions": 32,
          "detachedScoutTasks": 4,
          "detachedBatches": 2,
          "reSearches": 1,
          "parallelBatches": 12,
          "forcedMacroTransitions": 0,
          "proofAdmissions": 31,
          "coordinatorStates": 81,
          "coordinatorClasses": 150,
          "coordinatorPaths": 63,
          "priorityMemoEntries": 32,
          "priorityMemoDrops": 0
        },
        {
          "rootResolvedMs": 65.85720000000015,
          "elapsedMs": 65.86379999999986,
          "shallowExpanded": 32,
          "workerExpanded": 13996,
          "totalExpanded": 14028,
          "leafTasks": 37,
          "scoutTasks": 36,
          "incrementalScoutCompletions": 32,
          "detachedScoutTasks": 4,
          "detachedBatches": 2,
          "reSearches": 1,
          "parallelBatches": 12,
          "forcedMacroTransitions": 0,
          "proofAdmissions": 31,
          "coordinatorStates": 81,
          "coordinatorClasses": 150,
          "coordinatorPaths": 63,
          "priorityMemoEntries": 32,
          "priorityMemoDrops": 0
        }
      ]
    },
    {
      "requestedWorkers": 2,
      "workers": 2,
      "splitDepth": 2,
      "splitDepthMeaning": "unresolved_decision_depth_after_forced_macro_normalization",
      "rootResolvedMsMedian": 68.94290000000001,
      "elapsedMsMedian": 68.94789999999966,
      "totalExpandedMedian": 10758,
      "shallowExpandedMedian": 5,
      "workerExpandedMedian": 10753,
      "leafTasksMedian": 7,
      "scoutTasksMedian": 6,
      "detachedScoutTasksMedian": 0,
      "reSearchesMedian": 0,
      "parallelBatchesMedian": 2,
      "actions": [
        0,
        0,
        0,
        0
      ],
      "runs": [
        {
          "rootResolvedMs": 115.20749999999998,
          "elapsedMs": 115.2156,
          "shallowExpanded": 5,
          "workerExpanded": 10751,
          "totalExpanded": 10756,
          "leafTasks": 7,
          "scoutTasks": 6,
          "incrementalScoutCompletions": 6,
          "detachedScoutTasks": 0,
          "detachedBatches": 0,
          "reSearches": 0,
          "parallelBatches": 2,
          "forcedMacroTransitions": 0,
          "proofAdmissions": 5,
          "coordinatorStates": 12,
          "coordinatorClasses": 24,
          "coordinatorPaths": 12,
          "priorityMemoEntries": 7,
          "priorityMemoDrops": 0
        },
        {
          "rootResolvedMs": 84.66190000000006,
          "elapsedMs": 84.66829999999982,
          "shallowExpanded": 5,
          "workerExpanded": 10753,
          "totalExpanded": 10758,
          "leafTasks": 7,
          "scoutTasks": 6,
          "incrementalScoutCompletions": 6,
          "detachedScoutTasks": 0,
          "detachedBatches": 0,
          "reSearches": 0,
          "parallelBatches": 2,
          "forcedMacroTransitions": 0,
          "proofAdmissions": 5,
          "coordinatorStates": 12,
          "coordinatorClasses": 24,
          "coordinatorPaths": 12,
          "priorityMemoEntries": 7,
          "priorityMemoDrops": 0
        },
        {
          "rootResolvedMs": 58.035899999999856,
          "elapsedMs": 58.04509999999982,
          "shallowExpanded": 5,
          "workerExpanded": 10786,
          "totalExpanded": 10791,
          "leafTasks": 7,
          "scoutTasks": 6,
          "incrementalScoutCompletions": 6,
          "detachedScoutTasks": 0,
          "detachedBatches": 0,
          "reSearches": 0,
          "parallelBatches": 2,
          "forcedMacroTransitions": 0,
          "proofAdmissions": 5,
          "coordinatorStates": 12,
          "coordinatorClasses": 24,
          "coordinatorPaths": 12,
          "priorityMemoEntries": 7,
          "priorityMemoDrops": 0
        },
        {
          "rootResolvedMs": 68.94290000000001,
          "elapsedMs": 68.94789999999966,
          "shallowExpanded": 5,
          "workerExpanded": 10751,
          "totalExpanded": 10756,
          "leafTasks": 7,
          "scoutTasks": 6,
          "incrementalScoutCompletions": 6,
          "detachedScoutTasks": 0,
          "detachedBatches": 0,
          "reSearches": 0,
          "parallelBatches": 2,
          "forcedMacroTransitions": 0,
          "proofAdmissions": 5,
          "coordinatorStates": 12,
          "coordinatorClasses": 24,
          "coordinatorPaths": 12,
          "priorityMemoEntries": 7,
          "priorityMemoDrops": 0
        },
        {
          "rootResolvedMs": 60.3748999999998,
          "elapsedMs": 60.38119999999981,
          "shallowExpanded": 5,
          "workerExpanded": 10812,
          "totalExpanded": 10817,
          "leafTasks": 7,
          "scoutTasks": 6,
          "incrementalScoutCompletions": 6,
          "detachedScoutTasks": 0,
          "detachedBatches": 0,
          "reSearches": 0,
          "parallelBatches": 2,
          "forcedMacroTransitions": 0,
          "proofAdmissions": 5,
          "coordinatorStates": 12,
          "coordinatorClasses": 24,
          "coordinatorPaths": 12,
          "priorityMemoEntries": 7,
          "priorityMemoDrops": 0
        }
      ]
    },
    {
      "requestedWorkers": 2,
      "workers": 2,
      "splitDepth": 3,
      "splitDepthMeaning": "unresolved_decision_depth_after_forced_macro_normalization",
      "rootResolvedMsMedian": 130.51060000000007,
      "elapsedMsMedian": 130.51909999999998,
      "totalExpandedMedian": 10795,
      "shallowExpandedMedian": 12,
      "workerExpandedMedian": 10783,
      "leafTasksMedian": 20,
      "scoutTasksMedian": 18,
      "detachedScoutTasksMedian": 0,
      "reSearchesMedian": 1,
      "parallelBatchesMedian": 6,
      "actions": [
        0,
        0,
        0,
        0
      ],
      "runs": [
        {
          "rootResolvedMs": 140.78279999999995,
          "elapsedMs": 140.79219999999987,
          "shallowExpanded": 12,
          "workerExpanded": 10781,
          "totalExpanded": 10793,
          "leafTasks": 20,
          "scoutTasks": 18,
          "incrementalScoutCompletions": 18,
          "detachedScoutTasks": 0,
          "detachedBatches": 0,
          "reSearches": 1,
          "parallelBatches": 6,
          "forcedMacroTransitions": 0,
          "proofAdmissions": 12,
          "coordinatorStates": 40,
          "coordinatorClasses": 68,
          "coordinatorPaths": 31,
          "priorityMemoEntries": 19,
          "priorityMemoDrops": 0
        },
        {
          "rootResolvedMs": 136.9335000000001,
          "elapsedMs": 136.9432999999999,
          "shallowExpanded": 12,
          "workerExpanded": 10783,
          "totalExpanded": 10795,
          "leafTasks": 20,
          "scoutTasks": 18,
          "incrementalScoutCompletions": 18,
          "detachedScoutTasks": 0,
          "detachedBatches": 0,
          "reSearches": 1,
          "parallelBatches": 6,
          "forcedMacroTransitions": 0,
          "proofAdmissions": 12,
          "coordinatorStates": 40,
          "coordinatorClasses": 68,
          "coordinatorPaths": 31,
          "priorityMemoEntries": 19,
          "priorityMemoDrops": 0
        },
        {
          "rootResolvedMs": 116.85189999999966,
          "elapsedMs": 116.86059999999998,
          "shallowExpanded": 12,
          "workerExpanded": 10808,
          "totalExpanded": 10820,
          "leafTasks": 20,
          "scoutTasks": 18,
          "incrementalScoutCompletions": 18,
          "detachedScoutTasks": 0,
          "detachedBatches": 0,
          "reSearches": 1,
          "parallelBatches": 6,
          "forcedMacroTransitions": 0,
          "proofAdmissions": 12,
          "coordinatorStates": 40,
          "coordinatorClasses": 68,
          "coordinatorPaths": 31,
          "priorityMemoEntries": 19,
          "priorityMemoDrops": 0
        },
        {
          "rootResolvedMs": 125.51560000000018,
          "elapsedMs": 125.52370000000019,
          "shallowExpanded": 12,
          "workerExpanded": 10782,
          "totalExpanded": 10794,
          "leafTasks": 20,
          "scoutTasks": 18,
          "incrementalScoutCompletions": 18,
          "detachedScoutTasks": 0,
          "detachedBatches": 0,
          "reSearches": 1,
          "parallelBatches": 6,
          "forcedMacroTransitions": 0,
          "proofAdmissions": 12,
          "coordinatorStates": 40,
          "coordinatorClasses": 68,
          "coordinatorPaths": 31,
          "priorityMemoEntries": 19,
          "priorityMemoDrops": 0
        },
        {
          "rootResolvedMs": 130.51060000000007,
          "elapsedMs": 130.51909999999998,
          "shallowExpanded": 12,
          "workerExpanded": 10788,
          "totalExpanded": 10800,
          "leafTasks": 20,
          "scoutTasks": 18,
          "incrementalScoutCompletions": 18,
          "detachedScoutTasks": 0,
          "detachedBatches": 0,
          "reSearches": 1,
          "parallelBatches": 6,
          "forcedMacroTransitions": 0,
          "proofAdmissions": 12,
          "coordinatorStates": 40,
          "coordinatorClasses": 68,
          "coordinatorPaths": 31,
          "priorityMemoEntries": 19,
          "priorityMemoDrops": 0
        }
      ]
    },
    {
      "requestedWorkers": 2,
      "workers": 2,
      "splitDepth": 4,
      "splitDepthMeaning": "unresolved_decision_depth_after_forced_macro_normalization",
      "rootResolvedMsMedian": 122.07469999999921,
      "elapsedMsMedian": 122.08459999999923,
      "totalExpandedMedian": 14040,
      "shallowExpandedMedian": 32,
      "workerExpandedMedian": 14008,
      "leafTasksMedian": 37,
      "scoutTasksMedian": 36,
      "detachedScoutTasksMedian": 4,
      "reSearchesMedian": 1,
      "parallelBatchesMedian": 12,
      "actions": [
        0,
        0,
        0,
        0
      ],
      "runs": [
        {
          "rootResolvedMs": 123.51640000000043,
          "elapsedMs": 123.52559999999994,
          "shallowExpanded": 32,
          "workerExpanded": 14000,
          "totalExpanded": 14032,
          "leafTasks": 37,
          "scoutTasks": 36,
          "incrementalScoutCompletions": 32,
          "detachedScoutTasks": 4,
          "detachedBatches": 2,
          "reSearches": 1,
          "parallelBatches": 12,
          "forcedMacroTransitions": 0,
          "proofAdmissions": 31,
          "coordinatorStates": 81,
          "coordinatorClasses": 150,
          "coordinatorPaths": 63,
          "priorityMemoEntries": 32,
          "priorityMemoDrops": 0
        },
        {
          "rootResolvedMs": 122.07469999999921,
          "elapsedMs": 122.08459999999923,
          "shallowExpanded": 32,
          "workerExpanded": 14009,
          "totalExpanded": 14041,
          "leafTasks": 37,
          "scoutTasks": 36,
          "incrementalScoutCompletions": 32,
          "detachedScoutTasks": 4,
          "detachedBatches": 2,
          "reSearches": 1,
          "parallelBatches": 12,
          "forcedMacroTransitions": 0,
          "proofAdmissions": 31,
          "coordinatorStates": 81,
          "coordinatorClasses": 150,
          "coordinatorPaths": 63,
          "priorityMemoEntries": 32,
          "priorityMemoDrops": 0
        },
        {
          "rootResolvedMs": 124.48459999999977,
          "elapsedMs": 124.49330000000009,
          "shallowExpanded": 32,
          "workerExpanded": 14007,
          "totalExpanded": 14039,
          "leafTasks": 37,
          "scoutTasks": 36,
          "incrementalScoutCompletions": 32,
          "detachedScoutTasks": 4,
          "detachedBatches": 2,
          "reSearches": 1,
          "parallelBatches": 12,
          "forcedMacroTransitions": 0,
          "proofAdmissions": 31,
          "coordinatorStates": 81,
          "coordinatorClasses": 150,
          "coordinatorPaths": 63,
          "priorityMemoEntries": 32,
          "priorityMemoDrops": 0
        },
        {
          "rootResolvedMs": 110.78169999999955,
          "elapsedMs": 110.78970000000027,
          "shallowExpanded": 32,
          "workerExpanded": 14008,
          "totalExpanded": 14040,
          "leafTasks": 37,
          "scoutTasks": 36,
          "incrementalScoutCompletions": 32,
          "detachedScoutTasks": 4,
          "detachedBatches": 2,
          "reSearches": 1,
          "parallelBatches": 12,
          "forcedMacroTransitions": 0,
          "proofAdmissions": 31,
          "coordinatorStates": 81,
          "coordinatorClasses": 150,
          "coordinatorPaths": 63,
          "priorityMemoEntries": 32,
          "priorityMemoDrops": 0
        },
        {
          "rootResolvedMs": 119.88749999999982,
          "elapsedMs": 119.89669999999933,
          "shallowExpanded": 32,
          "workerExpanded": 14021,
          "totalExpanded": 14053,
          "leafTasks": 37,
          "scoutTasks": 36,
          "incrementalScoutCompletions": 32,
          "detachedScoutTasks": 4,
          "detachedBatches": 2,
          "reSearches": 1,
          "parallelBatches": 12,
          "forcedMacroTransitions": 0,
          "proofAdmissions": 31,
          "coordinatorStates": 81,
          "coordinatorClasses": 150,
          "coordinatorPaths": 63,
          "priorityMemoEntries": 32,
          "priorityMemoDrops": 0
        }
      ]
    },
    {
      "requestedWorkers": 3,
      "workers": 3,
      "splitDepth": 2,
      "splitDepthMeaning": "unresolved_decision_depth_after_forced_macro_normalization",
      "rootResolvedMsMedian": 119.76350000000002,
      "elapsedMsMedian": 119.77329999999984,
      "totalExpandedMedian": 10762,
      "shallowExpandedMedian": 5,
      "workerExpandedMedian": 10757,
      "leafTasksMedian": 7,
      "scoutTasksMedian": 6,
      "detachedScoutTasksMedian": 0,
      "reSearchesMedian": 0,
      "parallelBatchesMedian": 2,
      "actions": [
        0,
        0,
        0,
        0
      ],
      "runs": [
        {
          "rootResolvedMs": 221.14879999999994,
          "elapsedMs": 221.15740000000005,
          "shallowExpanded": 5,
          "workerExpanded": 10789,
          "totalExpanded": 10794,
          "leafTasks": 7,
          "scoutTasks": 6,
          "incrementalScoutCompletions": 6,
          "detachedScoutTasks": 0,
          "detachedBatches": 0,
          "reSearches": 0,
          "parallelBatches": 2,
          "forcedMacroTransitions": 0,
          "proofAdmissions": 5,
          "coordinatorStates": 12,
          "coordinatorClasses": 24,
          "coordinatorPaths": 12,
          "priorityMemoEntries": 7,
          "priorityMemoDrops": 0
        },
        {
          "rootResolvedMs": 202.6322999999993,
          "elapsedMs": 202.64109999999982,
          "shallowExpanded": 5,
          "workerExpanded": 10752,
          "totalExpanded": 10757,
          "leafTasks": 7,
          "scoutTasks": 6,
          "incrementalScoutCompletions": 6,
          "detachedScoutTasks": 0,
          "detachedBatches": 0,
          "reSearches": 0,
          "parallelBatches": 2,
          "forcedMacroTransitions": 0,
          "proofAdmissions": 5,
          "coordinatorStates": 12,
          "coordinatorClasses": 24,
          "coordinatorPaths": 12,
          "priorityMemoEntries": 7,
          "priorityMemoDrops": 0
        },
        {
          "rootResolvedMs": 119.76350000000002,
          "elapsedMs": 119.77329999999984,
          "shallowExpanded": 5,
          "workerExpanded": 10762,
          "totalExpanded": 10767,
          "leafTasks": 7,
          "scoutTasks": 6,
          "incrementalScoutCompletions": 6,
          "detachedScoutTasks": 0,
          "detachedBatches": 0,
          "reSearches": 0,
          "parallelBatches": 2,
          "forcedMacroTransitions": 0,
          "proofAdmissions": 5,
          "coordinatorStates": 12,
          "coordinatorClasses": 24,
          "coordinatorPaths": 12,
          "priorityMemoEntries": 7,
          "priorityMemoDrops": 0
        },
        {
          "rootResolvedMs": 85.28949999999986,
          "elapsedMs": 85.29809999999998,
          "shallowExpanded": 5,
          "workerExpanded": 10757,
          "totalExpanded": 10762,
          "leafTasks": 7,
          "scoutTasks": 6,
          "incrementalScoutCompletions": 6,
          "detachedScoutTasks": 0,
          "detachedBatches": 0,
          "reSearches": 0,
          "parallelBatches": 2,
          "forcedMacroTransitions": 0,
          "proofAdmissions": 5,
          "coordinatorStates": 12,
          "coordinatorClasses": 24,
          "coordinatorPaths": 12,
          "priorityMemoEntries": 7,
          "priorityMemoDrops": 0
        },
        {
          "rootResolvedMs": 82.5581000000002,
          "elapsedMs": 82.5672999999997,
          "shallowExpanded": 5,
          "workerExpanded": 10753,
          "totalExpanded": 10758,
          "leafTasks": 7,
          "scoutTasks": 6,
          "incrementalScoutCompletions": 6,
          "detachedScoutTasks": 0,
          "detachedBatches": 0,
          "reSearches": 0,
          "parallelBatches": 2,
          "forcedMacroTransitions": 0,
          "proofAdmissions": 5,
          "coordinatorStates": 12,
          "coordinatorClasses": 24,
          "coordinatorPaths": 12,
          "priorityMemoEntries": 7,
          "priorityMemoDrops": 0
        }
      ]
    },
    {
      "requestedWorkers": 3,
      "workers": 3,
      "splitDepth": 3,
      "splitDepthMeaning": "unresolved_decision_depth_after_forced_macro_normalization",
      "rootResolvedMsMedian": 78.62700000000041,
      "elapsedMsMedian": 78.63550000000032,
      "totalExpandedMedian": 10833,
      "shallowExpandedMedian": 12,
      "workerExpandedMedian": 10821,
      "leafTasksMedian": 20,
      "scoutTasksMedian": 18,
      "detachedScoutTasksMedian": 0,
      "reSearchesMedian": 1,
      "parallelBatchesMedian": 6,
      "actions": [
        0,
        0,
        0,
        0
      ],
      "runs": [
        {
          "rootResolvedMs": 83.66479999999956,
          "elapsedMs": 83.67379999999957,
          "shallowExpanded": 12,
          "workerExpanded": 10790,
          "totalExpanded": 10802,
          "leafTasks": 20,
          "scoutTasks": 18,
          "incrementalScoutCompletions": 18,
          "detachedScoutTasks": 0,
          "detachedBatches": 0,
          "reSearches": 1,
          "parallelBatches": 6,
          "forcedMacroTransitions": 0,
          "proofAdmissions": 12,
          "coordinatorStates": 40,
          "coordinatorClasses": 68,
          "coordinatorPaths": 31,
          "priorityMemoEntries": 19,
          "priorityMemoDrops": 0
        },
        {
          "rootResolvedMs": 78.62700000000041,
          "elapsedMs": 78.63550000000032,
          "shallowExpanded": 12,
          "workerExpanded": 10833,
          "totalExpanded": 10845,
          "leafTasks": 20,
          "scoutTasks": 18,
          "incrementalScoutCompletions": 18,
          "detachedScoutTasks": 0,
          "detachedBatches": 0,
          "reSearches": 1,
          "parallelBatches": 6,
          "forcedMacroTransitions": 0,
          "proofAdmissions": 12,
          "coordinatorStates": 40,
          "coordinatorClasses": 68,
          "coordinatorPaths": 31,
          "priorityMemoEntries": 19,
          "priorityMemoDrops": 0
        },
        {
          "rootResolvedMs": 74.82150000000001,
          "elapsedMs": 74.82920000000013,
          "shallowExpanded": 12,
          "workerExpanded": 10848,
          "totalExpanded": 10860,
          "leafTasks": 20,
          "scoutTasks": 18,
          "incrementalScoutCompletions": 18,
          "detachedScoutTasks": 0,
          "detachedBatches": 0,
          "reSearches": 1,
          "parallelBatches": 6,
          "forcedMacroTransitions": 0,
          "proofAdmissions": 12,
          "coordinatorStates": 40,
          "coordinatorClasses": 68,
          "coordinatorPaths": 31,
          "priorityMemoEntries": 19,
          "priorityMemoDrops": 0
        },
        {
          "rootResolvedMs": 78.76569999999992,
          "elapsedMs": 78.77419999999984,
          "shallowExpanded": 12,
          "workerExpanded": 10821,
          "totalExpanded": 10833,
          "leafTasks": 20,
          "scoutTasks": 18,
          "incrementalScoutCompletions": 18,
          "detachedScoutTasks": 0,
          "detachedBatches": 0,
          "reSearches": 1,
          "parallelBatches": 6,
          "forcedMacroTransitions": 0,
          "proofAdmissions": 12,
          "coordinatorStates": 40,
          "coordinatorClasses": 68,
          "coordinatorPaths": 31,
          "priorityMemoEntries": 19,
          "priorityMemoDrops": 0
        },
        {
          "rootResolvedMs": 77.0600999999997,
          "elapsedMs": 77.06880000000001,
          "shallowExpanded": 12,
          "workerExpanded": 10792,
          "totalExpanded": 10804,
          "leafTasks": 20,
          "scoutTasks": 18,
          "incrementalScoutCompletions": 18,
          "detachedScoutTasks": 0,
          "detachedBatches": 0,
          "reSearches": 1,
          "parallelBatches": 6,
          "forcedMacroTransitions": 0,
          "proofAdmissions": 12,
          "coordinatorStates": 40,
          "coordinatorClasses": 68,
          "coordinatorPaths": 31,
          "priorityMemoEntries": 19,
          "priorityMemoDrops": 0
        }
      ]
    },
    {
      "requestedWorkers": 3,
      "workers": 3,
      "splitDepth": 4,
      "splitDepthMeaning": "unresolved_decision_depth_after_forced_macro_normalization",
      "rootResolvedMsMedian": 92.32970000000023,
      "elapsedMsMedian": 92.33940000000075,
      "totalExpandedMedian": 14161,
      "shallowExpandedMedian": 32,
      "workerExpandedMedian": 14129,
      "leafTasksMedian": 37,
      "scoutTasksMedian": 36,
      "detachedScoutTasksMedian": 4,
      "reSearchesMedian": 1,
      "parallelBatchesMedian": 12,
      "actions": [
        0,
        0,
        0,
        0
      ],
      "runs": [
        {
          "rootResolvedMs": 106.33630000000085,
          "elapsedMs": 106.34540000000015,
          "shallowExpanded": 32,
          "workerExpanded": 14129,
          "totalExpanded": 14161,
          "leafTasks": 37,
          "scoutTasks": 36,
          "incrementalScoutCompletions": 33,
          "detachedScoutTasks": 3,
          "detachedBatches": 2,
          "reSearches": 1,
          "parallelBatches": 12,
          "forcedMacroTransitions": 0,
          "proofAdmissions": 31,
          "coordinatorStates": 81,
          "coordinatorClasses": 150,
          "coordinatorPaths": 63,
          "priorityMemoEntries": 32,
          "priorityMemoDrops": 0
        },
        {
          "rootResolvedMs": 92.32970000000023,
          "elapsedMs": 92.33940000000075,
          "shallowExpanded": 32,
          "workerExpanded": 14038,
          "totalExpanded": 14070,
          "leafTasks": 37,
          "scoutTasks": 36,
          "incrementalScoutCompletions": 32,
          "detachedScoutTasks": 4,
          "detachedBatches": 2,
          "reSearches": 1,
          "parallelBatches": 12,
          "forcedMacroTransitions": 0,
          "proofAdmissions": 31,
          "coordinatorStates": 81,
          "coordinatorClasses": 150,
          "coordinatorPaths": 63,
          "priorityMemoEntries": 32,
          "priorityMemoDrops": 0
        },
        {
          "rootResolvedMs": 90.8078000000005,
          "elapsedMs": 90.81700000000092,
          "shallowExpanded": 32,
          "workerExpanded": 14173,
          "totalExpanded": 14205,
          "leafTasks": 37,
          "scoutTasks": 36,
          "incrementalScoutCompletions": 33,
          "detachedScoutTasks": 3,
          "detachedBatches": 2,
          "reSearches": 1,
          "parallelBatches": 12,
          "forcedMacroTransitions": 0,
          "proofAdmissions": 31,
          "coordinatorStates": 81,
          "coordinatorClasses": 150,
          "coordinatorPaths": 63,
          "priorityMemoEntries": 32,
          "priorityMemoDrops": 0
        },
        {
          "rootResolvedMs": 83.91070000000036,
          "elapsedMs": 83.92009999999937,
          "shallowExpanded": 32,
          "workerExpanded": 14125,
          "totalExpanded": 14157,
          "leafTasks": 37,
          "scoutTasks": 36,
          "incrementalScoutCompletions": 32,
          "detachedScoutTasks": 4,
          "detachedBatches": 2,
          "reSearches": 1,
          "parallelBatches": 12,
          "forcedMacroTransitions": 0,
          "proofAdmissions": 31,
          "coordinatorStates": 81,
          "coordinatorClasses": 150,
          "coordinatorPaths": 63,
          "priorityMemoEntries": 32,
          "priorityMemoDrops": 0
        },
        {
          "rootResolvedMs": 125.9385999999995,
          "elapsedMs": 125.94830000000002,
          "shallowExpanded": 32,
          "workerExpanded": 14137,
          "totalExpanded": 14169,
          "leafTasks": 37,
          "scoutTasks": 36,
          "incrementalScoutCompletions": 32,
          "detachedScoutTasks": 4,
          "detachedBatches": 2,
          "reSearches": 1,
          "parallelBatches": 12,
          "forcedMacroTransitions": 0,
          "proofAdmissions": 31,
          "coordinatorStates": 81,
          "coordinatorClasses": 150,
          "coordinatorPaths": 63,
          "priorityMemoEntries": 32,
          "priorityMemoDrops": 0
        }
      ]
    },
    {
      "requestedWorkers": 4,
      "workers": 4,
      "splitDepth": 2,
      "splitDepthMeaning": "unresolved_decision_depth_after_forced_macro_normalization",
      "rootResolvedMsMedian": 205.50850000000173,
      "elapsedMsMedian": 205.51710000000094,
      "totalExpandedMedian": 10772,
      "shallowExpandedMedian": 5,
      "workerExpandedMedian": 10767,
      "leafTasksMedian": 7,
      "scoutTasksMedian": 6,
      "detachedScoutTasksMedian": 0,
      "reSearchesMedian": 0,
      "parallelBatchesMedian": 2,
      "actions": [
        0,
        0,
        0,
        0
      ],
      "runs": [
        {
          "rootResolvedMs": 298.22639999999956,
          "elapsedMs": 298.2345000000005,
          "shallowExpanded": 5,
          "workerExpanded": 10800,
          "totalExpanded": 10805,
          "leafTasks": 7,
          "scoutTasks": 6,
          "incrementalScoutCompletions": 6,
          "detachedScoutTasks": 0,
          "detachedBatches": 0,
          "reSearches": 0,
          "parallelBatches": 2,
          "forcedMacroTransitions": 0,
          "proofAdmissions": 5,
          "coordinatorStates": 12,
          "coordinatorClasses": 24,
          "coordinatorPaths": 12,
          "priorityMemoEntries": 7,
          "priorityMemoDrops": 0
        },
        {
          "rootResolvedMs": 354.64630000000034,
          "elapsedMs": 354.65500000000065,
          "shallowExpanded": 5,
          "workerExpanded": 10761,
          "totalExpanded": 10766,
          "leafTasks": 7,
          "scoutTasks": 6,
          "incrementalScoutCompletions": 6,
          "detachedScoutTasks": 0,
          "detachedBatches": 0,
          "reSearches": 0,
          "parallelBatches": 2,
          "forcedMacroTransitions": 0,
          "proofAdmissions": 5,
          "coordinatorStates": 12,
          "coordinatorClasses": 24,
          "coordinatorPaths": 12,
          "priorityMemoEntries": 7,
          "priorityMemoDrops": 0
        },
        {
          "rootResolvedMs": 184.89989999999852,
          "elapsedMs": 184.90849999999955,
          "shallowExpanded": 5,
          "workerExpanded": 10782,
          "totalExpanded": 10787,
          "leafTasks": 7,
          "scoutTasks": 6,
          "incrementalScoutCompletions": 6,
          "detachedScoutTasks": 0,
          "detachedBatches": 0,
          "reSearches": 0,
          "parallelBatches": 2,
          "forcedMacroTransitions": 0,
          "proofAdmissions": 5,
          "coordinatorStates": 12,
          "coordinatorClasses": 24,
          "coordinatorPaths": 12,
          "priorityMemoEntries": 7,
          "priorityMemoDrops": 0
        },
        {
          "rootResolvedMs": 205.50850000000173,
          "elapsedMs": 205.51710000000094,
          "shallowExpanded": 5,
          "workerExpanded": 10767,
          "totalExpanded": 10772,
          "leafTasks": 7,
          "scoutTasks": 6,
          "incrementalScoutCompletions": 6,
          "detachedScoutTasks": 0,
          "detachedBatches": 0,
          "reSearches": 0,
          "parallelBatches": 2,
          "forcedMacroTransitions": 0,
          "proofAdmissions": 5,
          "coordinatorStates": 12,
          "coordinatorClasses": 24,
          "coordinatorPaths": 12,
          "priorityMemoEntries": 7,
          "priorityMemoDrops": 0
        },
        {
          "rootResolvedMs": 173.39209999999912,
          "elapsedMs": 173.40089999999873,
          "shallowExpanded": 5,
          "workerExpanded": 10767,
          "totalExpanded": 10772,
          "leafTasks": 7,
          "scoutTasks": 6,
          "incrementalScoutCompletions": 6,
          "detachedScoutTasks": 0,
          "detachedBatches": 0,
          "reSearches": 0,
          "parallelBatches": 2,
          "forcedMacroTransitions": 0,
          "proofAdmissions": 5,
          "coordinatorStates": 12,
          "coordinatorClasses": 24,
          "coordinatorPaths": 12,
          "priorityMemoEntries": 7,
          "priorityMemoDrops": 0
        }
      ]
    },
    {
      "requestedWorkers": 4,
      "workers": 4,
      "splitDepth": 3,
      "splitDepthMeaning": "unresolved_decision_depth_after_forced_macro_normalization",
      "rootResolvedMsMedian": 85.0661,
      "elapsedMsMedian": 85.07309999999961,
      "totalExpandedMedian": 10832,
      "shallowExpandedMedian": 12,
      "workerExpandedMedian": 10820,
      "leafTasksMedian": 20,
      "scoutTasksMedian": 18,
      "detachedScoutTasksMedian": 0,
      "reSearchesMedian": 1,
      "parallelBatchesMedian": 6,
      "actions": [
        0,
        0,
        0,
        0
      ],
      "runs": [
        {
          "rootResolvedMs": 90.28299999999945,
          "elapsedMs": 90.29210000000057,
          "shallowExpanded": 12,
          "workerExpanded": 10800,
          "totalExpanded": 10812,
          "leafTasks": 20,
          "scoutTasks": 18,
          "incrementalScoutCompletions": 18,
          "detachedScoutTasks": 0,
          "detachedBatches": 0,
          "reSearches": 1,
          "parallelBatches": 6,
          "forcedMacroTransitions": 0,
          "proofAdmissions": 12,
          "coordinatorStates": 40,
          "coordinatorClasses": 68,
          "coordinatorPaths": 31,
          "priorityMemoEntries": 19,
          "priorityMemoDrops": 0
        },
        {
          "rootResolvedMs": 95.57129999999961,
          "elapsedMs": 95.57940000000053,
          "shallowExpanded": 12,
          "workerExpanded": 10794,
          "totalExpanded": 10806,
          "leafTasks": 20,
          "scoutTasks": 18,
          "incrementalScoutCompletions": 18,
          "detachedScoutTasks": 0,
          "detachedBatches": 0,
          "reSearches": 1,
          "parallelBatches": 6,
          "forcedMacroTransitions": 0,
          "proofAdmissions": 12,
          "coordinatorStates": 40,
          "coordinatorClasses": 68,
          "coordinatorPaths": 31,
          "priorityMemoEntries": 19,
          "priorityMemoDrops": 0
        },
        {
          "rootResolvedMs": 85.0661,
          "elapsedMs": 85.07309999999961,
          "shallowExpanded": 12,
          "workerExpanded": 10825,
          "totalExpanded": 10837,
          "leafTasks": 20,
          "scoutTasks": 18,
          "incrementalScoutCompletions": 18,
          "detachedScoutTasks": 0,
          "detachedBatches": 0,
          "reSearches": 1,
          "parallelBatches": 6,
          "forcedMacroTransitions": 0,
          "proofAdmissions": 12,
          "coordinatorStates": 40,
          "coordinatorClasses": 68,
          "coordinatorPaths": 31,
          "priorityMemoEntries": 19,
          "priorityMemoDrops": 0
        },
        {
          "rootResolvedMs": 76.60119999999915,
          "elapsedMs": 76.60909999999967,
          "shallowExpanded": 12,
          "workerExpanded": 10820,
          "totalExpanded": 10832,
          "leafTasks": 20,
          "scoutTasks": 18,
          "incrementalScoutCompletions": 18,
          "detachedScoutTasks": 0,
          "detachedBatches": 0,
          "reSearches": 1,
          "parallelBatches": 6,
          "forcedMacroTransitions": 0,
          "proofAdmissions": 12,
          "coordinatorStates": 40,
          "coordinatorClasses": 68,
          "coordinatorPaths": 31,
          "priorityMemoEntries": 19,
          "priorityMemoDrops": 0
        },
        {
          "rootResolvedMs": 71.27579999999944,
          "elapsedMs": 71.28390000000036,
          "shallowExpanded": 12,
          "workerExpanded": 10833,
          "totalExpanded": 10845,
          "leafTasks": 20,
          "scoutTasks": 18,
          "incrementalScoutCompletions": 18,
          "detachedScoutTasks": 0,
          "detachedBatches": 0,
          "reSearches": 1,
          "parallelBatches": 6,
          "forcedMacroTransitions": 0,
          "proofAdmissions": 12,
          "coordinatorStates": 40,
          "coordinatorClasses": 68,
          "coordinatorPaths": 31,
          "priorityMemoEntries": 19,
          "priorityMemoDrops": 0
        }
      ]
    },
    {
      "requestedWorkers": 4,
      "workers": 4,
      "splitDepth": 4,
      "splitDepthMeaning": "unresolved_decision_depth_after_forced_macro_normalization",
      "rootResolvedMsMedian": 68.29269999999997,
      "elapsedMsMedian": 68.3048000000017,
      "totalExpandedMedian": 14111,
      "shallowExpandedMedian": 32,
      "workerExpandedMedian": 14079,
      "leafTasksMedian": 37,
      "scoutTasksMedian": 36,
      "detachedScoutTasksMedian": 4,
      "reSearchesMedian": 1,
      "parallelBatchesMedian": 12,
      "actions": [
        0,
        0,
        0,
        0
      ],
      "runs": [
        {
          "rootResolvedMs": 69.77469999999994,
          "elapsedMs": 69.78199999999924,
          "shallowExpanded": 32,
          "workerExpanded": 14290,
          "totalExpanded": 14322,
          "leafTasks": 36,
          "scoutTasks": 36,
          "incrementalScoutCompletions": 32,
          "detachedScoutTasks": 4,
          "detachedBatches": 2,
          "reSearches": 1,
          "parallelBatches": 12,
          "forcedMacroTransitions": 0,
          "proofAdmissions": 31,
          "coordinatorStates": 81,
          "coordinatorClasses": 150,
          "coordinatorPaths": 63,
          "priorityMemoEntries": 32,
          "priorityMemoDrops": 0
        },
        {
          "rootResolvedMs": 68.29269999999997,
          "elapsedMs": 68.3048000000017,
          "shallowExpanded": 32,
          "workerExpanded": 14028,
          "totalExpanded": 14060,
          "leafTasks": 37,
          "scoutTasks": 36,
          "incrementalScoutCompletions": 32,
          "detachedScoutTasks": 4,
          "detachedBatches": 2,
          "reSearches": 1,
          "parallelBatches": 12,
          "forcedMacroTransitions": 0,
          "proofAdmissions": 31,
          "coordinatorStates": 81,
          "coordinatorClasses": 150,
          "coordinatorPaths": 63,
          "priorityMemoEntries": 32,
          "priorityMemoDrops": 0
        },
        {
          "rootResolvedMs": 63.693199999999706,
          "elapsedMs": 63.74120000000039,
          "shallowExpanded": 32,
          "workerExpanded": 14065,
          "totalExpanded": 14097,
          "leafTasks": 37,
          "scoutTasks": 36,
          "incrementalScoutCompletions": 32,
          "detachedScoutTasks": 4,
          "detachedBatches": 2,
          "reSearches": 1,
          "parallelBatches": 12,
          "forcedMacroTransitions": 0,
          "proofAdmissions": 31,
          "coordinatorStates": 81,
          "coordinatorClasses": 150,
          "coordinatorPaths": 63,
          "priorityMemoEntries": 32,
          "priorityMemoDrops": 0
        },
        {
          "rootResolvedMs": 58.52060000000165,
          "elapsedMs": 58.52860000000146,
          "shallowExpanded": 32,
          "workerExpanded": 14079,
          "totalExpanded": 14111,
          "leafTasks": 37,
          "scoutTasks": 36,
          "incrementalScoutCompletions": 32,
          "detachedScoutTasks": 4,
          "detachedBatches": 2,
          "reSearches": 1,
          "parallelBatches": 12,
          "forcedMacroTransitions": 0,
          "proofAdmissions": 31,
          "coordinatorStates": 81,
          "coordinatorClasses": 150,
          "coordinatorPaths": 63,
          "priorityMemoEntries": 32,
          "priorityMemoDrops": 0
        },
        {
          "rootResolvedMs": 69.15220000000045,
          "elapsedMs": 69.16010000000097,
          "shallowExpanded": 32,
          "workerExpanded": 14126,
          "totalExpanded": 14158,
          "leafTasks": 36,
          "scoutTasks": 36,
          "incrementalScoutCompletions": 32,
          "detachedScoutTasks": 4,
          "detachedBatches": 2,
          "reSearches": 1,
          "parallelBatches": 12,
          "forcedMacroTransitions": 0,
          "proofAdmissions": 31,
          "coordinatorStates": 81,
          "coordinatorClasses": 150,
          "coordinatorPaths": 63,
          "priorityMemoEntries": 32,
          "priorityMemoDrops": 0
        }
      ]
    }
  ],
  "best": {
    "requestedWorkers": 1,
    "workers": 1,
    "splitDepth": 3,
    "splitDepthMeaning": "unresolved_decision_depth_after_forced_macro_normalization",
    "rootResolvedMsMedian": 44.91350000000011,
    "elapsedMsMedian": 44.91980000000012,
    "totalExpandedMedian": 10789,
    "shallowExpandedMedian": 12,
    "workerExpandedMedian": 10777,
    "leafTasksMedian": 20,
    "scoutTasksMedian": 18,
    "detachedScoutTasksMedian": 0,
    "reSearchesMedian": 1,
    "parallelBatchesMedian": 6,
    "actions": [
      0,
      0,
      0,
      0
    ],
    "runs": [
      {
        "rootResolvedMs": 49.53309999999988,
        "elapsedMs": 49.53969999999981,
        "shallowExpanded": 12,
        "workerExpanded": 10777,
        "totalExpanded": 10789,
        "leafTasks": 20,
        "scoutTasks": 18,
        "incrementalScoutCompletions": 18,
        "detachedScoutTasks": 0,
        "detachedBatches": 0,
        "reSearches": 1,
        "parallelBatches": 6,
        "forcedMacroTransitions": 0,
        "proofAdmissions": 12,
        "coordinatorStates": 40,
        "coordinatorClasses": 68,
        "coordinatorPaths": 31,
        "priorityMemoEntries": 19,
        "priorityMemoDrops": 0
      },
      {
        "rootResolvedMs": 40.85459999999989,
        "elapsedMs": 40.86149999999998,
        "shallowExpanded": 12,
        "workerExpanded": 10777,
        "totalExpanded": 10789,
        "leafTasks": 20,
        "scoutTasks": 18,
        "incrementalScoutCompletions": 18,
        "detachedScoutTasks": 0,
        "detachedBatches": 0,
        "reSearches": 1,
        "parallelBatches": 6,
        "forcedMacroTransitions": 0,
        "proofAdmissions": 12,
        "coordinatorStates": 40,
        "coordinatorClasses": 68,
        "coordinatorPaths": 31,
        "priorityMemoEntries": 19,
        "priorityMemoDrops": 0
      },
      {
        "rootResolvedMs": 47.43489999999997,
        "elapsedMs": 47.444999999999936,
        "shallowExpanded": 12,
        "workerExpanded": 10777,
        "totalExpanded": 10789,
        "leafTasks": 20,
        "scoutTasks": 18,
        "incrementalScoutCompletions": 18,
        "detachedScoutTasks": 0,
        "detachedBatches": 0,
        "reSearches": 1,
        "parallelBatches": 6,
        "forcedMacroTransitions": 0,
        "proofAdmissions": 12,
        "coordinatorStates": 40,
        "coordinatorClasses": 68,
        "coordinatorPaths": 31,
        "priorityMemoEntries": 19,
        "priorityMemoDrops": 0
      },
      {
        "rootResolvedMs": 43.733400000000074,
        "elapsedMs": 43.74330000000009,
        "shallowExpanded": 12,
        "workerExpanded": 10777,
        "totalExpanded": 10789,
        "leafTasks": 20,
        "scoutTasks": 18,
        "incrementalScoutCompletions": 18,
        "detachedScoutTasks": 0,
        "detachedBatches": 0,
        "reSearches": 1,
        "parallelBatches": 6,
        "forcedMacroTransitions": 0,
        "proofAdmissions": 12,
        "coordinatorStates": 40,
        "coordinatorClasses": 68,
        "coordinatorPaths": 31,
        "priorityMemoEntries": 19,
        "priorityMemoDrops": 0
      },
      {
        "rootResolvedMs": 44.91350000000011,
        "elapsedMs": 44.91980000000012,
        "shallowExpanded": 12,
        "workerExpanded": 10777,
        "totalExpanded": 10789,
        "leafTasks": 20,
        "scoutTasks": 18,
        "incrementalScoutCompletions": 18,
        "detachedScoutTasks": 0,
        "detachedBatches": 0,
        "reSearches": 1,
        "parallelBatches": 6,
        "forcedMacroTransitions": 0,
        "proofAdmissions": 12,
        "coordinatorStates": 40,
        "coordinatorClasses": 68,
        "coordinatorPaths": 31,
        "priorityMemoEntries": 19,
        "priorityMemoDrops": 0
      }
    ]
  }
}
