ONLINE_DEPENDENCY_PARALLEL_SUMMARY={"kind":"connect4-online-frontier-dependency-parallel-negamax-v5","status":"complete","spec":{"columns":4,"rows":5,"connect":4},"repeats":5,"availableParallelism":16,"priorityProbeDepth":0,"completeGlobalGraphRequiredByRecursiveSearch":false,"canonicalProofIdentity":"exact_semantic_descriptor","coordinatorImplementation":"createOnlineDependencyCoordinator","coordinatorDiagnostics":"immutable_stats_snapshot","ordering":"dynamic_live_winning_line_frontier_with_proof_hint_equal_score_tiebreak","forcedTransit":"macro_normalized_before_decision_depth","sharedProofAdmission":"probe_without_allocation_then_generation_stable_read_or_rebind_on_publication","siblingCompletion":"incremental_completion_order_with_noninterrupting_detach_after_cutoff","baseline":{"elapsedMsMedian":33.7946,"expandedMedian":10756,"callsMedian":23527,"runs":[{"elapsedMs":87.65449999999998,"expanded":10756,"calls":23527,"forcedMacroTransitions":4297,"proofAdmissions":12716},{"elapsedMs":34.67309999999998,"expanded":10756,"calls":23527,"forcedMacroTransitions":4297,"proofAdmissions":12716},{"elapsedMs":33.7946,"expanded":10756,"calls":23527,"forcedMacroTransitions":4297,"proofAdmissions":12716},{"elapsedMs":33.3494,"expanded":10756,"calls":23527,"forcedMacroTransitions":4297,"proofAdmissions":12716},{"elapsedMs":31.59069999999997,"expanded":10756,"calls":23527,"forcedMacroTransitions":4297,"proofAdmissions":12716}]},"results":[{"requestedWorkers":1,"workers":1,"splitDepth":2,"splitDepthMeaning":"unresolved_decision_depth_after_forced_macro_normalization","rootResolvedMsMedian":25.856199999999944,"elapsedMsMedian":25.863399999999956,"totalExpandedMedian":10756,"shallowExpandedMedian":5,"workerExpandedMedian":10751,"leafTasksMedian":7,"scoutTasksMedian":6,"detachedScoutTasksMedian":0,"reSearchesMedian":0,"parallelBatchesMedian":2,"actions":[0,0,0,0],"runs":[{"rootResolvedMs":27.029199999999946,"elapsedMs":27.033999999999992,"shallowExpanded":5,"workerExpanded":10751,"totalExpanded":10756,"leafTasks":7,"scoutTasks":6,"incrementalScoutCompletions":6,"detachedScoutTasks":0,"detachedBatches":0,"reSearches":0,"parallelBatches":2,"forcedMacroTransitions":0,"proofAdmissions":5,"coordinatorStates":12,"coordinatorClasses":24,"coordinatorPaths":12,"priorityMemoEntries":7,"priorityMemoDrops":0},{"rootResolvedMs":24.63620000000003,"elapsedMs":24.642100000000028,"shallowExpanded":5,"workerExpanded":10751,"totalExpanded":10756,"leafTasks":7,"scoutTasks":6,"incrementalScoutCompletions":6,"detachedScoutTasks":0,"detachedBatches":0,"reSearches":0,"parallelBatches":2,"forcedMacroTransitions":0,"proofAdmissions":5,"coordinatorStates":12,"coordinatorClasses":24,"coordinatorPaths":12,"priorityMemoEntries":7,"priorityMemoDrops":0},{"rootResolvedMs":24.657600000000002,"elapsedMs":24.66280000000006,"shallowExpanded":5,"workerExpanded":10751,"totalExpanded":10756,"leafTasks":7,"scoutTasks":6,"incrementalScoutCompletions":6,"detachedScoutTasks":0,"detachedBatches":0,"reSearches":0,"parallelBatches":2,"forcedMacroTransitions":0,"proofAdmissions":5,"coordinatorStates":12,"coordinatorClasses":24,"coordinatorPaths":12,"priorityMemoEntries":7,"priorityMemoDrops":0},{"rootResolvedMs":26.48070000000007,"elapsedMs":26.487500000000068,"shallowExpanded":5,"workerExpanded":10751,"totalExpanded":10756,"leafTasks":7,"scoutTasks":6,"incrementalScoutCompletions":6,"detachedScoutTasks":0,"detachedBatches":0,"reSearches":0,"parallelBatches":2,"forcedMacroTransitions":0,"proofAdmissions":5,"coordinatorStates":12,"coordinatorClasses":24,"coordinatorPaths":12,"priorityMemoEntries":7,"priorityMemoDrops":0},{"rootResolvedMs":25.856199999999944,"elapsedMs":25.863399999999956,"shallowExpanded":5,"workerExpanded":10751,"totalExpanded":10756,"leafTasks":7,"scoutTasks":6,"incrementalScoutCompletions":6,"detachedScoutTasks":0,"detachedBatches":0,"reSearches":0,"parallelBatches":2,"forcedMacroTransitions":0,"proofAdmissions":5,"coordinatorStates":12,"coordinatorClasses":24,"coordinatorPaths":12,"priorityMemoEntries":7,"priorityMemoDrops":0}]},{"requestedWorkers":1,"workers":1,"splitDepth":3,"splitDepthMeaning":"unresolved_decision_depth_after_forced_macro_normalization","rootResolvedMsMedian":25.36209999999994,"elapsedMsMedian":25.371099999999956,"totalExpandedMedian":10789,"shallowExpandedMedian":12,"workerExpandedMedian":10777,"leafTasksMedian":20,"scoutTasksMedian":18,"detachedScoutTasksMedian":0,"reSearchesMedian":1,"parallelBatchesMedian":6,"actions":[0,0,0,0],"runs":[{"rootResolvedMs":25.774900000000002,"elapsedMs":25.7808,"shallowExpanded":12,"workerExpanded":10777,"totalExpanded":10789,"leafTasks":20,"scoutTasks":18,"incrementalScoutCompletions":18,"detachedScoutTasks":0,"detachedBatches":0,"reSearches":1,"parallelBatches":6,"forcedMacroTransitions":0,"proofAdmissions":12,"coordinatorStates":40,"coordinatorClasses":68,"coordinatorPaths":31,"priorityMemoEntries":19,"priorityMemoDrops":0},{"rootResolvedMs":25.213799999999992,"elapsedMs":25.220199999999977,"shallowExpanded":12,"workerExpanded":10777,"totalExpanded":10789,"leafTasks":20,"scoutTasks":18,"incrementalScoutCompletions":18,"detachedScoutTasks":0,"detachedBatches":0,"reSearches":1,"parallelBatches":6,"forcedMacroTransitions":0,"proofAdmissions":12,"coordinatorStates":40,"coordinatorClasses":68,"coordinatorPaths":31,"priorityMemoEntries":19,"priorityMemoDrops":0},{"rootResolvedMs":25.039499999999975,"elapsedMs":25.048700000000053,"shallowExpanded":12,"workerExpanded":10777,"totalExpanded":10789,"leafTasks":20,"scoutTasks":18,"incrementalScoutCompletions":18,"detachedScoutTasks":0,"detachedBatches":0,"reSearches":1,"parallelBatches":6,"forcedMacroTransitions":0,"proofAdmissions":12,"coordinatorStates":40,"coordinatorClasses":68,"coordinatorPaths":31,"priorityMemoEntries":19,"priorityMemoDrops":0},{"rootResolvedMs":25.36209999999994,"elapsedMs":25.371099999999956,"shallowExpanded":12,"workerExpanded":10777,"totalExpanded":10789,"leafTasks":20,"scoutTasks":18,"incrementalScoutCompletions":18,"detachedScoutTasks":0,"detachedBatches":0,"reSearches":1,"parallelBatches":6,"forcedMacroTransitions":0,"proofAdmissions":12,"coordinatorStates":40,"coordinatorClasses":68,"coordinatorPaths":31,"priorityMemoEntries":19,"priorityMemoDrops":0},{"rootResolvedMs":28.468700000000013,"elapsedMs":28.473700000000008,"shallowExpanded":12,"workerExpanded":10777,"totalExpanded":10789,"leafTasks":20,"scoutTasks":18,"incrementalScoutCompletions":18,"detachedScoutTasks":0,"detachedBatches":0,"reSearches":1,"parallelBatches":6,"forcedMacroTransitions":0,"proofAdmissions":12,"coordinatorStates":40,"coordinatorClasses":68,"coordinatorPaths":31,"priorityMemoEntries":19,"priorityMemoDrops":0}]},{"requestedWorkers":1,"workers":1,"splitDepth":4,"splitDepthMeaning":"unresolved_decision_depth_after_forced_macro_normalization","rootResolvedMsMedian":35.39210000000003,"elapsedMsMedian":35.39720000000011,"totalExpandedMedian":14028,"shallowExpandedMedian":32,"workerExpandedMedian":13996,"leafTasksMedian":37,"scoutTasksMedian":36,"detachedScoutTasksMedian":4,"reSearchesMedian":1,"parallelBatchesMedian":12,"actions":[0,0,0,0],"runs":[{"rootResolvedMs":40.84940000000006,"elapsedMs":40.85439999999994,"shallowExpanded":32,"workerExpanded":13996,"totalExpanded":14028,"leafTasks":37,"scoutTasks":36,"incrementalScoutCompletions":32,"detachedScoutTasks":4,"detachedBatches":2,"reSearches":1,"parallelBatches":12,"forcedMacroTransitions":0,"proofAdmissions":31,"coordinatorStates":81,"coordinatorClasses":150,"coordinatorPaths":63,"priorityMemoEntries":32,"priorityMemoDrops":0},{"rootResolvedMs":37.24649999999997,"elapsedMs":37.25299999999993,"shallowExpanded":32,"workerExpanded":13996,"totalExpanded":14028,"leafTasks":37,"scoutTasks":36,"incrementalScoutCompletions":32,"detachedScoutTasks":4,"detachedBatches":2,"reSearches":1,"parallelBatches":12,"forcedMacroTransitions":0,"proofAdmissions":31,"coordinatorStates":81,"coordinatorClasses":150,"coordinatorPaths":63,"priorityMemoEntries":32,"priorityMemoDrops":0},{"rootResolvedMs":33.83820000000014,"elapsedMs":33.8429000000001,"shallowExpanded":32,"workerExpanded":13996,"totalExpanded":14028,"leafTasks":37,"scoutTasks":36,"incrementalScoutCompletions":32,"detachedScoutTasks":4,"detachedBatches":2,"reSearches":1,"parallelBatches":12,"forcedMacroTransitions":0,"proofAdmissions":31,"coordinatorStates":81,"coordinatorClasses":150,"coordinatorPaths":63,"priorityMemoEntries":32,"priorityMemoDrops":0},{"rootResolvedMs":35.39210000000003,"elapsedMs":35.39720000000011,"shallowExpanded":32,"workerExpanded":13996,"totalExpanded":14028,"leafTasks":37,"scoutTasks":36,"incrementalScoutCompletions":32,"detachedScoutTasks":4,"detachedBatches":2,"reSearches":1,"parallelBatches":12,"forcedMacroTransitions":0,"proofAdmissions":31,"coordinatorStates":81,"coordinatorClasses":150,"coordinatorPaths":63,"priorityMemoEntries":32,"priorityMemoDrops":0},{"rootResolvedMs":33.22340000000008,"elapsedMs":33.228399999999965,"shallowExpanded":32,"workerExpanded":13996,"totalExpanded":14028,"leafTasks":37,"scoutTasks":36,"incrementalScoutCompletions":32,"detachedScoutTasks":4,"detachedBatches":2,"reSearches":1,"parallelBatches":12,"forcedMacroTransitions":0,"proofAdmissions":31,"coordinatorStates":81,"coordinatorClasses":150,"coordinatorPaths":63,"priorityMemoEntries":32,"priorityMemoDrops":0}]},{"requestedWorkers":2,"workers":2,"splitDepth":2,"splitDepthMeaning":"unresolved_decision_depth_after_forced_macro_normalization","rootResolvedMsMedian":20.45920000000001,"elapsedMsMedian":20.463600000000042,"totalExpandedMedian":10795,"shallowExpandedMedian":5,"workerExpandedMedian":10790,"leafTasksMedian":7,"scoutTasksMedian":6,"detachedScoutTasksMedian":0,"reSearchesMedian":0,"parallelBatchesMedian":2,"actions":[0,0,0,0],"runs":[{"rootResolvedMs":45.087200000000166,"elapsedMs":45.0933,"shallowExpanded":5,"workerExpanded":10774,"totalExpanded":10779,"leafTasks":7,"scoutTasks":6,"incrementalScoutCompletions":6,"detachedScoutTasks":0,"detachedBatches":0,"reSearches":0,"parallelBatches":2,"forcedMacroTransitions":0,"proofAdmissions":5,"coordinatorStates":12,"coordinatorClasses":24,"coordinatorPaths":12,"priorityMemoEntries":7,"priorityMemoDrops":0},{"rootResolvedMs":28.135899999999992,"elapsedMs":28.141200000000026,"shallowExpanded":5,"workerExpanded":10751,"totalExpanded":10756,"leafTasks":7,"scoutTasks":6,"incrementalScoutCompletions":6,"detachedScoutTasks":0,"detachedBatches":0,"reSearches":0,"parallelBatches":2,"forcedMacroTransitions":0,"proofAdmissions":5,"coordinatorStates":12,"coordinatorClasses":24,"coordinatorPaths":12,"priorityMemoEntries":7,"priorityMemoDrops":0},{"rootResolvedMs":20.39670000000001,"elapsedMs":20.402799999999843,"shallowExpanded":5,"workerExpanded":10802,"totalExpanded":10807,"leafTasks":7,"scoutTasks":6,"incrementalScoutCompletions":6,"detachedScoutTasks":0,"detachedBatches":0,"reSearches":0,"parallelBatches":2,"forcedMacroTransitions":0,"proofAdmissions":5,"coordinatorStates":12,"coordinatorClasses":24,"coordinatorPaths":12,"priorityMemoEntries":7,"priorityMemoDrops":0},{"rootResolvedMs":20.45920000000001,"elapsedMs":20.463600000000042,"shallowExpanded":5,"workerExpanded":10794,"totalExpanded":10799,"leafTasks":7,"scoutTasks":6,"incrementalScoutCompletions":6,"detachedScoutTasks":0,"detachedBatches":0,"reSearches":0,"parallelBatches":2,"forcedMacroTransitions":0,"proofAdmissions":5,"coordinatorStates":12,"coordinatorClasses":24,"coordinatorPaths":12,"priorityMemoEntries":7,"priorityMemoDrops":0},{"rootResolvedMs":19.88220000000001,"elapsedMs":19.885299999999916,"shallowExpanded":5,"workerExpanded":10790,"totalExpanded":10795,"leafTasks":7,"scoutTasks":6,"incrementalScoutCompletions":6,"detachedScoutTasks":0,"detachedBatches":0,"reSearches":0,"parallelBatches":2,"forcedMacroTransitions":0,"proofAdmissions":5,"coordinatorStates":12,"coordinatorClasses":24,"coordinatorPaths":12,"priorityMemoEntries":7,"priorityMemoDrops":0}]},{"requestedWorkers":2,"workers":2,"splitDepth":3,"splitDepthMeaning":"unresolved_decision_depth_after_forced_macro_normalization","rootResolvedMsMedian":17.019600000000082,"elapsedMsMedian":17.023799999999937,"totalExpandedMedian":10800,"shallowExpandedMedian":12,"workerExpandedMedian":10788,"leafTasksMedian":20,"scoutTasksMedian":18,"detachedScoutTasksMedian":0,"reSearchesMedian":1,"parallelBatchesMedian":6,"actions":[0,0,0,0],"runs":[{"rootResolvedMs":17.95970000000011,"elapsedMs":17.963600000000042,"shallowExpanded":12,"workerExpanded":10788,"totalExpanded":10800,"leafTasks":20,"scoutTasks":18,"incrementalScoutCompletions":18,"detachedScoutTasks":0,"detachedBatches":0,"reSearches":1,"parallelBatches":6,"forcedMacroTransitions":0,"proofAdmissions":12,"coordinatorStates":40,"coordinatorClasses":68,"coordinatorPaths":31,"priorityMemoEntries":19,"priorityMemoDrops":0},{"rootResolvedMs":17.019600000000082,"elapsedMs":17.023799999999937,"shallowExpanded":12,"workerExpanded":10781,"totalExpanded":10793,"leafTasks":20,"scoutTasks":18,"incrementalScoutCompletions":18,"detachedScoutTasks":0,"detachedBatches":0,"reSearches":1,"parallelBatches":6,"forcedMacroTransitions":0,"proofAdmissions":12,"coordinatorStates":40,"coordinatorClasses":68,"coordinatorPaths":31,"priorityMemoEntries":19,"priorityMemoDrops":0},{"rootResolvedMs":17.68489999999997,"elapsedMs":17.689000000000078,"shallowExpanded":12,"workerExpanded":10784,"totalExpanded":10796,"leafTasks":20,"scoutTasks":18,"incrementalScoutCompletions":18,"detachedScoutTasks":0,"detachedBatches":0,"reSearches":1,"parallelBatches":6,"forcedMacroTransitions":0,"proofAdmissions":12,"coordinatorStates":40,"coordinatorClasses":68,"coordinatorPaths":31,"priorityMemoEntries":19,"priorityMemoDrops":0},{"rootResolvedMs":16.839999999999918,"elapsedMs":16.84400000000005,"shallowExpanded":12,"workerExpanded":10856,"totalExpanded":10868,"leafTasks":20,"scoutTasks":18,"incrementalScoutCompletions":18,"detachedScoutTasks":0,"detachedBatches":0,"reSearches":1,"parallelBatches":6,"forcedMacroTransitions":0,"proofAdmissions":12,"coordinatorStates":40,"coordinatorClasses":68,"coordinatorPaths":31,"priorityMemoEntries":19,"priorityMemoDrops":0},{"rootResolvedMs":16.632900000000063,"elapsedMs":16.63740000000007,"shallowExpanded":12,"workerExpanded":10792,"totalExpanded":10804,"leafTasks":20,"scoutTasks":18,"incrementalScoutCompletions":18,"detachedScoutTasks":0,"detachedBatches":0,"reSearches":1,"parallelBatches":6,"forcedMacroTransitions":0,"proofAdmissions":12,"coordinatorStates":40,"coordinatorClasses":68,"coordinatorPaths":31,"priorityMemoEntries":19,"priorityMemoDrops":0}]},{"requestedWorkers":2,"workers":2,"splitDepth":4,"splitDepthMeaning":"unresolved_decision_depth_after_forced_macro_normalization","rootResolvedMsMedian":20.026100000000042,"elapsedMsMedian":20.029999999999973,"totalExpandedMedian":14057,"shallowExpandedMedian":32,"workerExpandedMedian":14025,"leafTasksMedian":37,"scoutTasksMedian":36,"detachedScoutTasksMedian":3,"reSearchesMedian":1,"parallelBatchesMedian":12,"actions":[0,0,0,0],"runs":[{"rootResolvedMs":20.026100000000042,"elapsedMs":20.029999999999973,"shallowExpanded":32,"workerExpanded":14042,"totalExpanded":14074,"leafTasks":37,"scoutTasks":36,"incrementalScoutCompletions":32,"detachedScoutTasks":4,"detachedBatches":2,"reSearches":1,"parallelBatches":12,"forcedMacroTransitions":0,"proofAdmissions":31,"coordinatorStates":81,"coordinatorClasses":150,"coordinatorPaths":63,"priorityMemoEntries":32,"priorityMemoDrops":0},{"rootResolvedMs":20.47129999999993,"elapsedMs":20.475400000000036,"shallowExpanded":32,"workerExpanded":14003,"totalExpanded":14035,"leafTasks":37,"scoutTasks":36,"incrementalScoutCompletions":33,"detachedScoutTasks":3,"detachedBatches":2,"reSearches":1,"parallelBatches":12,"forcedMacroTransitions":0,"proofAdmissions":31,"coordinatorStates":81,"coordinatorClasses":150,"coordinatorPaths":63,"priorityMemoEntries":32,"priorityMemoDrops":0},{"rootResolvedMs":20.605499999999665,"elapsedMs":20.609199999999873,"shallowExpanded":32,"workerExpanded":14025,"totalExpanded":14057,"leafTasks":37,"scoutTasks":36,"incrementalScoutCompletions":33,"detachedScoutTasks":3,"detachedBatches":2,"reSearches":1,"parallelBatches":12,"forcedMacroTransitions":0,"proofAdmissions":31,"coordinatorStates":81,"coordinatorClasses":150,"coordinatorPaths":63,"priorityMemoEntries":32,"priorityMemoDrops":0},{"rootResolvedMs":18.648699999999735,"elapsedMs":18.65249999999969,"shallowExpanded":32,"workerExpanded":13999,"totalExpanded":14031,"leafTasks":37,"scoutTasks":36,"incrementalScoutCompletions":33,"detachedScoutTasks":3,"detachedBatches":2,"reSearches":1,"parallelBatches":12,"forcedMacroTransitions":0,"proofAdmissions":31,"coordinatorStates":81,"coordinatorClasses":150,"coordinatorPaths":63,"priorityMemoEntries":32,"priorityMemoDrops":0},{"rootResolvedMs":19.116599999999835,"elapsedMs":19.121000000000095,"shallowExpanded":32,"workerExpanded":14075,"totalExpanded":14107,"leafTasks":37,"scoutTasks":36,"incrementalScoutCompletions":33,"detachedScoutTasks":3,"detachedBatches":2,"reSearches":1,"parallelBatches":12,"forcedMacroTransitions":0,"proofAdmissions":31,"coordinatorStates":81,"coordinatorClasses":150,"coordinatorPaths":63,"priorityMemoEntries":32,"priorityMemoDrops":0}]},{"requestedWorkers":3,"workers":3,"splitDepth":2,"splitDepthMeaning":"unresolved_decision_depth_after_forced_macro_normalization","rootResolvedMsMedian":22.36010000000033,"elapsedMsMedian":22.364300000000185,"totalExpandedMedian":10765,"shallowExpandedMedian":5,"workerExpandedMedian":10760,"leafTasksMedian":7,"scoutTasksMedian":6,"detachedScoutTasksMedian":0,"reSearchesMedian":0,"parallelBatchesMedian":2,"actions":[0,0,0,0],"runs":[{"rootResolvedMs":26.93219999999974,"elapsedMs":26.936199999999644,"shallowExpanded":5,"workerExpanded":10759,"totalExpanded":10764,"leafTasks":7,"scoutTasks":6,"incrementalScoutCompletions":6,"detachedScoutTasks":0,"detachedBatches":0,"reSearches":0,"parallelBatches":2,"forcedMacroTransitions":0,"proofAdmissions":5,"coordinatorStates":12,"coordinatorClasses":24,"coordinatorPaths":12,"priorityMemoEntries":7,"priorityMemoDrops":0},{"rootResolvedMs":21.815399999999954,"elapsedMs":21.819400000000314,"shallowExpanded":5,"workerExpanded":10764,"totalExpanded":10769,"leafTasks":7,"scoutTasks":6,"incrementalScoutCompletions":6,"detachedScoutTasks":0,"detachedBatches":0,"reSearches":0,"parallelBatches":2,"forcedMacroTransitions":0,"proofAdmissions":5,"coordinatorStates":12,"coordinatorClasses":24,"coordinatorPaths":12,"priorityMemoEntries":7,"priorityMemoDrops":0},{"rootResolvedMs":22.36010000000033,"elapsedMs":22.364300000000185,"shallowExpanded":5,"workerExpanded":10812,"totalExpanded":10817,"leafTasks":7,"scoutTasks":6,"incrementalScoutCompletions":6,"detachedScoutTasks":0,"detachedBatches":0,"reSearches":0,"parallelBatches":2,"forcedMacroTransitions":0,"proofAdmissions":5,"coordinatorStates":12,"coordinatorClasses":24,"coordinatorPaths":12,"priorityMemoEntries":7,"priorityMemoDrops":0},{"rootResolvedMs":30.0942,"elapsedMs":30.098500000000058,"shallowExpanded":5,"workerExpanded":10760,"totalExpanded":10765,"leafTasks":7,"scoutTasks":6,"incrementalScoutCompletions":6,"detachedScoutTasks":0,"detachedBatches":0,"reSearches":0,"parallelBatches":2,"forcedMacroTransitions":0,"proofAdmissions":5,"coordinatorStates":12,"coordinatorClasses":24,"coordinatorPaths":12,"priorityMemoEntries":7,"priorityMemoDrops":0},{"rootResolvedMs":17.93199999999979,"elapsedMs":17.935899999999947,"shallowExpanded":5,"workerExpanded":10757,"totalExpanded":10762,"leafTasks":7,"scoutTasks":6,"incrementalScoutCompletions":6,"detachedScoutTasks":0,"detachedBatches":0,"reSearches":0,"parallelBatches":2,"forcedMacroTransitions":0,"proofAdmissions":5,"coordinatorStates":12,"coordinatorClasses":24,"coordinatorPaths":12,"priorityMemoEntries":7,"priorityMemoDrops":0}]},{"requestedWorkers":3,"workers":3,"splitDepth":3,"splitDepthMeaning":"unresolved_decision_depth_after_forced_macro_normalization","rootResolvedMsMedian":15.119799999999941,"elapsedMsMedian":15.123999999999796,"totalExpandedMedian":10910,"shallowExpandedMedian":12,"workerExpandedMedian":10898,"leafTasksMedian":20,"scoutTasksMedian":18,"detachedScoutTasksMedian":0,"reSearchesMedian":1,"parallelBatchesMedian":6,"actions":[0,0,0,0],"runs":[{"rootResolvedMs":14.62940000000026,"elapsedMs":14.633700000000317,"shallowExpanded":12,"workerExpanded":10898,"totalExpanded":10910,"leafTasks":20,"scoutTasks":18,"incrementalScoutCompletions":18,"detachedScoutTasks":0,"detachedBatches":0,"reSearches":1,"parallelBatches":6,"forcedMacroTransitions":0,"proofAdmissions":12,"coordinatorStates":40,"coordinatorClasses":68,"coordinatorPaths":31,"priorityMemoEntries":19,"priorityMemoDrops":0},{"rootResolvedMs":15.119799999999941,"elapsedMs":15.123999999999796,"shallowExpanded":12,"workerExpanded":10894,"totalExpanded":10906,"leafTasks":20,"scoutTasks":18,"incrementalScoutCompletions":18,"detachedScoutTasks":0,"detachedBatches":0,"reSearches":1,"parallelBatches":6,"forcedMacroTransitions":0,"proofAdmissions":12,"coordinatorStates":40,"coordinatorClasses":68,"coordinatorPaths":31,"priorityMemoEntries":19,"priorityMemoDrops":0},{"rootResolvedMs":15.861599999999726,"elapsedMs":15.865499999999884,"shallowExpanded":12,"workerExpanded":10915,"totalExpanded":10927,"leafTasks":20,"scoutTasks":18,"incrementalScoutCompletions":18,"detachedScoutTasks":0,"detachedBatches":0,"reSearches":1,"parallelBatches":6,"forcedMacroTransitions":0,"proofAdmissions":12,"coordinatorStates":40,"coordinatorClasses":68,"coordinatorPaths":31,"priorityMemoEntries":19,"priorityMemoDrops":0},{"rootResolvedMs":14.265700000000379,"elapsedMs":14.26929999999993,"shallowExpanded":12,"workerExpanded":10929,"totalExpanded":10941,"leafTasks":20,"scoutTasks":18,"incrementalScoutCompletions":18,"detachedScoutTasks":0,"detachedBatches":0,"reSearches":1,"parallelBatches":6,"forcedMacroTransitions":0,"proofAdmissions":12,"coordinatorStates":40,"coordinatorClasses":68,"coordinatorPaths":31,"priorityMemoEntries":19,"priorityMemoDrops":0},{"rootResolvedMs":19.418100000000322,"elapsedMs":19.421900000000278,"shallowExpanded":12,"workerExpanded":10840,"totalExpanded":10852,"leafTasks":20,"scoutTasks":18,"incrementalScoutCompletions":18,"detachedScoutTasks":0,"detachedBatches":0,"reSearches":1,"parallelBatches":6,"forcedMacroTransitions":0,"proofAdmissions":12,"coordinatorStates":40,"coordinatorClasses":68,"coordinatorPaths":31,"priorityMemoEntries":19,"priorityMemoDrops":0}]},{"requestedWorkers":3,"workers":3,"splitDepth":4,"splitDepthMeaning":"unresolved_decision_depth_after_forced_macro_normalization","rootResolvedMsMedian":15.619599999999991,"elapsedMsMedian":15.623399999999947,"totalExpandedMedian":14249,"shallowExpandedMedian":32,"workerExpandedMedian":14217,"leafTasksMedian":37,"scoutTasksMedian":36,"detachedScoutTasksMedian":4,"reSearchesMedian":1,"parallelBatchesMedian":12,"actions":[0,0,0,0],"runs":[{"rootResolvedMs":16.854299999999967,"elapsedMs":16.858099999999922,"shallowExpanded":32,"workerExpanded":14176,"totalExpanded":14208,"leafTasks":37,"scoutTasks":36,"incrementalScoutCompletions":32,"detachedScoutTasks":4,"detachedBatches":2,"reSearches":1,"parallelBatches":12,"forcedMacroTransitions":0,"proofAdmissions":31,"coordinatorStates":81,"coordinatorClasses":150,"coordinatorPaths":63,"priorityMemoEntries":32,"priorityMemoDrops":0},{"rootResolvedMs":16.49940000000015,"elapsedMs":16.503200000000106,"shallowExpanded":32,"workerExpanded":14157,"totalExpanded":14189,"leafTasks":37,"scoutTasks":36,"incrementalScoutCompletions":33,"detachedScoutTasks":3,"detachedBatches":2,"reSearches":1,"parallelBatches":12,"forcedMacroTransitions":0,"proofAdmissions":31,"coordinatorStates":81,"coordinatorClasses":150,"coordinatorPaths":63,"priorityMemoEntries":32,"priorityMemoDrops":0},{"rootResolvedMs":15.619599999999991,"elapsedMs":15.623399999999947,"shallowExpanded":32,"workerExpanded":14248,"totalExpanded":14280,"leafTasks":37,"scoutTasks":36,"incrementalScoutCompletions":32,"detachedScoutTasks":4,"detachedBatches":2,"reSearches":1,"parallelBatches":12,"forcedMacroTransitions":0,"proofAdmissions":31,"coordinatorStates":81,"coordinatorClasses":150,"coordinatorPaths":63,"priorityMemoEntries":32,"priorityMemoDrops":0},{"rootResolvedMs":15.158699999999953,"elapsedMs":15.16229999999996,"shallowExpanded":32,"workerExpanded":14217,"totalExpanded":14249,"leafTasks":37,"scoutTasks":36,"incrementalScoutCompletions":32,"detachedScoutTasks":4,"detachedBatches":2,"reSearches":1,"parallelBatches":12,"forcedMacroTransitions":0,"proofAdmissions":31,"coordinatorStates":81,"coordinatorClasses":150,"coordinatorPaths":63,"priorityMemoEntries":32,"priorityMemoDrops":0},{"rootResolvedMs":15.438599999999951,"elapsedMs":15.442800000000261,"shallowExpanded":32,"workerExpanded":14221,"totalExpanded":14253,"leafTasks":37,"scoutTasks":36,"incrementalScoutCompletions":32,"detachedScoutTasks":4,"detachedBatches":2,"reSearches":1,"parallelBatches":12,"forcedMacroTransitions":0,"proofAdmissions":31,"coordinatorStates":81,"coordinatorClasses":150,"coordinatorPaths":63,"priorityMemoEntries":32,"priorityMemoDrops":0}]},{"requestedWorkers":4,"workers":4,"splitDepth":2,"splitDepthMeaning":"unresolved_decision_depth_after_forced_macro_normalization","rootResolvedMsMedian":82.61989999999969,"elapsedMsMedian":82.6277,"totalExpandedMedian":10792,"shallowExpandedMedian":5,"workerExpandedMedian":10787,"leafTasksMedian":7,"scoutTasksMedian":6,"detachedScoutTasksMedian":0,"reSearchesMedian":0,"parallelBatchesMedian":2,"actions":[0,0,0,0],"runs":[{"rootResolvedMs":123.04860000000008,"elapsedMs":123.05520000000024,"shallowExpanded":5,"workerExpanded":10789,"totalExpanded":10794,"leafTasks":7,"scoutTasks":6,"incrementalScoutCompletions":6,"detachedScoutTasks":0,"detachedBatches":0,"reSearches":0,"parallelBatches":2,"forcedMacroTransitions":0,"proofAdmissions":5,"coordinatorStates":12,"coordinatorClasses":24,"coordinatorPaths":12,"priorityMemoEntries":7,"priorityMemoDrops":0},{"rootResolvedMs":107.8152,"elapsedMs":107.82359999999971,"shallowExpanded":5,"workerExpanded":10761,"totalExpanded":10766,"leafTasks":7,"scoutTasks":6,"incrementalScoutCompletions":6,"detachedScoutTasks":0,"detachedBatches":0,"reSearches":0,"parallelBatches":2,"forcedMacroTransitions":0,"proofAdmissions":5,"coordinatorStates":12,"coordinatorClasses":24,"coordinatorPaths":12,"priorityMemoEntries":7,"priorityMemoDrops":0},{"rootResolvedMs":59.97599999999966,"elapsedMs":59.98249999999962,"shallowExpanded":5,"workerExpanded":10778,"totalExpanded":10783,"leafTasks":7,"scoutTasks":6,"incrementalScoutCompletions":6,"detachedScoutTasks":0,"detachedBatches":0,"reSearches":0,"parallelBatches":2,"forcedMacroTransitions":0,"proofAdmissions":5,"coordinatorStates":12,"coordinatorClasses":24,"coordinatorPaths":12,"priorityMemoEntries":7,"priorityMemoDrops":0},{"rootResolvedMs":82.61989999999969,"elapsedMs":82.6277,"shallowExpanded":5,"workerExpanded":10825,"totalExpanded":10830,"leafTasks":7,"scoutTasks":6,"incrementalScoutCompletions":6,"detachedScoutTasks":0,"detachedBatches":0,"reSearches":0,"parallelBatches":2,"forcedMacroTransitions":0,"proofAdmissions":5,"coordinatorStates":12,"coordinatorClasses":24,"coordinatorPaths":12,"priorityMemoEntries":7,"priorityMemoDrops":0},{"rootResolvedMs":42.839200000000346,"elapsedMs":42.846500000000106,"shallowExpanded":5,"workerExpanded":10787,"totalExpanded":10792,"leafTasks":7,"scoutTasks":6,"incrementalScoutCompletions":6,"detachedScoutTasks":0,"detachedBatches":0,"reSearches":0,"parallelBatches":2,"forcedMacroTransitions":0,"proofAdmissions":5,"coordinatorStates":12,"coordinatorClasses":24,"coordinatorPaths":12,"priorityMemoEntries":7,"priorityMemoDrops":0}]},{"requestedWorkers":4,"workers":4,"splitDepth":3,"splitDepthMeaning":"unresolved_decision_depth_after_forced_macro_normalization","rootResolvedMsMedian":27.329799999999977,"elapsedMsMedian":27.33690000000024,"totalExpandedMedian":10863,"shallowExpandedMedian":12,"workerExpandedMedian":10851,"leafTasksMedian":20,"scoutTasksMedian":18,"detachedScoutTasksMedian":0,"reSearchesMedian":1,"parallelBatchesMedian":6,"actions":[0,0,0,0],"runs":[{"rootResolvedMs":27.555199999999786,"elapsedMs":27.562099999999646,"shallowExpanded":12,"workerExpanded":10909,"totalExpanded":10921,"leafTasks":20,"scoutTasks":18,"incrementalScoutCompletions":18,"detachedScoutTasks":0,"detachedBatches":0,"reSearches":1,"parallelBatches":6,"forcedMacroTransitions":0,"proofAdmissions":12,"coordinatorStates":40,"coordinatorClasses":68,"coordinatorPaths":31,"priorityMemoEntries":19,"priorityMemoDrops":0},{"rootResolvedMs":26.228000000000065,"elapsedMs":26.234600000000228,"shallowExpanded":12,"workerExpanded":10793,"totalExpanded":10805,"leafTasks":20,"scoutTasks":18,"incrementalScoutCompletions":18,"detachedScoutTasks":0,"detachedBatches":0,"reSearches":1,"parallelBatches":6,"forcedMacroTransitions":0,"proofAdmissions":12,"coordinatorStates":40,"coordinatorClasses":68,"coordinatorPaths":31,"priorityMemoEntries":19,"priorityMemoDrops":0},{"rootResolvedMs":27.329799999999977,"elapsedMs":27.33690000000024,"shallowExpanded":12,"workerExpanded":10864,"totalExpanded":10876,"leafTasks":20,"scoutTasks":18,"incrementalScoutCompletions":18,"detachedScoutTasks":0,"detachedBatches":0,"reSearches":1,"parallelBatches":6,"forcedMacroTransitions":0,"proofAdmissions":12,"coordinatorStates":40,"coordinatorClasses":68,"coordinatorPaths":31,"priorityMemoEntries":19,"priorityMemoDrops":0},{"rootResolvedMs":25.293899999999667,"elapsedMs":25.30099999999993,"shallowExpanded":12,"workerExpanded":10784,"totalExpanded":10796,"leafTasks":20,"scoutTasks":18,"incrementalScoutCompletions":18,"detachedScoutTasks":0,"detachedBatches":0,"reSearches":1,"parallelBatches":6,"forcedMacroTransitions":0,"proofAdmissions":12,"coordinatorStates":40,"coordinatorClasses":68,"coordinatorPaths":31,"priorityMemoEntries":19,"priorityMemoDrops":0},{"rootResolvedMs":33.51790000000028,"elapsedMs":33.52539999999999,"shallowExpanded":12,"workerExpanded":10851,"totalExpanded":10863,"leafTasks":20,"scoutTasks":18,"incrementalScoutCompletions":18,"detachedScoutTasks":0,"detachedBatches":0,"reSearches":1,"parallelBatches":6,"forcedMacroTransitions":0,"proofAdmissions":12,"coordinatorStates":40,"coordinatorClasses":68,"coordinatorPaths":31,"priorityMemoEntries":19,"priorityMemoDrops":0}]},{"requestedWorkers":4,"workers":4,"splitDepth":4,"splitDepthMeaning":"unresolved_decision_depth_after_forced_macro_normalization","rootResolvedMsMedian":29.511899999999514,"elapsedMsMedian":29.537000000000262,"totalExpandedMedian":14153,"shallowExpandedMedian":32,"workerExpandedMedian":14121,"leafTasksMedian":37,"scoutTasksMedian":36,"detachedScoutTasksMedian":4,"reSearchesMedian":1,"parallelBatchesMedian":12,"actions":[0,0,0,0],"runs":[{"rootResolvedMs":33.47160000000076,"elapsedMs":33.47910000000047,"shallowExpanded":32,"workerExpanded":14056,"totalExpanded":14088,"leafTasks":37,"scoutTasks":36,"incrementalScoutCompletions":32,"detachedScoutTasks":4,"detachedBatches":2,"reSearches":1,"parallelBatches":12,"forcedMacroTransitions":0,"proofAdmissions":31,"coordinatorStates":81,"coordinatorClasses":150,"coordinatorPaths":63,"priorityMemoEntries":32,"priorityMemoDrops":0},{"rootResolvedMs":32.49089999999978,"elapsedMs":32.501499999999396,"shallowExpanded":32,"workerExpanded":14130,"totalExpanded":14162,"leafTasks":37,"scoutTasks":36,"incrementalScoutCompletions":32,"detachedScoutTasks":4,"detachedBatches":2,"reSearches":1,"parallelBatches":12,"forcedMacroTransitions":0,"proofAdmissions":31,"coordinatorStates":81,"coordinatorClasses":150,"coordinatorPaths":63,"priorityMemoEntries":32,"priorityMemoDrops":0},{"rootResolvedMs":29.511899999999514,"elapsedMs":29.537000000000262,"shallowExpanded":32,"workerExpanded":14099,"totalExpanded":14131,"leafTasks":37,"scoutTasks":36,"incrementalScoutCompletions":32,"detachedScoutTasks":4,"detachedBatches":2,"reSearches":1,"parallelBatches":12,"forcedMacroTransitions":0,"proofAdmissions":31,"coordinatorStates":81,"coordinatorClasses":150,"coordinatorPaths":63,"priorityMemoEntries":32,"priorityMemoDrops":0},{"rootResolvedMs":26.163400000000365,"elapsedMs":26.16899999999987,"shallowExpanded":32,"workerExpanded":14121,"totalExpanded":14153,"leafTasks":37,"scoutTasks":36,"incrementalScoutCompletions":32,"detachedScoutTasks":4,"detachedBatches":2,"reSearches":1,"parallelBatches":12,"forcedMacroTransitions":0,"proofAdmissions":31,"coordinatorStates":81,"coordinatorClasses":150,"coordinatorPaths":63,"priorityMemoEntries":32,"priorityMemoDrops":0},{"rootResolvedMs":26.040800000000672,"elapsedMs":26.04660000000058,"shallowExpanded":32,"workerExpanded":14142,"totalExpanded":14174,"leafTasks":37,"scoutTasks":36,"incrementalScoutCompletions":33,"detachedScoutTasks":3,"detachedBatches":2,"reSearches":1,"parallelBatches":12,"forcedMacroTransitions":0,"proofAdmissions":31,"coordinatorStates":81,"coordinatorClasses":150,"coordinatorPaths":63,"priorityMemoEntries":32,"priorityMemoDrops":0}]}],"best":{"requestedWorkers":3,"workers":3,"splitDepth":3,"splitDepthMeaning":"unresolved_decision_depth_after_forced_macro_normalization","rootResolvedMsMedian":15.119799999999941,"elapsedMsMedian":15.123999999999796,"totalExpandedMedian":10910,"shallowExpandedMedian":12,"workerExpandedMedian":10898,"leafTasksMedian":20,"scoutTasksMedian":18,"detachedScoutTasksMedian":0,"reSearchesMedian":1,"parallelBatchesMedian":6,"actions":[0,0,0,0],"runs":[{"rootResolvedMs":14.62940000000026,"elapsedMs":14.633700000000317,"shallowExpanded":12,"workerExpanded":10898,"totalExpanded":10910,"leafTasks":20,"scoutTasks":18,"incrementalScoutCompletions":18,"detachedScoutTasks":0,"detachedBatches":0,"reSearches":1,"parallelBatches":6,"forcedMacroTransitions":0,"proofAdmissions":12,"coordinatorStates":40,"coordinatorClasses":68,"coordinatorPaths":31,"priorityMemoEntries":19,"priorityMemoDrops":0},{"rootResolvedMs":15.119799999999941,"elapsedMs":15.123999999999796,"shallowExpanded":12,"workerExpanded":10894,"totalExpanded":10906,"leafTasks":20,"scoutTasks":18,"incrementalScoutCompletions":18,"detachedScoutTasks":0,"detachedBatches":0,"reSearches":1,"parallelBatches":6,"forcedMacroTransitions":0,"proofAdmissions":12,"coordinatorStates":40,"coordinatorClasses":68,"coordinatorPaths":31,"priorityMemoEntries":19,"priorityMemoDrops":0},{"rootResolvedMs":15.861599999999726,"elapsedMs":15.865499999999884,"shallowExpanded":12,"workerExpanded":10915,"totalExpanded":10927,"leafTasks":20,"scoutTasks":18,"incrementalScoutCompletions":18,"detachedScoutTasks":0,"detachedBatches":0,"reSearches":1,"parallelBatches":6,"forcedMacroTransitions":0,"proofAdmissions":12,"coordinatorStates":40,"coordinatorClasses":68,"coordinatorPaths":31,"priorityMemoEntries":19,"priorityMemoDrops":0},{"rootResolvedMs":14.265700000000379,"elapsedMs":14.26929999999993,"shallowExpanded":12,"workerExpanded":10929,"totalExpanded":10941,"leafTasks":20,"scoutTasks":18,"incrementalScoutCompletions":18,"detachedScoutTasks":0,"detachedBatches":0,"reSearches":1,"parallelBatches":6,"forcedMacroTransitions":0,"proofAdmissions":12,"coordinatorStates":40,"coordinatorClasses":68,"coordinatorPaths":31,"priorityMemoEntries":19,"priorityMemoDrops":0},{"rootResolvedMs":19.418100000000322,"elapsedMs":19.421900000000278,"shallowExpanded":12,"workerExpanded":10840,"totalExpanded":10852,"leafTasks":20,"scoutTasks":18,"incrementalScoutCompletions":18,"detachedScoutTasks":0,"detachedBatches":0,"reSearches":1,"parallelBatches":6,"forcedMacroTransitions":0,"proofAdmissions":12,"coordinatorStates":40,"coordinatorClasses":68,"coordinatorPaths":31,"priorityMemoEntries":19,"priorityMemoDrops":0}]}}
{
  "kind": "connect4-online-frontier-dependency-parallel-negamax-v5",
  "status": "complete",
  "spec": {
    "columns": 4,
    "rows": 5,
    "connect": 4
  },
  "repeats": 5,
  "availableParallelism": 16,
  "priorityProbeDepth": 0,
  "completeGlobalGraphRequiredByRecursiveSearch": false,
  "canonicalProofIdentity": "exact_semantic_descriptor",
  "coordinatorImplementation": "createOnlineDependencyCoordinator",
  "coordinatorDiagnostics": "immutable_stats_snapshot",
  "ordering": "dynamic_live_winning_line_frontier_with_proof_hint_equal_score_tiebreak",
  "forcedTransit": "macro_normalized_before_decision_depth",
  "sharedProofAdmission": "probe_without_allocation_then_generation_stable_read_or_rebind_on_publication",
  "siblingCompletion": "incremental_completion_order_with_noninterrupting_detach_after_cutoff",
  "baseline": {
    "elapsedMsMedian": 33.7946,
    "expandedMedian": 10756,
    "callsMedian": 23527,
    "runs": [
      {
        "elapsedMs": 87.65449999999998,
        "expanded": 10756,
        "calls": 23527,
        "forcedMacroTransitions": 4297,
        "proofAdmissions": 12716
      },
      {
        "elapsedMs": 34.67309999999998,
        "expanded": 10756,
        "calls": 23527,
        "forcedMacroTransitions": 4297,
        "proofAdmissions": 12716
      },
      {
        "elapsedMs": 33.7946,
        "expanded": 10756,
        "calls": 23527,
        "forcedMacroTransitions": 4297,
        "proofAdmissions": 12716
      },
      {
        "elapsedMs": 33.3494,
        "expanded": 10756,
        "calls": 23527,
        "forcedMacroTransitions": 4297,
        "proofAdmissions": 12716
      },
      {
        "elapsedMs": 31.59069999999997,
        "expanded": 10756,
        "calls": 23527,
        "forcedMacroTransitions": 4297,
        "proofAdmissions": 12716
      }
    ]
  },
  "results": [
    {
      "requestedWorkers": 1,
      "workers": 1,
      "splitDepth": 2,
      "splitDepthMeaning": "unresolved_decision_depth_after_forced_macro_normalization",
      "rootResolvedMsMedian": 25.856199999999944,
      "elapsedMsMedian": 25.863399999999956,
      "totalExpandedMedian": 10756,
      "shallowExpandedMedian": 5,
      "workerExpandedMedian": 10751,
      "leafTasksMedian": 7,
      "scoutTasksMedian": 6,
      "detachedScoutTasksMedian": 0,
      "reSearchesMedian": 0,
      "parallelBatchesMedian": 2,
      "actions": [
        0,
        0,
        0,
        0
      ],
      "runs": [
        {
          "rootResolvedMs": 27.029199999999946,
          "elapsedMs": 27.033999999999992,
          "shallowExpanded": 5,
          "workerExpanded": 10751,
          "totalExpanded": 10756,
          "leafTasks": 7,
          "scoutTasks": 6,
          "incrementalScoutCompletions": 6,
          "detachedScoutTasks": 0,
          "detachedBatches": 0,
          "reSearches": 0,
          "parallelBatches": 2,
          "forcedMacroTransitions": 0,
          "proofAdmissions": 5,
          "coordinatorStates": 12,
          "coordinatorClasses": 24,
          "coordinatorPaths": 12,
          "priorityMemoEntries": 7,
          "priorityMemoDrops": 0
        },
        {
          "rootResolvedMs": 24.63620000000003,
          "elapsedMs": 24.642100000000028,
          "shallowExpanded": 5,
          "workerExpanded": 10751,
          "totalExpanded": 10756,
          "leafTasks": 7,
          "scoutTasks": 6,
          "incrementalScoutCompletions": 6,
          "detachedScoutTasks": 0,
          "detachedBatches": 0,
          "reSearches": 0,
          "parallelBatches": 2,
          "forcedMacroTransitions": 0,
          "proofAdmissions": 5,
          "coordinatorStates": 12,
          "coordinatorClasses": 24,
          "coordinatorPaths": 12,
          "priorityMemoEntries": 7,
          "priorityMemoDrops": 0
        },
        {
          "rootResolvedMs": 24.657600000000002,
          "elapsedMs": 24.66280000000006,
          "shallowExpanded": 5,
          "workerExpanded": 10751,
          "totalExpanded": 10756,
          "leafTasks": 7,
          "scoutTasks": 6,
          "incrementalScoutCompletions": 6,
          "detachedScoutTasks": 0,
          "detachedBatches": 0,
          "reSearches": 0,
          "parallelBatches": 2,
          "forcedMacroTransitions": 0,
          "proofAdmissions": 5,
          "coordinatorStates": 12,
          "coordinatorClasses": 24,
          "coordinatorPaths": 12,
          "priorityMemoEntries": 7,
          "priorityMemoDrops": 0
        },
        {
          "rootResolvedMs": 26.48070000000007,
          "elapsedMs": 26.487500000000068,
          "shallowExpanded": 5,
          "workerExpanded": 10751,
          "totalExpanded": 10756,
          "leafTasks": 7,
          "scoutTasks": 6,
          "incrementalScoutCompletions": 6,
          "detachedScoutTasks": 0,
          "detachedBatches": 0,
          "reSearches": 0,
          "parallelBatches": 2,
          "forcedMacroTransitions": 0,
          "proofAdmissions": 5,
          "coordinatorStates": 12,
          "coordinatorClasses": 24,
          "coordinatorPaths": 12,
          "priorityMemoEntries": 7,
          "priorityMemoDrops": 0
        },
        {
          "rootResolvedMs": 25.856199999999944,
          "elapsedMs": 25.863399999999956,
          "shallowExpanded": 5,
          "workerExpanded": 10751,
          "totalExpanded": 10756,
          "leafTasks": 7,
          "scoutTasks": 6,
          "incrementalScoutCompletions": 6,
          "detachedScoutTasks": 0,
          "detachedBatches": 0,
          "reSearches": 0,
          "parallelBatches": 2,
          "forcedMacroTransitions": 0,
          "proofAdmissions": 5,
          "coordinatorStates": 12,
          "coordinatorClasses": 24,
          "coordinatorPaths": 12,
          "priorityMemoEntries": 7,
          "priorityMemoDrops": 0
        }
      ]
    },
    {
      "requestedWorkers": 1,
      "workers": 1,
      "splitDepth": 3,
      "splitDepthMeaning": "unresolved_decision_depth_after_forced_macro_normalization",
      "rootResolvedMsMedian": 25.36209999999994,
      "elapsedMsMedian": 25.371099999999956,
      "totalExpandedMedian": 10789,
      "shallowExpandedMedian": 12,
      "workerExpandedMedian": 10777,
      "leafTasksMedian": 20,
      "scoutTasksMedian": 18,
      "detachedScoutTasksMedian": 0,
      "reSearchesMedian": 1,
      "parallelBatchesMedian": 6,
      "actions": [
        0,
        0,
        0,
        0
      ],
      "runs": [
        {
          "rootResolvedMs": 25.774900000000002,
          "elapsedMs": 25.7808,
          "shallowExpanded": 12,
          "workerExpanded": 10777,
          "totalExpanded": 10789,
          "leafTasks": 20,
          "scoutTasks": 18,
          "incrementalScoutCompletions": 18,
          "detachedScoutTasks": 0,
          "detachedBatches": 0,
          "reSearches": 1,
          "parallelBatches": 6,
          "forcedMacroTransitions": 0,
          "proofAdmissions": 12,
          "coordinatorStates": 40,
          "coordinatorClasses": 68,
          "coordinatorPaths": 31,
          "priorityMemoEntries": 19,
          "priorityMemoDrops": 0
        },
        {
          "rootResolvedMs": 25.213799999999992,
          "elapsedMs": 25.220199999999977,
          "shallowExpanded": 12,
          "workerExpanded": 10777,
          "totalExpanded": 10789,
          "leafTasks": 20,
          "scoutTasks": 18,
          "incrementalScoutCompletions": 18,
          "detachedScoutTasks": 0,
          "detachedBatches": 0,
          "reSearches": 1,
          "parallelBatches": 6,
          "forcedMacroTransitions": 0,
          "proofAdmissions": 12,
          "coordinatorStates": 40,
          "coordinatorClasses": 68,
          "coordinatorPaths": 31,
          "priorityMemoEntries": 19,
          "priorityMemoDrops": 0
        },
        {
          "rootResolvedMs": 25.039499999999975,
          "elapsedMs": 25.048700000000053,
          "shallowExpanded": 12,
          "workerExpanded": 10777,
          "totalExpanded": 10789,
          "leafTasks": 20,
          "scoutTasks": 18,
          "incrementalScoutCompletions": 18,
          "detachedScoutTasks": 0,
          "detachedBatches": 0,
          "reSearches": 1,
          "parallelBatches": 6,
          "forcedMacroTransitions": 0,
          "proofAdmissions": 12,
          "coordinatorStates": 40,
          "coordinatorClasses": 68,
          "coordinatorPaths": 31,
          "priorityMemoEntries": 19,
          "priorityMemoDrops": 0
        },
        {
          "rootResolvedMs": 25.36209999999994,
          "elapsedMs": 25.371099999999956,
          "shallowExpanded": 12,
          "workerExpanded": 10777,
          "totalExpanded": 10789,
          "leafTasks": 20,
          "scoutTasks": 18,
          "incrementalScoutCompletions": 18,
          "detachedScoutTasks": 0,
          "detachedBatches": 0,
          "reSearches": 1,
          "parallelBatches": 6,
          "forcedMacroTransitions": 0,
          "proofAdmissions": 12,
          "coordinatorStates": 40,
          "coordinatorClasses": 68,
          "coordinatorPaths": 31,
          "priorityMemoEntries": 19,
          "priorityMemoDrops": 0
        },
        {
          "rootResolvedMs": 28.468700000000013,
          "elapsedMs": 28.473700000000008,
          "shallowExpanded": 12,
          "workerExpanded": 10777,
          "totalExpanded": 10789,
          "leafTasks": 20,
          "scoutTasks": 18,
          "incrementalScoutCompletions": 18,
          "detachedScoutTasks": 0,
          "detachedBatches": 0,
          "reSearches": 1,
          "parallelBatches": 6,
          "forcedMacroTransitions": 0,
          "proofAdmissions": 12,
          "coordinatorStates": 40,
          "coordinatorClasses": 68,
          "coordinatorPaths": 31,
          "priorityMemoEntries": 19,
          "priorityMemoDrops": 0
        }
      ]
    },
    {
      "requestedWorkers": 1,
      "workers": 1,
      "splitDepth": 4,
      "splitDepthMeaning": "unresolved_decision_depth_after_forced_macro_normalization",
      "rootResolvedMsMedian": 35.39210000000003,
      "elapsedMsMedian": 35.39720000000011,
      "totalExpandedMedian": 14028,
      "shallowExpandedMedian": 32,
      "workerExpandedMedian": 13996,
      "leafTasksMedian": 37,
      "scoutTasksMedian": 36,
      "detachedScoutTasksMedian": 4,
      "reSearchesMedian": 1,
      "parallelBatchesMedian": 12,
      "actions": [
        0,
        0,
        0,
        0
      ],
      "runs": [
        {
          "rootResolvedMs": 40.84940000000006,
          "elapsedMs": 40.85439999999994,
          "shallowExpanded": 32,
          "workerExpanded": 13996,
          "totalExpanded": 14028,
          "leafTasks": 37,
          "scoutTasks": 36,
          "incrementalScoutCompletions": 32,
          "detachedScoutTasks": 4,
          "detachedBatches": 2,
          "reSearches": 1,
          "parallelBatches": 12,
          "forcedMacroTransitions": 0,
          "proofAdmissions": 31,
          "coordinatorStates": 81,
          "coordinatorClasses": 150,
          "coordinatorPaths": 63,
          "priorityMemoEntries": 32,
          "priorityMemoDrops": 0
        },
        {
          "rootResolvedMs": 37.24649999999997,
          "elapsedMs": 37.25299999999993,
          "shallowExpanded": 32,
          "workerExpanded": 13996,
          "totalExpanded": 14028,
          "leafTasks": 37,
          "scoutTasks": 36,
          "incrementalScoutCompletions": 32,
          "detachedScoutTasks": 4,
          "detachedBatches": 2,
          "reSearches": 1,
          "parallelBatches": 12,
          "forcedMacroTransitions": 0,
          "proofAdmissions": 31,
          "coordinatorStates": 81,
          "coordinatorClasses": 150,
          "coordinatorPaths": 63,
          "priorityMemoEntries": 32,
          "priorityMemoDrops": 0
        },
        {
          "rootResolvedMs": 33.83820000000014,
          "elapsedMs": 33.8429000000001,
          "shallowExpanded": 32,
          "workerExpanded": 13996,
          "totalExpanded": 14028,
          "leafTasks": 37,
          "scoutTasks": 36,
          "incrementalScoutCompletions": 32,
          "detachedScoutTasks": 4,
          "detachedBatches": 2,
          "reSearches": 1,
          "parallelBatches": 12,
          "forcedMacroTransitions": 0,
          "proofAdmissions": 31,
          "coordinatorStates": 81,
          "coordinatorClasses": 150,
          "coordinatorPaths": 63,
          "priorityMemoEntries": 32,
          "priorityMemoDrops": 0
        },
        {
          "rootResolvedMs": 35.39210000000003,
          "elapsedMs": 35.39720000000011,
          "shallowExpanded": 32,
          "workerExpanded": 13996,
          "totalExpanded": 14028,
          "leafTasks": 37,
          "scoutTasks": 36,
          "incrementalScoutCompletions": 32,
          "detachedScoutTasks": 4,
          "detachedBatches": 2,
          "reSearches": 1,
          "parallelBatches": 12,
          "forcedMacroTransitions": 0,
          "proofAdmissions": 31,
          "coordinatorStates": 81,
          "coordinatorClasses": 150,
          "coordinatorPaths": 63,
          "priorityMemoEntries": 32,
          "priorityMemoDrops": 0
        },
        {
          "rootResolvedMs": 33.22340000000008,
          "elapsedMs": 33.228399999999965,
          "shallowExpanded": 32,
          "workerExpanded": 13996,
          "totalExpanded": 14028,
          "leafTasks": 37,
          "scoutTasks": 36,
          "incrementalScoutCompletions": 32,
          "detachedScoutTasks": 4,
          "detachedBatches": 2,
          "reSearches": 1,
          "parallelBatches": 12,
          "forcedMacroTransitions": 0,
          "proofAdmissions": 31,
          "coordinatorStates": 81,
          "coordinatorClasses": 150,
          "coordinatorPaths": 63,
          "priorityMemoEntries": 32,
          "priorityMemoDrops": 0
        }
      ]
    },
    {
      "requestedWorkers": 2,
      "workers": 2,
      "splitDepth": 2,
      "splitDepthMeaning": "unresolved_decision_depth_after_forced_macro_normalization",
      "rootResolvedMsMedian": 20.45920000000001,
      "elapsedMsMedian": 20.463600000000042,
      "totalExpandedMedian": 10795,
      "shallowExpandedMedian": 5,
      "workerExpandedMedian": 10790,
      "leafTasksMedian": 7,
      "scoutTasksMedian": 6,
      "detachedScoutTasksMedian": 0,
      "reSearchesMedian": 0,
      "parallelBatchesMedian": 2,
      "actions": [
        0,
        0,
        0,
        0
      ],
      "runs": [
        {
          "rootResolvedMs": 45.087200000000166,
          "elapsedMs": 45.0933,
          "shallowExpanded": 5,
          "workerExpanded": 10774,
          "totalExpanded": 10779,
          "leafTasks": 7,
          "scoutTasks": 6,
          "incrementalScoutCompletions": 6,
          "detachedScoutTasks": 0,
          "detachedBatches": 0,
          "reSearches": 0,
          "parallelBatches": 2,
          "forcedMacroTransitions": 0,
          "proofAdmissions": 5,
          "coordinatorStates": 12,
          "coordinatorClasses": 24,
          "coordinatorPaths": 12,
          "priorityMemoEntries": 7,
          "priorityMemoDrops": 0
        },
        {
          "rootResolvedMs": 28.135899999999992,
          "elapsedMs": 28.141200000000026,
          "shallowExpanded": 5,
          "workerExpanded": 10751,
          "totalExpanded": 10756,
          "leafTasks": 7,
          "scoutTasks": 6,
          "incrementalScoutCompletions": 6,
          "detachedScoutTasks": 0,
          "detachedBatches": 0,
          "reSearches": 0,
          "parallelBatches": 2,
          "forcedMacroTransitions": 0,
          "proofAdmissions": 5,
          "coordinatorStates": 12,
          "coordinatorClasses": 24,
          "coordinatorPaths": 12,
          "priorityMemoEntries": 7,
          "priorityMemoDrops": 0
        },
        {
          "rootResolvedMs": 20.39670000000001,
          "elapsedMs": 20.402799999999843,
          "shallowExpanded": 5,
          "workerExpanded": 10802,
          "totalExpanded": 10807,
          "leafTasks": 7,
          "scoutTasks": 6,
          "incrementalScoutCompletions": 6,
          "detachedScoutTasks": 0,
          "detachedBatches": 0,
          "reSearches": 0,
          "parallelBatches": 2,
          "forcedMacroTransitions": 0,
          "proofAdmissions": 5,
          "coordinatorStates": 12,
          "coordinatorClasses": 24,
          "coordinatorPaths": 12,
          "priorityMemoEntries": 7,
          "priorityMemoDrops": 0
        },
        {
          "rootResolvedMs": 20.45920000000001,
          "elapsedMs": 20.463600000000042,
          "shallowExpanded": 5,
          "workerExpanded": 10794,
          "totalExpanded": 10799,
          "leafTasks": 7,
          "scoutTasks": 6,
          "incrementalScoutCompletions": 6,
          "detachedScoutTasks": 0,
          "detachedBatches": 0,
          "reSearches": 0,
          "parallelBatches": 2,
          "forcedMacroTransitions": 0,
          "proofAdmissions": 5,
          "coordinatorStates": 12,
          "coordinatorClasses": 24,
          "coordinatorPaths": 12,
          "priorityMemoEntries": 7,
          "priorityMemoDrops": 0
        },
        {
          "rootResolvedMs": 19.88220000000001,
          "elapsedMs": 19.885299999999916,
          "shallowExpanded": 5,
          "workerExpanded": 10790,
          "totalExpanded": 10795,
          "leafTasks": 7,
          "scoutTasks": 6,
          "incrementalScoutCompletions": 6,
          "detachedScoutTasks": 0,
          "detachedBatches": 0,
          "reSearches": 0,
          "parallelBatches": 2,
          "forcedMacroTransitions": 0,
          "proofAdmissions": 5,
          "coordinatorStates": 12,
          "coordinatorClasses": 24,
          "coordinatorPaths": 12,
          "priorityMemoEntries": 7,
          "priorityMemoDrops": 0
        }
      ]
    },
    {
      "requestedWorkers": 2,
      "workers": 2,
      "splitDepth": 3,
      "splitDepthMeaning": "unresolved_decision_depth_after_forced_macro_normalization",
      "rootResolvedMsMedian": 17.019600000000082,
      "elapsedMsMedian": 17.023799999999937,
      "totalExpandedMedian": 10800,
      "shallowExpandedMedian": 12,
      "workerExpandedMedian": 10788,
      "leafTasksMedian": 20,
      "scoutTasksMedian": 18,
      "detachedScoutTasksMedian": 0,
      "reSearchesMedian": 1,
      "parallelBatchesMedian": 6,
      "actions": [
        0,
        0,
        0,
        0
      ],
      "runs": [
        {
          "rootResolvedMs": 17.95970000000011,
          "elapsedMs": 17.963600000000042,
          "shallowExpanded": 12,
          "workerExpanded": 10788,
          "totalExpanded": 10800,
          "leafTasks": 20,
          "scoutTasks": 18,
          "incrementalScoutCompletions": 18,
          "detachedScoutTasks": 0,
          "detachedBatches": 0,
          "reSearches": 1,
          "parallelBatches": 6,
          "forcedMacroTransitions": 0,
          "proofAdmissions": 12,
          "coordinatorStates": 40,
          "coordinatorClasses": 68,
          "coordinatorPaths": 31,
          "priorityMemoEntries": 19,
          "priorityMemoDrops": 0
        },
        {
          "rootResolvedMs": 17.019600000000082,
          "elapsedMs": 17.023799999999937,
          "shallowExpanded": 12,
          "workerExpanded": 10781,
          "totalExpanded": 10793,
          "leafTasks": 20,
          "scoutTasks": 18,
          "incrementalScoutCompletions": 18,
          "detachedScoutTasks": 0,
          "detachedBatches": 0,
          "reSearches": 1,
          "parallelBatches": 6,
          "forcedMacroTransitions": 0,
          "proofAdmissions": 12,
          "coordinatorStates": 40,
          "coordinatorClasses": 68,
          "coordinatorPaths": 31,
          "priorityMemoEntries": 19,
          "priorityMemoDrops": 0
        },
        {
          "rootResolvedMs": 17.68489999999997,
          "elapsedMs": 17.689000000000078,
          "shallowExpanded": 12,
          "workerExpanded": 10784,
          "totalExpanded": 10796,
          "leafTasks": 20,
          "scoutTasks": 18,
          "incrementalScoutCompletions": 18,
          "detachedScoutTasks": 0,
          "detachedBatches": 0,
          "reSearches": 1,
          "parallelBatches": 6,
          "forcedMacroTransitions": 0,
          "proofAdmissions": 12,
          "coordinatorStates": 40,
          "coordinatorClasses": 68,
          "coordinatorPaths": 31,
          "priorityMemoEntries": 19,
          "priorityMemoDrops": 0
        },
        {
          "rootResolvedMs": 16.839999999999918,
          "elapsedMs": 16.84400000000005,
          "shallowExpanded": 12,
          "workerExpanded": 10856,
          "totalExpanded": 10868,
          "leafTasks": 20,
          "scoutTasks": 18,
          "incrementalScoutCompletions": 18,
          "detachedScoutTasks": 0,
          "detachedBatches": 0,
          "reSearches": 1,
          "parallelBatches": 6,
          "forcedMacroTransitions": 0,
          "proofAdmissions": 12,
          "coordinatorStates": 40,
          "coordinatorClasses": 68,
          "coordinatorPaths": 31,
          "priorityMemoEntries": 19,
          "priorityMemoDrops": 0
        },
        {
          "rootResolvedMs": 16.632900000000063,
          "elapsedMs": 16.63740000000007,
          "shallowExpanded": 12,
          "workerExpanded": 10792,
          "totalExpanded": 10804,
          "leafTasks": 20,
          "scoutTasks": 18,
          "incrementalScoutCompletions": 18,
          "detachedScoutTasks": 0,
          "detachedBatches": 0,
          "reSearches": 1,
          "parallelBatches": 6,
          "forcedMacroTransitions": 0,
          "proofAdmissions": 12,
          "coordinatorStates": 40,
          "coordinatorClasses": 68,
          "coordinatorPaths": 31,
          "priorityMemoEntries": 19,
          "priorityMemoDrops": 0
        }
      ]
    },
    {
      "requestedWorkers": 2,
      "workers": 2,
      "splitDepth": 4,
      "splitDepthMeaning": "unresolved_decision_depth_after_forced_macro_normalization",
      "rootResolvedMsMedian": 20.026100000000042,
      "elapsedMsMedian": 20.029999999999973,
      "totalExpandedMedian": 14057,
      "shallowExpandedMedian": 32,
      "workerExpandedMedian": 14025,
      "leafTasksMedian": 37,
      "scoutTasksMedian": 36,
      "detachedScoutTasksMedian": 3,
      "reSearchesMedian": 1,
      "parallelBatchesMedian": 12,
      "actions": [
        0,
        0,
        0,
        0
      ],
      "runs": [
        {
          "rootResolvedMs": 20.026100000000042,
          "elapsedMs": 20.029999999999973,
          "shallowExpanded": 32,
          "workerExpanded": 14042,
          "totalExpanded": 14074,
          "leafTasks": 37,
          "scoutTasks": 36,
          "incrementalScoutCompletions": 32,
          "detachedScoutTasks": 4,
          "detachedBatches": 2,
          "reSearches": 1,
          "parallelBatches": 12,
          "forcedMacroTransitions": 0,
          "proofAdmissions": 31,
          "coordinatorStates": 81,
          "coordinatorClasses": 150,
          "coordinatorPaths": 63,
          "priorityMemoEntries": 32,
          "priorityMemoDrops": 0
        },
        {
          "rootResolvedMs": 20.47129999999993,
          "elapsedMs": 20.475400000000036,
          "shallowExpanded": 32,
          "workerExpanded": 14003,
          "totalExpanded": 14035,
          "leafTasks": 37,
          "scoutTasks": 36,
          "incrementalScoutCompletions": 33,
          "detachedScoutTasks": 3,
          "detachedBatches": 2,
          "reSearches": 1,
          "parallelBatches": 12,
          "forcedMacroTransitions": 0,
          "proofAdmissions": 31,
          "coordinatorStates": 81,
          "coordinatorClasses": 150,
          "coordinatorPaths": 63,
          "priorityMemoEntries": 32,
          "priorityMemoDrops": 0
        },
        {
          "rootResolvedMs": 20.605499999999665,
          "elapsedMs": 20.609199999999873,
          "shallowExpanded": 32,
          "workerExpanded": 14025,
          "totalExpanded": 14057,
          "leafTasks": 37,
          "scoutTasks": 36,
          "incrementalScoutCompletions": 33,
          "detachedScoutTasks": 3,
          "detachedBatches": 2,
          "reSearches": 1,
          "parallelBatches": 12,
          "forcedMacroTransitions": 0,
          "proofAdmissions": 31,
          "coordinatorStates": 81,
          "coordinatorClasses": 150,
          "coordinatorPaths": 63,
          "priorityMemoEntries": 32,
          "priorityMemoDrops": 0
        },
        {
          "rootResolvedMs": 18.648699999999735,
          "elapsedMs": 18.65249999999969,
          "shallowExpanded": 32,
          "workerExpanded": 13999,
          "totalExpanded": 14031,
          "leafTasks": 37,
          "scoutTasks": 36,
          "incrementalScoutCompletions": 33,
          "detachedScoutTasks": 3,
          "detachedBatches": 2,
          "reSearches": 1,
          "parallelBatches": 12,
          "forcedMacroTransitions": 0,
          "proofAdmissions": 31,
          "coordinatorStates": 81,
          "coordinatorClasses": 150,
          "coordinatorPaths": 63,
          "priorityMemoEntries": 32,
          "priorityMemoDrops": 0
        },
        {
          "rootResolvedMs": 19.116599999999835,
          "elapsedMs": 19.121000000000095,
          "shallowExpanded": 32,
          "workerExpanded": 14075,
          "totalExpanded": 14107,
          "leafTasks": 37,
          "scoutTasks": 36,
          "incrementalScoutCompletions": 33,
          "detachedScoutTasks": 3,
          "detachedBatches": 2,
          "reSearches": 1,
          "parallelBatches": 12,
          "forcedMacroTransitions": 0,
          "proofAdmissions": 31,
          "coordinatorStates": 81,
          "coordinatorClasses": 150,
          "coordinatorPaths": 63,
          "priorityMemoEntries": 32,
          "priorityMemoDrops": 0
        }
      ]
    },
    {
      "requestedWorkers": 3,
      "workers": 3,
      "splitDepth": 2,
      "splitDepthMeaning": "unresolved_decision_depth_after_forced_macro_normalization",
      "rootResolvedMsMedian": 22.36010000000033,
      "elapsedMsMedian": 22.364300000000185,
      "totalExpandedMedian": 10765,
      "shallowExpandedMedian": 5,
      "workerExpandedMedian": 10760,
      "leafTasksMedian": 7,
      "scoutTasksMedian": 6,
      "detachedScoutTasksMedian": 0,
      "reSearchesMedian": 0,
      "parallelBatchesMedian": 2,
      "actions": [
        0,
        0,
        0,
        0
      ],
      "runs": [
        {
          "rootResolvedMs": 26.93219999999974,
          "elapsedMs": 26.936199999999644,
          "shallowExpanded": 5,
          "workerExpanded": 10759,
          "totalExpanded": 10764,
          "leafTasks": 7,
          "scoutTasks": 6,
          "incrementalScoutCompletions": 6,
          "detachedScoutTasks": 0,
          "detachedBatches": 0,
          "reSearches": 0,
          "parallelBatches": 2,
          "forcedMacroTransitions": 0,
          "proofAdmissions": 5,
          "coordinatorStates": 12,
          "coordinatorClasses": 24,
          "coordinatorPaths": 12,
          "priorityMemoEntries": 7,
          "priorityMemoDrops": 0
        },
        {
          "rootResolvedMs": 21.815399999999954,
          "elapsedMs": 21.819400000000314,
          "shallowExpanded": 5,
          "workerExpanded": 10764,
          "totalExpanded": 10769,
          "leafTasks": 7,
          "scoutTasks": 6,
          "incrementalScoutCompletions": 6,
          "detachedScoutTasks": 0,
          "detachedBatches": 0,
          "reSearches": 0,
          "parallelBatches": 2,
          "forcedMacroTransitions": 0,
          "proofAdmissions": 5,
          "coordinatorStates": 12,
          "coordinatorClasses": 24,
          "coordinatorPaths": 12,
          "priorityMemoEntries": 7,
          "priorityMemoDrops": 0
        },
        {
          "rootResolvedMs": 22.36010000000033,
          "elapsedMs": 22.364300000000185,
          "shallowExpanded": 5,
          "workerExpanded": 10812,
          "totalExpanded": 10817,
          "leafTasks": 7,
          "scoutTasks": 6,
          "incrementalScoutCompletions": 6,
          "detachedScoutTasks": 0,
          "detachedBatches": 0,
          "reSearches": 0,
          "parallelBatches": 2,
          "forcedMacroTransitions": 0,
          "proofAdmissions": 5,
          "coordinatorStates": 12,
          "coordinatorClasses": 24,
          "coordinatorPaths": 12,
          "priorityMemoEntries": 7,
          "priorityMemoDrops": 0
        },
        {
          "rootResolvedMs": 30.0942,
          "elapsedMs": 30.098500000000058,
          "shallowExpanded": 5,
          "workerExpanded": 10760,
          "totalExpanded": 10765,
          "leafTasks": 7,
          "scoutTasks": 6,
          "incrementalScoutCompletions": 6,
          "detachedScoutTasks": 0,
          "detachedBatches": 0,
          "reSearches": 0,
          "parallelBatches": 2,
          "forcedMacroTransitions": 0,
          "proofAdmissions": 5,
          "coordinatorStates": 12,
          "coordinatorClasses": 24,
          "coordinatorPaths": 12,
          "priorityMemoEntries": 7,
          "priorityMemoDrops": 0
        },
        {
          "rootResolvedMs": 17.93199999999979,
          "elapsedMs": 17.935899999999947,
          "shallowExpanded": 5,
          "workerExpanded": 10757,
          "totalExpanded": 10762,
          "leafTasks": 7,
          "scoutTasks": 6,
          "incrementalScoutCompletions": 6,
          "detachedScoutTasks": 0,
          "detachedBatches": 0,
          "reSearches": 0,
          "parallelBatches": 2,
          "forcedMacroTransitions": 0,
          "proofAdmissions": 5,
          "coordinatorStates": 12,
          "coordinatorClasses": 24,
          "coordinatorPaths": 12,
          "priorityMemoEntries": 7,
          "priorityMemoDrops": 0
        }
      ]
    },
    {
      "requestedWorkers": 3,
      "workers": 3,
      "splitDepth": 3,
      "splitDepthMeaning": "unresolved_decision_depth_after_forced_macro_normalization",
      "rootResolvedMsMedian": 15.119799999999941,
      "elapsedMsMedian": 15.123999999999796,
      "totalExpandedMedian": 10910,
      "shallowExpandedMedian": 12,
      "workerExpandedMedian": 10898,
      "leafTasksMedian": 20,
      "scoutTasksMedian": 18,
      "detachedScoutTasksMedian": 0,
      "reSearchesMedian": 1,
      "parallelBatchesMedian": 6,
      "actions": [
        0,
        0,
        0,
        0
      ],
      "runs": [
        {
          "rootResolvedMs": 14.62940000000026,
          "elapsedMs": 14.633700000000317,
          "shallowExpanded": 12,
          "workerExpanded": 10898,
          "totalExpanded": 10910,
          "leafTasks": 20,
          "scoutTasks": 18,
          "incrementalScoutCompletions": 18,
          "detachedScoutTasks": 0,
          "detachedBatches": 0,
          "reSearches": 1,
          "parallelBatches": 6,
          "forcedMacroTransitions": 0,
          "proofAdmissions": 12,
          "coordinatorStates": 40,
          "coordinatorClasses": 68,
          "coordinatorPaths": 31,
          "priorityMemoEntries": 19,
          "priorityMemoDrops": 0
        },
        {
          "rootResolvedMs": 15.119799999999941,
          "elapsedMs": 15.123999999999796,
          "shallowExpanded": 12,
          "workerExpanded": 10894,
          "totalExpanded": 10906,
          "leafTasks": 20,
          "scoutTasks": 18,
          "incrementalScoutCompletions": 18,
          "detachedScoutTasks": 0,
          "detachedBatches": 0,
          "reSearches": 1,
          "parallelBatches": 6,
          "forcedMacroTransitions": 0,
          "proofAdmissions": 12,
          "coordinatorStates": 40,
          "coordinatorClasses": 68,
          "coordinatorPaths": 31,
          "priorityMemoEntries": 19,
          "priorityMemoDrops": 0
        },
        {
          "rootResolvedMs": 15.861599999999726,
          "elapsedMs": 15.865499999999884,
          "shallowExpanded": 12,
          "workerExpanded": 10915,
          "totalExpanded": 10927,
          "leafTasks": 20,
          "scoutTasks": 18,
          "incrementalScoutCompletions": 18,
          "detachedScoutTasks": 0,
          "detachedBatches": 0,
          "reSearches": 1,
          "parallelBatches": 6,
          "forcedMacroTransitions": 0,
          "proofAdmissions": 12,
          "coordinatorStates": 40,
          "coordinatorClasses": 68,
          "coordinatorPaths": 31,
          "priorityMemoEntries": 19,
          "priorityMemoDrops": 0
        },
        {
          "rootResolvedMs": 14.265700000000379,
          "elapsedMs": 14.26929999999993,
          "shallowExpanded": 12,
          "workerExpanded": 10929,
          "totalExpanded": 10941,
          "leafTasks": 20,
          "scoutTasks": 18,
          "incrementalScoutCompletions": 18,
          "detachedScoutTasks": 0,
          "detachedBatches": 0,
          "reSearches": 1,
          "parallelBatches": 6,
          "forcedMacroTransitions": 0,
          "proofAdmissions": 12,
          "coordinatorStates": 40,
          "coordinatorClasses": 68,
          "coordinatorPaths": 31,
          "priorityMemoEntries": 19,
          "priorityMemoDrops": 0
        },
        {
          "rootResolvedMs": 19.418100000000322,
          "elapsedMs": 19.421900000000278,
          "shallowExpanded": 12,
          "workerExpanded": 10840,
          "totalExpanded": 10852,
          "leafTasks": 20,
          "scoutTasks": 18,
          "incrementalScoutCompletions": 18,
          "detachedScoutTasks": 0,
          "detachedBatches": 0,
          "reSearches": 1,
          "parallelBatches": 6,
          "forcedMacroTransitions": 0,
          "proofAdmissions": 12,
          "coordinatorStates": 40,
          "coordinatorClasses": 68,
          "coordinatorPaths": 31,
          "priorityMemoEntries": 19,
          "priorityMemoDrops": 0
        }
      ]
    },
    {
      "requestedWorkers": 3,
      "workers": 3,
      "splitDepth": 4,
      "splitDepthMeaning": "unresolved_decision_depth_after_forced_macro_normalization",
      "rootResolvedMsMedian": 15.619599999999991,
      "elapsedMsMedian": 15.623399999999947,
      "totalExpandedMedian": 14249,
      "shallowExpandedMedian": 32,
      "workerExpandedMedian": 14217,
      "leafTasksMedian": 37,
      "scoutTasksMedian": 36,
      "detachedScoutTasksMedian": 4,
      "reSearchesMedian": 1,
      "parallelBatchesMedian": 12,
      "actions": [
        0,
        0,
        0,
        0
      ],
      "runs": [
        {
          "rootResolvedMs": 16.854299999999967,
          "elapsedMs": 16.858099999999922,
          "shallowExpanded": 32,
          "workerExpanded": 14176,
          "totalExpanded": 14208,
          "leafTasks": 37,
          "scoutTasks": 36,
          "incrementalScoutCompletions": 32,
          "detachedScoutTasks": 4,
          "detachedBatches": 2,
          "reSearches": 1,
          "parallelBatches": 12,
          "forcedMacroTransitions": 0,
          "proofAdmissions": 31,
          "coordinatorStates": 81,
          "coordinatorClasses": 150,
          "coordinatorPaths": 63,
          "priorityMemoEntries": 32,
          "priorityMemoDrops": 0
        },
        {
          "rootResolvedMs": 16.49940000000015,
          "elapsedMs": 16.503200000000106,
          "shallowExpanded": 32,
          "workerExpanded": 14157,
          "totalExpanded": 14189,
          "leafTasks": 37,
          "scoutTasks": 36,
          "incrementalScoutCompletions": 33,
          "detachedScoutTasks": 3,
          "detachedBatches": 2,
          "reSearches": 1,
          "parallelBatches": 12,
          "forcedMacroTransitions": 0,
          "proofAdmissions": 31,
          "coordinatorStates": 81,
          "coordinatorClasses": 150,
          "coordinatorPaths": 63,
          "priorityMemoEntries": 32,
          "priorityMemoDrops": 0
        },
        {
          "rootResolvedMs": 15.619599999999991,
          "elapsedMs": 15.623399999999947,
          "shallowExpanded": 32,
          "workerExpanded": 14248,
          "totalExpanded": 14280,
          "leafTasks": 37,
          "scoutTasks": 36,
          "incrementalScoutCompletions": 32,
          "detachedScoutTasks": 4,
          "detachedBatches": 2,
          "reSearches": 1,
          "parallelBatches": 12,
          "forcedMacroTransitions": 0,
          "proofAdmissions": 31,
          "coordinatorStates": 81,
          "coordinatorClasses": 150,
          "coordinatorPaths": 63,
          "priorityMemoEntries": 32,
          "priorityMemoDrops": 0
        },
        {
          "rootResolvedMs": 15.158699999999953,
          "elapsedMs": 15.16229999999996,
          "shallowExpanded": 32,
          "workerExpanded": 14217,
          "totalExpanded": 14249,
          "leafTasks": 37,
          "scoutTasks": 36,
          "incrementalScoutCompletions": 32,
          "detachedScoutTasks": 4,
          "detachedBatches": 2,
          "reSearches": 1,
          "parallelBatches": 12,
          "forcedMacroTransitions": 0,
          "proofAdmissions": 31,
          "coordinatorStates": 81,
          "coordinatorClasses": 150,
          "coordinatorPaths": 63,
          "priorityMemoEntries": 32,
          "priorityMemoDrops": 0
        },
        {
          "rootResolvedMs": 15.438599999999951,
          "elapsedMs": 15.442800000000261,
          "shallowExpanded": 32,
          "workerExpanded": 14221,
          "totalExpanded": 14253,
          "leafTasks": 37,
          "scoutTasks": 36,
          "incrementalScoutCompletions": 32,
          "detachedScoutTasks": 4,
          "detachedBatches": 2,
          "reSearches": 1,
          "parallelBatches": 12,
          "forcedMacroTransitions": 0,
          "proofAdmissions": 31,
          "coordinatorStates": 81,
          "coordinatorClasses": 150,
          "coordinatorPaths": 63,
          "priorityMemoEntries": 32,
          "priorityMemoDrops": 0
        }
      ]
    },
    {
      "requestedWorkers": 4,
      "workers": 4,
      "splitDepth": 2,
      "splitDepthMeaning": "unresolved_decision_depth_after_forced_macro_normalization",
      "rootResolvedMsMedian": 82.61989999999969,
      "elapsedMsMedian": 82.6277,
      "totalExpandedMedian": 10792,
      "shallowExpandedMedian": 5,
      "workerExpandedMedian": 10787,
      "leafTasksMedian": 7,
      "scoutTasksMedian": 6,
      "detachedScoutTasksMedian": 0,
      "reSearchesMedian": 0,
      "parallelBatchesMedian": 2,
      "actions": [
        0,
        0,
        0,
        0
      ],
      "runs": [
        {
          "rootResolvedMs": 123.04860000000008,
          "elapsedMs": 123.05520000000024,
          "shallowExpanded": 5,
          "workerExpanded": 10789,
          "totalExpanded": 10794,
          "leafTasks": 7,
          "scoutTasks": 6,
          "incrementalScoutCompletions": 6,
          "detachedScoutTasks": 0,
          "detachedBatches": 0,
          "reSearches": 0,
          "parallelBatches": 2,
          "forcedMacroTransitions": 0,
          "proofAdmissions": 5,
          "coordinatorStates": 12,
          "coordinatorClasses": 24,
          "coordinatorPaths": 12,
          "priorityMemoEntries": 7,
          "priorityMemoDrops": 0
        },
        {
          "rootResolvedMs": 107.8152,
          "elapsedMs": 107.82359999999971,
          "shallowExpanded": 5,
          "workerExpanded": 10761,
          "totalExpanded": 10766,
          "leafTasks": 7,
          "scoutTasks": 6,
          "incrementalScoutCompletions": 6,
          "detachedScoutTasks": 0,
          "detachedBatches": 0,
          "reSearches": 0,
          "parallelBatches": 2,
          "forcedMacroTransitions": 0,
          "proofAdmissions": 5,
          "coordinatorStates": 12,
          "coordinatorClasses": 24,
          "coordinatorPaths": 12,
          "priorityMemoEntries": 7,
          "priorityMemoDrops": 0
        },
        {
          "rootResolvedMs": 59.97599999999966,
          "elapsedMs": 59.98249999999962,
          "shallowExpanded": 5,
          "workerExpanded": 10778,
          "totalExpanded": 10783,
          "leafTasks": 7,
          "scoutTasks": 6,
          "incrementalScoutCompletions": 6,
          "detachedScoutTasks": 0,
          "detachedBatches": 0,
          "reSearches": 0,
          "parallelBatches": 2,
          "forcedMacroTransitions": 0,
          "proofAdmissions": 5,
          "coordinatorStates": 12,
          "coordinatorClasses": 24,
          "coordinatorPaths": 12,
          "priorityMemoEntries": 7,
          "priorityMemoDrops": 0
        },
        {
          "rootResolvedMs": 82.61989999999969,
          "elapsedMs": 82.6277,
          "shallowExpanded": 5,
          "workerExpanded": 10825,
          "totalExpanded": 10830,
          "leafTasks": 7,
          "scoutTasks": 6,
          "incrementalScoutCompletions": 6,
          "detachedScoutTasks": 0,
          "detachedBatches": 0,
          "reSearches": 0,
          "parallelBatches": 2,
          "forcedMacroTransitions": 0,
          "proofAdmissions": 5,
          "coordinatorStates": 12,
          "coordinatorClasses": 24,
          "coordinatorPaths": 12,
          "priorityMemoEntries": 7,
          "priorityMemoDrops": 0
        },
        {
          "rootResolvedMs": 42.839200000000346,
          "elapsedMs": 42.846500000000106,
          "shallowExpanded": 5,
          "workerExpanded": 10787,
          "totalExpanded": 10792,
          "leafTasks": 7,
          "scoutTasks": 6,
          "incrementalScoutCompletions": 6,
          "detachedScoutTasks": 0,
          "detachedBatches": 0,
          "reSearches": 0,
          "parallelBatches": 2,
          "forcedMacroTransitions": 0,
          "proofAdmissions": 5,
          "coordinatorStates": 12,
          "coordinatorClasses": 24,
          "coordinatorPaths": 12,
          "priorityMemoEntries": 7,
          "priorityMemoDrops": 0
        }
      ]
    },
    {
      "requestedWorkers": 4,
      "workers": 4,
      "splitDepth": 3,
      "splitDepthMeaning": "unresolved_decision_depth_after_forced_macro_normalization",
      "rootResolvedMsMedian": 27.329799999999977,
      "elapsedMsMedian": 27.33690000000024,
      "totalExpandedMedian": 10863,
      "shallowExpandedMedian": 12,
      "workerExpandedMedian": 10851,
      "leafTasksMedian": 20,
      "scoutTasksMedian": 18,
      "detachedScoutTasksMedian": 0,
      "reSearchesMedian": 1,
      "parallelBatchesMedian": 6,
      "actions": [
        0,
        0,
        0,
        0
      ],
      "runs": [
        {
          "rootResolvedMs": 27.555199999999786,
          "elapsedMs": 27.562099999999646,
          "shallowExpanded": 12,
          "workerExpanded": 10909,
          "totalExpanded": 10921,
          "leafTasks": 20,
          "scoutTasks": 18,
          "incrementalScoutCompletions": 18,
          "detachedScoutTasks": 0,
          "detachedBatches": 0,
          "reSearches": 1,
          "parallelBatches": 6,
          "forcedMacroTransitions": 0,
          "proofAdmissions": 12,
          "coordinatorStates": 40,
          "coordinatorClasses": 68,
          "coordinatorPaths": 31,
          "priorityMemoEntries": 19,
          "priorityMemoDrops": 0
        },
        {
          "rootResolvedMs": 26.228000000000065,
          "elapsedMs": 26.234600000000228,
          "shallowExpanded": 12,
          "workerExpanded": 10793,
          "totalExpanded": 10805,
          "leafTasks": 20,
          "scoutTasks": 18,
          "incrementalScoutCompletions": 18,
          "detachedScoutTasks": 0,
          "detachedBatches": 0,
          "reSearches": 1,
          "parallelBatches": 6,
          "forcedMacroTransitions": 0,
          "proofAdmissions": 12,
          "coordinatorStates": 40,
          "coordinatorClasses": 68,
          "coordinatorPaths": 31,
          "priorityMemoEntries": 19,
          "priorityMemoDrops": 0
        },
        {
          "rootResolvedMs": 27.329799999999977,
          "elapsedMs": 27.33690000000024,
          "shallowExpanded": 12,
          "workerExpanded": 10864,
          "totalExpanded": 10876,
          "leafTasks": 20,
          "scoutTasks": 18,
          "incrementalScoutCompletions": 18,
          "detachedScoutTasks": 0,
          "detachedBatches": 0,
          "reSearches": 1,
          "parallelBatches": 6,
          "forcedMacroTransitions": 0,
          "proofAdmissions": 12,
          "coordinatorStates": 40,
          "coordinatorClasses": 68,
          "coordinatorPaths": 31,
          "priorityMemoEntries": 19,
          "priorityMemoDrops": 0
        },
        {
          "rootResolvedMs": 25.293899999999667,
          "elapsedMs": 25.30099999999993,
          "shallowExpanded": 12,
          "workerExpanded": 10784,
          "totalExpanded": 10796,
          "leafTasks": 20,
          "scoutTasks": 18,
          "incrementalScoutCompletions": 18,
          "detachedScoutTasks": 0,
          "detachedBatches": 0,
          "reSearches": 1,
          "parallelBatches": 6,
          "forcedMacroTransitions": 0,
          "proofAdmissions": 12,
          "coordinatorStates": 40,
          "coordinatorClasses": 68,
          "coordinatorPaths": 31,
          "priorityMemoEntries": 19,
          "priorityMemoDrops": 0
        },
        {
          "rootResolvedMs": 33.51790000000028,
          "elapsedMs": 33.52539999999999,
          "shallowExpanded": 12,
          "workerExpanded": 10851,
          "totalExpanded": 10863,
          "leafTasks": 20,
          "scoutTasks": 18,
          "incrementalScoutCompletions": 18,
          "detachedScoutTasks": 0,
          "detachedBatches": 0,
          "reSearches": 1,
          "parallelBatches": 6,
          "forcedMacroTransitions": 0,
          "proofAdmissions": 12,
          "coordinatorStates": 40,
          "coordinatorClasses": 68,
          "coordinatorPaths": 31,
          "priorityMemoEntries": 19,
          "priorityMemoDrops": 0
        }
      ]
    },
    {
      "requestedWorkers": 4,
      "workers": 4,
      "splitDepth": 4,
      "splitDepthMeaning": "unresolved_decision_depth_after_forced_macro_normalization",
      "rootResolvedMsMedian": 29.511899999999514,
      "elapsedMsMedian": 29.537000000000262,
      "totalExpandedMedian": 14153,
      "shallowExpandedMedian": 32,
      "workerExpandedMedian": 14121,
      "leafTasksMedian": 37,
      "scoutTasksMedian": 36,
      "detachedScoutTasksMedian": 4,
      "reSearchesMedian": 1,
      "parallelBatchesMedian": 12,
      "actions": [
        0,
        0,
        0,
        0
      ],
      "runs": [
        {
          "rootResolvedMs": 33.47160000000076,
          "elapsedMs": 33.47910000000047,
          "shallowExpanded": 32,
          "workerExpanded": 14056,
          "totalExpanded": 14088,
          "leafTasks": 37,
          "scoutTasks": 36,
          "incrementalScoutCompletions": 32,
          "detachedScoutTasks": 4,
          "detachedBatches": 2,
          "reSearches": 1,
          "parallelBatches": 12,
          "forcedMacroTransitions": 0,
          "proofAdmissions": 31,
          "coordinatorStates": 81,
          "coordinatorClasses": 150,
          "coordinatorPaths": 63,
          "priorityMemoEntries": 32,
          "priorityMemoDrops": 0
        },
        {
          "rootResolvedMs": 32.49089999999978,
          "elapsedMs": 32.501499999999396,
          "shallowExpanded": 32,
          "workerExpanded": 14130,
          "totalExpanded": 14162,
          "leafTasks": 37,
          "scoutTasks": 36,
          "incrementalScoutCompletions": 32,
          "detachedScoutTasks": 4,
          "detachedBatches": 2,
          "reSearches": 1,
          "parallelBatches": 12,
          "forcedMacroTransitions": 0,
          "proofAdmissions": 31,
          "coordinatorStates": 81,
          "coordinatorClasses": 150,
          "coordinatorPaths": 63,
          "priorityMemoEntries": 32,
          "priorityMemoDrops": 0
        },
        {
          "rootResolvedMs": 29.511899999999514,
          "elapsedMs": 29.537000000000262,
          "shallowExpanded": 32,
          "workerExpanded": 14099,
          "totalExpanded": 14131,
          "leafTasks": 37,
          "scoutTasks": 36,
          "incrementalScoutCompletions": 32,
          "detachedScoutTasks": 4,
          "detachedBatches": 2,
          "reSearches": 1,
          "parallelBatches": 12,
          "forcedMacroTransitions": 0,
          "proofAdmissions": 31,
          "coordinatorStates": 81,
          "coordinatorClasses": 150,
          "coordinatorPaths": 63,
          "priorityMemoEntries": 32,
          "priorityMemoDrops": 0
        },
        {
          "rootResolvedMs": 26.163400000000365,
          "elapsedMs": 26.16899999999987,
          "shallowExpanded": 32,
          "workerExpanded": 14121,
          "totalExpanded": 14153,
          "leafTasks": 37,
          "scoutTasks": 36,
          "incrementalScoutCompletions": 32,
          "detachedScoutTasks": 4,
          "detachedBatches": 2,
          "reSearches": 1,
          "parallelBatches": 12,
          "forcedMacroTransitions": 0,
          "proofAdmissions": 31,
          "coordinatorStates": 81,
          "coordinatorClasses": 150,
          "coordinatorPaths": 63,
          "priorityMemoEntries": 32,
          "priorityMemoDrops": 0
        },
        {
          "rootResolvedMs": 26.040800000000672,
          "elapsedMs": 26.04660000000058,
          "shallowExpanded": 32,
          "workerExpanded": 14142,
          "totalExpanded": 14174,
          "leafTasks": 37,
          "scoutTasks": 36,
          "incrementalScoutCompletions": 33,
          "detachedScoutTasks": 3,
          "detachedBatches": 2,
          "reSearches": 1,
          "parallelBatches": 12,
          "forcedMacroTransitions": 0,
          "proofAdmissions": 31,
          "coordinatorStates": 81,
          "coordinatorClasses": 150,
          "coordinatorPaths": 63,
          "priorityMemoEntries": 32,
          "priorityMemoDrops": 0
        }
      ]
    }
  ],
  "best": {
    "requestedWorkers": 3,
    "workers": 3,
    "splitDepth": 3,
    "splitDepthMeaning": "unresolved_decision_depth_after_forced_macro_normalization",
    "rootResolvedMsMedian": 15.119799999999941,
    "elapsedMsMedian": 15.123999999999796,
    "totalExpandedMedian": 10910,
    "shallowExpandedMedian": 12,
    "workerExpandedMedian": 10898,
    "leafTasksMedian": 20,
    "scoutTasksMedian": 18,
    "detachedScoutTasksMedian": 0,
    "reSearchesMedian": 1,
    "parallelBatchesMedian": 6,
    "actions": [
      0,
      0,
      0,
      0
    ],
    "runs": [
      {
        "rootResolvedMs": 14.62940000000026,
        "elapsedMs": 14.633700000000317,
        "shallowExpanded": 12,
        "workerExpanded": 10898,
        "totalExpanded": 10910,
        "leafTasks": 20,
        "scoutTasks": 18,
        "incrementalScoutCompletions": 18,
        "detachedScoutTasks": 0,
        "detachedBatches": 0,
        "reSearches": 1,
        "parallelBatches": 6,
        "forcedMacroTransitions": 0,
        "proofAdmissions": 12,
        "coordinatorStates": 40,
        "coordinatorClasses": 68,
        "coordinatorPaths": 31,
        "priorityMemoEntries": 19,
        "priorityMemoDrops": 0
      },
      {
        "rootResolvedMs": 15.119799999999941,
        "elapsedMs": 15.123999999999796,
        "shallowExpanded": 12,
        "workerExpanded": 10894,
        "totalExpanded": 10906,
        "leafTasks": 20,
        "scoutTasks": 18,
        "incrementalScoutCompletions": 18,
        "detachedScoutTasks": 0,
        "detachedBatches": 0,
        "reSearches": 1,
        "parallelBatches": 6,
        "forcedMacroTransitions": 0,
        "proofAdmissions": 12,
        "coordinatorStates": 40,
        "coordinatorClasses": 68,
        "coordinatorPaths": 31,
        "priorityMemoEntries": 19,
        "priorityMemoDrops": 0
      },
      {
        "rootResolvedMs": 15.861599999999726,
        "elapsedMs": 15.865499999999884,
        "shallowExpanded": 12,
        "workerExpanded": 10915,
        "totalExpanded": 10927,
        "leafTasks": 20,
        "scoutTasks": 18,
        "incrementalScoutCompletions": 18,
        "detachedScoutTasks": 0,
        "detachedBatches": 0,
        "reSearches": 1,
        "parallelBatches": 6,
        "forcedMacroTransitions": 0,
        "proofAdmissions": 12,
        "coordinatorStates": 40,
        "coordinatorClasses": 68,
        "coordinatorPaths": 31,
        "priorityMemoEntries": 19,
        "priorityMemoDrops": 0
      },
      {
        "rootResolvedMs": 14.265700000000379,
        "elapsedMs": 14.26929999999993,
        "shallowExpanded": 12,
        "workerExpanded": 10929,
        "totalExpanded": 10941,
        "leafTasks": 20,
        "scoutTasks": 18,
        "incrementalScoutCompletions": 18,
        "detachedScoutTasks": 0,
        "detachedBatches": 0,
        "reSearches": 1,
        "parallelBatches": 6,
        "forcedMacroTransitions": 0,
        "proofAdmissions": 12,
        "coordinatorStates": 40,
        "coordinatorClasses": 68,
        "coordinatorPaths": 31,
        "priorityMemoEntries": 19,
        "priorityMemoDrops": 0
      },
      {
        "rootResolvedMs": 19.418100000000322,
        "elapsedMs": 19.421900000000278,
        "shallowExpanded": 12,
        "workerExpanded": 10840,
        "totalExpanded": 10852,
        "leafTasks": 20,
        "scoutTasks": 18,
        "incrementalScoutCompletions": 18,
        "detachedScoutTasks": 0,
        "detachedBatches": 0,
        "reSearches": 1,
        "parallelBatches": 6,
        "forcedMacroTransitions": 0,
        "proofAdmissions": 12,
        "coordinatorStates": 40,
        "coordinatorClasses": 68,
        "coordinatorPaths": 31,
        "priorityMemoEntries": 19,
        "priorityMemoDrops": 0
      }
    ]
  }
}
