✔ compact index preserves capacity and published keys when link or bucket allocation fails (5.4218ms)
✔ cheap chunk address collisions preserve exact IDs through dictionary rehash (2.1211ms)
✔ reserved composed hashes reuse immutable local IDs across traversal and shared arena reset (23.2762ms)
✔ empty chunk identity survives dictionary growth and validates input before reuse (1.1677ms)
✔ direct semantic edges agree with recomputation and repeated edges bypass every interner (17.7235ms)
✔ prepared exact search performs no typed allocation or backing-array growth (6.8215ms)
✔ reserved state/chunk exhaustion preserves published identities instead of allocating (5.363ms)
✔ standalone local solver reserves its proof arrays without adding them to online workers (2.4688ms)
✔ reserved residual exhaustion preserves existing classes and reports the resource boundary (3.2133ms)
✔ chunk exact keys survive collisions and growth; a hit never requests insertion capacity (0.7273ms)
✔ canonical cardinality and descriptor hashes match independent term sequences across growth and geometries (428.033ms)
✔ term writer rejects malformed capacity before mutation and class-count allocation failure preserves published classes (3.2978ms)
✔ qualification baseline keeps one proof owner and rejects invalid residual inputs (0.6913ms)
✔ support access rejects malformed indices and columns without rank-zero aliases (2.3827ms)
✔ paired response guard preserves every column reservoir in packed and table layouts (3.4682ms)
✔ compiled residual coverage rejects malformed inputs and reads canonical chunks after growth (5.3107ms)
✔ board input is captured once at initialization and residual widths derive from that domain (56.5553ms)
✔ state interning and cached edges reject values outside their owned domains (0.9315ms)
✔ slot64 cell masks reject integer wrapping and preserve the residual class (0.4885ms)
✔ failed state growth leaves every existing backing array and capacity intact (11.0354ms)
✔ semantic IDs and cached edges survive repeated state growth and hash collisions (79.3751ms)
ℹ tests 21
ℹ suites 0
ℹ pass 21
ℹ fail 0
ℹ cancelled 0
ℹ skipped 0
ℹ todo 0
ℹ duration_ms 760.1898
