✔ bounded normal search keeps horizon leaves unknown and can resume exact search (1.8624ms)
✔ an unresolved sibling cannot turn a known draw into an exact root draw (0.2388ms)
✔ a proved winning child still cuts off after an unresolved sibling (0.1595ms)
✔ bounded forced chains respect the horizon and restore unrestricted search after failure (0.3817ms)
✔ structural draw intersects prior proof and rejects contradictory exact bounds (0.7026ms)
✔ both decision policies reject rank-preserving forced transitions (0.7693ms)
✔ a scout rejected with null cannot become a draw through numeric coercion (0.9715ms)
✔ a failed re-search retains ownership of its outstanding peer scouts (3.0022ms)
✔ frontier copying handles overlapping distinct views and keeps cached masks private (0.732ms)
✔ coherent read boundary rejects malformed scalars before typed narrowing (0.3136ms)
✔ actual search visits moves in descending eval order; hints only break equal scores (1.1018ms)
✔ root action results expose one canonical draw value after perspective reversal (0.2995ms)
✔ proof arenas dispatch only explicit complete contracts (2.8127ms)
✔ publication rejects invalid values and hints before either live or stale access (1.8794ms)
✔ packed records reject reserved bits, invalid bounds and implicit number coercion (0.4913ms)
✔ replacement before proof lock acquisition rejects old publication and releases the acquired generation (0.4272ms)
✔ contradictory publication leaves the current proof intact and releases the writer (0.2317ms)
✔ coherent proof read observes sound writer-held record without blocking (0.6932ms)
✔ bucket prefix probes stop at first empty and preserve exact matches through collisions, writers, poison and reset (2.345ms)
✔ a first-empty observation during concurrent publication is only a miss and cannot hide the next probe (0.2069ms)
✔ current-handle observation rechecks generation after observing slot status (0.2066ms)
✔ game adapters require an arena bound to their exact geometry and term vocabulary (4.2056ms)
✔ resource reset rejects semantic nonquiescence before clearing static proofs (0.462ms)
✔ arena views reject aliases/growth and snapshot mutable transport metadata (0.3649ms)
✔ a failure after payload overwrite poisons the new generation until quiescent reset (0.3221ms)
✔ generation exhaustion never wraps into a prior handle (0.2905ms)
✔ negative allocation and counters cannot alias existing term storage (0.3383ms)
✔ proof writer excludes replacement and reset, then wakes replacement on release (66.9143ms)
✔ chunk exact keys survive collisions and growth; a hit never requests insertion capacity (4.7996ms)
✔ canonical cardinality and descriptor hashes match independent term sequences across growth and geometries (431.0026ms)
✔ term writer rejects malformed capacity before mutation and class-count allocation failure preserves published classes (5.0427ms)
✔ qualification baseline keeps one proof owner and rejects invalid residual inputs (1.2061ms)
✔ support access rejects malformed indices and columns without rank-zero aliases (3.1623ms)
✔ paired response guard preserves every column reservoir in packed and table layouts (4.1622ms)
✔ compiled residual coverage rejects malformed inputs and reads canonical chunks after growth (6.9012ms)
✔ board input is captured once at initialization and residual widths derive from that domain (55.5768ms)
✔ state interning and cached edges reject values outside their owned domains (0.6138ms)
✔ slot64 cell masks reject integer wrapping and preserve the residual class (0.5448ms)
✔ failed state growth leaves every existing backing array and capacity intact (13.8401ms)
✔ semantic IDs and cached edges survive repeated state growth and hash collisions (79.9151ms)
ℹ tests 40
ℹ suites 0
ℹ pass 40
ℹ fail 0
ℹ cancelled 0
ℹ skipped 0
ℹ todo 0
ℹ duration_ms 765.0204
