✔ bounded normal search keeps horizon leaves unknown and can resume exact search (1.7875ms)
✔ an unresolved sibling cannot turn a known draw into an exact root draw (0.2331ms)
✔ a proved winning child still cuts off after an unresolved sibling (0.1544ms)
✔ bounded forced chains respect the horizon and restore unrestricted search after failure (0.2523ms)
✔ structural draw intersects prior proof and rejects contradictory exact bounds (0.6812ms)
✔ both decision policies reject rank-preserving forced transitions (0.745ms)
✔ a scout rejected with null cannot become a draw through numeric coercion (1.0303ms)
✔ a failed re-search retains ownership of its outstanding peer scouts (3.0859ms)
✔ frontier copying handles overlapping distinct views and keeps cached masks private (0.7484ms)
✔ fused frontier advancement matches independent masks for disjoint and overlapping views (3.3703ms)
✔ coherent read boundary rejects malformed scalars before typed narrowing (0.336ms)
✔ actual search visits moves in descending eval order; hints only break equal scores (1.3706ms)
✔ root action results expose one canonical draw value after perspective reversal (0.2641ms)
✔ singleton scalar reads match canonical residual terms across geometries and reject invalid addresses (42.2852ms)
✔ bounded reservations follow board/depth bounds, budget and actual owner byte counts (65.3401ms)
✔ changed-slot identity converges across blocking order, including all-zero address filters (14.0019ms)
✔ compact index preserves capacity and published keys when link or bucket allocation fails (2.1122ms)
✔ cheap chunk address collisions preserve exact IDs through dictionary rehash (3.0287ms)
✔ reserved composed hashes reuse immutable local IDs across traversal and shared arena reset (22.7489ms)
✔ empty chunk identity survives dictionary growth and validates input before reuse (0.7192ms)
✔ direct semantic edges agree with recomputation and repeated edges bypass every interner (16.1068ms)
✔ prepared exact search performs no typed allocation or backing-array growth (5.4159ms)
✔ reserved state/chunk exhaustion preserves published identities instead of allocating (4.1492ms)
✔ standalone local solver reserves its proof arrays without adding them to online workers (2.3084ms)
✔ reserved residual exhaustion preserves existing classes and reports the resource boundary (3.8274ms)
✔ chunk exact keys survive collisions and growth; a hit never requests insertion capacity (0.674ms)
✔ canonical cardinality and descriptor hashes match independent term sequences across growth and geometries (447.6917ms)
✔ term writer rejects malformed capacity before mutation and class-count allocation failure preserves published classes (3.3524ms)
✔ qualification baseline keeps one proof owner and rejects invalid residual inputs (0.8072ms)
✔ support access rejects malformed indices and columns without rank-zero aliases (2.0413ms)
✔ paired response guard preserves every column reservoir in packed and table layouts (4.2166ms)
✔ compiled residual coverage rejects malformed inputs and reads canonical chunks after growth (6.9562ms)
✔ board input is captured once at initialization and residual widths derive from that domain (58.2926ms)
✔ state interning and cached edges reject values outside their owned domains (0.662ms)
✔ slot64 cell masks reject integer wrapping and preserve the residual class (0.535ms)
✔ failed state growth leaves every existing backing array and capacity intact (12.2648ms)
✔ semantic IDs and cached edges survive repeated state growth and hash collisions (83.6616ms)
ℹ tests 37
ℹ suites 0
ℹ pass 37
ℹ fail 0
ℹ cancelled 0
ℹ skipped 0
ℹ todo 0
ℹ duration_ms 921.9868
