✔ bounded reservations follow board/depth bounds, budget and actual owner byte counts (44.3914ms)
✔ changed-slot identity converges across blocking order, including all-zero address filters (13.6371ms)
✔ compact index preserves capacity and published keys when link or bucket allocation fails (1.6686ms)
✔ cheap chunk address collisions preserve exact IDs through dictionary rehash (1.1319ms)
✔ reserved composed hashes reuse immutable local IDs across traversal and shared arena reset (26.471ms)
✔ empty chunk identity survives dictionary growth and validates input before reuse (0.7434ms)
✔ direct semantic edges agree with recomputation and repeated edges bypass every interner (16.3356ms)
✔ prepared exact search performs no typed allocation or backing-array growth (5.7058ms)
✔ reserved state/chunk exhaustion preserves published identities instead of allocating (4.4223ms)
✔ standalone local solver reserves its proof arrays without adding them to online workers (2.3652ms)
✔ reserved residual exhaustion preserves existing classes and reports the resource boundary (3.8529ms)
✔ chunk exact keys survive collisions and growth; a hit never requests insertion capacity (0.7551ms)
✔ canonical cardinality and descriptor hashes match independent term sequences across growth and geometries (434.2265ms)
✔ term writer rejects malformed capacity before mutation and class-count allocation failure preserves published classes (3.1746ms)
✔ qualification baseline keeps one proof owner and rejects invalid residual inputs (0.8137ms)
✔ support access rejects malformed indices and columns without rank-zero aliases (1.6919ms)
✔ paired response guard preserves every column reservoir in packed and table layouts (3.3903ms)
✔ compiled residual coverage rejects malformed inputs and reads canonical chunks after growth (7.9373ms)
✔ board input is captured once at initialization and residual widths derive from that domain (58.9814ms)
✔ state interning and cached edges reject values outside their owned domains (0.7129ms)
✔ slot64 cell masks reject integer wrapping and preserve the residual class (0.5051ms)
✔ failed state growth leaves every existing backing array and capacity intact (11.8578ms)
✔ semantic IDs and cached edges survive repeated state growth and hash collisions (85.3816ms)
ℹ tests 23
ℹ suites 0
ℹ pass 23
ℹ fail 0
ℹ cancelled 0
ℹ skipped 0
ℹ todo 0
ℹ duration_ms 841.5043
