✔ bounded reservations follow board/depth bounds, budget and actual owner byte counts (43.9073ms)
✔ changed-slot identity converges across blocking order, including all-zero address filters (13.9399ms)
✔ compact index preserves capacity and published keys when link or bucket allocation fails (2.2297ms)
✔ cheap chunk address collisions preserve exact IDs through dictionary rehash (1.18ms)
✔ reserved composed hashes reuse immutable local IDs across traversal and shared arena reset (24.72ms)
✔ empty chunk identity survives dictionary growth and validates input before reuse (0.7316ms)
✔ direct semantic edges agree with recomputation and repeated edges bypass every interner (16.1188ms)
✔ prepared exact search performs no typed allocation or backing-array growth (5.4258ms)
✔ reserved state/chunk exhaustion preserves published identities instead of allocating (4.1296ms)
✔ standalone local solver reserves its proof arrays without adding them to online workers (2.6596ms)
✔ reserved residual exhaustion preserves existing classes and reports the resource boundary (3.7386ms)
✔ chunk exact keys survive collisions and growth; a hit never requests insertion capacity (0.7186ms)
✔ canonical cardinality and descriptor hashes match independent term sequences across growth and geometries (430.4946ms)
✔ term writer rejects malformed capacity before mutation and class-count allocation failure preserves published classes (3.0913ms)
✔ qualification baseline keeps one proof owner and rejects invalid residual inputs (0.7889ms)
✔ support access rejects malformed indices and columns without rank-zero aliases (2.151ms)
✔ paired response guard preserves every column reservoir in packed and table layouts (3.6137ms)
✔ compiled residual coverage rejects malformed inputs and reads canonical chunks after growth (6.4282ms)
✔ board input is captured once at initialization and residual widths derive from that domain (58.3194ms)
✔ state interning and cached edges reject values outside their owned domains (0.6842ms)
✔ slot64 cell masks reject integer wrapping and preserve the residual class (0.5166ms)
✔ failed state growth leaves every existing backing array and capacity intact (11.7535ms)
✔ semantic IDs and cached edges survive repeated state growth and hash collisions (80.3362ms)
ℹ tests 23
ℹ suites 0
ℹ pass 23
ℹ fail 0
ℹ cancelled 0
ℹ skipped 0
ℹ todo 0
ℹ duration_ms 822.381
