✔ bounded normal search keeps horizon leaves unknown and can resume exact search (1.9247ms)
✔ an unresolved sibling cannot turn a known draw into an exact root draw (0.2402ms)
✔ a proved winning child still cuts off after an unresolved sibling (0.1622ms)
✔ bounded forced chains respect the horizon and restore unrestricted search after failure (0.2627ms)
✔ structural draw intersects prior proof and rejects contradictory exact bounds (0.7251ms)
✔ both decision policies reject rank-preserving forced transitions (0.7742ms)
✔ a scout rejected with null cannot become a draw through numeric coercion (1.0437ms)
✔ a failed re-search retains ownership of its outstanding peer scouts (2.8922ms)
✔ frontier copying handles overlapping distinct views and keeps cached masks private (0.7406ms)
✔ fused frontier advancement matches independent masks for disjoint and overlapping views (3.4339ms)
✔ coherent read boundary rejects malformed scalars before typed narrowing (0.3253ms)
✔ actual search visits moves in descending eval order; hints only break equal scores (1.694ms)
✔ root action results expose one canonical draw value after perspective reversal (0.2976ms)
✔ proof arenas dispatch only explicit complete contracts (2.3524ms)
✔ publication rejects invalid values and hints before either live or stale access (2.1329ms)
✔ packed records reject reserved bits, invalid bounds and implicit number coercion (0.5485ms)
✔ replacement before proof lock acquisition rejects old publication and releases the acquired generation (0.5239ms)
✔ contradictory publication leaves the current proof intact and releases the writer (0.2784ms)
✔ coherent proof read observes sound writer-held record without blocking (0.7494ms)
✔ hash rejection skips generation loads; replacement across the filter still requires exact payload (1.9177ms)
✔ bucket prefix probes stop at first empty and preserve exact matches through collisions, writers, poison and reset (0.7876ms)
✔ a first-empty observation during concurrent publication is only a miss and cannot hide the next probe (0.2167ms)
✔ current-handle observation rechecks generation after observing slot status (0.2549ms)
✔ game adapters require an arena bound to their exact geometry and term vocabulary (8.1733ms)
✔ resource reset rejects semantic nonquiescence before clearing static proofs (0.4832ms)
✔ arena views reject aliases/growth and snapshot mutable transport metadata (0.4749ms)
✔ a failure after payload overwrite poisons the new generation until quiescent reset (0.4158ms)
✔ generation exhaustion never wraps into a prior handle (0.364ms)
✔ negative allocation and counters cannot alias existing term storage (0.4372ms)
✔ proof writer excludes replacement and reset, then wakes replacement on release (73.1471ms)
✔ empty chunk identity survives dictionary growth and validates input before reuse (4.769ms)
✔ direct semantic edges agree with recomputation and repeated edges bypass every interner (24.0735ms)
✔ prepared exact search performs no typed allocation or backing-array growth (8.0201ms)
✔ reserved state/chunk exhaustion preserves published identities instead of allocating (4.0499ms)
✔ standalone local solver reserves its proof arrays without adding them to online workers (2.9711ms)
✔ reserved residual exhaustion preserves existing classes and reports the resource boundary (3.7492ms)
✔ chunk exact keys survive collisions and growth; a hit never requests insertion capacity (2.5686ms)
✔ canonical cardinality and descriptor hashes match independent term sequences across growth and geometries (431.2654ms)
✔ term writer rejects malformed capacity before mutation and class-count allocation failure preserves published classes (3.5485ms)
✔ qualification baseline keeps one proof owner and rejects invalid residual inputs (0.9731ms)
✔ support access rejects malformed indices and columns without rank-zero aliases (1.4214ms)
✔ paired response guard preserves every column reservoir in packed and table layouts (3.3053ms)
✔ compiled residual coverage rejects malformed inputs and reads canonical chunks after growth (5.5558ms)
✔ board input is captured once at initialization and residual widths derive from that domain (58.3816ms)
✔ state interning and cached edges reject values outside their owned domains (0.799ms)
✔ slot64 cell masks reject integer wrapping and preserve the residual class (0.6267ms)
✔ failed state growth leaves every existing backing array and capacity intact (11.9188ms)
✔ semantic IDs and cached edges survive repeated state growth and hash collisions (71.4804ms)
✔ cleanup attempts every owned termination after stop/drain/close failure (1.0579ms)
✔ postMessage failure poisons executor and releases every pending task (0.7536ms)
✔ malformed worker values poison before the worker can run queued work (0.8242ms)
✔ synchronous abandonment failure cannot interrupt executor poisoning (0.4175ms)
✔ queued payloads are captured at submission instead of borrowing caller state (0.3796ms)
✔ path replies must match the dispatched planner state and failed pools cannot be reused (0.7462ms)
✔ Branch Manager calls fail immediately after observed exit instead of awaiting a dead worker (47.7497ms)
✔ semantic worker fails closed on unknown protocol and remains poisoned (52.6442ms)
✔ bounded work plan rejects bad ordering/ranks and reduces actual worker values exactly (101.8499ms)
ℹ tests 57
ℹ suites 0
ℹ pass 57
ℹ fail 0
ℹ cancelled 0
ℹ skipped 0
ℹ todo 0
ℹ duration_ms 784.0415
