✔ bounded normal search keeps horizon leaves unknown and can resume exact search (1.9661ms)
✔ an unresolved sibling cannot turn a known draw into an exact root draw (0.2548ms)
✔ a proved winning child still cuts off after an unresolved sibling (0.1654ms)
✔ bounded forced chains respect the horizon and restore unrestricted search after failure (0.2943ms)
✔ structural draw intersects prior proof and rejects contradictory exact bounds (0.8048ms)
✔ both decision policies reject rank-preserving forced transitions (0.8985ms)
✔ a scout rejected with null cannot become a draw through numeric coercion (1.0213ms)
✔ a failed re-search retains ownership of its outstanding peer scouts (3.8463ms)
✔ frontier copying handles overlapping distinct views and keeps cached masks private (0.7802ms)
✔ coherent read boundary rejects malformed scalars before typed narrowing (0.3843ms)
✔ actual search visits moves in descending eval order; hints only break equal scores (1.28ms)
✔ root action results expose one canonical draw value after perspective reversal (0.3441ms)
✔ proof arenas dispatch only explicit complete contracts (1.9941ms)
✔ publication rejects invalid values and hints before either live or stale access (1.7892ms)
✔ packed records reject reserved bits, invalid bounds and implicit number coercion (0.4651ms)
✔ replacement before proof lock acquisition rejects old publication and releases the acquired generation (0.4544ms)
✔ contradictory publication leaves the current proof intact and releases the writer (0.2997ms)
✔ coherent proof read observes sound writer-held record without blocking (0.7502ms)
✔ bucket prefix probes stop at first empty and preserve exact matches through collisions, writers, poison and reset (2.4616ms)
✔ a first-empty observation during concurrent publication is only a miss and cannot hide the next probe (0.2565ms)
✔ current-handle observation rechecks generation after observing slot status (0.2327ms)
✔ game adapters require an arena bound to their exact geometry and term vocabulary (8.343ms)
✔ resource reset rejects semantic nonquiescence before clearing static proofs (0.5178ms)
✔ arena views reject aliases/growth and snapshot mutable transport metadata (0.4692ms)
✔ a failure after payload overwrite poisons the new generation until quiescent reset (0.3781ms)
✔ generation exhaustion never wraps into a prior handle (0.3357ms)
✔ negative allocation and counters cannot alias existing term storage (0.4619ms)
✔ proof writer excludes replacement and reset, then wakes replacement on release (73.5955ms)
✔ prepared exact search performs no typed allocation or backing-array growth (11.8306ms)
✔ reserved state/chunk exhaustion preserves published identities instead of allocating (6.1389ms)
✔ standalone local solver reserves its proof arrays without adding them to online workers (3.1ms)
✔ reserved residual exhaustion preserves existing classes and reports the resource boundary (5.4687ms)
✔ chunk exact keys survive collisions and growth; a hit never requests insertion capacity (1.4915ms)
✔ canonical cardinality and descriptor hashes match independent term sequences across growth and geometries (437.4741ms)
✔ term writer rejects malformed capacity before mutation and class-count allocation failure preserves published classes (3.3021ms)
✔ qualification baseline keeps one proof owner and rejects invalid residual inputs (0.6523ms)
✔ support access rejects malformed indices and columns without rank-zero aliases (2.2146ms)
✔ paired response guard preserves every column reservoir in packed and table layouts (3.8547ms)
✔ compiled residual coverage rejects malformed inputs and reads canonical chunks after growth (5.9781ms)
✔ board input is captured once at initialization and residual widths derive from that domain (54.4642ms)
✔ state interning and cached edges reject values outside their owned domains (0.9954ms)
✔ slot64 cell masks reject integer wrapping and preserve the residual class (0.6161ms)
✔ failed state growth leaves every existing backing array and capacity intact (17.6226ms)
✔ semantic IDs and cached edges survive repeated state growth and hash collisions (72.2959ms)
✔ cleanup attempts every owned termination after stop/drain/close failure (1.0961ms)
✔ postMessage failure poisons executor and releases every pending task (0.7421ms)
✔ malformed worker values poison before the worker can run queued work (0.8075ms)
✔ synchronous abandonment failure cannot interrupt executor poisoning (0.4097ms)
✔ queued payloads are captured at submission instead of borrowing caller state (0.3548ms)
✔ path replies must match the dispatched planner state and failed pools cannot be reused (0.6681ms)
✔ Branch Manager calls fail immediately after observed exit instead of awaiting a dead worker (50.3505ms)
✔ semantic worker fails closed on unknown protocol and remains poisoned (55.216ms)
✔ bounded work plan rejects bad ordering/ranks and reduces actual worker values exactly (104.9933ms)
ℹ tests 53
ℹ suites 0
ℹ pass 53
ℹ fail 0
ℹ cancelled 0
ℹ skipped 0
ℹ todo 0
ℹ duration_ms 763.8761
