✔ bounded normal search keeps horizon leaves unknown and can resume exact search (1.8629ms)
✔ an unresolved sibling cannot turn a known draw into an exact root draw (0.2521ms)
✔ a proved winning child still cuts off after an unresolved sibling (0.1709ms)
✔ bounded forced chains respect the horizon and restore unrestricted search after failure (0.2794ms)
✔ structural draw intersects prior proof and rejects contradictory exact bounds (0.729ms)
✔ both decision policies reject rank-preserving forced transitions (0.8262ms)
✔ a scout rejected with null cannot become a draw through numeric coercion (1.1402ms)
✔ a failed re-search retains ownership of its outstanding peer scouts (2.9996ms)
✔ frontier copying handles overlapping distinct views and keeps cached masks private (0.9272ms)
✔ fused frontier advancement matches independent masks for disjoint and overlapping views (3.4018ms)
✔ coherent read boundary rejects malformed scalars before typed narrowing (0.3084ms)
✔ actual search visits moves in descending eval order; hints only break equal scores (1.8499ms)
✔ root action results expose one canonical draw value after perspective reversal (0.2837ms)
✔ proof arenas dispatch only explicit complete contracts (2.0309ms)
✔ publication rejects invalid values and hints before either live or stale access (2.0023ms)
✔ packed records reject reserved bits, invalid bounds and implicit number coercion (0.4912ms)
✔ replacement before proof lock acquisition rejects old publication and releases the acquired generation (0.5634ms)
✔ contradictory publication leaves the current proof intact and releases the writer (0.2938ms)
✔ coherent proof read observes sound writer-held record without blocking (0.7466ms)
✔ hash rejection skips generation loads; replacement across the filter still requires exact payload (1.8981ms)
✔ bucket prefix probes stop at first empty and preserve exact matches through collisions, writers, poison and reset (0.8038ms)
✔ a first-empty observation during concurrent publication is only a miss and cannot hide the next probe (0.2242ms)
✔ current-handle observation rechecks generation after observing slot status (0.264ms)
✔ game adapters require an arena bound to their exact geometry and term vocabulary (8.553ms)
✔ resource reset rejects semantic nonquiescence before clearing static proofs (0.5895ms)
✔ arena views reject aliases/growth and snapshot mutable transport metadata (0.5113ms)
✔ a failure after payload overwrite poisons the new generation until quiescent reset (0.4453ms)
✔ generation exhaustion never wraps into a prior handle (0.3318ms)
✔ negative allocation and counters cannot alias existing term storage (0.4423ms)
✔ proof writer excludes replacement and reset, then wakes replacement on release (79.5604ms)
✔ owned semantic hasher preserves pre-change vectors and cannot be poisoned through its borrowed view (1.6811ms)
✔ hot descriptors match independent retained descriptors across growth and repeated visits (28.8861ms)
✔ empty chunk identity survives dictionary growth and validates input before reuse (1.6187ms)
✔ direct semantic edges agree with recomputation and repeated edges bypass every interner (22.2278ms)
✔ prepared exact search performs no typed allocation or backing-array growth (8.8947ms)
✔ reserved state/chunk exhaustion preserves published identities instead of allocating (4.3774ms)
✔ standalone local solver reserves its proof arrays without adding them to online workers (2.8831ms)
✔ reserved residual exhaustion preserves existing classes and reports the resource boundary (4.636ms)
✔ chunk exact keys survive collisions and growth; a hit never requests insertion capacity (1.0348ms)
✔ canonical cardinality and descriptor hashes match independent term sequences across growth and geometries (435.0297ms)
✔ term writer rejects malformed capacity before mutation and class-count allocation failure preserves published classes (4.5285ms)
✔ qualification baseline keeps one proof owner and rejects invalid residual inputs (1.0152ms)
✔ support access rejects malformed indices and columns without rank-zero aliases (2.652ms)
✔ paired response guard preserves every column reservoir in packed and table layouts (4.5955ms)
✔ compiled residual coverage rejects malformed inputs and reads canonical chunks after growth (7.2641ms)
✔ board input is captured once at initialization and residual widths derive from that domain (59.3175ms)
✔ state interning and cached edges reject values outside their owned domains (0.6856ms)
✔ slot64 cell masks reject integer wrapping and preserve the residual class (0.6206ms)
✔ failed state growth leaves every existing backing array and capacity intact (11.9697ms)
✔ semantic IDs and cached edges survive repeated state growth and hash collisions (73.6836ms)
✔ cleanup attempts every owned termination after stop/drain/close failure (1.0976ms)
✔ postMessage failure poisons executor and releases every pending task (0.7628ms)
✔ malformed worker values poison before the worker can run queued work (0.8141ms)
✔ synchronous abandonment failure cannot interrupt executor poisoning (0.4619ms)
✔ queued payloads are captured at submission instead of borrowing caller state (0.4139ms)
✔ path replies must match the dispatched planner state and failed pools cannot be reused (1.0966ms)
✔ Branch Manager calls fail immediately after observed exit instead of awaiting a dead worker (52.9521ms)
✔ semantic worker fails closed on unknown protocol and remains poisoned (57.6608ms)
✔ bounded work plan rejects bad ordering/ranks and reduces actual worker values exactly (108.1351ms)
ℹ tests 59
ℹ suites 0
ℹ pass 59
ℹ fail 0
ℹ cancelled 0
ℹ skipped 0
ℹ todo 0
ℹ duration_ms 839.0159
