✔ bounded normal search keeps horizon leaves unknown and can resume exact search (1.9094ms)
✔ an unresolved sibling cannot turn a known draw into an exact root draw (0.2492ms)
✔ a proved winning child still cuts off after an unresolved sibling (0.1663ms)
✔ bounded forced chains respect the horizon and restore unrestricted search after failure (0.2571ms)
✔ structural draw intersects prior proof and rejects contradictory exact bounds (0.703ms)
✔ both decision policies reject rank-preserving forced transitions (0.7868ms)
✔ a scout rejected with null cannot become a draw through numeric coercion (0.4495ms)
✔ a failed re-search retains ownership of its outstanding peer scouts (3.2541ms)
✔ frontier copying handles overlapping distinct views and keeps cached masks private (0.6959ms)
✔ coherent read boundary rejects malformed scalars before typed narrowing (0.3018ms)
✔ actual search visits moves in descending eval order; hints only break equal scores (1.0587ms)
✔ root action results expose one canonical draw value after perspective reversal (0.2967ms)
✔ canonical cardinality and descriptor hashes match independent term sequences across growth and geometries (438.4572ms)
✔ term writer rejects malformed capacity before mutation and class-count allocation failure preserves published classes (5.0435ms)
✔ qualification baseline keeps one proof owner and rejects invalid residual inputs (0.7831ms)
✔ support access rejects malformed indices and columns without rank-zero aliases (1.865ms)
✔ paired response guard preserves every column reservoir in packed and table layouts (4.5421ms)
✔ compiled residual coverage rejects malformed inputs and reads canonical chunks after growth (6.6392ms)
✔ board input is captured once at initialization and residual widths derive from that domain (51.1224ms)
✔ state interning and cached edges reject values outside their owned domains (0.5407ms)
✔ slot64 cell masks reject integer wrapping and preserve the residual class (0.4835ms)
✔ failed state growth leaves every existing backing array and capacity intact (15.6063ms)
✔ semantic IDs and cached edges survive repeated state growth and hash collisions (86.3433ms)
ℹ tests 23
ℹ suites 0
ℹ pass 23
ℹ fail 0
ℹ cancelled 0
ℹ skipped 0
ℹ todo 0
ℹ duration_ms 712.8786
