✔ cheap chunk address collisions preserve exact IDs through dictionary rehash (5.7974ms)
✔ reserved composed hashes reuse immutable local IDs across traversal and shared arena reset (22.5554ms)
✔ empty chunk identity survives dictionary growth and validates input before reuse (1.2164ms)
✔ direct semantic edges agree with recomputation and repeated edges bypass every interner (18.1937ms)
✔ prepared exact search performs no typed allocation or backing-array growth (7.4467ms)
✔ reserved state/chunk exhaustion preserves published identities instead of allocating (5.8861ms)
✔ standalone local solver reserves its proof arrays without adding them to online workers (2.5044ms)
✔ reserved residual exhaustion preserves existing classes and reports the resource boundary (3.1898ms)
✔ chunk exact keys survive collisions and growth; a hit never requests insertion capacity (0.7317ms)
✔ canonical cardinality and descriptor hashes match independent term sequences across growth and geometries (422.319ms)
✔ term writer rejects malformed capacity before mutation and class-count allocation failure preserves published classes (5.0956ms)
✔ qualification baseline keeps one proof owner and rejects invalid residual inputs (0.9061ms)
✔ support access rejects malformed indices and columns without rank-zero aliases (1.8972ms)
✔ paired response guard preserves every column reservoir in packed and table layouts (3.918ms)
✔ compiled residual coverage rejects malformed inputs and reads canonical chunks after growth (6.0351ms)
✔ board input is captured once at initialization and residual widths derive from that domain (56.3742ms)
✔ state interning and cached edges reject values outside their owned domains (0.6667ms)
✔ slot64 cell masks reject integer wrapping and preserve the residual class (0.4934ms)
✔ failed state growth leaves every existing backing array and capacity intact (12.1324ms)
✔ semantic IDs and cached edges survive repeated state growth and hash collisions (73.3257ms)
ℹ tests 20
ℹ suites 0
ℹ pass 20
ℹ fail 0
ℹ cancelled 0
ℹ skipped 0
ℹ todo 0
ℹ duration_ms 751.6042
