✔ CPC event counts reduce to XOR through the actual support/address mapping (1419.0793ms)
ℹ [{"geometry":"1x4c3","supports":5,"targets":10,"oddHeightAddressCounterexamples":0},{"geometry":"2x5c4","supports":36,"targets":180,"oddHeightAddressCounterexamples":81},{"geometry":"3x4c3","supports":125,"targets":750,"oddHeightAddressCounterexamples":0},{"geometry":"4x3c3","supports":256,"targets":1536,"oddHeightAddressCounterexamples":768},{"geometry":"4x4c4","supports":625,"targets":5000,"oddHeightAddressCounterexamples":0},{"geometry":"4x5c4","supports":1296,"targets":12960,"oddHeightAddressCounterexamples":6480},{"geometry":"5x3c3","supports":1024,"targets":7680,"oddHeightAddressCounterexamples":3840},{"geometry":"6x4c4","supports":15625,"targets":187500,"oddHeightAddressCounterexamples":0},{"geometry":"7x5c4","supports":279936,"targets":4898880,"oddHeightAddressCounterexamples":2449440},{"geometry":"7x6c4","supports":823543,"targets":17294403,"oddHeightAddressCounterexamples":0}]
✔ equal base parity operands and target do not erase differing residual context (3.7334ms)
ℹ {"loss":{"path":"122442","heights":[1,3,0,2],"mover":0,"outside":3,"through":2,"relativeControl":0,"wdl":-1},"win":{"path":"124224","heights":[1,3,0,2],"mover":0,"outside":3,"through":2,"relativeControl":0,"wdl":1}}
✔ frontier provider is selected at initialization and malformed providers fail closed (3.1391ms)
✔ bounded normal search keeps horizon leaves unknown and can resume exact search (0.826ms)
✔ an unresolved sibling cannot turn a known draw into an exact root draw (0.3399ms)
✔ a proved winning child still cuts off after an unresolved sibling (0.887ms)
✔ bounded forced chains respect the horizon and restore unrestricted search after failure (0.3233ms)
✔ structural draw intersects prior proof and rejects contradictory exact bounds (0.7525ms)
✔ both decision policies reject rank-preserving forced transitions (0.9044ms)
✔ a scout rejected with null cannot become a draw through numeric coercion (0.6748ms)
✔ a failed re-search retains ownership of its outstanding peer scouts (5.0853ms)
✔ frontier copying handles overlapping distinct views and keeps cached masks private (1.2622ms)
✔ fused frontier advancement matches independent masks for disjoint and overlapping views (5.4111ms)
✔ coherent read boundary rejects malformed scalars before typed narrowing (0.5109ms)
✔ actual search visits moves in descending eval order; hints only break equal scores (1.7182ms)
✔ root action results expose one canonical draw value after perspective reversal (0.4787ms)
✔ native identity layout round trips all width regimes against independent BigInt concatenation (12.8343ms)
✔ sealing preserves IDs and edges, replaces payload, and rejects capacity aliases (3.4826ms)
✔ invalid reservation requests fail before changing the state owner (0.7052ms)
✔ all-zero bucket hash still distinguishes complete keys and full pool still returns existing IDs (37.1887ms)
✔ failed reservation allocation preserves readable identities and allows a clean retry (0.9727ms)
✔ standard-board response certificates survive hostile play and shared Negamax perspective (198.4227ms)
✔ proof arenas dispatch only explicit complete contracts (1.9964ms)
✔ publication rejects invalid values and hints before either live or stale access (2.0389ms)
✔ packed records reject reserved bits, invalid bounds and implicit number coercion (0.4956ms)
✔ replacement before proof lock acquisition rejects old publication and releases the acquired generation (0.4748ms)
✔ contradictory publication leaves the current proof intact and releases the writer (0.2936ms)
✔ coherent proof read observes sound writer-held record without blocking (0.7328ms)
✔ semantic tactical forwarding keeps kernel state checks and policy result checks (13.7149ms)
✔ nonzero hash mismatch avoids slot acquisition without granting hash equality proof authority (1.5515ms)
✔ hash rejection skips generation loads; replacement across the filter still requires exact payload (0.6266ms)
✔ bucket prefix probes stop at first empty and preserve exact matches through collisions, writers, poison and reset (1.0286ms)
✔ a first-empty observation during concurrent publication is only a miss and cannot hide the next probe (0.3873ms)
✔ current-handle observation rechecks generation after observing slot status (0.3831ms)
✔ game adapters require an arena bound to their exact geometry and term vocabulary (8.2235ms)
✔ resource reset rejects semantic nonquiescence before clearing static proofs (0.8612ms)
✔ arena views reject aliases/growth and snapshot mutable transport metadata (0.5749ms)
✔ a failure after payload overwrite poisons the new generation until quiescent reset (0.43ms)
✔ generation exhaustion never wraps into a prior handle (0.2743ms)
✔ negative allocation and counters cannot alias existing term storage (0.3253ms)
✔ proof writer excludes replacement and reset, then wakes replacement on release (74.6995ms)
✔ singleton scalar reads match canonical residual terms across geometries and reject invalid addresses (51.7222ms)
✔ bounded reservations follow board/depth bounds, budget and actual owner byte counts (66.1266ms)
✔ changed-slot identity converges across blocking order, including all-zero address filters (14.4757ms)
✔ compact index preserves capacity and published keys when link or bucket allocation fails (1.9549ms)
✔ cheap chunk address collisions preserve exact IDs through dictionary rehash (4.2151ms)
✔ reserved composed hashes reuse immutable local IDs across traversal and shared arena reset (32.3441ms)
✔ empty chunk identity survives dictionary growth and validates input before reuse (0.9037ms)
✔ direct semantic edges agree with recomputation and repeated edges bypass every interner (26.5076ms)
✔ prepared exact search performs no typed allocation or backing-array growth (6.2662ms)
✔ reserved state/chunk exhaustion preserves published identities instead of allocating (5.64ms)
✔ standalone local solver reserves its proof arrays without adding them to online workers (2.5802ms)
✔ reserved residual exhaustion preserves existing classes and reports the resource boundary (4.073ms)
✔ chunk exact keys survive collisions and growth; a hit never requests insertion capacity (1.3607ms)
✔ canonical cardinality and descriptor hashes match independent term sequences across growth and geometries (488.5223ms)
✔ term writer rejects malformed capacity before mutation and class-count allocation failure preserves published classes (3.8341ms)
✔ qualification baseline keeps one proof owner and rejects invalid residual inputs (0.9425ms)
✔ support access rejects malformed indices and columns without rank-zero aliases (1.9984ms)
✔ paired response guard preserves every column reservoir in packed and table layouts (3.5201ms)
✔ compiled residual coverage rejects malformed inputs and reads canonical chunks after growth (6.5967ms)
✔ board input is captured once at initialization and residual widths derive from that domain (56.5887ms)
✔ state interning and cached edges reject values outside their owned domains (0.983ms)
✔ slot64 cell masks reject integer wrapping and preserve the residual class (0.5208ms)
✔ failed state growth leaves every existing backing array and capacity intact (8.4551ms)
✔ semantic IDs and cached edges survive repeated state growth and hash collisions (82.7407ms)
✔ cleanup attempts every owned termination after stop/drain/close failure (1.0691ms)
✔ postMessage failure poisons executor and releases every pending task (0.8174ms)
✔ malformed worker values poison before the worker can run queued work (1.0282ms)
✔ synchronous abandonment failure cannot interrupt executor poisoning (0.4794ms)
✔ queued payloads are captured at submission instead of borrowing caller state (0.5438ms)
✔ path replies must match the dispatched planner state and failed pools cannot be reused (0.7826ms)
✔ Branch Manager calls fail immediately after observed exit instead of awaiting a dead worker (56.6918ms)
✔ semantic worker fails closed on unknown protocol and remains poisoned (59.1665ms)
✔ bounded work plan rejects bad ordering/ranks and reduces actual worker values exactly (116.3574ms)
ℹ tests 74
ℹ suites 0
ℹ pass 74
ℹ fail 0
ℹ cancelled 0
ℹ skipped 0
ℹ todo 0
ℹ duration_ms 1525.0694
