✔ structural draw intersects prior proof and rejects contradictory exact bounds (1.2436ms)
✔ both decision policies reject rank-preserving forced transitions (1.6438ms)
✔ a scout rejected with null cannot become a draw through numeric coercion (0.6306ms)
✔ a failed re-search retains ownership of its outstanding peer scouts (3.2251ms)
✔ frontier copying handles overlapping distinct views and keeps cached masks private (1.097ms)
✔ proof arenas dispatch only explicit complete contracts (2.0589ms)
✔ publication rejects invalid values and hints before either live or stale access (1.5893ms)
✔ packed records reject reserved bits, invalid bounds and implicit number coercion (0.5091ms)
✔ replacement before proof lock acquisition rejects old publication and releases the acquired generation (0.5045ms)
✔ contradictory publication leaves the current proof intact and releases the writer (0.3059ms)
✔ root configuration validates timer, cache, window-depth and worker resource domains without launching a solve (1.3642ms)
✔ current-handle observation rechecks generation after observing slot status (1.8306ms)
✔ game adapters require an arena bound to their exact geometry and term vocabulary (5.3979ms)
✔ resource reset rejects semantic nonquiescence before clearing static proofs (0.5424ms)
✔ arena views reject aliases/growth and snapshot mutable transport metadata (0.5198ms)
✔ a failure after payload overwrite poisons the new generation until quiescent reset (0.4198ms)
✔ generation exhaustion never wraps into a prior handle (0.2829ms)
✔ negative allocation and counters cannot alias existing term storage (0.3382ms)
✔ proof writer excludes replacement and reset, then wakes replacement on release (77.3466ms)
✔ qualification baseline keeps one proof owner and rejects invalid residual inputs (3.4285ms)
✔ support access rejects malformed indices and columns without rank-zero aliases (3.3513ms)
✔ state interning and cached edges reject values outside their owned domains (0.9611ms)
✔ slot64 cell masks reject integer wrapping and preserve the residual class (1.7089ms)
✔ failed state growth leaves every existing backing array and capacity intact (52.0019ms)
✔ cleanup attempts every owned termination after stop/drain/close failure (1.0271ms)
✔ postMessage failure poisons executor and releases every pending task (0.7457ms)
✔ malformed worker values poison before the worker can run queued work (0.754ms)
✔ synchronous abandonment failure cannot interrupt executor poisoning (0.3848ms)
✔ queued payloads are captured at submission instead of borrowing caller state (0.3746ms)
✔ path replies must match the dispatched planner state and failed pools cannot be reused (0.857ms)
✔ Branch Manager calls fail immediately after observed exit instead of awaiting a dead worker (44.4496ms)
✔ semantic worker fails closed on unknown protocol and remains poisoned (47.1104ms)
✔ bounded work plan rejects bad ordering/ranks and reduces actual worker values exactly (110.7229ms)
ℹ tests 33
ℹ suites 0
ℹ pass 33
ℹ fail 0
ℹ cancelled 0
ℹ skipped 0
ℹ todo 0
ℹ duration_ms 356.6037
