✔ structural draw intersects prior proof and rejects contradictory exact bounds (1.5088ms)
✔ both decision policies reject rank-preserving forced transitions (1.4739ms)
✔ a scout rejected with null cannot become a draw through numeric coercion (0.6116ms)
✔ a failed re-search retains ownership of its outstanding peer scouts (3.9539ms)
✔ frontier copying handles overlapping distinct views and keeps cached masks private (0.9133ms)
✔ coherent read boundary rejects malformed scalars before typed narrowing (0.3228ms)
✔ actual search visits moves in descending eval order; hints only break equal scores (1.7402ms)
✔ root action results expose one canonical draw value after perspective reversal (0.3636ms)
✔ standard-board response certificates survive hostile play and shared Negamax perspective (248.4808ms)
✔ proof arenas dispatch only explicit complete contracts (2.2506ms)
✔ publication rejects invalid values and hints before either live or stale access (1.5669ms)
✔ packed records reject reserved bits, invalid bounds and implicit number coercion (0.4952ms)
✔ replacement before proof lock acquisition rejects old publication and releases the acquired generation (0.465ms)
✔ contradictory publication leaves the current proof intact and releases the writer (0.2412ms)
✔ coherent proof read observes sound writer-held record without blocking (0.6736ms)
✔ root configuration validates timer, cache, window-depth and worker resource domains without launching a solve (1.023ms)
✔ current-handle observation rechecks generation after observing slot status (1.7788ms)
✔ game adapters require an arena bound to their exact geometry and term vocabulary (4.353ms)
✔ resource reset rejects semantic nonquiescence before clearing static proofs (0.5579ms)
✔ arena views reject aliases/growth and snapshot mutable transport metadata (0.4942ms)
✔ a failure after payload overwrite poisons the new generation until quiescent reset (0.4309ms)
✔ generation exhaustion never wraps into a prior handle (0.2588ms)
✔ negative allocation and counters cannot alias existing term storage (0.3286ms)
✔ proof writer excludes replacement and reset, then wakes replacement on release (73.9792ms)
✔ cleanup attempts every owned termination after stop/drain/close failure (1.0564ms)
✔ postMessage failure poisons executor and releases every pending task (0.8056ms)
✔ malformed worker values poison before the worker can run queued work (0.7872ms)
✔ synchronous abandonment failure cannot interrupt executor poisoning (0.4074ms)
✔ queued payloads are captured at submission instead of borrowing caller state (0.3522ms)
✔ path replies must match the dispatched planner state and failed pools cannot be reused (0.6867ms)
✔ Branch Manager calls fail immediately after observed exit instead of awaiting a dead worker (48.0278ms)
✔ semantic worker fails closed on unknown protocol and remains poisoned (53.8596ms)
✔ bounded work plan rejects bad ordering/ranks and reduces actual worker values exactly (110.0772ms)
ℹ tests 33
ℹ suites 0
ℹ pass 33
ℹ fail 0
ℹ cancelled 0
ℹ skipped 0
ℹ todo 0
ℹ duration_ms 365.7488
