✔ proof arenas dispatch only explicit complete contracts (1.8501ms)
✔ publication rejects invalid values and hints before either live or stale access (1.4127ms)
✔ packed records reject reserved bits, invalid bounds and implicit number coercion (0.4623ms)
✔ replacement before proof lock acquisition rejects old publication and releases the acquired generation (0.446ms)
✔ contradictory publication leaves the current proof intact and releases the writer (0.2728ms)
✔ coherent proof read observes sound writer-held record without blocking (0.7178ms)
✔ nonzero hash mismatch avoids slot acquisition without granting hash equality proof authority (1.8797ms)
✔ hash rejection skips generation loads; replacement across the filter still requires exact payload (0.4661ms)
✔ bucket prefix probes stop at first empty and preserve exact matches through collisions, writers, poison and reset (0.6345ms)
✔ a first-empty observation during concurrent publication is only a miss and cannot hide the next probe (0.2435ms)
✔ current-handle observation rechecks generation after observing slot status (0.2641ms)
✔ game adapters require an arena bound to their exact geometry and term vocabulary (7.9241ms)
✔ resource reset rejects semantic nonquiescence before clearing static proofs (0.4794ms)
✔ arena views reject aliases/growth and snapshot mutable transport metadata (0.4869ms)
✔ a failure after payload overwrite poisons the new generation until quiescent reset (0.4365ms)
✔ generation exhaustion never wraps into a prior handle (0.3151ms)
✔ negative allocation and counters cannot alias existing term storage (0.3547ms)
✔ proof writer excludes replacement and reset, then wakes replacement on release (59.8306ms)
✔ singleton scalar reads match canonical residual terms across geometries and reject invalid addresses (43.1363ms)
✔ bounded reservations follow board/depth bounds, budget and actual owner byte counts (64.8011ms)
✔ changed-slot identity converges across blocking order, including all-zero address filters (13.6069ms)
✔ compact index preserves capacity and published keys when link or bucket allocation fails (1.3686ms)
✔ cheap chunk address collisions preserve exact IDs through dictionary rehash (3.2907ms)
✔ reserved composed hashes reuse immutable local IDs across traversal and shared arena reset (21.7043ms)
✔ empty chunk identity survives dictionary growth and validates input before reuse (0.8678ms)
✔ direct semantic edges agree with recomputation and repeated edges bypass every interner (15.7969ms)
✔ prepared exact search performs no typed allocation or backing-array growth (4.8738ms)
✔ reserved state/chunk exhaustion preserves published identities instead of allocating (3.7539ms)
✔ standalone local solver reserves its proof arrays without adding them to online workers (2.8966ms)
✔ reserved residual exhaustion preserves existing classes and reports the resource boundary (3.7522ms)
✔ chunk exact keys survive collisions and growth; a hit never requests insertion capacity (1.0544ms)
✔ canonical cardinality and descriptor hashes match independent term sequences across growth and geometries (443.7551ms)
✔ term writer rejects malformed capacity before mutation and class-count allocation failure preserves published classes (2.9378ms)
✔ qualification baseline keeps one proof owner and rejects invalid residual inputs (0.7379ms)
✔ support access rejects malformed indices and columns without rank-zero aliases (1.8631ms)
✔ paired response guard preserves every column reservoir in packed and table layouts (4.2543ms)
✔ compiled residual coverage rejects malformed inputs and reads canonical chunks after growth (6.3025ms)
✔ board input is captured once at initialization and residual widths derive from that domain (57.8023ms)
✔ state interning and cached edges reject values outside their owned domains (0.7519ms)
✔ slot64 cell masks reject integer wrapping and preserve the residual class (0.5884ms)
✔ failed state growth leaves every existing backing array and capacity intact (12.1553ms)
✔ semantic IDs and cached edges survive repeated state growth and hash collisions (78.7199ms)
ℹ tests 42
ℹ suites 0
ℹ pass 42
ℹ fail 0
ℹ cancelled 0
ℹ skipped 0
ℹ todo 0
ℹ duration_ms 916.9751
