✔ bounded normal search keeps horizon leaves unknown and can resume exact search (1.9773ms)
✔ an unresolved sibling cannot turn a known draw into an exact root draw (0.2538ms)
✔ a proved winning child still cuts off after an unresolved sibling (0.1995ms)
✔ bounded forced chains respect the horizon and restore unrestricted search after failure (0.2919ms)
✔ structural draw intersects prior proof and rejects contradictory exact bounds (0.7375ms)
✔ both decision policies reject rank-preserving forced transitions (0.7823ms)
✔ a scout rejected with null cannot become a draw through numeric coercion (1.1769ms)
✔ a failed re-search retains ownership of its outstanding peer scouts (3.0917ms)
✔ frontier copying handles overlapping distinct views and keeps cached masks private (0.8326ms)
✔ fused frontier advancement matches independent masks for disjoint and overlapping views (3.5256ms)
✔ coherent read boundary rejects malformed scalars before typed narrowing (0.7776ms)
✔ actual search visits moves in descending eval order; hints only break equal scores (1.2532ms)
✔ root action results expose one canonical draw value after perspective reversal (0.2894ms)
✔ proof arenas dispatch only explicit complete contracts (2.0291ms)
✔ publication rejects invalid values and hints before either live or stale access (1.5338ms)
✔ packed records reject reserved bits, invalid bounds and implicit number coercion (0.5424ms)
✔ replacement before proof lock acquisition rejects old publication and releases the acquired generation (0.4975ms)
✔ contradictory publication leaves the current proof intact and releases the writer (0.2464ms)
✔ coherent proof read observes sound writer-held record without blocking (0.7305ms)
✔ hash rejection skips generation loads; replacement across the filter still requires exact payload (2.0347ms)
✔ bucket prefix probes stop at first empty and preserve exact matches through collisions, writers, poison and reset (0.8344ms)
✔ a first-empty observation during concurrent publication is only a miss and cannot hide the next probe (0.2097ms)
✔ current-handle observation rechecks generation after observing slot status (0.2556ms)
✔ game adapters require an arena bound to their exact geometry and term vocabulary (8.8972ms)
✔ resource reset rejects semantic nonquiescence before clearing static proofs (0.5303ms)
✔ arena views reject aliases/growth and snapshot mutable transport metadata (0.4407ms)
✔ a failure after payload overwrite poisons the new generation until quiescent reset (0.4309ms)
✔ generation exhaustion never wraps into a prior handle (0.3898ms)
✔ negative allocation and counters cannot alias existing term storage (0.4267ms)
✔ proof writer excludes replacement and reset, then wakes replacement on release (71.973ms)
✔ compact index preserves capacity and published keys when link or bucket allocation fails (6.5538ms)
✔ cheap chunk address collisions preserve exact IDs through dictionary rehash (2.7819ms)
✔ reserved composed hashes reuse immutable local IDs across traversal and shared arena reset (24.9023ms)
✔ empty chunk identity survives dictionary growth and validates input before reuse (1.1837ms)
✔ direct semantic edges agree with recomputation and repeated edges bypass every interner (18.4957ms)
✔ prepared exact search performs no typed allocation or backing-array growth (8.272ms)
✔ reserved state/chunk exhaustion preserves published identities instead of allocating (6.8583ms)
✔ standalone local solver reserves its proof arrays without adding them to online workers (2.2966ms)
✔ reserved residual exhaustion preserves existing classes and reports the resource boundary (3.9213ms)
✔ chunk exact keys survive collisions and growth; a hit never requests insertion capacity (0.8578ms)
✔ canonical cardinality and descriptor hashes match independent term sequences across growth and geometries (444.8294ms)
✔ term writer rejects malformed capacity before mutation and class-count allocation failure preserves published classes (4.9293ms)
✔ qualification baseline keeps one proof owner and rejects invalid residual inputs (1.1736ms)
✔ support access rejects malformed indices and columns without rank-zero aliases (1.7483ms)
✔ paired response guard preserves every column reservoir in packed and table layouts (3.8847ms)
✔ compiled residual coverage rejects malformed inputs and reads canonical chunks after growth (5.9322ms)
✔ board input is captured once at initialization and residual widths derive from that domain (57.5892ms)
✔ state interning and cached edges reject values outside their owned domains (0.6435ms)
✔ slot64 cell masks reject integer wrapping and preserve the residual class (0.4811ms)
✔ failed state growth leaves every existing backing array and capacity intact (12.3076ms)
✔ semantic IDs and cached edges survive repeated state growth and hash collisions (68.0807ms)
✔ cleanup attempts every owned termination after stop/drain/close failure (1.2054ms)
✔ postMessage failure poisons executor and releases every pending task (0.8612ms)
✔ malformed worker values poison before the worker can run queued work (0.8118ms)
✔ synchronous abandonment failure cannot interrupt executor poisoning (0.3882ms)
✔ queued payloads are captured at submission instead of borrowing caller state (0.3725ms)
✔ path replies must match the dispatched planner state and failed pools cannot be reused (0.7513ms)
✔ Branch Manager calls fail immediately after observed exit instead of awaiting a dead worker (48.6583ms)
✔ semantic worker fails closed on unknown protocol and remains poisoned (58.175ms)
✔ bounded work plan rejects bad ordering/ranks and reduces actual worker values exactly (106.569ms)
ℹ tests 60
ℹ suites 0
ℹ pass 60
ℹ fail 0
ℹ cancelled 0
ℹ skipped 0
ℹ todo 0
ℹ duration_ms 822.949
