✔ structural draw intersects prior proof and rejects contradictory exact bounds (1.8461ms)
✔ both decision policies reject rank-preserving forced transitions (2.3946ms)
✔ a scout rejected with null cannot become a draw through numeric coercion (0.7794ms)
✔ a failed re-search retains ownership of its outstanding peer scouts (3.3443ms)
✔ frontier copying handles overlapping distinct views and keeps cached masks private (1.2528ms)
✔ coherent read boundary rejects malformed scalars before typed narrowing (0.409ms)
✔ actual search visits moves in descending eval order; hints only break equal scores (2.021ms)
✔ root action results expose one canonical draw value after perspective reversal (0.5287ms)
✔ standard-board response certificates survive hostile play and shared Negamax perspective (263.6375ms)
✔ proof arenas dispatch only explicit complete contracts (1.8216ms)
✔ publication rejects invalid values and hints before either live or stale access (1.5133ms)
✔ packed records reject reserved bits, invalid bounds and implicit number coercion (0.4892ms)
✔ replacement before proof lock acquisition rejects old publication and releases the acquired generation (0.4703ms)
✔ contradictory publication leaves the current proof intact and releases the writer (0.2374ms)
✔ coherent proof read observes sound writer-held record without blocking (0.6895ms)
✔ current-handle observation rechecks generation after observing slot status (1.7734ms)
✔ game adapters require an arena bound to their exact geometry and term vocabulary (4.5191ms)
✔ resource reset rejects semantic nonquiescence before clearing static proofs (0.5558ms)
✔ arena views reject aliases/growth and snapshot mutable transport metadata (0.5008ms)
✔ a failure after payload overwrite poisons the new generation until quiescent reset (0.4383ms)
✔ generation exhaustion never wraps into a prior handle (0.2806ms)
✔ negative allocation and counters cannot alias existing term storage (0.3506ms)
✔ proof writer excludes replacement and reset, then wakes replacement on release (83.3626ms)
✔ qualification baseline keeps one proof owner and rejects invalid residual inputs (3.5196ms)
✔ support access rejects malformed indices and columns without rank-zero aliases (5.7722ms)
✔ paired response guard preserves every column reservoir in packed and table layouts (7.624ms)
✔ compiled residual coverage rejects malformed inputs and reads canonical chunks after growth (38.1618ms)
✔ state interning and cached edges reject values outside their owned domains (1.2038ms)
✔ slot64 cell masks reject integer wrapping and preserve the residual class (1.5602ms)
✔ failed state growth leaves every existing backing array and capacity intact (37.1608ms)
✔ cleanup attempts every owned termination after stop/drain/close failure (1.1568ms)
✔ postMessage failure poisons executor and releases every pending task (0.8306ms)
✔ malformed worker values poison before the worker can run queued work (0.8323ms)
✔ synchronous abandonment failure cannot interrupt executor poisoning (0.4084ms)
✔ queued payloads are captured at submission instead of borrowing caller state (0.3802ms)
✔ path replies must match the dispatched planner state and failed pools cannot be reused (0.6981ms)
✔ Branch Manager calls fail immediately after observed exit instead of awaiting a dead worker (54.407ms)
✔ semantic worker fails closed on unknown protocol and remains poisoned (56.8593ms)
✔ bounded work plan rejects bad ordering/ranks and reduces actual worker values exactly (111.5628ms)
✔ root configuration validates timer, cache, window-depth and worker resource domains without launching a solve (1.013ms)
ℹ tests 40
ℹ suites 0
ℹ pass 40
ℹ fail 0
ℹ cancelled 0
ℹ skipped 0
ℹ todo 0
ℹ duration_ms 383.8172
