[q-slot64] 4x3:c3 base=0.590ms slot64=3.790ms ratio=6.422 rootSave=-28978912 fullSave=1824
[q-slot64] 4x4:c4 base=7.096ms slot64=9.814ms ratio=1.383 rootSave=-28935875 fullSave=-7875
[q-slot64] 5x3:c4 base=3.778ms slot64=5.974ms ratio=1.581 rootSave=-28976208 fullSave=-9808
[q-slot64] 4x5:c4 base=36.856ms slot64=42.417ms ratio=1.151 rootSave=-33753965 fullSave=511123
SLOT64_RESIDUAL_SUMMARY=[{"geometry":"4x3:c3","baselineMs":0.59020000000001,"slot64Ms":3.789999999999992,"ratio":6.42155201626555,"rootBytesSaved":-28978912,"fullGraphBytesSaved":1824,"candidateClassBytes":480278,"baselineClassBytes":482102,"referenceWidths":[2,1]},{"geometry":"4x4:c4","baselineMs":7.095799999999997,"slot64Ms":9.814399999999978,"ratio":1.3831280475774377,"rootBytesSaved":-28935875,"fullGraphBytesSaved":-7875,"candidateClassBytes":817973,"baselineClassBytes":810098,"referenceWidths":[2,2]},{"geometry":"5x3:c4","baselineMs":3.778099999999995,"slot64Ms":5.973799999999983,"ratio":1.5811651359148755,"rootBytesSaved":-28976208,"fullGraphBytesSaved":-9808,"candidateClassBytes":539516,"baselineClassBytes":529708,"referenceWidths":[2,1]},{"geometry":"4x5:c4","baselineMs":36.85640000000012,"slot64Ms":42.417199999999866,"ratio":1.1508774595456888,"rootBytesSaved":-33753965,"fullGraphBytesSaved":511123,"candidateClassBytes":4090510,"baselineClassBytes":4601633,"referenceWidths":[2,2,2]}]
{
  "kind": "connect4-slot-local-64bit-residual-v1",
  "status": "complete",
  "date": "2026-09-11",
  "qualification": "complete class/qID/edge graph identity plus independent BSFP root/action WDL and identical Negamax work",
  "architecture": "10 fixed ontology slots, 64-bit chunks, slot-local dictionaries, per-slot narrow IDs, parent-chunk reuse",
  "caveat": "bounded controls have much smaller ontologies than standard 7x6; standard-7x6 bounded-growth is the promotion gate for memory economics",
  "cases": [
    {
      "geometry": "4x3:c3",
      "graph": {
        "census": {
          "states": 3735,
          "terminalEdges": 2390,
          "nonterminalEdges": 7842,
          "illegalEdges": 4708
        },
        "classes": 1988,
        "baselineMemory": {
          "state": {
            "stateCount": 3735,
            "stateCapacity": 4096,
            "stateArrayBytes": 49152,
            "edgeCacheBytes": 0,
            "hashSlotBytes": 32768,
            "totalTypedBytes": 81920
          },
          "residual": {
            "classCount": 1988,
            "residualTerms": 9032,
            "termVocabularyCount": 65,
            "vocabularyBytes": 2758,
            "classMetadataBytes": 36864,
            "classTermBytes": 32768,
            "logicalClassTermBytes": 18064,
            "transitionCacheKind": "dense-prefix",
            "transitionPrefixClasses": 4096,
            "transitionCacheBytes": 393216,
            "hashSlotBytes": 16384,
            "scratchBytes": 112,
            "totalTypedBytes": 482102
          },
          "localProof": {
            "capacity": 0,
            "retainedTypedBytes": 0,
            "bytesPerAdmittedState": 0
          },
          "supportLayout": "packed",
          "supportBytes": 1044,
          "bitBytes": 96,
          "totalTypedBytes": 565162
        },
        "candidateMemory": {
          "state": {
            "stateCount": 3735,
            "stateCapacity": 4096,
            "stateArrayBytes": 49152,
            "edgeCacheBytes": 0,
            "hashSlotBytes": 32768,
            "totalTypedBytes": 81920
          },
          "residual": {
            "classCount": 1988,
            "termVocabularyCount": 65,
            "termWordCount": 4,
            "residualTerms": null,
            "vocabularyBytes": 2758,
            "classTupleBytes": 6144,
            "classTermCountBytes": 4096,
            "classReferenceWidths": [
              2,
              1
            ],
            "classMetadataBytes": 34816,
            "transitionCacheKind": "dense-prefix",
            "transitionPrefixClasses": 4096,
            "transitionCacheBytes": 393216,
            "classHashSlotBytes": 16384,
            "chunkCounts": [
              1884,
              2
            ],
            "chunkPayloadBytes": 18432,
            "chunkHashSlotBytes": 4608,
            "chunkCollisionLinkBytes": 9216,
            "chunkDictionaryBytes": 32256,
            "slotDictionaries": [
              {
                "slot": 0,
                "chunkCount": 1884,
                "chunkCapacity": 2048,
                "payloadBytes": 16384,
                "hashSlotBytes": 4096,
                "collisionLinkBytes": 8192,
                "totalTypedBytes": 28672
              },
              {
                "slot": 1,
                "chunkCount": 2,
                "chunkCapacity": 256,
                "payloadBytes": 2048,
                "hashSlotBytes": 512,
                "collisionLinkBytes": 1024,
                "totalTypedBytes": 3584
              }
            ],
            "normalizationLayout": "sparse-superset-word-rows",
            "strictSupersetEntries": 64,
            "maskBytes": 792,
            "scratchBytes": 56,
            "totalTypedBytes": 480278
          },
          "localProof": {
            "capacity": 0,
            "retainedTypedBytes": 0,
            "bytesPerAdmittedState": 0
          },
          "supportLayout": "packed",
          "supportBytes": 1044,
          "bitBytes": 96,
          "totalTypedBytes": 563338,
          "responseClosureBytes": 0
        },
        "candidateMetrics": {
          "internLookups": 7434,
          "internHits": 5446,
          "internMisses": 1988,
          "ownTransitionHits": 15212,
          "ownTransitionMisses": 5252,
          "blockTransitionHits": 11112,
          "blockTransitionMisses": 4572,
          "ownNoop": 844,
          "blockNoop": 698,
          "ownTerminal": 850,
          "reducedTerms": 5862,
          "supersetWordProbes": 9544,
          "supersetWordClears": 9544,
          "classGrows": 1,
          "hashGrows": 1,
          "slotReferenceWidens": 1,
          "parentChunkReuses": 6445,
          "chunkInterns": 8423,
          "outOfPrefixOwn": 0,
          "outOfPrefixBlock": 0,
          "cachedStores": 9824,
          "termCountReads": 1988,
          "termWrites": 1988
        },
        "slotMetrics": [
          {
            "lookups": 7347,
            "hits": 5463,
            "misses": 1884,
            "payloadGrows": 3,
            "hashGrows": 3
          },
          {
            "lookups": 1076,
            "hits": 1074,
            "misses": 2,
            "payloadGrows": 0,
            "hashGrows": 0
          }
        ]
      },
      "baseline": {
        "totalMs": 0.59020000000001,
        "solveMs": 0.20930000000001314,
        "representative": {
          "totalMs": 0.59020000000001,
          "setupMs": 0.3534999999999968,
          "solveMs": 0.21920000000000073,
          "result": 1,
          "actions": null,
          "expanded": 27,
          "calls": 65,
          "states": 60,
          "classes": 75,
          "memory": {
            "state": {
              "stateCount": 60,
              "stateCapacity": 4096,
              "stateArrayBytes": 49152,
              "edgeCacheBytes": 0,
              "hashSlotBytes": 32768,
              "totalTypedBytes": 81920
            },
            "residual": {
              "classCount": 75,
              "residualTerms": 399,
              "termVocabularyCount": 65,
              "vocabularyBytes": 2758,
              "classMetadataBytes": 18432,
              "classTermBytes": 8192,
              "logicalClassTermBytes": 798,
              "transitionCacheKind": "dense-prefix",
              "transitionPrefixClasses": 4096,
              "transitionCacheBytes": 393216,
              "hashSlotBytes": 8192,
              "scratchBytes": 112,
              "totalTypedBytes": 430902
            },
            "localProof": {
              "capacity": 1024,
              "retainedTypedBytes": 3072,
              "bytesPerAdmittedState": 3
            },
            "supportLayout": "packed",
            "supportBytes": 1044,
            "bitBytes": 96,
            "totalTypedBytes": 517034
          },
          "classMetrics": {
            "internLookups": 96,
            "internHits": 21,
            "internMisses": 75,
            "ownTransitionHits": 3,
            "ownTransitionMisses": 61,
            "blockTransitionHits": 4,
            "blockTransitionMisses": 60,
            "ownNoop": 20,
            "blockNoop": 7,
            "ownTerminal": 0,
            "crossDominanceChecks": 347,
            "classGrows": 0,
            "termGrows": 0,
            "hashGrows": 0,
            "outOfPrefixOwn": 0,
            "outOfPrefixBlock": 0,
            "cachedStores": 121
          }
        },
        "qualification": {
          "totalMs": 6.031899999999993,
          "setupMs": 0.7351999999999919,
          "solveMs": 2.9758000000000067,
          "result": 1,
          "actions": [
            1,
            1,
            1,
            1
          ],
          "expanded": 168,
          "calls": 424,
          "states": 367,
          "classes": 405,
          "memory": {
            "state": {
              "stateCount": 367,
              "stateCapacity": 4096,
              "stateArrayBytes": 49152,
              "edgeCacheBytes": 0,
              "hashSlotBytes": 32768,
              "totalTypedBytes": 81920
            },
            "residual": {
              "classCount": 405,
              "residualTerms": 1940,
              "termVocabularyCount": 65,
              "vocabularyBytes": 2758,
              "classMetadataBytes": 18432,
              "classTermBytes": 8192,
              "logicalClassTermBytes": 3880,
              "transitionCacheKind": "dense-prefix",
              "transitionPrefixClasses": 4096,
              "transitionCacheBytes": 393216,
              "hashSlotBytes": 8192,
              "scratchBytes": 112,
              "totalTypedBytes": 430902
            },
            "localProof": {
              "capacity": 1024,
              "retainedTypedBytes": 3072,
              "bytesPerAdmittedState": 3
            },
            "supportLayout": "packed",
            "supportBytes": 1044,
            "bitBytes": 96,
            "totalTypedBytes": 517034
          },
          "classMetrics": {
            "internLookups": 609,
            "internHits": 204,
            "internMisses": 405,
            "ownTransitionHits": 52,
            "ownTransitionMisses": 371,
            "blockTransitionHits": 41,
            "blockTransitionMisses": 382,
            "ownNoop": 87,
            "blockNoop": 59,
            "ownTerminal": 0,
            "crossDominanceChecks": 1864,
            "classGrows": 0,
            "termGrows": 0,
            "hashGrows": 0,
            "outOfPrefixOwn": 0,
            "outOfPrefixBlock": 0,
            "cachedStores": 753
          }
        }
      },
      "slot64": {
        "totalMs": 3.789999999999992,
        "solveMs": 0.247099999999989,
        "representative": {
          "totalMs": 3.789999999999992,
          "setupMs": 0.3645999999999958,
          "solveMs": 0.24670000000000414,
          "result": 1,
          "actions": null,
          "expanded": 27,
          "calls": 65,
          "states": 60,
          "classes": 75,
          "memory": {
            "state": {
              "stateCount": 60,
              "stateCapacity": 262144,
              "stateArrayBytes": 3145728,
              "edgeCacheBytes": 0,
              "hashSlotBytes": 2097152,
              "totalTypedBytes": 5242880
            },
            "residual": {
              "classCount": 75,
              "termVocabularyCount": 65,
              "termWordCount": 4,
              "residualTerms": null,
              "vocabularyBytes": 2758,
              "classTupleBytes": 4194304,
              "classTermCountBytes": 1048576,
              "classReferenceWidths": [
                4,
                4
              ],
              "classMetadataBytes": 11534336,
              "transitionCacheKind": "dense-prefix",
              "transitionPrefixClasses": 4096,
              "transitionCacheBytes": 393216,
              "classHashSlotBytes": 4194304,
              "chunkCounts": [
                75,
                2
              ],
              "chunkPayloadBytes": 4194304,
              "chunkHashSlotBytes": 1048576,
              "chunkCollisionLinkBytes": 2097152,
              "chunkDictionaryBytes": 7340032,
              "slotDictionaries": [
                {
                  "slot": 0,
                  "chunkCount": 75,
                  "chunkCapacity": 262144,
                  "payloadBytes": 2097152,
                  "hashSlotBytes": 524288,
                  "collisionLinkBytes": 1048576,
                  "totalTypedBytes": 3670016
                },
                {
                  "slot": 1,
                  "chunkCount": 2,
                  "chunkCapacity": 262144,
                  "payloadBytes": 2097152,
                  "hashSlotBytes": 524288,
                  "collisionLinkBytes": 1048576,
                  "totalTypedBytes": 3670016
                }
              ],
              "normalizationLayout": "sparse-superset-word-rows",
              "strictSupersetEntries": 64,
              "maskBytes": 792,
              "scratchBytes": 56,
              "totalTypedBytes": 23465494
            },
            "localProof": {
              "capacity": 262144,
              "retainedTypedBytes": 786432,
              "bytesPerAdmittedState": 3
            },
            "supportLayout": "packed",
            "supportBytes": 1044,
            "bitBytes": 96,
            "totalTypedBytes": 29495946,
            "responseClosureBytes": 0
          },
          "classMetrics": {
            "internLookups": 96,
            "internHits": 21,
            "internMisses": 75,
            "ownTransitionHits": 3,
            "ownTransitionMisses": 61,
            "blockTransitionHits": 4,
            "blockTransitionMisses": 60,
            "ownNoop": 20,
            "blockNoop": 7,
            "ownTerminal": 0,
            "reducedTerms": 93,
            "supersetWordProbes": 137,
            "supersetWordClears": 137,
            "classGrows": 1,
            "hashGrows": 1,
            "slotReferenceWidens": 2,
            "parentChunkReuses": 86,
            "chunkInterns": 106,
            "outOfPrefixOwn": 0,
            "outOfPrefixBlock": 0,
            "cachedStores": 121,
            "termCountReads": 0,
            "termWrites": 0
          }
        },
        "qualification": {
          "totalMs": 8.180399999999992,
          "setupMs": 0.9761999999999915,
          "solveMs": 0.7027999999999963,
          "result": 1,
          "actions": [
            1,
            1,
            1,
            1
          ],
          "expanded": 168,
          "calls": 424,
          "states": 367,
          "classes": 405,
          "memory": {
            "state": {
              "stateCount": 367,
              "stateCapacity": 262144,
              "stateArrayBytes": 3145728,
              "edgeCacheBytes": 0,
              "hashSlotBytes": 2097152,
              "totalTypedBytes": 5242880
            },
            "residual": {
              "classCount": 405,
              "termVocabularyCount": 65,
              "termWordCount": 4,
              "residualTerms": null,
              "vocabularyBytes": 2758,
              "classTupleBytes": 4194304,
              "classTermCountBytes": 1048576,
              "classReferenceWidths": [
                4,
                4
              ],
              "classMetadataBytes": 11534336,
              "transitionCacheKind": "dense-prefix",
              "transitionPrefixClasses": 4096,
              "transitionCacheBytes": 393216,
              "classHashSlotBytes": 4194304,
              "chunkCounts": [
                398,
                2
              ],
              "chunkPayloadBytes": 4194304,
              "chunkHashSlotBytes": 1048576,
              "chunkCollisionLinkBytes": 2097152,
              "chunkDictionaryBytes": 7340032,
              "slotDictionaries": [
                {
                  "slot": 0,
                  "chunkCount": 398,
                  "chunkCapacity": 262144,
                  "payloadBytes": 2097152,
                  "hashSlotBytes": 524288,
                  "collisionLinkBytes": 1048576,
                  "totalTypedBytes": 3670016
                },
                {
                  "slot": 1,
                  "chunkCount": 2,
                  "chunkCapacity": 262144,
                  "payloadBytes": 2097152,
                  "hashSlotBytes": 524288,
                  "collisionLinkBytes": 1048576,
                  "totalTypedBytes": 3670016
                }
              ],
              "normalizationLayout": "sparse-superset-word-rows",
              "strictSupersetEntries": 64,
              "maskBytes": 792,
              "scratchBytes": 56,
              "totalTypedBytes": 23465494
            },
            "localProof": {
              "capacity": 262144,
              "retainedTypedBytes": 786432,
              "bytesPerAdmittedState": 3
            },
            "supportLayout": "packed",
            "supportBytes": 1044,
            "bitBytes": 96,
            "totalTypedBytes": 29495946,
            "responseClosureBytes": 0
          },
          "classMetrics": {
            "internLookups": 609,
            "internHits": 204,
            "internMisses": 405,
            "ownTransitionHits": 52,
            "ownTransitionMisses": 371,
            "blockTransitionHits": 41,
            "blockTransitionMisses": 382,
            "ownNoop": 87,
            "blockNoop": 59,
            "ownTerminal": 0,
            "reducedTerms": 547,
            "supersetWordProbes": 816,
            "supersetWordClears": 816,
            "classGrows": 1,
            "hashGrows": 1,
            "slotReferenceWidens": 2,
            "parentChunkReuses": 527,
            "chunkInterns": 691,
            "outOfPrefixOwn": 0,
            "outOfPrefixBlock": 0,
            "cachedStores": 753,
            "termCountReads": 0,
            "termWrites": 0
          }
        }
      },
      "ratioSlot64OverBaseline": 6.42155201626555,
      "rootBytesSaved": -28978912,
      "fullGraphBytesSaved": 1824
    },
    {
      "geometry": "4x4:c4",
      "graph": {
        "census": {
          "states": 34095,
          "terminalEdges": 6256,
          "nonterminalEdges": 94508,
          "illegalEdges": 35616
        },
        "classes": 7507,
        "baselineMemory": {
          "state": {
            "stateCount": 34095,
            "stateCapacity": 65536,
            "stateArrayBytes": 786432,
            "edgeCacheBytes": 0,
            "hashSlotBytes": 262144,
            "totalTypedBytes": 1048576
          },
          "residual": {
            "classCount": 7507,
            "residualTerms": 28337,
            "termVocabularyCount": 126,
            "vocabularyBytes": 7202,
            "classMetadataBytes": 147456,
            "classTermBytes": 65536,
            "logicalClassTermBytes": 56674,
            "transitionCacheKind": "dense-prefix",
            "transitionPrefixClasses": 4096,
            "transitionCacheBytes": 524288,
            "hashSlotBytes": 65536,
            "scratchBytes": 80,
            "totalTypedBytes": 810098
          },
          "localProof": {
            "capacity": 0,
            "retainedTypedBytes": 0,
            "bytesPerAdmittedState": 0
          },
          "supportLayout": "packed",
          "supportBytes": 2520,
          "bitBytes": 128,
          "totalTypedBytes": 1861322
        },
        "candidateMemory": {
          "state": {
            "stateCount": 34095,
            "stateCapacity": 65536,
            "stateArrayBytes": 786432,
            "edgeCacheBytes": 0,
            "hashSlotBytes": 262144,
            "totalTypedBytes": 1048576
          },
          "residual": {
            "classCount": 7507,
            "termVocabularyCount": 126,
            "termWordCount": 4,
            "residualTerms": null,
            "vocabularyBytes": 7202,
            "classTupleBytes": 32768,
            "classTermCountBytes": 16384,
            "classReferenceWidths": [
              2,
              2
            ],
            "classMetadataBytes": 147456,
            "transitionCacheKind": "dense-prefix",
            "transitionPrefixClasses": 4096,
            "transitionCacheBytes": 524288,
            "classHashSlotBytes": 65536,
            "chunkCounts": [
              532,
              2516
            ],
            "chunkPayloadBytes": 40960,
            "chunkHashSlotBytes": 10240,
            "chunkCollisionLinkBytes": 20480,
            "chunkDictionaryBytes": 71680,
            "slotDictionaries": [
              {
                "slot": 0,
                "chunkCount": 532,
                "chunkCapacity": 1024,
                "payloadBytes": 8192,
                "hashSlotBytes": 2048,
                "collisionLinkBytes": 4096,
                "totalTypedBytes": 14336
              },
              {
                "slot": 1,
                "chunkCount": 2516,
                "chunkCapacity": 4096,
                "payloadBytes": 32768,
                "hashSlotBytes": 8192,
                "collisionLinkBytes": 16384,
                "totalTypedBytes": 57344
              }
            ],
            "normalizationLayout": "sparse-superset-word-rows",
            "strictSupersetEntries": 195,
            "maskBytes": 1755,
            "scratchBytes": 56,
            "totalTypedBytes": 817973
          },
          "localProof": {
            "capacity": 0,
            "retainedTypedBytes": 0,
            "bytesPerAdmittedState": 0
          },
          "supportLayout": "packed",
          "supportBytes": 2520,
          "bitBytes": 128,
          "totalTypedBytes": 1869197,
          "responseClosureBytes": 0
        },
        "candidateMetrics": {
          "internLookups": 156035,
          "internHits": 148528,
          "internMisses": 7507,
          "ownTransitionHits": 76820,
          "ownTransitionMisses": 124708,
          "blockTransitionHits": 60624,
          "blockTransitionMisses": 128392,
          "ownNoop": 45608,
          "blockNoop": 40545,
          "ownTerminal": 10914,
          "reducedTerms": 79778,
          "supersetWordProbes": 157374,
          "supersetWordClears": 157374,
          "classGrows": 3,
          "hashGrows": 3,
          "slotReferenceWidens": 2,
          "parentChunkReuses": 112659,
          "chunkInterns": 199411,
          "outOfPrefixOwn": 113600,
          "outOfPrefixBlock": 114548,
          "cachedStores": 24952,
          "termCountReads": 7507,
          "termWrites": 7507
        },
        "slotMetrics": [
          {
            "lookups": 85890,
            "hits": 85358,
            "misses": 532,
            "payloadGrows": 2,
            "hashGrows": 2
          },
          {
            "lookups": 113521,
            "hits": 111005,
            "misses": 2516,
            "payloadGrows": 4,
            "hashGrows": 4
          }
        ]
      },
      "baseline": {
        "totalMs": 7.095799999999997,
        "solveMs": 6.643500000000017,
        "representative": {
          "totalMs": 7.095799999999997,
          "setupMs": 0.43770000000000664,
          "solveMs": 6.643500000000017,
          "result": 0,
          "actions": null,
          "expanded": 2064,
          "calls": 4332,
          "states": 2979,
          "classes": 1453,
          "memory": {
            "state": {
              "stateCount": 2979,
              "stateCapacity": 4096,
              "stateArrayBytes": 49152,
              "edgeCacheBytes": 0,
              "hashSlotBytes": 32768,
              "totalTypedBytes": 81920
            },
            "residual": {
              "classCount": 1453,
              "residualTerms": 4914,
              "termVocabularyCount": 126,
              "vocabularyBytes": 7202,
              "classMetadataBytes": 36864,
              "classTermBytes": 16384,
              "logicalClassTermBytes": 9828,
              "transitionCacheKind": "dense-prefix",
              "transitionPrefixClasses": 4096,
              "transitionCacheBytes": 524288,
              "hashSlotBytes": 16384,
              "scratchBytes": 80,
              "totalTypedBytes": 601202
            },
            "localProof": {
              "capacity": 4096,
              "retainedTypedBytes": 12288,
              "bytesPerAdmittedState": 3
            },
            "supportLayout": "packed",
            "supportBytes": 2520,
            "bitBytes": 128,
            "totalTypedBytes": 698058
          },
          "classMetrics": {
            "internLookups": 3227,
            "internHits": 1774,
            "internMisses": 1453,
            "ownTransitionHits": 2348,
            "ownTransitionMisses": 1983,
            "blockTransitionHits": 2024,
            "blockTransitionMisses": 2307,
            "ownNoop": 452,
            "blockNoop": 613,
            "ownTerminal": 0,
            "crossDominanceChecks": 3634,
            "classGrows": 1,
            "termGrows": 1,
            "hashGrows": 1,
            "outOfPrefixOwn": 0,
            "outOfPrefixBlock": 0,
            "cachedStores": 4290
          }
        },
        "qualification": {
          "totalMs": 36.6275,
          "setupMs": 0.4941000000000031,
          "solveMs": 16.991100000000017,
          "result": 0,
          "actions": [
            0,
            0,
            0,
            0
          ],
          "expanded": 5219,
          "calls": 11369,
          "states": 6837,
          "classes": 2704,
          "memory": {
            "state": {
              "stateCount": 6837,
              "stateCapacity": 8192,
              "stateArrayBytes": 98304,
              "edgeCacheBytes": 0,
              "hashSlotBytes": 65536,
              "totalTypedBytes": 163840
            },
            "residual": {
              "classCount": 2704,
              "residualTerms": 9437,
              "termVocabularyCount": 126,
              "vocabularyBytes": 7202,
              "classMetadataBytes": 73728,
              "classTermBytes": 32768,
              "logicalClassTermBytes": 18874,
              "transitionCacheKind": "dense-prefix",
              "transitionPrefixClasses": 4096,
              "transitionCacheBytes": 524288,
              "hashSlotBytes": 16384,
              "scratchBytes": 80,
              "totalTypedBytes": 654450
            },
            "localProof": {
              "capacity": 8192,
              "retainedTypedBytes": 24576,
              "bytesPerAdmittedState": 3
            },
            "supportLayout": "packed",
            "supportBytes": 2520,
            "bitBytes": 128,
            "totalTypedBytes": 845514
          },
          "classMetrics": {
            "internLookups": 6929,
            "internHits": 4225,
            "internMisses": 2704,
            "ownTransitionHits": 7287,
            "ownTransitionMisses": 4081,
            "blockTransitionHits": 6399,
            "blockTransitionMisses": 4969,
            "ownNoop": 905,
            "blockNoop": 1218,
            "ownTerminal": 0,
            "crossDominanceChecks": 7909,
            "classGrows": 2,
            "termGrows": 2,
            "hashGrows": 1,
            "outOfPrefixOwn": 0,
            "outOfPrefixBlock": 0,
            "cachedStores": 9050
          }
        }
      },
      "slot64": {
        "totalMs": 9.814399999999978,
        "solveMs": 5.716499999999996,
        "representative": {
          "totalMs": 9.814399999999978,
          "setupMs": 0.81899999999996,
          "solveMs": 6.038199999999961,
          "result": 0,
          "actions": null,
          "expanded": 2064,
          "calls": 4332,
          "states": 2979,
          "classes": 1453,
          "memory": {
            "state": {
              "stateCount": 2979,
              "stateCapacity": 262144,
              "stateArrayBytes": 3145728,
              "edgeCacheBytes": 0,
              "hashSlotBytes": 2097152,
              "totalTypedBytes": 5242880
            },
            "residual": {
              "classCount": 1453,
              "termVocabularyCount": 126,
              "termWordCount": 4,
              "residualTerms": null,
              "vocabularyBytes": 7202,
              "classTupleBytes": 4194304,
              "classTermCountBytes": 1048576,
              "classReferenceWidths": [
                4,
                4
              ],
              "classMetadataBytes": 11534336,
              "transitionCacheKind": "dense-prefix",
              "transitionPrefixClasses": 4096,
              "transitionCacheBytes": 524288,
              "classHashSlotBytes": 4194304,
              "chunkCounts": [
                148,
                707
              ],
              "chunkPayloadBytes": 4194304,
              "chunkHashSlotBytes": 1048576,
              "chunkCollisionLinkBytes": 2097152,
              "chunkDictionaryBytes": 7340032,
              "slotDictionaries": [
                {
                  "slot": 0,
                  "chunkCount": 148,
                  "chunkCapacity": 262144,
                  "payloadBytes": 2097152,
                  "hashSlotBytes": 524288,
                  "collisionLinkBytes": 1048576,
                  "totalTypedBytes": 3670016
                },
                {
                  "slot": 1,
                  "chunkCount": 707,
                  "chunkCapacity": 262144,
                  "payloadBytes": 2097152,
                  "hashSlotBytes": 524288,
                  "collisionLinkBytes": 1048576,
                  "totalTypedBytes": 3670016
                }
              ],
              "normalizationLayout": "sparse-superset-word-rows",
              "strictSupersetEntries": 195,
              "maskBytes": 1755,
              "scratchBytes": 56,
              "totalTypedBytes": 23601973
            },
            "localProof": {
              "capacity": 262144,
              "retainedTypedBytes": 786432,
              "bytesPerAdmittedState": 3
            },
            "supportLayout": "packed",
            "supportBytes": 2520,
            "bitBytes": 128,
            "totalTypedBytes": 29633933,
            "responseClosureBytes": 0
          },
          "classMetrics": {
            "internLookups": 3227,
            "internHits": 1774,
            "internMisses": 1453,
            "ownTransitionHits": 2348,
            "ownTransitionMisses": 1983,
            "blockTransitionHits": 2024,
            "blockTransitionMisses": 2307,
            "ownNoop": 452,
            "blockNoop": 613,
            "ownTerminal": 0,
            "reducedTerms": 1960,
            "supersetWordProbes": 3561,
            "supersetWordClears": 3561,
            "classGrows": 1,
            "hashGrows": 1,
            "slotReferenceWidens": 2,
            "parentChunkReuses": 2283,
            "chunkInterns": 4171,
            "outOfPrefixOwn": 0,
            "outOfPrefixBlock": 0,
            "cachedStores": 4290,
            "termCountReads": 0,
            "termWrites": 0
          }
        },
        "qualification": {
          "totalMs": 33.11929999999995,
          "setupMs": 0.9796999999999798,
          "solveMs": 14.95150000000001,
          "result": 0,
          "actions": [
            0,
            0,
            0,
            0
          ],
          "expanded": 5219,
          "calls": 11369,
          "states": 6837,
          "classes": 2704,
          "memory": {
            "state": {
              "stateCount": 6837,
              "stateCapacity": 262144,
              "stateArrayBytes": 3145728,
              "edgeCacheBytes": 0,
              "hashSlotBytes": 2097152,
              "totalTypedBytes": 5242880
            },
            "residual": {
              "classCount": 2704,
              "termVocabularyCount": 126,
              "termWordCount": 4,
              "residualTerms": null,
              "vocabularyBytes": 7202,
              "classTupleBytes": 4194304,
              "classTermCountBytes": 1048576,
              "classReferenceWidths": [
                4,
                4
              ],
              "classMetadataBytes": 11534336,
              "transitionCacheKind": "dense-prefix",
              "transitionPrefixClasses": 4096,
              "transitionCacheBytes": 524288,
              "classHashSlotBytes": 4194304,
              "chunkCounts": [
                226,
                1186
              ],
              "chunkPayloadBytes": 4194304,
              "chunkHashSlotBytes": 1048576,
              "chunkCollisionLinkBytes": 2097152,
              "chunkDictionaryBytes": 7340032,
              "slotDictionaries": [
                {
                  "slot": 0,
                  "chunkCount": 226,
                  "chunkCapacity": 262144,
                  "payloadBytes": 2097152,
                  "hashSlotBytes": 524288,
                  "collisionLinkBytes": 1048576,
                  "totalTypedBytes": 3670016
                },
                {
                  "slot": 1,
                  "chunkCount": 1186,
                  "chunkCapacity": 262144,
                  "payloadBytes": 2097152,
                  "hashSlotBytes": 524288,
                  "collisionLinkBytes": 1048576,
                  "totalTypedBytes": 3670016
                }
              ],
              "normalizationLayout": "sparse-superset-word-rows",
              "strictSupersetEntries": 195,
              "maskBytes": 1755,
              "scratchBytes": 56,
              "totalTypedBytes": 23601973
            },
            "localProof": {
              "capacity": 262144,
              "retainedTypedBytes": 786432,
              "bytesPerAdmittedState": 3
            },
            "supportLayout": "packed",
            "supportBytes": 2520,
            "bitBytes": 128,
            "totalTypedBytes": 29633933,
            "responseClosureBytes": 0
          },
          "classMetrics": {
            "internLookups": 6929,
            "internHits": 4225,
            "internMisses": 2704,
            "ownTransitionHits": 7287,
            "ownTransitionMisses": 4081,
            "blockTransitionHits": 6399,
            "blockTransitionMisses": 4969,
            "ownNoop": 905,
            "blockNoop": 1218,
            "ownTerminal": 0,
            "reducedTerms": 4124,
            "supersetWordProbes": 7443,
            "supersetWordClears": 7443,
            "classGrows": 1,
            "hashGrows": 1,
            "slotReferenceWidens": 2,
            "parentChunkReuses": 4817,
            "chunkInterns": 9041,
            "outOfPrefixOwn": 0,
            "outOfPrefixBlock": 0,
            "cachedStores": 9050,
            "termCountReads": 0,
            "termWrites": 0
          }
        }
      },
      "ratioSlot64OverBaseline": 1.3831280475774377,
      "rootBytesSaved": -28935875,
      "fullGraphBytesSaved": -7875
    },
    {
      "geometry": "5x3:c4",
      "graph": {
        "census": {
          "states": 11317,
          "terminalEdges": 1786,
          "nonterminalEdges": 35933,
          "illegalEdges": 18866
        },
        "classes": 954,
        "baselineMemory": {
          "state": {
            "stateCount": 11317,
            "stateCapacity": 16384,
            "stateArrayBytes": 196608,
            "edgeCacheBytes": 0,
            "hashSlotBytes": 65536,
            "totalTypedBytes": 262144
          },
          "residual": {
            "classCount": 954,
            "residualTerms": 2479,
            "termVocabularyCount": 69,
            "vocabularyBytes": 3324,
            "classMetadataBytes": 18432,
            "classTermBytes": 8192,
            "logicalClassTermBytes": 4958,
            "transitionCacheKind": "dense-prefix",
            "transitionPrefixClasses": 4096,
            "transitionCacheBytes": 491520,
            "hashSlotBytes": 8192,
            "scratchBytes": 48,
            "totalTypedBytes": 529708
          },
          "localProof": {
            "capacity": 0,
            "retainedTypedBytes": 0,
            "bytesPerAdmittedState": 0
          },
          "supportLayout": "packed",
          "supportBytes": 4121,
          "bitBytes": 120,
          "totalTypedBytes": 796093
        },
        "candidateMemory": {
          "state": {
            "stateCount": 11317,
            "stateCapacity": 16384,
            "stateArrayBytes": 196608,
            "edgeCacheBytes": 0,
            "hashSlotBytes": 65536,
            "totalTypedBytes": 262144
          },
          "residual": {
            "classCount": 954,
            "termVocabularyCount": 69,
            "termWordCount": 4,
            "residualTerms": null,
            "vocabularyBytes": 3324,
            "classTupleBytes": 3072,
            "classTermCountBytes": 2048,
            "classReferenceWidths": [
              2,
              1
            ],
            "classMetadataBytes": 17408,
            "transitionCacheKind": "dense-prefix",
            "transitionPrefixClasses": 4096,
            "transitionCacheBytes": 491520,
            "classHashSlotBytes": 8192,
            "chunkCounts": [
              630,
              14
            ],
            "chunkPayloadBytes": 10240,
            "chunkHashSlotBytes": 2560,
            "chunkCollisionLinkBytes": 5120,
            "chunkDictionaryBytes": 17920,
            "slotDictionaries": [
              {
                "slot": 0,
                "chunkCount": 630,
                "chunkCapacity": 1024,
                "payloadBytes": 8192,
                "hashSlotBytes": 2048,
                "collisionLinkBytes": 4096,
                "totalTypedBytes": 14336
              },
              {
                "slot": 1,
                "chunkCount": 14,
                "chunkCapacity": 256,
                "payloadBytes": 2048,
                "hashSlotBytes": 512,
                "collisionLinkBytes": 1024,
                "totalTypedBytes": 3584
              }
            ],
            "normalizationLayout": "sparse-superset-word-rows",
            "strictSupersetEntries": 112,
            "maskBytes": 1096,
            "scratchBytes": 56,
            "totalTypedBytes": 539516
          },
          "localProof": {
            "capacity": 0,
            "retainedTypedBytes": 0,
            "bytesPerAdmittedState": 0
          },
          "supportLayout": "packed",
          "supportBytes": 4121,
          "bitBytes": 120,
          "totalTypedBytes": 805901,
          "responseClosureBytes": 0
        },
        "candidateMetrics": {
          "internLookups": 5325,
          "internHits": 4371,
          "internMisses": 954,
          "ownTransitionHits": 71636,
          "ownTransitionMisses": 3802,
          "blockTransitionHits": 66990,
          "blockTransitionMisses": 4876,
          "ownNoop": 1422,
          "blockNoop": 1720,
          "ownTerminal": 213,
          "reducedTerms": 2395,
          "supersetWordProbes": 4681,
          "supersetWordClears": 4681,
          "classGrows": 0,
          "hashGrows": 0,
          "slotReferenceWidens": 1,
          "parentChunkReuses": 4841,
          "chunkInterns": 5809,
          "outOfPrefixOwn": 0,
          "outOfPrefixBlock": 0,
          "cachedStores": 8678,
          "termCountReads": 954,
          "termWrites": 954
        },
        "slotMetrics": [
          {
            "lookups": 4697,
            "hits": 4067,
            "misses": 630,
            "payloadGrows": 2,
            "hashGrows": 2
          },
          {
            "lookups": 1112,
            "hits": 1098,
            "misses": 14,
            "payloadGrows": 0,
            "hashGrows": 0
          }
        ]
      },
      "baseline": {
        "totalMs": 3.778099999999995,
        "solveMs": 3.443200000000047,
        "representative": {
          "totalMs": 3.778099999999995,
          "setupMs": 0.3199000000000751,
          "solveMs": 3.443200000000047,
          "result": 0,
          "actions": null,
          "expanded": 981,
          "calls": 2205,
          "states": 1462,
          "classes": 314,
          "memory": {
            "state": {
              "stateCount": 1462,
              "stateCapacity": 4096,
              "stateArrayBytes": 49152,
              "edgeCacheBytes": 0,
              "hashSlotBytes": 32768,
              "totalTypedBytes": 81920
            },
            "residual": {
              "classCount": 314,
              "residualTerms": 790,
              "termVocabularyCount": 69,
              "vocabularyBytes": 3324,
              "classMetadataBytes": 18432,
              "classTermBytes": 8192,
              "logicalClassTermBytes": 1580,
              "transitionCacheKind": "dense-prefix",
              "transitionPrefixClasses": 4096,
              "transitionCacheBytes": 491520,
              "hashSlotBytes": 8192,
              "scratchBytes": 48,
              "totalTypedBytes": 529708
            },
            "localProof": {
              "capacity": 2048,
              "retainedTypedBytes": 6144,
              "bytesPerAdmittedState": 3
            },
            "supportLayout": "packed",
            "supportBytes": 4121,
            "bitBytes": 120,
            "totalTypedBytes": 622013
          },
          "classMetrics": {
            "internLookups": 819,
            "internHits": 505,
            "internMisses": 314,
            "ownTransitionHits": 1396,
            "ownTransitionMisses": 808,
            "blockTransitionHits": 1371,
            "blockTransitionMisses": 833,
            "ownNoop": 398,
            "blockNoop": 426,
            "ownTerminal": 0,
            "crossDominanceChecks": 627,
            "classGrows": 0,
            "termGrows": 0,
            "hashGrows": 0,
            "outOfPrefixOwn": 0,
            "outOfPrefixBlock": 0,
            "cachedStores": 1641
          }
        },
        "qualification": {
          "totalMs": 6.317900000000009,
          "setupMs": 0.4841000000000122,
          "solveMs": 2.7063000000000557,
          "result": 0,
          "actions": [
            0,
            0,
            0,
            0,
            0
          ],
          "expanded": 1988,
          "calls": 4439,
          "states": 2771,
          "classes": 461,
          "memory": {
            "state": {
              "stateCount": 2771,
              "stateCapacity": 4096,
              "stateArrayBytes": 49152,
              "edgeCacheBytes": 0,
              "hashSlotBytes": 32768,
              "totalTypedBytes": 81920
            },
            "residual": {
              "classCount": 461,
              "residualTerms": 1179,
              "termVocabularyCount": 69,
              "vocabularyBytes": 3324,
              "classMetadataBytes": 18432,
              "classTermBytes": 8192,
              "logicalClassTermBytes": 2358,
              "transitionCacheKind": "dense-prefix",
              "transitionPrefixClasses": 4096,
              "transitionCacheBytes": 491520,
              "hashSlotBytes": 8192,
              "scratchBytes": 48,
              "totalTypedBytes": 529708
            },
            "localProof": {
              "capacity": 4096,
              "retainedTypedBytes": 12288,
              "bytesPerAdmittedState": 3
            },
            "supportLayout": "packed",
            "supportBytes": 4121,
            "bitBytes": 120,
            "totalTypedBytes": 628157
          },
          "classMetrics": {
            "internLookups": 1280,
            "internHits": 819,
            "internMisses": 461,
            "ownTransitionHits": 3239,
            "ownTransitionMisses": 1199,
            "blockTransitionHits": 3174,
            "blockTransitionMisses": 1264,
            "ownNoop": 564,
            "blockNoop": 621,
            "ownTerminal": 0,
            "crossDominanceChecks": 1007,
            "classGrows": 0,
            "termGrows": 0,
            "hashGrows": 0,
            "outOfPrefixOwn": 0,
            "outOfPrefixBlock": 0,
            "cachedStores": 2463
          }
        }
      },
      "slot64": {
        "totalMs": 5.973799999999983,
        "solveMs": 2.4811999999999443,
        "representative": {
          "totalMs": 5.973799999999983,
          "setupMs": 0.5810999999999922,
          "solveMs": 2.1692999999999074,
          "result": 0,
          "actions": null,
          "expanded": 981,
          "calls": 2205,
          "states": 1462,
          "classes": 314,
          "memory": {
            "state": {
              "stateCount": 1462,
              "stateCapacity": 262144,
              "stateArrayBytes": 3145728,
              "edgeCacheBytes": 0,
              "hashSlotBytes": 2097152,
              "totalTypedBytes": 5242880
            },
            "residual": {
              "classCount": 314,
              "termVocabularyCount": 69,
              "termWordCount": 4,
              "residualTerms": null,
              "vocabularyBytes": 3324,
              "classTupleBytes": 4194304,
              "classTermCountBytes": 1048576,
              "classReferenceWidths": [
                4,
                4
              ],
              "classMetadataBytes": 11534336,
              "transitionCacheKind": "dense-prefix",
              "transitionPrefixClasses": 4096,
              "transitionCacheBytes": 491520,
              "classHashSlotBytes": 4194304,
              "chunkCounts": [
                234,
                12
              ],
              "chunkPayloadBytes": 4194304,
              "chunkHashSlotBytes": 1048576,
              "chunkCollisionLinkBytes": 2097152,
              "chunkDictionaryBytes": 7340032,
              "slotDictionaries": [
                {
                  "slot": 0,
                  "chunkCount": 234,
                  "chunkCapacity": 262144,
                  "payloadBytes": 2097152,
                  "hashSlotBytes": 524288,
                  "collisionLinkBytes": 1048576,
                  "totalTypedBytes": 3670016
                },
                {
                  "slot": 1,
                  "chunkCount": 12,
                  "chunkCapacity": 262144,
                  "payloadBytes": 2097152,
                  "hashSlotBytes": 524288,
                  "collisionLinkBytes": 1048576,
                  "totalTypedBytes": 3670016
                }
              ],
              "normalizationLayout": "sparse-superset-word-rows",
              "strictSupersetEntries": 112,
              "maskBytes": 1096,
              "scratchBytes": 56,
              "totalTypedBytes": 23564668
            },
            "localProof": {
              "capacity": 262144,
              "retainedTypedBytes": 786432,
              "bytesPerAdmittedState": 3
            },
            "supportLayout": "packed",
            "supportBytes": 4121,
            "bitBytes": 120,
            "totalTypedBytes": 29598221,
            "responseClosureBytes": 0
          },
          "classMetrics": {
            "internLookups": 819,
            "internHits": 505,
            "internMisses": 314,
            "ownTransitionHits": 1396,
            "ownTransitionMisses": 808,
            "blockTransitionHits": 1371,
            "blockTransitionMisses": 833,
            "ownNoop": 398,
            "blockNoop": 426,
            "ownTerminal": 0,
            "reducedTerms": 491,
            "supersetWordProbes": 998,
            "supersetWordClears": 998,
            "classGrows": 1,
            "hashGrows": 1,
            "slotReferenceWidens": 2,
            "parentChunkReuses": 738,
            "chunkInterns": 900,
            "outOfPrefixOwn": 0,
            "outOfPrefixBlock": 0,
            "cachedStores": 1641,
            "termCountReads": 0,
            "termWrites": 0
          }
        },
        "qualification": {
          "totalMs": 14.006700000000023,
          "setupMs": 0.7565000000000737,
          "solveMs": 5.238399999999956,
          "result": 0,
          "actions": [
            0,
            0,
            0,
            0,
            0
          ],
          "expanded": 1988,
          "calls": 4439,
          "states": 2771,
          "classes": 461,
          "memory": {
            "state": {
              "stateCount": 2771,
              "stateCapacity": 262144,
              "stateArrayBytes": 3145728,
              "edgeCacheBytes": 0,
              "hashSlotBytes": 2097152,
              "totalTypedBytes": 5242880
            },
            "residual": {
              "classCount": 461,
              "termVocabularyCount": 69,
              "termWordCount": 4,
              "residualTerms": null,
              "vocabularyBytes": 3324,
              "classTupleBytes": 4194304,
              "classTermCountBytes": 1048576,
              "classReferenceWidths": [
                4,
                4
              ],
              "classMetadataBytes": 11534336,
              "transitionCacheKind": "dense-prefix",
              "transitionPrefixClasses": 4096,
              "transitionCacheBytes": 491520,
              "classHashSlotBytes": 4194304,
              "chunkCounts": [
                337,
                13
              ],
              "chunkPayloadBytes": 4194304,
              "chunkHashSlotBytes": 1048576,
              "chunkCollisionLinkBytes": 2097152,
              "chunkDictionaryBytes": 7340032,
              "slotDictionaries": [
                {
                  "slot": 0,
                  "chunkCount": 337,
                  "chunkCapacity": 262144,
                  "payloadBytes": 2097152,
                  "hashSlotBytes": 524288,
                  "collisionLinkBytes": 1048576,
                  "totalTypedBytes": 3670016
                },
                {
                  "slot": 1,
                  "chunkCount": 13,
                  "chunkCapacity": 262144,
                  "payloadBytes": 2097152,
                  "hashSlotBytes": 524288,
                  "collisionLinkBytes": 1048576,
                  "totalTypedBytes": 3670016
                }
              ],
              "normalizationLayout": "sparse-superset-word-rows",
              "strictSupersetEntries": 112,
              "maskBytes": 1096,
              "scratchBytes": 56,
              "totalTypedBytes": 23564668
            },
            "localProof": {
              "capacity": 262144,
              "retainedTypedBytes": 786432,
              "bytesPerAdmittedState": 3
            },
            "supportLayout": "packed",
            "supportBytes": 4121,
            "bitBytes": 120,
            "totalTypedBytes": 29598221,
            "responseClosureBytes": 0
          },
          "classMetrics": {
            "internLookups": 1280,
            "internHits": 819,
            "internMisses": 461,
            "ownTransitionHits": 3239,
            "ownTransitionMisses": 1199,
            "blockTransitionHits": 3174,
            "blockTransitionMisses": 1264,
            "ownNoop": 564,
            "blockNoop": 621,
            "ownTerminal": 0,
            "reducedTerms": 755,
            "supersetWordProbes": 1455,
            "supersetWordClears": 1455,
            "classGrows": 1,
            "hashGrows": 1,
            "slotReferenceWidens": 2,
            "parentChunkReuses": 1142,
            "chunkInterns": 1418,
            "outOfPrefixOwn": 0,
            "outOfPrefixBlock": 0,
            "cachedStores": 2463,
            "termCountReads": 0,
            "termWrites": 0
          }
        }
      },
      "ratioSlot64OverBaseline": 1.5811651359148755,
      "rootBytesSaved": -28976208,
      "fullGraphBytesSaved": -9808
    },
    {
      "geometry": "4x5:c4",
      "graph": {
        "census": {
          "states": 294593,
          "terminalEdges": 76058,
          "nonterminalEdges": 814300,
          "illegalEdges": 288014
        },
        "classes": 69707,
        "baselineMemory": {
          "state": {
            "stateCount": 294593,
            "stateCapacity": 524288,
            "stateArrayBytes": 6291456,
            "edgeCacheBytes": 0,
            "hashSlotBytes": 2097152,
            "totalTypedBytes": 8388608
          },
          "residual": {
            "classCount": 69707,
            "residualTerms": 367080,
            "termVocabularyCount": 191,
            "vocabularyBytes": 13977,
            "classMetadataBytes": 2359296,
            "classTermBytes": 1048576,
            "logicalClassTermBytes": 734160,
            "transitionCacheKind": "dense-prefix",
            "transitionPrefixClasses": 4096,
            "transitionCacheBytes": 655360,
            "hashSlotBytes": 524288,
            "scratchBytes": 136,
            "totalTypedBytes": 4601633
          },
          "localProof": {
            "capacity": 0,
            "retainedTypedBytes": 0,
            "bytesPerAdmittedState": 0
          },
          "supportLayout": "packed",
          "supportBytes": 5204,
          "bitBytes": 160,
          "totalTypedBytes": 12995605
        },
        "candidateMemory": {
          "state": {
            "stateCount": 294593,
            "stateCapacity": 524288,
            "stateArrayBytes": 6291456,
            "edgeCacheBytes": 0,
            "hashSlotBytes": 2097152,
            "totalTypedBytes": 8388608
          },
          "residual": {
            "classCount": 69707,
            "termVocabularyCount": 191,
            "termWordCount": 6,
            "residualTerms": null,
            "vocabularyBytes": 13977,
            "classTupleBytes": 786432,
            "classTermCountBytes": 262144,
            "classReferenceWidths": [
              2,
              2,
              2
            ],
            "classMetadataBytes": 2621440,
            "transitionCacheKind": "dense-prefix",
            "transitionPrefixClasses": 4096,
            "transitionCacheBytes": 655360,
            "classHashSlotBytes": 524288,
            "chunkCounts": [
              1283,
              809,
              8781
            ],
            "chunkPayloadBytes": 155648,
            "chunkHashSlotBytes": 38912,
            "chunkCollisionLinkBytes": 77824,
            "chunkDictionaryBytes": 272384,
            "slotDictionaries": [
              {
                "slot": 0,
                "chunkCount": 1283,
                "chunkCapacity": 2048,
                "payloadBytes": 16384,
                "hashSlotBytes": 4096,
                "collisionLinkBytes": 8192,
                "totalTypedBytes": 28672
              },
              {
                "slot": 1,
                "chunkCount": 809,
                "chunkCapacity": 1024,
                "payloadBytes": 8192,
                "hashSlotBytes": 2048,
                "collisionLinkBytes": 4096,
                "totalTypedBytes": 14336
              },
              {
                "slot": 2,
                "chunkCount": 8781,
                "chunkCapacity": 16384,
                "payloadBytes": 131072,
                "hashSlotBytes": 32768,
                "collisionLinkBytes": 65536,
                "totalTypedBytes": 229376
              }
            ],
            "normalizationLayout": "sparse-superset-word-rows",
            "strictSupersetEntries": 341,
            "maskBytes": 2977,
            "scratchBytes": 84,
            "totalTypedBytes": 4090510
          },
          "localProof": {
            "capacity": 0,
            "retainedTypedBytes": 0,
            "bytesPerAdmittedState": 0
          },
          "supportLayout": "packed",
          "supportBytes": 5204,
          "bitBytes": 160,
          "totalTypedBytes": 12484482,
          "responseClosureBytes": 0
        },
        "candidateMetrics": {
          "internLookups": 2432195,
          "internHits": 2362488,
          "internMisses": 69707,
          "ownTransitionHits": 29849,
          "ownTransitionMisses": 1750867,
          "blockTransitionHits": 20774,
          "blockTransitionMisses": 1607826,
          "ownNoop": 425466,
          "blockNoop": 349087,
          "ownTerminal": 151947,
          "reducedTerms": 1456358,
          "supersetWordProbes": 3248062,
          "supersetWordClears": 3248062,
          "classGrows": 7,
          "hashGrows": 6,
          "slotReferenceWidens": 3,
          "parentChunkReuses": 3628438,
          "chunkInterns": 3668147,
          "outOfPrefixOwn": 1739686,
          "outOfPrefixBlock": 1596230,
          "cachedStores": 22777,
          "termCountReads": 69707,
          "termWrites": 69707
        },
        "slotMetrics": [
          {
            "lookups": 826967,
            "hits": 825684,
            "misses": 1283,
            "payloadGrows": 3,
            "hashGrows": 3
          },
          {
            "lookups": 1048823,
            "hits": 1048014,
            "misses": 809,
            "payloadGrows": 2,
            "hashGrows": 2
          },
          {
            "lookups": 1792357,
            "hits": 1783576,
            "misses": 8781,
            "payloadGrows": 6,
            "hashGrows": 6
          }
        ]
      },
      "baseline": {
        "totalMs": 36.85640000000012,
        "solveMs": 35.92850000000044,
        "representative": {
          "totalMs": 36.85640000000012,
          "setupMs": 0.8985999999999876,
          "solveMs": 35.92850000000044,
          "result": 0,
          "actions": null,
          "expanded": 11303,
          "calls": 24873,
          "states": 16915,
          "classes": 9124,
          "memory": {
            "state": {
              "stateCount": 16915,
              "stateCapacity": 32768,
              "stateArrayBytes": 393216,
              "edgeCacheBytes": 0,
              "hashSlotBytes": 131072,
              "totalTypedBytes": 524288
            },
            "residual": {
              "classCount": 9124,
              "residualTerms": 41873,
              "termVocabularyCount": 191,
              "vocabularyBytes": 13977,
              "classMetadataBytes": 294912,
              "classTermBytes": 131072,
              "logicalClassTermBytes": 83746,
              "transitionCacheKind": "dense-prefix",
              "transitionPrefixClasses": 4096,
              "transitionCacheBytes": 655360,
              "hashSlotBytes": 65536,
              "scratchBytes": 136,
              "totalTypedBytes": 1160993
            },
            "localProof": {
              "capacity": 32768,
              "retainedTypedBytes": 98304,
              "bytesPerAdmittedState": 3
            },
            "supportLayout": "packed",
            "supportBytes": 5204,
            "bitBytes": 160,
            "totalTypedBytes": 1788949
          },
          "classMetrics": {
            "internLookups": 20096,
            "internHits": 10972,
            "internMisses": 9124,
            "ownTransitionHits": 12893,
            "ownTransitionMisses": 11979,
            "blockTransitionHits": 11383,
            "blockTransitionMisses": 13489,
            "ownNoop": 2214,
            "blockNoop": 3160,
            "ownTerminal": 0,
            "crossDominanceChecks": 37320,
            "classGrows": 4,
            "termGrows": 4,
            "hashGrows": 3,
            "outOfPrefixOwn": 5832,
            "outOfPrefixBlock": 6420,
            "cachedStores": 13216
          }
        },
        "qualification": {
          "totalMs": 68.03679999999986,
          "setupMs": 0.5558999999998377,
          "solveMs": 40.05129999999963,
          "result": 0,
          "actions": [
            0,
            0,
            0,
            0
          ],
          "expanded": 27143,
          "calls": 61006,
          "states": 38089,
          "classes": 17813,
          "memory": {
            "state": {
              "stateCount": 38089,
              "stateCapacity": 65536,
              "stateArrayBytes": 786432,
              "edgeCacheBytes": 0,
              "hashSlotBytes": 262144,
              "totalTypedBytes": 1048576
            },
            "residual": {
              "classCount": 17813,
              "residualTerms": 85069,
              "termVocabularyCount": 191,
              "vocabularyBytes": 13977,
              "classMetadataBytes": 589824,
              "classTermBytes": 262144,
              "logicalClassTermBytes": 170138,
              "transitionCacheKind": "dense-prefix",
              "transitionPrefixClasses": 4096,
              "transitionCacheBytes": 655360,
              "hashSlotBytes": 131072,
              "scratchBytes": 136,
              "totalTypedBytes": 1652513
            },
            "localProof": {
              "capacity": 65536,
              "retainedTypedBytes": 196608,
              "bytesPerAdmittedState": 3
            },
            "supportLayout": "packed",
            "supportBytes": 5204,
            "bitBytes": 160,
            "totalTypedBytes": 2903061
          },
          "classMetrics": {
            "internLookups": 52298,
            "internHits": 34485,
            "internMisses": 17813,
            "ownTransitionHits": 30799,
            "ownTransitionMisses": 30206,
            "blockTransitionHits": 27320,
            "blockTransitionMisses": 33685,
            "ownNoop": 4776,
            "blockNoop": 6819,
            "ownTerminal": 0,
            "crossDominanceChecks": 94508,
            "classGrows": 5,
            "termGrows": 5,
            "hashGrows": 4,
            "outOfPrefixOwn": 22561,
            "outOfPrefixBlock": 24643,
            "cachedStores": 16687
          }
        }
      },
      "slot64": {
        "totalMs": 42.417199999999866,
        "solveMs": 37.57100000000037,
        "representative": {
          "totalMs": 42.417199999999866,
          "setupMs": 1.2231000000001586,
          "solveMs": 37.57100000000037,
          "result": 0,
          "actions": null,
          "expanded": 11303,
          "calls": 24873,
          "states": 16915,
          "classes": 9124,
          "memory": {
            "state": {
              "stateCount": 16915,
              "stateCapacity": 262144,
              "stateArrayBytes": 3145728,
              "edgeCacheBytes": 0,
              "hashSlotBytes": 2097152,
              "totalTypedBytes": 5242880
            },
            "residual": {
              "classCount": 9124,
              "termVocabularyCount": 191,
              "termWordCount": 6,
              "residualTerms": null,
              "vocabularyBytes": 13977,
              "classTupleBytes": 6291456,
              "classTermCountBytes": 1048576,
              "classReferenceWidths": [
                4,
                4,
                4
              ],
              "classMetadataBytes": 13631488,
              "transitionCacheKind": "dense-prefix",
              "transitionPrefixClasses": 4096,
              "transitionCacheBytes": 655360,
              "classHashSlotBytes": 4194304,
              "chunkCounts": [
                370,
                390,
                2216
              ],
              "chunkPayloadBytes": 6291456,
              "chunkHashSlotBytes": 1572864,
              "chunkCollisionLinkBytes": 3145728,
              "chunkDictionaryBytes": 11010048,
              "slotDictionaries": [
                {
                  "slot": 0,
                  "chunkCount": 370,
                  "chunkCapacity": 262144,
                  "payloadBytes": 2097152,
                  "hashSlotBytes": 524288,
                  "collisionLinkBytes": 1048576,
                  "totalTypedBytes": 3670016
                },
                {
                  "slot": 1,
                  "chunkCount": 390,
                  "chunkCapacity": 262144,
                  "payloadBytes": 2097152,
                  "hashSlotBytes": 524288,
                  "collisionLinkBytes": 1048576,
                  "totalTypedBytes": 3670016
                },
                {
                  "slot": 2,
                  "chunkCount": 2216,
                  "chunkCapacity": 262144,
                  "payloadBytes": 2097152,
                  "hashSlotBytes": 524288,
                  "collisionLinkBytes": 1048576,
                  "totalTypedBytes": 3670016
                }
              ],
              "normalizationLayout": "sparse-superset-word-rows",
              "strictSupersetEntries": 341,
              "maskBytes": 2977,
              "scratchBytes": 84,
              "totalTypedBytes": 29508238
            },
            "localProof": {
              "capacity": 262144,
              "retainedTypedBytes": 786432,
              "bytesPerAdmittedState": 3
            },
            "supportLayout": "packed",
            "supportBytes": 5204,
            "bitBytes": 160,
            "totalTypedBytes": 35542914,
            "responseClosureBytes": 0
          },
          "classMetrics": {
            "internLookups": 20096,
            "internHits": 10972,
            "internMisses": 9124,
            "ownTransitionHits": 12893,
            "ownTransitionMisses": 11979,
            "blockTransitionHits": 11383,
            "blockTransitionMisses": 13489,
            "ownNoop": 2214,
            "blockNoop": 3160,
            "ownTerminal": 0,
            "reducedTerms": 13403,
            "supersetWordProbes": 32131,
            "supersetWordClears": 32131,
            "classGrows": 1,
            "hashGrows": 1,
            "slotReferenceWidens": 3,
            "parentChunkReuses": 28335,
            "chunkInterns": 31953,
            "outOfPrefixOwn": 5832,
            "outOfPrefixBlock": 6420,
            "cachedStores": 13216,
            "termCountReads": 0,
            "termWrites": 0
          }
        },
        "qualification": {
          "totalMs": 76.79100000000017,
          "setupMs": 0.7804000000000997,
          "solveMs": 40.5912000000003,
          "result": 0,
          "actions": [
            0,
            0,
            0,
            0
          ],
          "expanded": 27143,
          "calls": 61006,
          "states": 38089,
          "classes": 17813,
          "memory": {
            "state": {
              "stateCount": 38089,
              "stateCapacity": 262144,
              "stateArrayBytes": 3145728,
              "edgeCacheBytes": 0,
              "hashSlotBytes": 2097152,
              "totalTypedBytes": 5242880
            },
            "residual": {
              "classCount": 17813,
              "termVocabularyCount": 191,
              "termWordCount": 6,
              "residualTerms": null,
              "vocabularyBytes": 13977,
              "classTupleBytes": 6291456,
              "classTermCountBytes": 1048576,
              "classReferenceWidths": [
                4,
                4,
                4
              ],
              "classMetadataBytes": 13631488,
              "transitionCacheKind": "dense-prefix",
              "transitionPrefixClasses": 4096,
              "transitionCacheBytes": 655360,
              "classHashSlotBytes": 4194304,
              "chunkCounts": [
                499,
                514,
                3778
              ],
              "chunkPayloadBytes": 6291456,
              "chunkHashSlotBytes": 1572864,
              "chunkCollisionLinkBytes": 3145728,
              "chunkDictionaryBytes": 11010048,
              "slotDictionaries": [
                {
                  "slot": 0,
                  "chunkCount": 499,
                  "chunkCapacity": 262144,
                  "payloadBytes": 2097152,
                  "hashSlotBytes": 524288,
                  "collisionLinkBytes": 1048576,
                  "totalTypedBytes": 3670016
                },
                {
                  "slot": 1,
                  "chunkCount": 514,
                  "chunkCapacity": 262144,
                  "payloadBytes": 2097152,
                  "hashSlotBytes": 524288,
                  "collisionLinkBytes": 1048576,
                  "totalTypedBytes": 3670016
                },
                {
                  "slot": 2,
                  "chunkCount": 3778,
                  "chunkCapacity": 262144,
                  "payloadBytes": 2097152,
                  "hashSlotBytes": 524288,
                  "collisionLinkBytes": 1048576,
                  "totalTypedBytes": 3670016
                }
              ],
              "normalizationLayout": "sparse-superset-word-rows",
              "strictSupersetEntries": 341,
              "maskBytes": 2977,
              "scratchBytes": 84,
              "totalTypedBytes": 29508238
            },
            "localProof": {
              "capacity": 262144,
              "retainedTypedBytes": 786432,
              "bytesPerAdmittedState": 3
            },
            "supportLayout": "packed",
            "supportBytes": 5204,
            "bitBytes": 160,
            "totalTypedBytes": 35542914,
            "responseClosureBytes": 0
          },
          "classMetrics": {
            "internLookups": 52298,
            "internHits": 34485,
            "internMisses": 17813,
            "ownTransitionHits": 30799,
            "ownTransitionMisses": 30206,
            "blockTransitionHits": 27320,
            "blockTransitionMisses": 33685,
            "ownNoop": 4776,
            "blockNoop": 6819,
            "ownTerminal": 0,
            "reducedTerms": 34330,
            "supersetWordProbes": 82178,
            "supersetWordClears": 82178,
            "classGrows": 1,
            "hashGrows": 1,
            "slotReferenceWidens": 3,
            "parentChunkReuses": 74819,
            "chunkInterns": 82075,
            "outOfPrefixOwn": 22561,
            "outOfPrefixBlock": 24643,
            "cachedStores": 16687,
            "termCountReads": 0,
            "termWrites": 0
          }
        }
      },
      "ratioSlot64OverBaseline": 1.1508774595456888,
      "rootBytesSaved": -33753965,
      "fullGraphBytesSaved": 511123
    }
  ],
  "standard7x6": {
    "baseline": {
      "state": {
        "stateCount": 1,
        "stateCapacity": 4096,
        "stateArrayBytes": 49152,
        "edgeCacheBytes": 0,
        "hashSlotBytes": 32768,
        "totalTypedBytes": 81920
      },
      "residual": {
        "classCount": 2,
        "residualTerms": 69,
        "termVocabularyCount": 625,
        "vocabularyBytes": 107638,
        "classMetadataBytes": 18432,
        "classTermBytes": 8192,
        "logicalClassTermBytes": 138,
        "transitionCacheKind": "dense-prefix",
        "transitionPrefixClasses": 4096,
        "transitionCacheBytes": 1376256,
        "hashSlotBytes": 8192,
        "scratchBytes": 552,
        "totalTypedBytes": 1519262
      },
      "localProof": {
        "capacity": 0,
        "retainedTypedBytes": 0,
        "bytesPerAdmittedState": 0
      },
      "supportLayout": "packed",
      "supportBytes": 3294207,
      "bitBytes": 336,
      "totalTypedBytes": 4895725
    },
    "slot64": {
      "state": {
        "stateCount": 1,
        "stateCapacity": 4096,
        "stateArrayBytes": 49152,
        "edgeCacheBytes": 0,
        "hashSlotBytes": 32768,
        "totalTypedBytes": 81920
      },
      "residual": {
        "classCount": 2,
        "termVocabularyCount": 625,
        "termWordCount": 20,
        "residualTerms": null,
        "vocabularyBytes": 107638,
        "classTupleBytes": 10240,
        "classTermCountBytes": 2048,
        "classReferenceWidths": [
          1,
          1,
          1,
          1,
          1,
          1,
          1,
          1,
          1,
          1
        ],
        "classMetadataBytes": 24576,
        "transitionCacheKind": "dense-prefix",
        "transitionPrefixClasses": 4096,
        "transitionCacheBytes": 1376256,
        "classHashSlotBytes": 8192,
        "chunkCounts": [
          1,
          1,
          1,
          1,
          1,
          1,
          1,
          1,
          2,
          2
        ],
        "chunkPayloadBytes": 20480,
        "chunkHashSlotBytes": 5120,
        "chunkCollisionLinkBytes": 10240,
        "chunkDictionaryBytes": 35840,
        "slotDictionaries": [
          {
            "slot": 0,
            "chunkCount": 1,
            "chunkCapacity": 256,
            "payloadBytes": 2048,
            "hashSlotBytes": 512,
            "collisionLinkBytes": 1024,
            "totalTypedBytes": 3584
          },
          {
            "slot": 1,
            "chunkCount": 1,
            "chunkCapacity": 256,
            "payloadBytes": 2048,
            "hashSlotBytes": 512,
            "collisionLinkBytes": 1024,
            "totalTypedBytes": 3584
          },
          {
            "slot": 2,
            "chunkCount": 1,
            "chunkCapacity": 256,
            "payloadBytes": 2048,
            "hashSlotBytes": 512,
            "collisionLinkBytes": 1024,
            "totalTypedBytes": 3584
          },
          {
            "slot": 3,
            "chunkCount": 1,
            "chunkCapacity": 256,
            "payloadBytes": 2048,
            "hashSlotBytes": 512,
            "collisionLinkBytes": 1024,
            "totalTypedBytes": 3584
          },
          {
            "slot": 4,
            "chunkCount": 1,
            "chunkCapacity": 256,
            "payloadBytes": 2048,
            "hashSlotBytes": 512,
            "collisionLinkBytes": 1024,
            "totalTypedBytes": 3584
          },
          {
            "slot": 5,
            "chunkCount": 1,
            "chunkCapacity": 256,
            "payloadBytes": 2048,
            "hashSlotBytes": 512,
            "collisionLinkBytes": 1024,
            "totalTypedBytes": 3584
          },
          {
            "slot": 6,
            "chunkCount": 1,
            "chunkCapacity": 256,
            "payloadBytes": 2048,
            "hashSlotBytes": 512,
            "collisionLinkBytes": 1024,
            "totalTypedBytes": 3584
          },
          {
            "slot": 7,
            "chunkCount": 1,
            "chunkCapacity": 256,
            "payloadBytes": 2048,
            "hashSlotBytes": 512,
            "collisionLinkBytes": 1024,
            "totalTypedBytes": 3584
          },
          {
            "slot": 8,
            "chunkCount": 2,
            "chunkCapacity": 256,
            "payloadBytes": 2048,
            "hashSlotBytes": 512,
            "collisionLinkBytes": 1024,
            "totalTypedBytes": 3584
          },
          {
            "slot": 9,
            "chunkCount": 2,
            "chunkCapacity": 256,
            "payloadBytes": 2048,
            "hashSlotBytes": 512,
            "collisionLinkBytes": 1024,
            "totalTypedBytes": 3584
          }
        ],
        "normalizationLayout": "sparse-superset-word-rows",
        "strictSupersetEntries": 1466,
        "maskBytes": 13274,
        "scratchBytes": 280,
        "totalTypedBytes": 1566056
      },
      "localProof": {
        "capacity": 0,
        "retainedTypedBytes": 0,
        "bytesPerAdmittedState": 0
      },
      "supportLayout": "packed",
      "supportBytes": 3294207,
      "bitBytes": 336,
      "totalTypedBytes": 4942519,
      "responseClosureBytes": 0
    },
    "classReferenceWidths": [
      1,
      1,
      1,
      1,
      1,
      1,
      1,
      1,
      1,
      1
    ],
    "slotChunkCounts": [
      1,
      1,
      1,
      1,
      1,
      1,
      1,
      1,
      2,
      2
    ],
    "rootBytesSaved": -46794
  }
}
