✔ compact index preserves capacity and published keys when link or bucket allocation fails (5.6269ms)
✔ cheap chunk address collisions preserve exact IDs through dictionary rehash (2.3747ms)
✔ reserved composed hashes reuse immutable local IDs across traversal and shared arena reset (21.9033ms)
✔ empty chunk identity survives dictionary growth and validates input before reuse (1.0726ms)
✔ direct semantic edges agree with recomputation and repeated edges bypass every interner (17.5245ms)
✔ prepared exact search performs no typed allocation or backing-array growth (6.9768ms)
✔ reserved state/chunk exhaustion preserves published identities instead of allocating (5.5072ms)
✔ standalone local solver reserves its proof arrays without adding them to online workers (2.4709ms)
✔ reserved residual exhaustion preserves existing classes and reports the resource boundary (2.64ms)
✔ chunk exact keys survive collisions and growth; a hit never requests insertion capacity (0.7735ms)
✔ canonical cardinality and descriptor hashes match independent term sequences across growth and geometries (426.2326ms)
✔ term writer rejects malformed capacity before mutation and class-count allocation failure preserves published classes (5.7716ms)
✔ qualification baseline keeps one proof owner and rejects invalid residual inputs (0.9958ms)
✔ support access rejects malformed indices and columns without rank-zero aliases (1.9398ms)
✔ paired response guard preserves every column reservoir in packed and table layouts (3.8328ms)
✔ compiled residual coverage rejects malformed inputs and reads canonical chunks after growth (6.4641ms)
✔ board input is captured once at initialization and residual widths derive from that domain (56.9096ms)
✔ state interning and cached edges reject values outside their owned domains (0.6392ms)
✔ slot64 cell masks reject integer wrapping and preserve the residual class (0.481ms)
✔ failed state growth leaves every existing backing array and capacity intact (12.3343ms)
✔ semantic IDs and cached edges survive repeated state growth and hash collisions (71.0518ms)
ℹ tests 21
ℹ suites 0
ℹ pass 21
ℹ fail 0
ℹ cancelled 0
ℹ skipped 0
ℹ todo 0
ℹ duration_ms 755.1695
