✔ bounded normal search keeps horizon leaves unknown and can resume exact search (1.971ms)
✔ an unresolved sibling cannot turn a known draw into an exact root draw (0.258ms)
✔ a proved winning child still cuts off after an unresolved sibling (0.1669ms)
✔ bounded forced chains respect the horizon and restore unrestricted search after failure (0.2712ms)
✔ structural draw intersects prior proof and rejects contradictory exact bounds (0.7338ms)
✔ both decision policies reject rank-preserving forced transitions (0.8117ms)
✔ a scout rejected with null cannot become a draw through numeric coercion (1.1177ms)
✔ a failed re-search retains ownership of its outstanding peer scouts (3.41ms)
✔ frontier copying handles overlapping distinct views and keeps cached masks private (1.107ms)
✔ fused frontier advancement matches independent masks for disjoint and overlapping views (3.9789ms)
✔ coherent read boundary rejects malformed scalars before typed narrowing (0.5258ms)
✔ actual search visits moves in descending eval order; hints only break equal scores (1.719ms)
✔ root action results expose one canonical draw value after perspective reversal (0.3135ms)
✔ proof arenas dispatch only explicit complete contracts (2.1732ms)
✔ publication rejects invalid values and hints before either live or stale access (1.7184ms)
✔ packed records reject reserved bits, invalid bounds and implicit number coercion (0.4959ms)
✔ replacement before proof lock acquisition rejects old publication and releases the acquired generation (0.4735ms)
✔ contradictory publication leaves the current proof intact and releases the writer (0.2915ms)
✔ coherent proof read observes sound writer-held record without blocking (0.8091ms)
✔ hash rejection skips generation loads; replacement across the filter still requires exact payload (1.9174ms)
✔ bucket prefix probes stop at first empty and preserve exact matches through collisions, writers, poison and reset (0.8155ms)
✔ a first-empty observation during concurrent publication is only a miss and cannot hide the next probe (0.2251ms)
✔ current-handle observation rechecks generation after observing slot status (0.252ms)
✔ game adapters require an arena bound to their exact geometry and term vocabulary (8.3476ms)
✔ resource reset rejects semantic nonquiescence before clearing static proofs (0.5088ms)
✔ arena views reject aliases/growth and snapshot mutable transport metadata (0.5036ms)
✔ a failure after payload overwrite poisons the new generation until quiescent reset (0.4576ms)
✔ generation exhaustion never wraps into a prior handle (0.3521ms)
✔ negative allocation and counters cannot alias existing term storage (0.4294ms)
✔ proof writer excludes replacement and reset, then wakes replacement on release (62.1692ms)
✔ bounded reservations follow board/depth bounds, budget and actual owner byte counts (46.9217ms)
✔ changed-slot identity converges across blocking order, including all-zero address filters (14.8422ms)
✔ compact index preserves capacity and published keys when link or bucket allocation fails (1.8556ms)
✔ cheap chunk address collisions preserve exact IDs through dictionary rehash (1.3505ms)
✔ reserved composed hashes reuse immutable local IDs across traversal and shared arena reset (26.4416ms)
✔ empty chunk identity survives dictionary growth and validates input before reuse (0.8016ms)
✔ direct semantic edges agree with recomputation and repeated edges bypass every interner (15.7574ms)
✔ prepared exact search performs no typed allocation or backing-array growth (5.5447ms)
✔ reserved state/chunk exhaustion preserves published identities instead of allocating (3.8156ms)
✔ standalone local solver reserves its proof arrays without adding them to online workers (2.597ms)
✔ reserved residual exhaustion preserves existing classes and reports the resource boundary (4.0794ms)
✔ chunk exact keys survive collisions and growth; a hit never requests insertion capacity (0.7675ms)
✔ canonical cardinality and descriptor hashes match independent term sequences across growth and geometries (451.2052ms)
✔ term writer rejects malformed capacity before mutation and class-count allocation failure preserves published classes (3.2039ms)
✔ qualification baseline keeps one proof owner and rejects invalid residual inputs (0.7219ms)
✔ support access rejects malformed indices and columns without rank-zero aliases (1.6985ms)
✔ paired response guard preserves every column reservoir in packed and table layouts (3.8185ms)
✔ compiled residual coverage rejects malformed inputs and reads canonical chunks after growth (8.2111ms)
✔ board input is captured once at initialization and residual widths derive from that domain (58.534ms)
✔ state interning and cached edges reject values outside their owned domains (0.6385ms)
✔ slot64 cell masks reject integer wrapping and preserve the residual class (0.4769ms)
✔ failed state growth leaves every existing backing array and capacity intact (12.6908ms)
✔ semantic IDs and cached edges survive repeated state growth and hash collisions (81.8874ms)
✔ cleanup attempts every owned termination after stop/drain/close failure (1.1536ms)
✔ postMessage failure poisons executor and releases every pending task (0.8317ms)
✔ malformed worker values poison before the worker can run queued work (0.8273ms)
✔ synchronous abandonment failure cannot interrupt executor poisoning (0.4078ms)
✔ queued payloads are captured at submission instead of borrowing caller state (0.3913ms)
✔ path replies must match the dispatched planner state and failed pools cannot be reused (0.6987ms)
✔ Branch Manager calls fail immediately after observed exit instead of awaiting a dead worker (45.0168ms)
✔ semantic worker fails closed on unknown protocol and remains poisoned (58.191ms)
✔ bounded work plan rejects bad ordering/ranks and reduces actual worker values exactly (109.5347ms)
ℹ tests 62
ℹ suites 0
ℹ pass 62
ℹ fail 0
ℹ cancelled 0
ℹ skipped 0
ℹ todo 0
ℹ duration_ms 899.1949
