{
  "kind": "connect4-online-frontier-dependency-parallel-negamax-v5",
  "status": "complete",
  "spec": {
    "columns": 4,
    "rows": 5,
    "connect": 4
  },
  "repeats": 5,
  "availableParallelism": 16,
  "priorityProbeDepth": 0,
  "completeGlobalGraphRequiredByRecursiveSearch": false,
  "canonicalProofIdentity": "exact_semantic_descriptor",
  "coordinatorImplementation": "createOnlineDependencyCoordinator",
  "coordinatorDiagnostics": "immutable_stats_snapshot",
  "ordering": "dynamic_live_winning_line_frontier_with_proof_hint_equal_score_tiebreak",
  "forcedTransit": "macro_normalized_before_decision_depth",
  "sharedProofAdmission": "probe_without_allocation_then_generation_stable_read_or_rebind_on_publication",
  "siblingCompletion": "incremental_completion_order_with_noninterrupting_detach_after_cutoff",
  "baseline": {
    "elapsedMsMedian": 46.742200000000025,
    "expandedMedian": 10756,
    "callsMedian": 23527,
    "runs": [
      {
        "elapsedMs": 110.3733,
        "expanded": 10756,
        "calls": 23527,
        "forcedMacroTransitions": 4297,
        "proofAdmissions": 12716
      },
      {
        "elapsedMs": 57.53249999999997,
        "expanded": 10756,
ONLINE_DEPENDENCY_PARALLEL_SUMMARY={"kind":"connect4-online-frontier-dependency-parallel-negamax-v5","status":"complete","spec":{"columns":4,"rows":5,"connect":4},"repeats":5,"availableParallelism":16,"priorityProbeDepth":0,"completeGlobalGraphRequiredByRecursiveSearch":false,"canonicalProofIdentity":"exact_semantic_descriptor","coordinatorImplementation":"createOnlineDependencyCoordinator","coordinatorDiagnostics":"immutable_stats_snapshot","ordering":"dynamic_live_winning_line_frontier_with_proof_hint_equal_score_tiebreak","forcedTransit":"macro_normalized_before_decision_depth","sharedProofAdmission":"probe_without_allocation_then_generation_stable_read_or_rebind_on_publication","siblingCompletion":"incremental_completion_order_with_noninterrupting_detach_after_cutoff","baseline":{"elapsedMsMedian":46.742200000000025,"expandedMedian":10756,"callsMedian":23527,"runs":[{"elapsedMs":110.3733,"expanded":10756,"calls":23527,"forcedMacroTransitions":4297,"proofAdmissions":12716},{"elapsedMs":57.53249999999997,"expanded":10756,"calls":23527,"forcedMacroTransitions":4297,"proofAdmissions":12716},{"elapsedMs":45.766800000000046,"expanded":10756,"calls":23527,"forcedMacroTransitions":4297,"proofAdmissions":12716},{"elapsedMs":46.742200000000025,"expanded":10756,"calls":23527,"forcedMacroTransitions":4297,"proofAdmissions":12716},{"elapsedMs":45.0523,"expanded":10756,"calls":23527,"forcedMacroTransitions":4297,"proofAdmissions":12716}]},"results":[{"requestedWorkers":1,"workers":1,"splitDepth":2,"splitDepthMeaning":"unresolved_decision_depth_after_forced_macro_normalization","rootResolvedMsMedian":34.94659999999999,"elapsedMsMedian":34.95710000000008,"totalExpandedMedian":10756,"shallowExpandedMedian":5,"workerExpandedMedian":10751,"leafTasksMedian":7,"scoutTasksMedian":6,"detachedScoutTasksMedian":0,"reSearchesMedian":0,"parallelBatchesMedian":2,"actions":[0,0,0,0],"runs":[{"rootResolvedMs":42.697400000000016,"elapsedMs":42.70270000000005,"shallowExpanded":5,"workerExpanded":10751,"totalExpanded":10756,"leafTasks":7,"scoutTasks":6,"incrementalScoutCompletions":6,"detachedScoutTasks":0,"detachedBatches":0,"reSearches":0,"parallelBatches":2,"forcedMacroTransitions":0,"proofAdmissions":5,"coordinatorStates":12,"coordinatorClasses":24,"coordinatorPaths":12,"priorityMemoEntries":7,"priorityMemoDrops":0},{"rootResolvedMs":34.94659999999999,"elapsedMs":34.95710000000008,"shallowExpanded":5,"workerExpanded":10751,"totalExpanded":10756,"leafTasks":7,"scoutTasks":6,"incrementalScoutCompletions":6,"detachedScoutTasks":0,"detachedBatches":0,"reSearches":0,"parallelBatches":2,"forcedMacroTransitions":0,"proofAdmissions":5,"coordinatorStates":12,"coordinatorClasses":24,"coordinatorPaths":12,"priorityMemoEntries":7,"priorityMemoDrops":0},{"rootResolvedMs":39.175700000000006,"elapsedMs":39.18169999999998,"shallowExpanded":5,"workerExpanded":10751,"totalExpanded":10756,"leafTasks":7,"scoutTasks":6,"incrementalScoutCompletions":6,"detachedScoutTasks":0,"detachedBatches":0,"reSearches":0,"parallelBatches":2,"forcedMacroTransitions":0,"proofAdmissions":5,"coordinatorStates":12,"coordinatorClasses":24,"coordinatorPaths":12,"priorityMemoEntries":7,"priorityMemoDrops":0},{"rootResolvedMs":33.65219999999999,"elapsedMs":33.65809999999999,"shallowExpanded":5,"workerExpanded":10751,"totalExpanded":10756,"leafTasks":7,"scoutTasks":6,"incrementalScoutCompletions":6,"detachedScoutTasks":0,"detachedBatches":0,"reSearches":0,"parallelBatches":2,"forcedMacroTransitions":0,"proofAdmissions":5,"coordinatorStates":12,"coordinatorClasses":24,"coordinatorPaths":12,"priorityMemoEntries":7,"priorityMemoDrops":0},{"rootResolvedMs":28.34609999999998,"elapsedMs":28.352300000000014,"shallowExpanded":5,"workerExpanded":10751,"totalExpanded":10756,"leafTasks":7,"scoutTasks":6,"incrementalScoutCompletions":6,"detachedScoutTasks":0,"detachedBatches":0,"reSearches":0,"parallelBatches":2,"forcedMacroTransitions":0,"proofAdmissions":5,"coordinatorStates":12,"coordinatorClasses":24,"coordinatorPaths":12,"priorityMemoEntries":7,"priorityMemoDrops":0}]},{"requestedWorkers":1,"workers":1,"splitDepth":3,"splitDepthMeaning":"unresolved_decision_depth_after_forced_macro_normalization","rootResolvedMsMedian":31.30930000000012,"elapsedMsMedian":31.318899999999985,"totalExpandedMedian":10789,"shallowExpandedMedian":12,"workerExpandedMedian":10777,"leafTasksMedian":20,"scoutTasksMedian":18,"detachedScoutTasksMedian":0,"reSearchesMedian":1,"parallelBatchesMedian":6,"actions":[0,0,0,0],"runs":[{"rootResolvedMs":38.53150000000005,"elapsedMs":38.54150000000004,"shallowExpanded":12,"workerExpanded":10777,"totalExpanded":10789,"leafTasks":20,"scoutTasks":18,"incrementalScoutCompletions":18,"detachedScoutTasks":0,"detachedBatches":0,"reSearches":1,"parallelBatches":6,"forcedMacroTransitions":0,"proofAdmissions":12,"coordinatorStates":40,"coordinatorClasses":68,"coordinatorPaths":31,"priorityMemoEntries":19,"priorityMemoDrops":0},{"rootResolvedMs":36.00450000000001,"elapsedMs":36.01070000000004,"shallowExpanded":12,"workerExpanded":10777,"totalExpanded":10789,"leafTasks":20,"scoutTasks":18,"incrementalScoutCompletions":18,"detachedScoutTasks":0,"detachedBatches":0,"reSearches":1,"parallelBatches":6,"forcedMacroTransitions":0,"proofAdmissions":12,"coordinatorStates":40,"coordinatorClasses":68,"coordinatorPaths":31,"priorityMemoEntries":19,"priorityMemoDrops":0},{"rootResolvedMs":31.30930000000012,"elapsedMs":31.318899999999985,"shallowExpanded":12,"workerExpanded":10777,"totalExpanded":10789,"leafTasks":20,"scoutTasks":18,"incrementalScoutCompletions":18,"detachedScoutTasks":0,"detachedBatches":0,"reSearches":1,"parallelBatches":6,"forcedMacroTransitions":0,"proofAdmissions":12,"coordinatorStates":40,"coordinatorClasses":68,"coordinatorPaths":31,"priorityMemoEntries":19,"priorityMemoDrops":0},{"rootResolvedMs":29.16220000000021,"elapsedMs":29.172200000000203,"shallowExpanded":12,"workerExpanded":10777,"totalExpanded":10789,"leafTasks":20,"scoutTasks":18,"incrementalScoutCompletions":18,"detachedScoutTasks":0,"detachedBatches":0,"reSearches":1,"parallelBatches":6,"forcedMacroTransitions":0,"proofAdmissions":12,"coordinatorStates":40,"coordinatorClasses":68,"coordinatorPaths":31,"priorityMemoEntries":19,"priorityMemoDrops":0},{"rootResolvedMs":29.759100000000217,"elapsedMs":29.765600000000177,"shallowExpanded":12,"workerExpanded":10777,"totalExpanded":10789,"leafTasks":20,"scoutTasks":18,"incrementalScoutCompletions":18,"detachedScoutTasks":0,"detachedBatches":0,"reSearches":1,"parallelBatches":6,"forcedMacroTransitions":0,"proofAdmissions":12,"coordinatorStates":40,"coordinatorClasses":68,"coordinatorPaths":31,"priorityMemoEntries":19,"priorityMemoDrops":0}]},{"requestedWorkers":1,"workers":1,"splitDepth":4,"splitDepthMeaning":"unresolved_decision_depth_after_forced_macro_normalization","rootResolvedMsMedian":39.67730000000006,"elapsedMsMedian":39.68230000000017,"totalExpandedMedian":14028,"shallowExpandedMedian":32,"workerExpandedMedian":13996,"leafTasksMedian":37,"scoutTasksMedian":36,"detachedScoutTasksMedian":4,"reSearchesMedian":1,"parallelBatchesMedian":12,"actions":[0,0,0,0],"runs":[{"rootResolvedMs":40.03899999999999,"elapsedMs":40.04430000000002,"shallowExpanded":32,"workerExpanded":13996,"totalExpanded":14028,"leafTasks":37,"scoutTasks":36,"incrementalScoutCompletions":32,"detachedScoutTasks":4,"detachedBatches":2,"reSearches":1,"parallelBatches":12,"forcedMacroTransitions":0,"proofAdmissions":31,"coordinatorStates":81,"coordinatorClasses":150,"coordinatorPaths":63,"priorityMemoEntries":32,"priorityMemoDrops":0},{"rootResolvedMs":39.93730000000005,"elapsedMs":39.94250000000011,"shallowExpanded":32,"workerExpanded":13996,"totalExpanded":14028,"leafTasks":37,"scoutTasks":36,"incrementalScoutCompletions":32,"detachedScoutTasks":4,"detachedBatches":2,"reSearches":1,"parallelBatches":12,"forcedMacroTransitions":0,"proofAdmissions":31,"coordinatorStates":81,"coordinatorClasses":150,"coordinatorPaths":63,"priorityMemoEntries":32,"priorityMemoDrops":0},{"rootResolvedMs":39.67730000000006,"elapsedMs":39.68230000000017,"shallowExpanded":32,"workerExpanded":13996,"totalExpanded":14028,"leafTasks":37,"scoutTasks":36,"incrementalScoutCompletions":32,"detachedScoutTasks":4,"detachedBatches":2,"reSearches":1,"parallelBatches":12,"forcedMacroTransitions":0,"proofAdmissions":31,"coordinatorStates":81,"coordinatorClasses":150,"coordinatorPaths":63,"priorityMemoEntries":32,"priorityMemoDrops":0},{"rootResolvedMs":38.327999999999975,"elapsedMs":38.33339999999998,"shallowExpanded":32,"workerExpanded":13996,"totalExpanded":14028,"leafTasks":37,"scoutTasks":36,"incrementalScoutCompletions":32,"detachedScoutTasks":4,"detachedBatches":2,"reSearches":1,"parallelBatches":12,"forcedMacroTransitions":0,"proofAdmissions":31,"coordinatorStates":81,"coordinatorClasses":150,"coordinatorPaths":63,"priorityMemoEntries":32,"priorityMemoDrops":0},{"rootResolvedMs":38.58639999999991,"elapsedMs":38.59210000000007,"shallowExpanded":32,"workerExpanded":13996,"totalExpanded":14028,"leafTasks":37,"scoutTasks":36,"incrementalScoutCompletions":32,"detachedScoutTasks":4,"detachedBatches":2,"reSearches":1,"parallelBatches":12,"forcedMacroTransitions":0,"proofAdmissions":31,"coordinatorStates":81,"coordinatorClasses":150,"coordinatorPaths":63,"priorityMemoEntries":32,"priorityMemoDrops":0}]},{"requestedWorkers":2,"workers":2,"splitDepth":2,"splitDepthMeaning":"unresolved_decision_depth_after_forced_macro_normalization","rootResolvedMsMedian":29.10649999999987,"elapsedMsMedian":29.111499999999978,"totalExpandedMedian":10772,"shallowExpandedMedian":5,"workerExpandedMedian":10767,"leafTasksMedian":7,"scoutTasksMedian":6,"detachedScoutTasksMedian":0,"reSearchesMedian":0,"parallelBatchesMedian":2,"actions":[0,0,0,0],"runs":[{"rootResolvedMs":51.18329999999992,"elapsedMs":51.1889000000001,"shallowExpanded":5,"workerExpanded":10767,"totalExpanded":10772,"leafTasks":7,"scoutTasks":6,"incrementalScoutCompletions":6,"detachedScoutTasks":0,"detachedBatches":0,"reSearches":0,"parallelBatches":2,"forcedMacroTransitions":0,"proofAdmissions":5,"coordinatorStates":12,"coordinatorClasses":24,"coordinatorPaths":12,"priorityMemoEntries":7,"priorityMemoDrops":0},{"rootResolvedMs":29.10649999999987,"elapsedMs":29.111499999999978,"shallowExpanded":5,"workerExpanded":10752,"totalExpanded":10757,"leafTasks":7,"scoutTasks":6,"incrementalScoutCompletions":6,"detachedScoutTasks":0,"detachedBatches":0,"reSearches":0,"parallelBatches":2,"forcedMacroTransitions":0,"proofAdmissions":5,"coordinatorStates":12,"coordinatorClasses":24,"coordinatorPaths":12,"priorityMemoEntries":7,"priorityMemoDrops":0},{"rootResolvedMs":23.088799999999992,"elapsedMs":23.096199999999953,"shallowExpanded":5,"workerExpanded":10775,"totalExpanded":10780,"leafTasks":7,"scoutTasks":6,"incrementalScoutCompletions":6,"detachedScoutTasks":0,"detachedBatches":0,"reSearches":0,"parallelBatches":2,"forcedMacroTransitions":0,"proofAdmissions":5,"coordinatorStates":12,"coordinatorClasses":24,"coordinatorPaths":12,"priorityMemoEntries":7,"priorityMemoDrops":0},{"rootResolvedMs":27.392399999999952,"elapsedMs":27.399200000000064,"shallowExpanded":5,"workerExpanded":10767,"totalExpanded":10772,"leafTasks":7,"scoutTasks":6,"incrementalScoutCompletions":6,"detachedScoutTasks":0,"detachedBatches":0,"reSearches":0,"parallelBatches":2,"forcedMacroTransitions":0,"proofAdmissions":5,"coordinatorStates":12,"coordinatorClasses":24,"coordinatorPaths":12,"priorityMemoEntries":7,"priorityMemoDrops":0},{"rootResolvedMs":33.11370000000011,"elapsedMs":33.11830000000009,"shallowExpanded":5,"workerExpanded":10826,"totalExpanded":10831,"leafTasks":7,"scoutTasks":6,"incrementalScoutCompletions":6,"detachedScoutTasks":0,"detachedBatches":0,"reSearches":0,"parallelBatches":2,"forcedMacroTransitions":0,"proofAdmissions":5,"coordinatorStates":12,"coordinatorClasses":24,"coordinatorPaths":12,"priorityMemoEntries":7,"priorityMemoDrops":0}]},{"requestedWorkers":2,"workers":2,"splitDepth":3,"splitDepthMeaning":"unresolved_decision_depth_after_forced_macro_normalization","rootResolvedMsMedian":18.668699999999717,"elapsedMsMedian":18.672700000000077,"totalExpandedMedian":10815,"shallowExpandedMedian":12,"workerExpandedMedian":10803,"leafTasksMedian":20,"scoutTasksMedian":18,"detachedScoutTasksMedian":0,"reSearchesMedian":1,"parallelBatchesMedian":6,"actions":[0,0,0,0],"runs":[{"rootResolvedMs":18.82410000000027,"elapsedMs":18.82840000000033,"shallowExpanded":12,"workerExpanded":10783,"totalExpanded":10795,"leafTasks":20,"scoutTasks":18,"incrementalScoutCompletions":18,"detachedScoutTasks":0,"detachedBatches":0,"reSearches":1,"parallelBatches":6,"forcedMacroTransitions":0,"proofAdmissions":12,"coordinatorStates":40,"coordinatorClasses":68,"coordinatorPaths":31,"priorityMemoEntries":19,"priorityMemoDrops":0},{"rootResolvedMs":18.57029999999986,"elapsedMs":18.575800000000072,"shallowExpanded":12,"workerExpanded":10841,"totalExpanded":10853,"leafTasks":20,"scoutTasks":18,"incrementalScoutCompletions":18,"detachedScoutTasks":0,"detachedBatches":0,"reSearches":1,"parallelBatches":6,"forcedMacroTransitions":0,"proofAdmissions":12,"coordinatorStates":40,"coordinatorClasses":68,"coordinatorPaths":31,"priorityMemoEntries":19,"priorityMemoDrops":0},{"rootResolvedMs":18.668699999999717,"elapsedMs":18.672700000000077,"shallowExpanded":12,"workerExpanded":10803,"totalExpanded":10815,"leafTasks":20,"scoutTasks":18,"incrementalScoutCompletions":18,"detachedScoutTasks":0,"detachedBatches":0,"reSearches":1,"parallelBatches":6,"forcedMacroTransitions":0,"proofAdmissions":12,"coordinatorStates":40,"coordinatorClasses":68,"coordinatorPaths":31,"priorityMemoEntries":19,"priorityMemoDrops":0},{"rootResolvedMs":18.713500000000295,"elapsedMs":18.71770000000015,"shallowExpanded":12,"workerExpanded":10880,"totalExpanded":10892,"leafTasks":20,"scoutTasks":18,"incrementalScoutCompletions":18,"detachedScoutTasks":0,"detachedBatches":0,"reSearches":1,"parallelBatches":6,"forcedMacroTransitions":0,"proofAdmissions":12,"coordinatorStates":40,"coordinatorClasses":68,"coordinatorPaths":31,"priorityMemoEntries":19,"priorityMemoDrops":0},{"rootResolvedMs":18.50330000000031,"elapsedMs":18.50739999999996,"shallowExpanded":12,"workerExpanded":10798,"totalExpanded":10810,"leafTasks":20,"scoutTasks":18,"incrementalScoutCompletions":18,"detachedScoutTasks":0,"detachedBatches":0,"reSearches":1,"parallelBatches":6,"forcedMacroTransitions":0,"proofAdmissions":12,"coordinatorStates":40,"coordinatorClasses":68,"coordinatorPaths":31,"priorityMemoEntries":19,"priorityMemoDrops":0}]},{"requestedWorkers":2,"workers":2,"splitDepth":4,"splitDepthMeaning":"unresolved_decision_depth_after_forced_macro_normalization","rootResolvedMsMedian":23.020500000000084,"elapsedMsMedian":23.02520000000004,"totalExpandedMedian":14048,"shallowExpandedMedian":32,"workerExpandedMedian":14016,"leafTasksMedian":37,"scoutTasksMedian":36,"detachedScoutTasksMedian":4,"reSearchesMedian":1,"parallelBatchesMedian":12,"actions":[0,0,0,0],"runs":[{"rootResolvedMs":22.166000000000167,"elapsedMs":22.169400000000223,"shallowExpanded":32,"workerExpanded":14071,"totalExpanded":14103,"leafTasks":37,"scoutTasks":36,"incrementalScoutCompletions":33,"detachedScoutTasks":3,"detachedBatches":2,"reSearches":1,"parallelBatches":12,"forcedMacroTransitions":0,"proofAdmissions":31,"coordinatorStates":81,"coordinatorClasses":150,"coordinatorPaths":63,"priorityMemoEntries":32,"priorityMemoDrops":0},{"rootResolvedMs":23.020500000000084,"elapsedMs":23.02520000000004,"shallowExpanded":32,"workerExpanded":14016,"totalExpanded":14048,"leafTasks":37,"scoutTasks":36,"incrementalScoutCompletions":32,"detachedScoutTasks":4,"detachedBatches":2,"reSearches":1,"parallelBatches":12,"forcedMacroTransitions":0,"proofAdmissions":31,"coordinatorStates":81,"coordinatorClasses":150,"coordinatorPaths":63,"priorityMemoEntries":32,"priorityMemoDrops":0},{"rootResolvedMs":23.446399999999812,"elapsedMs":23.45089999999982,"shallowExpanded":32,"workerExpanded":14003,"totalExpanded":14035,"leafTasks":37,"scoutTasks":36,"incrementalScoutCompletions":32,"detachedScoutTasks":4,"detachedBatches":2,"reSearches":1,"parallelBatches":12,"forcedMacroTransitions":0,"proofAdmissions":31,"coordinatorStates":81,"coordinatorClasses":150,"coordinatorPaths":63,"priorityMemoEntries":32,"priorityMemoDrops":0},{"rootResolvedMs":21.991700000000037,"elapsedMs":21.996299999999792,"shallowExpanded":32,"workerExpanded":14005,"totalExpanded":14037,"leafTasks":37,"scoutTasks":36,"incrementalScoutCompletions":33,"detachedScoutTasks":3,"detachedBatches":2,"reSearches":1,"parallelBatches":12,"forcedMacroTransitions":0,"proofAdmissions":31,"coordinatorStates":81,"coordinatorClasses":150,"coordinatorPaths":63,"priorityMemoEntries":32,"priorityMemoDrops":0},{"rootResolvedMs":23.895500000000084,"elapsedMs":23.899900000000343,"shallowExpanded":32,"workerExpanded":14018,"totalExpanded":14050,"leafTasks":37,"scoutTasks":36,"incrementalScoutCompletions":32,"detachedScoutTasks":4,"detachedBatches":2,"reSearches":1,"parallelBatches":12,"forcedMacroTransitions":0,"proofAdmissions":31,"coordinatorStates":81,"coordinatorClasses":150,"coordinatorPaths":63,"priorityMemoEntries":32,"priorityMemoDrops":0}]},{"requestedWorkers":3,"workers":3,"splitDepth":2,"splitDepthMeaning":"unresolved_decision_depth_after_forced_macro_normalization","rootResolvedMsMedian":24.360000000000127,"elapsedMsMedian":24.364399999999932,"totalExpandedMedian":10788,"shallowExpandedMedian":5,"workerExpandedMedian":10783,"leafTasksMedian":7,"scoutTasksMedian":6,"detachedScoutTasksMedian":0,"reSearchesMedian":0,"parallelBatchesMedian":2,"actions":[0,0,0,0],"runs":[{"rootResolvedMs":31.16930000000002,"elapsedMs":31.17360000000008,"shallowExpanded":5,"workerExpanded":10785,"totalExpanded":10790,"leafTasks":7,"scoutTasks":6,"incrementalScoutCompletions":6,"detachedScoutTasks":0,"detachedBatches":0,"reSearches":0,"parallelBatches":2,"forcedMacroTransitions":0,"proofAdmissions":5,"coordinatorStates":12,"coordinatorClasses":24,"coordinatorPaths":12,"priorityMemoEntries":7,"priorityMemoDrops":0},{"rootResolvedMs":24.360000000000127,"elapsedMs":24.364399999999932,"shallowExpanded":5,"workerExpanded":10760,"totalExpanded":10765,"leafTasks":7,"scoutTasks":6,"incrementalScoutCompletions":6,"detachedScoutTasks":0,"detachedBatches":0,"reSearches":0,"parallelBatches":2,"forcedMacroTransitions":0,"proofAdmissions":5,"coordinatorStates":12,"coordinatorClasses":24,"coordinatorPaths":12,"priorityMemoEntries":7,"priorityMemoDrops":0},{"rootResolvedMs":23.183599999999842,"elapsedMs":23.190700000000106,"shallowExpanded":5,"workerExpanded":10795,"totalExpanded":10800,"leafTasks":7,"scoutTasks":6,"incrementalScoutCompletions":6,"detachedScoutTasks":0,"detachedBatches":0,"reSearches":0,"parallelBatches":2,"forcedMacroTransitions":0,"proofAdmissions":5,"coordinatorStates":12,"coordinatorClasses":24,"coordinatorPaths":12,"priorityMemoEntries":7,"priorityMemoDrops":0},{"rootResolvedMs":32.97280000000001,"elapsedMs":32.977300000000014,"shallowExpanded":5,"workerExpanded":10765,"totalExpanded":10770,"leafTasks":7,"scoutTasks":6,"incrementalScoutCompletions":6,"detachedScoutTasks":0,"detachedBatches":0,"reSearches":0,"parallelBatches":2,"forcedMacroTransitions":0,"proofAdmissions":5,"coordinatorStates":12,"coordinatorClasses":24,"coordinatorPaths":12,"priorityMemoEntries":7,"priorityMemoDrops":0},{"rootResolvedMs":19.771499999999833,"elapsedMs":19.77559999999994,"shallowExpanded":5,"workerExpanded":10783,"totalExpanded":10788,"leafTasks":7,"scoutTasks":6,"incrementalScoutCompletions":6,"detachedScoutTasks":0,"detachedBatches":0,"reSearches":0,"parallelBatches":2,"forcedMacroTransitions":0,"proofAdmissions":5,"coordinatorStates":12,"coordinatorClasses":24,"coordinatorPaths":12,"priorityMemoEntries":7,"priorityMemoDrops":0}]},{"requestedWorkers":3,"workers":3,"splitDepth":3,"splitDepthMeaning":"unresolved_decision_depth_after_forced_macro_normalization","rootResolvedMsMedian":32.039999999999964,"elapsedMsMedian":32.046100000000024,"totalExpandedMedian":10904,"shallowExpandedMedian":12,"workerExpandedMedian":10892,"leafTasksMedian":20,"scoutTasksMedian":18,"detachedScoutTasksMedian":0,"reSearchesMedian":1,"parallelBatchesMedian":6,"actions":[0,0,0,0],"runs":[{"rootResolvedMs":20.634300000000167,"elapsedMs":20.638300000000072,"shallowExpanded":12,"workerExpanded":10941,"totalExpanded":10953,"leafTasks":20,"scoutTasks":18,"incrementalScoutCompletions":18,"detachedScoutTasks":0,"detachedBatches":0,"reSearches":1,"parallelBatches":6,"forcedMacroTransitions":0,"proofAdmissions":12,"coordinatorStates":40,"coordinatorClasses":68,"coordinatorPaths":31,"priorityMemoEntries":19,"priorityMemoDrops":0},{"rootResolvedMs":16.83869999999979,"elapsedMs":16.8440999999998,"shallowExpanded":12,"workerExpanded":10902,"totalExpanded":10914,"leafTasks":20,"scoutTasks":18,"incrementalScoutCompletions":18,"detachedScoutTasks":0,"detachedBatches":0,"reSearches":1,"parallelBatches":6,"forcedMacroTransitions":0,"proofAdmissions":12,"coordinatorStates":40,"coordinatorClasses":68,"coordinatorPaths":31,"priorityMemoEntries":19,"priorityMemoDrops":0},{"rootResolvedMs":39.854399999999714,"elapsedMs":39.861799999999675,"shallowExpanded":12,"workerExpanded":10892,"totalExpanded":10904,"leafTasks":20,"scoutTasks":18,"incrementalScoutCompletions":18,"detachedScoutTasks":0,"detachedBatches":0,"reSearches":1,"parallelBatches":6,"forcedMacroTransitions":0,"proofAdmissions":12,"coordinatorStates":40,"coordinatorClasses":68,"coordinatorPaths":31,"priorityMemoEntries":19,"priorityMemoDrops":0},{"rootResolvedMs":35.454299999999876,"elapsedMs":35.462499999999636,"shallowExpanded":12,"workerExpanded":10850,"totalExpanded":10862,"leafTasks":20,"scoutTasks":18,"incrementalScoutCompletions":18,"detachedScoutTasks":0,"detachedBatches":0,"reSearches":1,"parallelBatches":6,"forcedMacroTransitions":0,"proofAdmissions":12,"coordinatorStates":40,"coordinatorClasses":68,"coordinatorPaths":31,"priorityMemoEntries":19,"priorityMemoDrops":0},{"rootResolvedMs":32.039999999999964,"elapsedMs":32.046100000000024,"shallowExpanded":12,"workerExpanded":10822,"totalExpanded":10834,"leafTasks":20,"scoutTasks":18,"incrementalScoutCompletions":18,"detachedScoutTasks":0,"detachedBatches":0,"reSearches":1,"parallelBatches":6,"forcedMacroTransitions":0,"proofAdmissions":12,"coordinatorStates":40,"coordinatorClasses":68,"coordinatorPaths":31,"priorityMemoEntries":19,"priorityMemoDrops":0}]},{"requestedWorkers":3,"workers":3,"splitDepth":4,"splitDepthMeaning":"unresolved_decision_depth_after_forced_macro_normalization","rootResolvedMsMedian":50.9680000000003,"elapsedMsMedian":50.975000000000364,"totalExpandedMedian":14094,"shallowExpandedMedian":32,"workerExpandedMedian":14062,"leafTasksMedian":37,"scoutTasksMedian":36,"detachedScoutTasksMedian":4,"reSearchesMedian":1,"parallelBatchesMedian":12,"actions":[0,0,0,0],"runs":[{"rootResolvedMs":57.59909999999991,"elapsedMs":57.60619999999972,"shallowExpanded":32,"workerExpanded":14089,"totalExpanded":14121,"leafTasks":37,"scoutTasks":36,"incrementalScoutCompletions":32,"detachedScoutTasks":4,"detachedBatches":2,"reSearches":1,"parallelBatches":12,"forcedMacroTransitions":0,"proofAdmissions":31,"coordinatorStates":81,"coordinatorClasses":150,"coordinatorPaths":63,"priorityMemoEntries":32,"priorityMemoDrops":0},{"rootResolvedMs":39.9998999999998,"elapsedMs":40.00720000000001,"shallowExpanded":32,"workerExpanded":14012,"totalExpanded":14044,"leafTasks":37,"scoutTasks":36,"incrementalScoutCompletions":33,"detachedScoutTasks":3,"detachedBatches":2,"reSearches":1,"parallelBatches":12,"forcedMacroTransitions":0,"proofAdmissions":31,"coordinatorStates":81,"coordinatorClasses":150,"coordinatorPaths":63,"priorityMemoEntries":32,"priorityMemoDrops":0},{"rootResolvedMs":55.73969999999963,"elapsedMs":55.74689999999964,"shallowExpanded":32,"workerExpanded":14062,"totalExpanded":14094,"leafTasks":37,"scoutTasks":36,"incrementalScoutCompletions":33,"detachedScoutTasks":3,"detachedBatches":2,"reSearches":1,"parallelBatches":12,"forcedMacroTransitions":0,"proofAdmissions":31,"coordinatorStates":81,"coordinatorClasses":150,"coordinatorPaths":63,"priorityMemoEntries":32,"priorityMemoDrops":0},{"rootResolvedMs":50.9680000000003,"elapsedMs":50.975000000000364,"shallowExpanded":32,"workerExpanded":14095,"totalExpanded":14127,"leafTasks":37,"scoutTasks":36,"incrementalScoutCompletions":32,"detachedScoutTasks":4,"detachedBatches":2,"reSearches":1,"parallelBatches":12,"forcedMacroTransitions":0,"proofAdmissions":31,"coordinatorStates":81,"coordinatorClasses":150,"coordinatorPaths":63,"priorityMemoEntries":32,"priorityMemoDrops":0},{"rootResolvedMs":45.88850000000002,"elapsedMs":45.89519999999993,"shallowExpanded":32,"workerExpanded":14040,"totalExpanded":14072,"leafTasks":37,"scoutTasks":36,"incrementalScoutCompletions":32,"detachedScoutTasks":4,"detachedBatches":2,"reSearches":1,"parallelBatches":12,"forcedMacroTransitions":0,"proofAdmissions":31,"coordinatorStates":81,"coordinatorClasses":150,"coordinatorPaths":63,"priorityMemoEntries":32,"priorityMemoDrops":0}]},{"requestedWorkers":4,"workers":4,"splitDepth":2,"splitDepthMeaning":"unresolved_decision_depth_after_forced_macro_normalization","rootResolvedMsMedian":97.98789999999917,"elapsedMsMedian":97.99589999999989,"totalExpandedMedian":10774,"shallowExpandedMedian":5,"workerExpandedMedian":10769,"leafTasksMedian":7,"scoutTasksMedian":6,"detachedScoutTasksMedian":0,"reSearchesMedian":0,"parallelBatchesMedian":2,"actions":[0,0,0,0],"runs":[{"rootResolvedMs":135.71420000000035,"elapsedMs":135.72150000000056,"shallowExpanded":5,"workerExpanded":10769,"totalExpanded":10774,"leafTasks":7,"scoutTasks":6,"incrementalScoutCompletions":6,"detachedScoutTasks":0,"detachedBatches":0,"reSearches":0,"parallelBatches":2,"forcedMacroTransitions":0,"proofAdmissions":5,"coordinatorStates":12,"coordinatorClasses":24,"coordinatorPaths":12,"priorityMemoEntries":7,"priorityMemoDrops":0},{"rootResolvedMs":163.52890000000025,"elapsedMs":163.53639999999996,"shallowExpanded":5,"workerExpanded":10767,"totalExpanded":10772,"leafTasks":7,"scoutTasks":6,"incrementalScoutCompletions":6,"detachedScoutTasks":0,"detachedBatches":0,"reSearches":0,"parallelBatches":2,"forcedMacroTransitions":0,"proofAdmissions":5,"coordinatorStates":12,"coordinatorClasses":24,"coordinatorPaths":12,"priorityMemoEntries":7,"priorityMemoDrops":0},{"rootResolvedMs":97.98789999999917,"elapsedMs":97.99589999999989,"shallowExpanded":5,"workerExpanded":10765,"totalExpanded":10770,"leafTasks":7,"scoutTasks":6,"incrementalScoutCompletions":6,"detachedScoutTasks":0,"detachedBatches":0,"reSearches":0,"parallelBatches":2,"forcedMacroTransitions":0,"proofAdmissions":5,"coordinatorStates":12,"coordinatorClasses":24,"coordinatorPaths":12,"priorityMemoEntries":7,"priorityMemoDrops":0},{"rootResolvedMs":93.46680000000015,"elapsedMs":93.47379999999976,"shallowExpanded":5,"workerExpanded":10806,"totalExpanded":10811,"leafTasks":7,"scoutTasks":6,"incrementalScoutCompletions":6,"detachedScoutTasks":0,"detachedBatches":0,"reSearches":0,"parallelBatches":2,"forcedMacroTransitions":0,"proofAdmissions":5,"coordinatorStates":12,"coordinatorClasses":24,"coordinatorPaths":12,"priorityMemoEntries":7,"priorityMemoDrops":0},{"rootResolvedMs":52.423899999999776,"elapsedMs":52.430199999999786,"shallowExpanded":5,"workerExpanded":10813,"totalExpanded":10818,"leafTasks":7,"scoutTasks":6,"incrementalScoutCompletions":6,"detachedScoutTasks":0,"detachedBatches":0,"reSearches":0,"parallelBatches":2,"forcedMacroTransitions":0,"proofAdmissions":5,"coordinatorStates":12,"coordinatorClasses":24,"coordinatorPaths":12,"priorityMemoEntries":7,"priorityMemoDrops":0}]},{"requestedWorkers":4,"workers":4,"splitDepth":3,"splitDepthMeaning":"unresolved_decision_depth_after_forced_macro_normalization","rootResolvedMsMedian":29.767700000000332,"elapsedMsMedian":29.96810000000005,"totalExpandedMedian":10818,"shallowExpandedMedian":12,"workerExpandedMedian":10806,"leafTasksMedian":20,"scoutTasksMedian":18,"detachedScoutTasksMedian":0,"reSearchesMedian":1,"parallelBatchesMedian":6,"actions":[0,0,0,0],"runs":[{"rootResolvedMs":29.767700000000332,"elapsedMs":29.96810000000005,"shallowExpanded":12,"workerExpanded":10811,"totalExpanded":10823,"leafTasks":20,"scoutTasks":18,"incrementalScoutCompletions":18,"detachedScoutTasks":0,"detachedBatches":0,"reSearches":1,"parallelBatches":6,"forcedMacroTransitions":0,"proofAdmissions":12,"coordinatorStates":40,"coordinatorClasses":68,"coordinatorPaths":31,"priorityMemoEntries":19,"priorityMemoDrops":0},{"rootResolvedMs":37.54389999999967,"elapsedMs":37.55039999999917,"shallowExpanded":12,"workerExpanded":10780,"totalExpanded":10792,"leafTasks":20,"scoutTasks":18,"incrementalScoutCompletions":18,"detachedScoutTasks":0,"detachedBatches":0,"reSearches":1,"parallelBatches":6,"forcedMacroTransitions":0,"proofAdmissions":12,"coordinatorStates":40,"coordinatorClasses":68,"coordinatorPaths":31,"priorityMemoEntries":19,"priorityMemoDrops":0},{"rootResolvedMs":33.66269999999986,"elapsedMs":33.67000000000007,"shallowExpanded":12,"workerExpanded":10806,"totalExpanded":10818,"leafTasks":20,"scoutTasks":18,"incrementalScoutCompletions":18,"detachedScoutTasks":0,"detachedBatches":0,"reSearches":1,"parallelBatches":6,"forcedMacroTransitions":0,"proofAdmissions":12,"coordinatorStates":40,"coordinatorClasses":68,"coordinatorPaths":31,"priorityMemoEntries":19,"priorityMemoDrops":0},{"rootResolvedMs":29.427599999999984,"elapsedMs":29.434400000000096,"shallowExpanded":12,"workerExpanded":10819,"totalExpanded":10831,"leafTasks":20,"scoutTasks":18,"incrementalScoutCompletions":18,"detachedScoutTasks":0,"detachedBatches":0,"reSearches":1,"parallelBatches":6,"forcedMacroTransitions":0,"proofAdmissions":12,"coordinatorStates":40,"coordinatorClasses":68,"coordinatorPaths":31,"priorityMemoEntries":19,"priorityMemoDrops":0},{"rootResolvedMs":28.69500000000062,"elapsedMs":28.701200000000426,"shallowExpanded":12,"workerExpanded":10788,"totalExpanded":10800,"leafTasks":20,"scoutTasks":18,"incrementalScoutCompletions":18,"detachedScoutTasks":0,"detachedBatches":0,"reSearches":1,"parallelBatches":6,"forcedMacroTransitions":0,"proofAdmissions":12,"coordinatorStates":40,"coordinatorClasses":68,"coordinatorPaths":31,"priorityMemoEntries":19,"priorityMemoDrops":0}]},{"requestedWorkers":4,"workers":4,"splitDepth":4,"splitDepthMeaning":"unresolved_decision_depth_after_forced_macro_normalization","rootResolvedMsMedian":45.340400000000045,"elapsedMsMedian":45.34690000000046,"totalExpandedMedian":14071,"shallowExpandedMedian":32,"workerExpandedMedian":14039,"leafTasksMedian":37,"scoutTasksMedian":36,"detachedScoutTasksMedian":4,"reSearchesMedian":1,"parallelBatchesMedian":12,"actions":[0,0,0,0],"runs":[{"rootResolvedMs":45.340400000000045,"elapsedMs":45.34690000000046,"shallowExpanded":32,"workerExpanded":14039,"totalExpanded":14071,"leafTasks":37,"scoutTasks":36,"incrementalScoutCompletions":32,"detachedScoutTasks":4,"detachedBatches":2,"reSearches":1,"parallelBatches":12,"forcedMacroTransitions":0,"proofAdmissions":31,"coordinatorStates":81,"coordinatorClasses":150,"coordinatorPaths":63,"priorityMemoEntries":32,"priorityMemoDrops":0},{"rootResolvedMs":50.10159999999996,"elapsedMs":50.11229999999978,"shallowExpanded":32,"workerExpanded":14014,"totalExpanded":14046,"leafTasks":37,"scoutTasks":36,"incrementalScoutCompletions":32,"detachedScoutTasks":4,"detachedBatches":2,"reSearches":1,"parallelBatches":12,"forcedMacroTransitions":0,"proofAdmissions":31,"coordinatorStates":81,"coordinatorClasses":150,"coordinatorPaths":63,"priorityMemoEntries":32,"priorityMemoDrops":0},{"rootResolvedMs":43.67360000000008,"elapsedMs":43.708700000000135,"shallowExpanded":32,"workerExpanded":14064,"totalExpanded":14096,"leafTasks":37,"scoutTasks":36,"incrementalScoutCompletions":32,"detachedScoutTasks":4,"detachedBatches":2,"reSearches":1,"parallelBatches":12,"forcedMacroTransitions":0,"proofAdmissions":31,"coordinatorStates":81,"coordinatorClasses":150,"coordinatorPaths":63,"priorityMemoEntries":32,"priorityMemoDrops":0},{"rootResolvedMs":46.97429999999986,"elapsedMs":46.98189999999977,"shallowExpanded":32,"workerExpanded":14096,"totalExpanded":14128,"leafTasks":37,"scoutTasks":36,"incrementalScoutCompletions":32,"detachedScoutTasks":4,"detachedBatches":2,"reSearches":1,"parallelBatches":12,"forcedMacroTransitions":0,"proofAdmissions":31,"coordinatorStates":81,"coordinatorClasses":150,"coordinatorPaths":63,"priorityMemoEntries":32,"priorityMemoDrops":0},{"rootResolvedMs":32.572400000000016,"elapsedMs":32.57860000000073,"shallowExpanded":32,"workerExpanded":14012,"totalExpanded":14044,"leafTasks":37,"scoutTasks":36,"incrementalScoutCompletions":33,"detachedScoutTasks":3,"detachedBatches":2,"reSearches":1,"parallelBatches":12,"forcedMacroTransitions":0,"proofAdmissions":31,"coordinatorStates":81,"coordinatorClasses":150,"coordinatorPaths":63,"priorityMemoEntries":32,"priorityMemoDrops":0}]}],"best":{"requestedWorkers":2,"workers":2,"splitDepth":3,"splitDepthMeaning":"unresolved_decision_depth_after_forced_macro_normalization","rootResolvedMsMedian":18.668699999999717,"elapsedMsMedian":18.672700000000077,"totalExpandedMedian":10815,"shallowExpandedMedian":12,"workerExpandedMedian":10803,"leafTasksMedian":20,"scoutTasksMedian":18,"detachedScoutTasksMedian":0,"reSearchesMedian":1,"parallelBatchesMedian":6,"actions":[0,0,0,0],"runs":[{"rootResolvedMs":18.82410000000027,"elapsedMs":18.82840000000033,"shallowExpanded":12,"workerExpanded":10783,"totalExpanded":10795,"leafTasks":20,"scoutTasks":18,"incrementalScoutCompletions":18,"detachedScoutTasks":0,"detachedBatches":0,"reSearches":1,"parallelBatches":6,"forcedMacroTransitions":0,"proofAdmissions":12,"coordinatorStates":40,"coordinatorClasses":68,"coordinatorPaths":31,"priorityMemoEntries":19,"priorityMemoDrops":0},{"rootResolvedMs":18.57029999999986,"elapsedMs":18.575800000000072,"shallowExpanded":12,"workerExpanded":10841,"totalExpanded":10853,"leafTasks":20,"scoutTasks":18,"incrementalScoutCompletions":18,"detachedScoutTasks":0,"detachedBatches":0,"reSearches":1,"parallelBatches":6,"forcedMacroTransitions":0,"proofAdmissions":12,"coordinatorStates":40,"coordinatorClasses":68,"coordinatorPaths":31,"priorityMemoEntries":19,"priorityMemoDrops":0},{"rootResolvedMs":18.668699999999717,"elapsedMs":18.672700000000077,"shallowExpanded":12,"workerExpanded":10803,"totalExpanded":10815,"leafTasks":20,"scoutTasks":18,"incrementalScoutCompletions":18,"detachedScoutTasks":0,"detachedBatches":0,"reSearches":1,"parallelBatches":6,"forcedMacroTransitions":0,"proofAdmissions":12,"coordinatorStates":40,"coordinatorClasses":68,"coordinatorPaths":31,"priorityMemoEntries":19,"priorityMemoDrops":0},{"rootResolvedMs":18.713500000000295,"elapsedMs":18.71770000000015,"shallowExpanded":12,"workerExpanded":10880,"totalExpanded":10892,"leafTasks":20,"scoutTasks":18,"incrementalScoutCompletions":18,"detachedScoutTasks":0,"detachedBatches":0,"reSearches":1,"parallelBatches":6,"forcedMacroTransitions":0,"proofAdmissions":12,"coordinatorStates":40,"coordinatorClasses":68,"coordinatorPaths":31,"priorityMemoEntries":19,"priorityMemoDrops":0},{"rootResolvedMs":18.50330000000031,"elapsedMs":18.50739999999996,"shallowExpanded":12,"workerExpanded":10798,"totalExpanded":10810,"leafTasks":20,"scoutTasks":18,"incrementalScoutCompletions":18,"detachedScoutTasks":0,"detachedBatches":0,"reSearches":1,"parallelBatches":6,"forcedMacroTransitions":0,"proofAdmissions":12,"coordinatorStates":40,"coordinatorClasses":68,"coordinatorPaths":31,"priorityMemoEntries":19,"priorityMemoDrops":0}]}}
        "calls": 23527,
        "forcedMacroTransitions": 4297,
        "proofAdmissions": 12716
      },
      {
        "elapsedMs": 45.766800000000046,
        "expanded": 10756,
        "calls": 23527,
        "forcedMacroTransitions": 4297,
        "proofAdmissions": 12716
      },
      {
        "elapsedMs": 46.742200000000025,
        "expanded": 10756,
        "calls": 23527,
        "forcedMacroTransitions": 4297,
        "proofAdmissions": 12716
      },
      {
        "elapsedMs": 45.0523,
        "expanded": 10756,
        "calls": 23527,
        "forcedMacroTransitions": 4297,
        "proofAdmissions": 12716
      }
    ]
  },
  "results": [
    {
      "requestedWorkers": 1,
      "workers": 1,
      "splitDepth": 2,
      "splitDepthMeaning": "unresolved_decision_depth_after_forced_macro_normalization",
      "rootResolvedMsMedian": 34.94659999999999,
      "elapsedMsMedian": 34.95710000000008,
      "totalExpandedMedian": 10756,
      "shallowExpandedMedian": 5,
      "workerExpandedMedian": 10751,
      "leafTasksMedian": 7,
      "scoutTasksMedian": 6,
      "detachedScoutTasksMedian": 0,
      "reSearchesMedian": 0,
      "parallelBatchesMedian": 2,
      "actions": [
        0,
        0,
        0,
        0
      ],
      "runs": [
        {
          "rootResolvedMs": 42.697400000000016,
          "elapsedMs": 42.70270000000005,
          "shallowExpanded": 5,
          "workerExpanded": 10751,
          "totalExpanded": 10756,
          "leafTasks": 7,
          "scoutTasks": 6,
          "incrementalScoutCompletions": 6,
          "detachedScoutTasks": 0,
          "detachedBatches": 0,
          "reSearches": 0,
          "parallelBatches": 2,
          "forcedMacroTransitions": 0,
          "proofAdmissions": 5,
          "coordinatorStates": 12,
          "coordinatorClasses": 24,
          "coordinatorPaths": 12,
          "priorityMemoEntries": 7,
          "priorityMemoDrops": 0
        },
        {
          "rootResolvedMs": 34.94659999999999,
          "elapsedMs": 34.95710000000008,
          "shallowExpanded": 5,
          "workerExpanded": 10751,
          "totalExpanded": 10756,
          "leafTasks": 7,
          "scoutTasks": 6,
          "incrementalScoutCompletions": 6,
          "detachedScoutTasks": 0,
          "detachedBatches": 0,
          "reSearches": 0,
          "parallelBatches": 2,
          "forcedMacroTransitions": 0,
          "proofAdmissions": 5,
          "coordinatorStates": 12,
          "coordinatorClasses": 24,
          "coordinatorPaths": 12,
          "priorityMemoEntries": 7,
          "priorityMemoDrops": 0
        },
        {
          "rootResolvedMs": 39.175700000000006,
          "elapsedMs": 39.18169999999998,
          "shallowExpanded": 5,
          "workerExpanded": 10751,
          "totalExpanded": 10756,
          "leafTasks": 7,
          "scoutTasks": 6,
          "incrementalScoutCompletions": 6,
          "detachedScoutTasks": 0,
          "detachedBatches": 0,
          "reSearches": 0,
          "parallelBatches": 2,
          "forcedMacroTransitions": 0,
          "proofAdmissions": 5,
          "coordinatorStates": 12,
          "coordinatorClasses": 24,
          "coordinatorPaths": 12,
          "priorityMemoEntries": 7,
          "priorityMemoDrops": 0
        },
        {
          "rootResolvedMs": 33.65219999999999,
          "elapsedMs": 33.65809999999999,
          "shallowExpanded": 5,
          "workerExpanded": 10751,
          "totalExpanded": 10756,
          "leafTasks": 7,
          "scoutTasks": 6,
          "incrementalScoutCompletions": 6,
          "detachedScoutTasks": 0,
          "detachedBatches": 0,
          "reSearches": 0,
          "parallelBatches": 2,
          "forcedMacroTransitions": 0,
          "proofAdmissions": 5,
          "coordinatorStates": 12,
          "coordinatorClasses": 24,
          "coordinatorPaths": 12,
          "priorityMemoEntries": 7,
          "priorityMemoDrops": 0
        },
        {
          "rootResolvedMs": 28.34609999999998,
          "elapsedMs": 28.352300000000014,
          "shallowExpanded": 5,
          "workerExpanded": 10751,
          "totalExpanded": 10756,
          "leafTasks": 7,
          "scoutTasks": 6,
          "incrementalScoutCompletions": 6,
          "detachedScoutTasks": 0,
          "detachedBatches": 0,
          "reSearches": 0,
          "parallelBatches": 2,
          "forcedMacroTransitions": 0,
          "proofAdmissions": 5,
          "coordinatorStates": 12,
          "coordinatorClasses": 24,
          "coordinatorPaths": 12,
          "priorityMemoEntries": 7,
          "priorityMemoDrops": 0
        }
      ]
    },
    {
      "requestedWorkers": 1,
      "workers": 1,
      "splitDepth": 3,
      "splitDepthMeaning": "unresolved_decision_depth_after_forced_macro_normalization",
      "rootResolvedMsMedian": 31.30930000000012,
      "elapsedMsMedian": 31.318899999999985,
      "totalExpandedMedian": 10789,
      "shallowExpandedMedian": 12,
      "workerExpandedMedian": 10777,
      "leafTasksMedian": 20,
      "scoutTasksMedian": 18,
      "detachedScoutTasksMedian": 0,
      "reSearchesMedian": 1,
      "parallelBatchesMedian": 6,
      "actions": [
        0,
        0,
        0,
        0
      ],
      "runs": [
        {
          "rootResolvedMs": 38.53150000000005,
          "elapsedMs": 38.54150000000004,
          "shallowExpanded": 12,
          "workerExpanded": 10777,
          "totalExpanded": 10789,
          "leafTasks": 20,
          "scoutTasks": 18,
          "incrementalScoutCompletions": 18,
          "detachedScoutTasks": 0,
          "detachedBatches": 0,
          "reSearches": 1,
          "parallelBatches": 6,
          "forcedMacroTransitions": 0,
          "proofAdmissions": 12,
          "coordinatorStates": 40,
          "coordinatorClasses": 68,
          "coordinatorPaths": 31,
          "priorityMemoEntries": 19,
          "priorityMemoDrops": 0
        },
        {
          "rootResolvedMs": 36.00450000000001,
          "elapsedMs": 36.01070000000004,
          "shallowExpanded": 12,
          "workerExpanded": 10777,
          "totalExpanded": 10789,
          "leafTasks": 20,
          "scoutTasks": 18,
          "incrementalScoutCompletions": 18,
          "detachedScoutTasks": 0,
          "detachedBatches": 0,
          "reSearches": 1,
          "parallelBatches": 6,
          "forcedMacroTransitions": 0,
          "proofAdmissions": 12,
          "coordinatorStates": 40,
          "coordinatorClasses": 68,
          "coordinatorPaths": 31,
          "priorityMemoEntries": 19,
          "priorityMemoDrops": 0
        },
        {
          "rootResolvedMs": 31.30930000000012,
          "elapsedMs": 31.318899999999985,
          "shallowExpanded": 12,
          "workerExpanded": 10777,
          "totalExpanded": 10789,
          "leafTasks": 20,
          "scoutTasks": 18,
          "incrementalScoutCompletions": 18,
          "detachedScoutTasks": 0,
          "detachedBatches": 0,
          "reSearches": 1,
          "parallelBatches": 6,
          "forcedMacroTransitions": 0,
          "proofAdmissions": 12,
          "coordinatorStates": 40,
          "coordinatorClasses": 68,
          "coordinatorPaths": 31,
          "priorityMemoEntries": 19,
          "priorityMemoDrops": 0
        },
        {
          "rootResolvedMs": 29.16220000000021,
          "elapsedMs": 29.172200000000203,
          "shallowExpanded": 12,
          "workerExpanded": 10777,
          "totalExpanded": 10789,
          "leafTasks": 20,
          "scoutTasks": 18,
          "incrementalScoutCompletions": 18,
          "detachedScoutTasks": 0,
          "detachedBatches": 0,
          "reSearches": 1,
          "parallelBatches": 6,
          "forcedMacroTransitions": 0,
          "proofAdmissions": 12,
          "coordinatorStates": 40,
          "coordinatorClasses": 68,
          "coordinatorPaths": 31,
          "priorityMemoEntries": 19,
          "priorityMemoDrops": 0
        },
        {
          "rootResolvedMs": 29.759100000000217,
          "elapsedMs": 29.765600000000177,
          "shallowExpanded": 12,
          "workerExpanded": 10777,
          "totalExpanded": 10789,
          "leafTasks": 20,
          "scoutTasks": 18,
          "incrementalScoutCompletions": 18,
          "detachedScoutTasks": 0,
          "detachedBatches": 0,
          "reSearches": 1,
          "parallelBatches": 6,
          "forcedMacroTransitions": 0,
          "proofAdmissions": 12,
          "coordinatorStates": 40,
          "coordinatorClasses": 68,
          "coordinatorPaths": 31,
          "priorityMemoEntries": 19,
          "priorityMemoDrops": 0
        }
      ]
    },
    {
      "requestedWorkers": 1,
      "workers": 1,
      "splitDepth": 4,
      "splitDepthMeaning": "unresolved_decision_depth_after_forced_macro_normalization",
      "rootResolvedMsMedian": 39.67730000000006,
      "elapsedMsMedian": 39.68230000000017,
      "totalExpandedMedian": 14028,
      "shallowExpandedMedian": 32,
      "workerExpandedMedian": 13996,
      "leafTasksMedian": 37,
      "scoutTasksMedian": 36,
      "detachedScoutTasksMedian": 4,
      "reSearchesMedian": 1,
      "parallelBatchesMedian": 12,
      "actions": [
        0,
        0,
        0,
        0
      ],
      "runs": [
        {
          "rootResolvedMs": 40.03899999999999,
          "elapsedMs": 40.04430000000002,
          "shallowExpanded": 32,
          "workerExpanded": 13996,
          "totalExpanded": 14028,
          "leafTasks": 37,
          "scoutTasks": 36,
          "incrementalScoutCompletions": 32,
          "detachedScoutTasks": 4,
          "detachedBatches": 2,
          "reSearches": 1,
          "parallelBatches": 12,
          "forcedMacroTransitions": 0,
          "proofAdmissions": 31,
          "coordinatorStates": 81,
          "coordinatorClasses": 150,
          "coordinatorPaths": 63,
          "priorityMemoEntries": 32,
          "priorityMemoDrops": 0
        },
        {
          "rootResolvedMs": 39.93730000000005,
          "elapsedMs": 39.94250000000011,
          "shallowExpanded": 32,
          "workerExpanded": 13996,
          "totalExpanded": 14028,
          "leafTasks": 37,
          "scoutTasks": 36,
          "incrementalScoutCompletions": 32,
          "detachedScoutTasks": 4,
          "detachedBatches": 2,
          "reSearches": 1,
          "parallelBatches": 12,
          "forcedMacroTransitions": 0,
          "proofAdmissions": 31,
          "coordinatorStates": 81,
          "coordinatorClasses": 150,
          "coordinatorPaths": 63,
          "priorityMemoEntries": 32,
          "priorityMemoDrops": 0
        },
        {
          "rootResolvedMs": 39.67730000000006,
          "elapsedMs": 39.68230000000017,
          "shallowExpanded": 32,
          "workerExpanded": 13996,
          "totalExpanded": 14028,
          "leafTasks": 37,
          "scoutTasks": 36,
          "incrementalScoutCompletions": 32,
          "detachedScoutTasks": 4,
          "detachedBatches": 2,
          "reSearches": 1,
          "parallelBatches": 12,
          "forcedMacroTransitions": 0,
          "proofAdmissions": 31,
          "coordinatorStates": 81,
          "coordinatorClasses": 150,
          "coordinatorPaths": 63,
          "priorityMemoEntries": 32,
          "priorityMemoDrops": 0
        },
        {
          "rootResolvedMs": 38.327999999999975,
          "elapsedMs": 38.33339999999998,
          "shallowExpanded": 32,
          "workerExpanded": 13996,
          "totalExpanded": 14028,
          "leafTasks": 37,
          "scoutTasks": 36,
          "incrementalScoutCompletions": 32,
          "detachedScoutTasks": 4,
          "detachedBatches": 2,
          "reSearches": 1,
          "parallelBatches": 12,
          "forcedMacroTransitions": 0,
          "proofAdmissions": 31,
          "coordinatorStates": 81,
          "coordinatorClasses": 150,
          "coordinatorPaths": 63,
          "priorityMemoEntries": 32,
          "priorityMemoDrops": 0
        },
        {
          "rootResolvedMs": 38.58639999999991,
          "elapsedMs": 38.59210000000007,
          "shallowExpanded": 32,
          "workerExpanded": 13996,
          "totalExpanded": 14028,
          "leafTasks": 37,
          "scoutTasks": 36,
          "incrementalScoutCompletions": 32,
          "detachedScoutTasks": 4,
          "detachedBatches": 2,
          "reSearches": 1,
          "parallelBatches": 12,
          "forcedMacroTransitions": 0,
          "proofAdmissions": 31,
          "coordinatorStates": 81,
          "coordinatorClasses": 150,
          "coordinatorPaths": 63,
          "priorityMemoEntries": 32,
          "priorityMemoDrops": 0
        }
      ]
    },
    {
      "requestedWorkers": 2,
      "workers": 2,
      "splitDepth": 2,
      "splitDepthMeaning": "unresolved_decision_depth_after_forced_macro_normalization",
      "rootResolvedMsMedian": 29.10649999999987,
      "elapsedMsMedian": 29.111499999999978,
      "totalExpandedMedian": 10772,
      "shallowExpandedMedian": 5,
      "workerExpandedMedian": 10767,
      "leafTasksMedian": 7,
      "scoutTasksMedian": 6,
      "detachedScoutTasksMedian": 0,
      "reSearchesMedian": 0,
      "parallelBatchesMedian": 2,
      "actions": [
        0,
        0,
        0,
        0
      ],
      "runs": [
        {
          "rootResolvedMs": 51.18329999999992,
          "elapsedMs": 51.1889000000001,
          "shallowExpanded": 5,
          "workerExpanded": 10767,
          "totalExpanded": 10772,
          "leafTasks": 7,
          "scoutTasks": 6,
          "incrementalScoutCompletions": 6,
          "detachedScoutTasks": 0,
          "detachedBatches": 0,
          "reSearches": 0,
          "parallelBatches": 2,
          "forcedMacroTransitions": 0,
          "proofAdmissions": 5,
          "coordinatorStates": 12,
          "coordinatorClasses": 24,
          "coordinatorPaths": 12,
          "priorityMemoEntries": 7,
          "priorityMemoDrops": 0
        },
        {
          "rootResolvedMs": 29.10649999999987,
          "elapsedMs": 29.111499999999978,
          "shallowExpanded": 5,
          "workerExpanded": 10752,
          "totalExpanded": 10757,
          "leafTasks": 7,
          "scoutTasks": 6,
          "incrementalScoutCompletions": 6,
          "detachedScoutTasks": 0,
          "detachedBatches": 0,
          "reSearches": 0,
          "parallelBatches": 2,
          "forcedMacroTransitions": 0,
          "proofAdmissions": 5,
          "coordinatorStates": 12,
          "coordinatorClasses": 24,
          "coordinatorPaths": 12,
          "priorityMemoEntries": 7,
          "priorityMemoDrops": 0
        },
        {
          "rootResolvedMs": 23.088799999999992,
          "elapsedMs": 23.096199999999953,
          "shallowExpanded": 5,
          "workerExpanded": 10775,
          "totalExpanded": 10780,
          "leafTasks": 7,
          "scoutTasks": 6,
          "incrementalScoutCompletions": 6,
          "detachedScoutTasks": 0,
          "detachedBatches": 0,
          "reSearches": 0,
          "parallelBatches": 2,
          "forcedMacroTransitions": 0,
          "proofAdmissions": 5,
          "coordinatorStates": 12,
          "coordinatorClasses": 24,
          "coordinatorPaths": 12,
          "priorityMemoEntries": 7,
          "priorityMemoDrops": 0
        },
        {
          "rootResolvedMs": 27.392399999999952,
          "elapsedMs": 27.399200000000064,
          "shallowExpanded": 5,
          "workerExpanded": 10767,
          "totalExpanded": 10772,
          "leafTasks": 7,
          "scoutTasks": 6,
          "incrementalScoutCompletions": 6,
          "detachedScoutTasks": 0,
          "detachedBatches": 0,
          "reSearches": 0,
          "parallelBatches": 2,
          "forcedMacroTransitions": 0,
          "proofAdmissions": 5,
          "coordinatorStates": 12,
          "coordinatorClasses": 24,
          "coordinatorPaths": 12,
          "priorityMemoEntries": 7,
          "priorityMemoDrops": 0
        },
        {
          "rootResolvedMs": 33.11370000000011,
          "elapsedMs": 33.11830000000009,
          "shallowExpanded": 5,
          "workerExpanded": 10826,
          "totalExpanded": 10831,
          "leafTasks": 7,
          "scoutTasks": 6,
          "incrementalScoutCompletions": 6,
          "detachedScoutTasks": 0,
          "detachedBatches": 0,
          "reSearches": 0,
          "parallelBatches": 2,
          "forcedMacroTransitions": 0,
          "proofAdmissions": 5,
          "coordinatorStates": 12,
          "coordinatorClasses": 24,
          "coordinatorPaths": 12,
          "priorityMemoEntries": 7,
          "priorityMemoDrops": 0
        }
      ]
    },
    {
      "requestedWorkers": 2,
      "workers": 2,
      "splitDepth": 3,
      "splitDepthMeaning": "unresolved_decision_depth_after_forced_macro_normalization",
      "rootResolvedMsMedian": 18.668699999999717,
      "elapsedMsMedian": 18.672700000000077,
      "totalExpandedMedian": 10815,
      "shallowExpandedMedian": 12,
      "workerExpandedMedian": 10803,
      "leafTasksMedian": 20,
      "scoutTasksMedian": 18,
      "detachedScoutTasksMedian": 0,
      "reSearchesMedian": 1,
      "parallelBatchesMedian": 6,
      "actions": [
        0,
        0,
        0,
        0
      ],
      "runs": [
        {
          "rootResolvedMs": 18.82410000000027,
          "elapsedMs": 18.82840000000033,
          "shallowExpanded": 12,
          "workerExpanded": 10783,
          "totalExpanded": 10795,
          "leafTasks": 20,
          "scoutTasks": 18,
          "incrementalScoutCompletions": 18,
          "detachedScoutTasks": 0,
          "detachedBatches": 0,
          "reSearches": 1,
          "parallelBatches": 6,
          "forcedMacroTransitions": 0,
          "proofAdmissions": 12,
          "coordinatorStates": 40,
          "coordinatorClasses": 68,
          "coordinatorPaths": 31,
          "priorityMemoEntries": 19,
          "priorityMemoDrops": 0
        },
        {
          "rootResolvedMs": 18.57029999999986,
          "elapsedMs": 18.575800000000072,
          "shallowExpanded": 12,
          "workerExpanded": 10841,
          "totalExpanded": 10853,
          "leafTasks": 20,
          "scoutTasks": 18,
          "incrementalScoutCompletions": 18,
          "detachedScoutTasks": 0,
          "detachedBatches": 0,
          "reSearches": 1,
          "parallelBatches": 6,
          "forcedMacroTransitions": 0,
          "proofAdmissions": 12,
          "coordinatorStates": 40,
          "coordinatorClasses": 68,
          "coordinatorPaths": 31,
          "priorityMemoEntries": 19,
          "priorityMemoDrops": 0
        },
        {
          "rootResolvedMs": 18.668699999999717,
          "elapsedMs": 18.672700000000077,
          "shallowExpanded": 12,
          "workerExpanded": 10803,
          "totalExpanded": 10815,
          "leafTasks": 20,
          "scoutTasks": 18,
          "incrementalScoutCompletions": 18,
          "detachedScoutTasks": 0,
          "detachedBatches": 0,
          "reSearches": 1,
          "parallelBatches": 6,
          "forcedMacroTransitions": 0,
          "proofAdmissions": 12,
          "coordinatorStates": 40,
          "coordinatorClasses": 68,
          "coordinatorPaths": 31,
          "priorityMemoEntries": 19,
          "priorityMemoDrops": 0
        },
        {
          "rootResolvedMs": 18.713500000000295,
          "elapsedMs": 18.71770000000015,
          "shallowExpanded": 12,
          "workerExpanded": 10880,
          "totalExpanded": 10892,
          "leafTasks": 20,
          "scoutTasks": 18,
          "incrementalScoutCompletions": 18,
          "detachedScoutTasks": 0,
          "detachedBatches": 0,
          "reSearches": 1,
          "parallelBatches": 6,
          "forcedMacroTransitions": 0,
          "proofAdmissions": 12,
          "coordinatorStates": 40,
          "coordinatorClasses": 68,
          "coordinatorPaths": 31,
          "priorityMemoEntries": 19,
          "priorityMemoDrops": 0
        },
        {
          "rootResolvedMs": 18.50330000000031,
          "elapsedMs": 18.50739999999996,
          "shallowExpanded": 12,
          "workerExpanded": 10798,
          "totalExpanded": 10810,
          "leafTasks": 20,
          "scoutTasks": 18,
          "incrementalScoutCompletions": 18,
          "detachedScoutTasks": 0,
          "detachedBatches": 0,
          "reSearches": 1,
          "parallelBatches": 6,
          "forcedMacroTransitions": 0,
          "proofAdmissions": 12,
          "coordinatorStates": 40,
          "coordinatorClasses": 68,
          "coordinatorPaths": 31,
          "priorityMemoEntries": 19,
          "priorityMemoDrops": 0
        }
      ]
    },
    {
      "requestedWorkers": 2,
      "workers": 2,
      "splitDepth": 4,
      "splitDepthMeaning": "unresolved_decision_depth_after_forced_macro_normalization",
      "rootResolvedMsMedian": 23.020500000000084,
      "elapsedMsMedian": 23.02520000000004,
      "totalExpandedMedian": 14048,
      "shallowExpandedMedian": 32,
      "workerExpandedMedian": 14016,
      "leafTasksMedian": 37,
      "scoutTasksMedian": 36,
      "detachedScoutTasksMedian": 4,
      "reSearchesMedian": 1,
      "parallelBatchesMedian": 12,
      "actions": [
        0,
        0,
        0,
        0
      ],
      "runs": [
        {
          "rootResolvedMs": 22.166000000000167,
          "elapsedMs": 22.169400000000223,
          "shallowExpanded": 32,
          "workerExpanded": 14071,
          "totalExpanded": 14103,
          "leafTasks": 37,
          "scoutTasks": 36,
          "incrementalScoutCompletions": 33,
          "detachedScoutTasks": 3,
          "detachedBatches": 2,
          "reSearches": 1,
          "parallelBatches": 12,
          "forcedMacroTransitions": 0,
          "proofAdmissions": 31,
          "coordinatorStates": 81,
          "coordinatorClasses": 150,
          "coordinatorPaths": 63,
          "priorityMemoEntries": 32,
          "priorityMemoDrops": 0
        },
        {
          "rootResolvedMs": 23.020500000000084,
          "elapsedMs": 23.02520000000004,
          "shallowExpanded": 32,
          "workerExpanded": 14016,
          "totalExpanded": 14048,
          "leafTasks": 37,
          "scoutTasks": 36,
          "incrementalScoutCompletions": 32,
          "detachedScoutTasks": 4,
          "detachedBatches": 2,
          "reSearches": 1,
          "parallelBatches": 12,
          "forcedMacroTransitions": 0,
          "proofAdmissions": 31,
          "coordinatorStates": 81,
          "coordinatorClasses": 150,
          "coordinatorPaths": 63,
          "priorityMemoEntries": 32,
          "priorityMemoDrops": 0
        },
        {
          "rootResolvedMs": 23.446399999999812,
          "elapsedMs": 23.45089999999982,
          "shallowExpanded": 32,
          "workerExpanded": 14003,
          "totalExpanded": 14035,
          "leafTasks": 37,
          "scoutTasks": 36,
          "incrementalScoutCompletions": 32,
          "detachedScoutTasks": 4,
          "detachedBatches": 2,
          "reSearches": 1,
          "parallelBatches": 12,
          "forcedMacroTransitions": 0,
          "proofAdmissions": 31,
          "coordinatorStates": 81,
          "coordinatorClasses": 150,
          "coordinatorPaths": 63,
          "priorityMemoEntries": 32,
          "priorityMemoDrops": 0
        },
        {
          "rootResolvedMs": 21.991700000000037,
          "elapsedMs": 21.996299999999792,
          "shallowExpanded": 32,
          "workerExpanded": 14005,
          "totalExpanded": 14037,
          "leafTasks": 37,
          "scoutTasks": 36,
          "incrementalScoutCompletions": 33,
          "detachedScoutTasks": 3,
          "detachedBatches": 2,
          "reSearches": 1,
          "parallelBatches": 12,
          "forcedMacroTransitions": 0,
          "proofAdmissions": 31,
          "coordinatorStates": 81,
          "coordinatorClasses": 150,
          "coordinatorPaths": 63,
          "priorityMemoEntries": 32,
          "priorityMemoDrops": 0
        },
        {
          "rootResolvedMs": 23.895500000000084,
          "elapsedMs": 23.899900000000343,
          "shallowExpanded": 32,
          "workerExpanded": 14018,
          "totalExpanded": 14050,
          "leafTasks": 37,
          "scoutTasks": 36,
          "incrementalScoutCompletions": 32,
          "detachedScoutTasks": 4,
          "detachedBatches": 2,
          "reSearches": 1,
          "parallelBatches": 12,
          "forcedMacroTransitions": 0,
          "proofAdmissions": 31,
          "coordinatorStates": 81,
          "coordinatorClasses": 150,
          "coordinatorPaths": 63,
          "priorityMemoEntries": 32,
          "priorityMemoDrops": 0
        }
      ]
    },
    {
      "requestedWorkers": 3,
      "workers": 3,
      "splitDepth": 2,
      "splitDepthMeaning": "unresolved_decision_depth_after_forced_macro_normalization",
      "rootResolvedMsMedian": 24.360000000000127,
      "elapsedMsMedian": 24.364399999999932,
      "totalExpandedMedian": 10788,
      "shallowExpandedMedian": 5,
      "workerExpandedMedian": 10783,
      "leafTasksMedian": 7,
      "scoutTasksMedian": 6,
      "detachedScoutTasksMedian": 0,
      "reSearchesMedian": 0,
      "parallelBatchesMedian": 2,
      "actions": [
        0,
        0,
        0,
        0
      ],
      "runs": [
        {
          "rootResolvedMs": 31.16930000000002,
          "elapsedMs": 31.17360000000008,
          "shallowExpanded": 5,
          "workerExpanded": 10785,
          "totalExpanded": 10790,
          "leafTasks": 7,
          "scoutTasks": 6,
          "incrementalScoutCompletions": 6,
          "detachedScoutTasks": 0,
          "detachedBatches": 0,
          "reSearches": 0,
          "parallelBatches": 2,
          "forcedMacroTransitions": 0,
          "proofAdmissions": 5,
          "coordinatorStates": 12,
          "coordinatorClasses": 24,
          "coordinatorPaths": 12,
          "priorityMemoEntries": 7,
          "priorityMemoDrops": 0
        },
        {
          "rootResolvedMs": 24.360000000000127,
          "elapsedMs": 24.364399999999932,
          "shallowExpanded": 5,
          "workerExpanded": 10760,
          "totalExpanded": 10765,
          "leafTasks": 7,
          "scoutTasks": 6,
          "incrementalScoutCompletions": 6,
          "detachedScoutTasks": 0,
          "detachedBatches": 0,
          "reSearches": 0,
          "parallelBatches": 2,
          "forcedMacroTransitions": 0,
          "proofAdmissions": 5,
          "coordinatorStates": 12,
          "coordinatorClasses": 24,
          "coordinatorPaths": 12,
          "priorityMemoEntries": 7,
          "priorityMemoDrops": 0
        },
        {
          "rootResolvedMs": 23.183599999999842,
          "elapsedMs": 23.190700000000106,
          "shallowExpanded": 5,
          "workerExpanded": 10795,
          "totalExpanded": 10800,
          "leafTasks": 7,
          "scoutTasks": 6,
          "incrementalScoutCompletions": 6,
          "detachedScoutTasks": 0,
          "detachedBatches": 0,
          "reSearches": 0,
          "parallelBatches": 2,
          "forcedMacroTransitions": 0,
          "proofAdmissions": 5,
          "coordinatorStates": 12,
          "coordinatorClasses": 24,
          "coordinatorPaths": 12,
          "priorityMemoEntries": 7,
          "priorityMemoDrops": 0
        },
        {
          "rootResolvedMs": 32.97280000000001,
          "elapsedMs": 32.977300000000014,
          "shallowExpanded": 5,
          "workerExpanded": 10765,
          "totalExpanded": 10770,
          "leafTasks": 7,
          "scoutTasks": 6,
          "incrementalScoutCompletions": 6,
          "detachedScoutTasks": 0,
          "detachedBatches": 0,
          "reSearches": 0,
          "parallelBatches": 2,
          "forcedMacroTransitions": 0,
          "proofAdmissions": 5,
          "coordinatorStates": 12,
          "coordinatorClasses": 24,
          "coordinatorPaths": 12,
          "priorityMemoEntries": 7,
          "priorityMemoDrops": 0
        },
        {
          "rootResolvedMs": 19.771499999999833,
          "elapsedMs": 19.77559999999994,
          "shallowExpanded": 5,
          "workerExpanded": 10783,
          "totalExpanded": 10788,
          "leafTasks": 7,
          "scoutTasks": 6,
          "incrementalScoutCompletions": 6,
          "detachedScoutTasks": 0,
          "detachedBatches": 0,
          "reSearches": 0,
          "parallelBatches": 2,
          "forcedMacroTransitions": 0,
          "proofAdmissions": 5,
          "coordinatorStates": 12,
          "coordinatorClasses": 24,
          "coordinatorPaths": 12,
          "priorityMemoEntries": 7,
          "priorityMemoDrops": 0
        }
      ]
    },
    {
      "requestedWorkers": 3,
      "workers": 3,
      "splitDepth": 3,
      "splitDepthMeaning": "unresolved_decision_depth_after_forced_macro_normalization",
      "rootResolvedMsMedian": 32.039999999999964,
      "elapsedMsMedian": 32.046100000000024,
      "totalExpandedMedian": 10904,
      "shallowExpandedMedian": 12,
      "workerExpandedMedian": 10892,
      "leafTasksMedian": 20,
      "scoutTasksMedian": 18,
      "detachedScoutTasksMedian": 0,
      "reSearchesMedian": 1,
      "parallelBatchesMedian": 6,
      "actions": [
        0,
        0,
        0,
        0
      ],
      "runs": [
        {
          "rootResolvedMs": 20.634300000000167,
          "elapsedMs": 20.638300000000072,
          "shallowExpanded": 12,
          "workerExpanded": 10941,
          "totalExpanded": 10953,
          "leafTasks": 20,
          "scoutTasks": 18,
          "incrementalScoutCompletions": 18,
          "detachedScoutTasks": 0,
          "detachedBatches": 0,
          "reSearches": 1,
          "parallelBatches": 6,
          "forcedMacroTransitions": 0,
          "proofAdmissions": 12,
          "coordinatorStates": 40,
          "coordinatorClasses": 68,
          "coordinatorPaths": 31,
          "priorityMemoEntries": 19,
          "priorityMemoDrops": 0
        },
        {
          "rootResolvedMs": 16.83869999999979,
          "elapsedMs": 16.8440999999998,
          "shallowExpanded": 12,
          "workerExpanded": 10902,
          "totalExpanded": 10914,
          "leafTasks": 20,
          "scoutTasks": 18,
          "incrementalScoutCompletions": 18,
          "detachedScoutTasks": 0,
          "detachedBatches": 0,
          "reSearches": 1,
          "parallelBatches": 6,
          "forcedMacroTransitions": 0,
          "proofAdmissions": 12,
          "coordinatorStates": 40,
          "coordinatorClasses": 68,
          "coordinatorPaths": 31,
          "priorityMemoEntries": 19,
          "priorityMemoDrops": 0
        },
        {
          "rootResolvedMs": 39.854399999999714,
          "elapsedMs": 39.861799999999675,
          "shallowExpanded": 12,
          "workerExpanded": 10892,
          "totalExpanded": 10904,
          "leafTasks": 20,
          "scoutTasks": 18,
          "incrementalScoutCompletions": 18,
          "detachedScoutTasks": 0,
          "detachedBatches": 0,
          "reSearches": 1,
          "parallelBatches": 6,
          "forcedMacroTransitions": 0,
          "proofAdmissions": 12,
          "coordinatorStates": 40,
          "coordinatorClasses": 68,
          "coordinatorPaths": 31,
          "priorityMemoEntries": 19,
          "priorityMemoDrops": 0
        },
        {
          "rootResolvedMs": 35.454299999999876,
          "elapsedMs": 35.462499999999636,
          "shallowExpanded": 12,
          "workerExpanded": 10850,
          "totalExpanded": 10862,
          "leafTasks": 20,
          "scoutTasks": 18,
          "incrementalScoutCompletions": 18,
          "detachedScoutTasks": 0,
          "detachedBatches": 0,
          "reSearches": 1,
          "parallelBatches": 6,
          "forcedMacroTransitions": 0,
          "proofAdmissions": 12,
          "coordinatorStates": 40,
          "coordinatorClasses": 68,
          "coordinatorPaths": 31,
          "priorityMemoEntries": 19,
          "priorityMemoDrops": 0
        },
        {
          "rootResolvedMs": 32.039999999999964,
          "elapsedMs": 32.046100000000024,
          "shallowExpanded": 12,
          "workerExpanded": 10822,
          "totalExpanded": 10834,
          "leafTasks": 20,
          "scoutTasks": 18,
          "incrementalScoutCompletions": 18,
          "detachedScoutTasks": 0,
          "detachedBatches": 0,
          "reSearches": 1,
          "parallelBatches": 6,
          "forcedMacroTransitions": 0,
          "proofAdmissions": 12,
          "coordinatorStates": 40,
          "coordinatorClasses": 68,
          "coordinatorPaths": 31,
          "priorityMemoEntries": 19,
          "priorityMemoDrops": 0
        }
      ]
    },
    {
      "requestedWorkers": 3,
      "workers": 3,
      "splitDepth": 4,
      "splitDepthMeaning": "unresolved_decision_depth_after_forced_macro_normalization",
      "rootResolvedMsMedian": 50.9680000000003,
      "elapsedMsMedian": 50.975000000000364,
      "totalExpandedMedian": 14094,
      "shallowExpandedMedian": 32,
      "workerExpandedMedian": 14062,
      "leafTasksMedian": 37,
      "scoutTasksMedian": 36,
      "detachedScoutTasksMedian": 4,
      "reSearchesMedian": 1,
      "parallelBatchesMedian": 12,
      "actions": [
        0,
        0,
        0,
        0
      ],
      "runs": [
        {
          "rootResolvedMs": 57.59909999999991,
          "elapsedMs": 57.60619999999972,
          "shallowExpanded": 32,
          "workerExpanded": 14089,
          "totalExpanded": 14121,
          "leafTasks": 37,
          "scoutTasks": 36,
          "incrementalScoutCompletions": 32,
          "detachedScoutTasks": 4,
          "detachedBatches": 2,
          "reSearches": 1,
          "parallelBatches": 12,
          "forcedMacroTransitions": 0,
          "proofAdmissions": 31,
          "coordinatorStates": 81,
          "coordinatorClasses": 150,
          "coordinatorPaths": 63,
          "priorityMemoEntries": 32,
          "priorityMemoDrops": 0
        },
        {
          "rootResolvedMs": 39.9998999999998,
          "elapsedMs": 40.00720000000001,
          "shallowExpanded": 32,
          "workerExpanded": 14012,
          "totalExpanded": 14044,
          "leafTasks": 37,
          "scoutTasks": 36,
          "incrementalScoutCompletions": 33,
          "detachedScoutTasks": 3,
          "detachedBatches": 2,
          "reSearches": 1,
          "parallelBatches": 12,
          "forcedMacroTransitions": 0,
          "proofAdmissions": 31,
          "coordinatorStates": 81,
          "coordinatorClasses": 150,
          "coordinatorPaths": 63,
          "priorityMemoEntries": 32,
          "priorityMemoDrops": 0
        },
        {
          "rootResolvedMs": 55.73969999999963,
          "elapsedMs": 55.74689999999964,
          "shallowExpanded": 32,
          "workerExpanded": 14062,
          "totalExpanded": 14094,
          "leafTasks": 37,
          "scoutTasks": 36,
          "incrementalScoutCompletions": 33,
          "detachedScoutTasks": 3,
          "detachedBatches": 2,
          "reSearches": 1,
          "parallelBatches": 12,
          "forcedMacroTransitions": 0,
          "proofAdmissions": 31,
          "coordinatorStates": 81,
          "coordinatorClasses": 150,
          "coordinatorPaths": 63,
          "priorityMemoEntries": 32,
          "priorityMemoDrops": 0
        },
        {
          "rootResolvedMs": 50.9680000000003,
          "elapsedMs": 50.975000000000364,
          "shallowExpanded": 32,
          "workerExpanded": 14095,
          "totalExpanded": 14127,
          "leafTasks": 37,
          "scoutTasks": 36,
          "incrementalScoutCompletions": 32,
          "detachedScoutTasks": 4,
          "detachedBatches": 2,
          "reSearches": 1,
          "parallelBatches": 12,
          "forcedMacroTransitions": 0,
          "proofAdmissions": 31,
          "coordinatorStates": 81,
          "coordinatorClasses": 150,
          "coordinatorPaths": 63,
          "priorityMemoEntries": 32,
          "priorityMemoDrops": 0
        },
        {
          "rootResolvedMs": 45.88850000000002,
          "elapsedMs": 45.89519999999993,
          "shallowExpanded": 32,
          "workerExpanded": 14040,
          "totalExpanded": 14072,
          "leafTasks": 37,
          "scoutTasks": 36,
          "incrementalScoutCompletions": 32,
          "detachedScoutTasks": 4,
          "detachedBatches": 2,
          "reSearches": 1,
          "parallelBatches": 12,
          "forcedMacroTransitions": 0,
          "proofAdmissions": 31,
          "coordinatorStates": 81,
          "coordinatorClasses": 150,
          "coordinatorPaths": 63,
          "priorityMemoEntries": 32,
          "priorityMemoDrops": 0
        }
      ]
    },
    {
      "requestedWorkers": 4,
      "workers": 4,
      "splitDepth": 2,
      "splitDepthMeaning": "unresolved_decision_depth_after_forced_macro_normalization",
      "rootResolvedMsMedian": 97.98789999999917,
      "elapsedMsMedian": 97.99589999999989,
      "totalExpandedMedian": 10774,
      "shallowExpandedMedian": 5,
      "workerExpandedMedian": 10769,
      "leafTasksMedian": 7,
      "scoutTasksMedian": 6,
      "detachedScoutTasksMedian": 0,
      "reSearchesMedian": 0,
      "parallelBatchesMedian": 2,
      "actions": [
        0,
        0,
        0,
        0
      ],
      "runs": [
        {
          "rootResolvedMs": 135.71420000000035,
          "elapsedMs": 135.72150000000056,
          "shallowExpanded": 5,
          "workerExpanded": 10769,
          "totalExpanded": 10774,
          "leafTasks": 7,
          "scoutTasks": 6,
          "incrementalScoutCompletions": 6,
          "detachedScoutTasks": 0,
          "detachedBatches": 0,
          "reSearches": 0,
          "parallelBatches": 2,
          "forcedMacroTransitions": 0,
          "proofAdmissions": 5,
          "coordinatorStates": 12,
          "coordinatorClasses": 24,
          "coordinatorPaths": 12,
          "priorityMemoEntries": 7,
          "priorityMemoDrops": 0
        },
        {
          "rootResolvedMs": 163.52890000000025,
          "elapsedMs": 163.53639999999996,
          "shallowExpanded": 5,
          "workerExpanded": 10767,
          "totalExpanded": 10772,
          "leafTasks": 7,
          "scoutTasks": 6,
          "incrementalScoutCompletions": 6,
          "detachedScoutTasks": 0,
          "detachedBatches": 0,
          "reSearches": 0,
          "parallelBatches": 2,
          "forcedMacroTransitions": 0,
          "proofAdmissions": 5,
          "coordinatorStates": 12,
          "coordinatorClasses": 24,
          "coordinatorPaths": 12,
          "priorityMemoEntries": 7,
          "priorityMemoDrops": 0
        },
        {
          "rootResolvedMs": 97.98789999999917,
          "elapsedMs": 97.99589999999989,
          "shallowExpanded": 5,
          "workerExpanded": 10765,
          "totalExpanded": 10770,
          "leafTasks": 7,
          "scoutTasks": 6,
          "incrementalScoutCompletions": 6,
          "detachedScoutTasks": 0,
          "detachedBatches": 0,
          "reSearches": 0,
          "parallelBatches": 2,
          "forcedMacroTransitions": 0,
          "proofAdmissions": 5,
          "coordinatorStates": 12,
          "coordinatorClasses": 24,
          "coordinatorPaths": 12,
          "priorityMemoEntries": 7,
          "priorityMemoDrops": 0
        },
        {
          "rootResolvedMs": 93.46680000000015,
          "elapsedMs": 93.47379999999976,
          "shallowExpanded": 5,
          "workerExpanded": 10806,
          "totalExpanded": 10811,
          "leafTasks": 7,
          "scoutTasks": 6,
          "incrementalScoutCompletions": 6,
          "detachedScoutTasks": 0,
          "detachedBatches": 0,
          "reSearches": 0,
          "parallelBatches": 2,
          "forcedMacroTransitions": 0,
          "proofAdmissions": 5,
          "coordinatorStates": 12,
          "coordinatorClasses": 24,
          "coordinatorPaths": 12,
          "priorityMemoEntries": 7,
          "priorityMemoDrops": 0
        },
        {
          "rootResolvedMs": 52.423899999999776,
          "elapsedMs": 52.430199999999786,
          "shallowExpanded": 5,
          "workerExpanded": 10813,
          "totalExpanded": 10818,
          "leafTasks": 7,
          "scoutTasks": 6,
          "incrementalScoutCompletions": 6,
          "detachedScoutTasks": 0,
          "detachedBatches": 0,
          "reSearches": 0,
          "parallelBatches": 2,
          "forcedMacroTransitions": 0,
          "proofAdmissions": 5,
          "coordinatorStates": 12,
          "coordinatorClasses": 24,
          "coordinatorPaths": 12,
          "priorityMemoEntries": 7,
          "priorityMemoDrops": 0
        }
      ]
    },
    {
      "requestedWorkers": 4,
      "workers": 4,
      "splitDepth": 3,
      "splitDepthMeaning": "unresolved_decision_depth_after_forced_macro_normalization",
      "rootResolvedMsMedian": 29.767700000000332,
      "elapsedMsMedian": 29.96810000000005,
      "totalExpandedMedian": 10818,
      "shallowExpandedMedian": 12,
      "workerExpandedMedian": 10806,
      "leafTasksMedian": 20,
      "scoutTasksMedian": 18,
      "detachedScoutTasksMedian": 0,
      "reSearchesMedian": 1,
      "parallelBatchesMedian": 6,
      "actions": [
        0,
        0,
        0,
        0
      ],
      "runs": [
        {
          "rootResolvedMs": 29.767700000000332,
          "elapsedMs": 29.96810000000005,
          "shallowExpanded": 12,
          "workerExpanded": 10811,
          "totalExpanded": 10823,
          "leafTasks": 20,
          "scoutTasks": 18,
          "incrementalScoutCompletions": 18,
          "detachedScoutTasks": 0,
          "detachedBatches": 0,
          "reSearches": 1,
          "parallelBatches": 6,
          "forcedMacroTransitions": 0,
          "proofAdmissions": 12,
          "coordinatorStates": 40,
          "coordinatorClasses": 68,
          "coordinatorPaths": 31,
          "priorityMemoEntries": 19,
          "priorityMemoDrops": 0
        },
        {
          "rootResolvedMs": 37.54389999999967,
          "elapsedMs": 37.55039999999917,
          "shallowExpanded": 12,
          "workerExpanded": 10780,
          "totalExpanded": 10792,
          "leafTasks": 20,
          "scoutTasks": 18,
          "incrementalScoutCompletions": 18,
          "detachedScoutTasks": 0,
          "detachedBatches": 0,
          "reSearches": 1,
          "parallelBatches": 6,
          "forcedMacroTransitions": 0,
          "proofAdmissions": 12,
          "coordinatorStates": 40,
          "coordinatorClasses": 68,
          "coordinatorPaths": 31,
          "priorityMemoEntries": 19,
          "priorityMemoDrops": 0
        },
        {
          "rootResolvedMs": 33.66269999999986,
          "elapsedMs": 33.67000000000007,
          "shallowExpanded": 12,
          "workerExpanded": 10806,
          "totalExpanded": 10818,
          "leafTasks": 20,
          "scoutTasks": 18,
          "incrementalScoutCompletions": 18,
          "detachedScoutTasks": 0,
          "detachedBatches": 0,
          "reSearches": 1,
          "parallelBatches": 6,
          "forcedMacroTransitions": 0,
          "proofAdmissions": 12,
          "coordinatorStates": 40,
          "coordinatorClasses": 68,
          "coordinatorPaths": 31,
          "priorityMemoEntries": 19,
          "priorityMemoDrops": 0
        },
        {
          "rootResolvedMs": 29.427599999999984,
          "elapsedMs": 29.434400000000096,
          "shallowExpanded": 12,
          "workerExpanded": 10819,
          "totalExpanded": 10831,
          "leafTasks": 20,
          "scoutTasks": 18,
          "incrementalScoutCompletions": 18,
          "detachedScoutTasks": 0,
          "detachedBatches": 0,
          "reSearches": 1,
          "parallelBatches": 6,
          "forcedMacroTransitions": 0,
          "proofAdmissions": 12,
          "coordinatorStates": 40,
          "coordinatorClasses": 68,
          "coordinatorPaths": 31,
          "priorityMemoEntries": 19,
          "priorityMemoDrops": 0
        },
        {
          "rootResolvedMs": 28.69500000000062,
          "elapsedMs": 28.701200000000426,
          "shallowExpanded": 12,
          "workerExpanded": 10788,
          "totalExpanded": 10800,
          "leafTasks": 20,
          "scoutTasks": 18,
          "incrementalScoutCompletions": 18,
          "detachedScoutTasks": 0,
          "detachedBatches": 0,
          "reSearches": 1,
          "parallelBatches": 6,
          "forcedMacroTransitions": 0,
          "proofAdmissions": 12,
          "coordinatorStates": 40,
          "coordinatorClasses": 68,
          "coordinatorPaths": 31,
          "priorityMemoEntries": 19,
          "priorityMemoDrops": 0
        }
      ]
    },
    {
      "requestedWorkers": 4,
      "workers": 4,
      "splitDepth": 4,
      "splitDepthMeaning": "unresolved_decision_depth_after_forced_macro_normalization",
      "rootResolvedMsMedian": 45.340400000000045,
      "elapsedMsMedian": 45.34690000000046,
      "totalExpandedMedian": 14071,
      "shallowExpandedMedian": 32,
      "workerExpandedMedian": 14039,
      "leafTasksMedian": 37,
      "scoutTasksMedian": 36,
      "detachedScoutTasksMedian": 4,
      "reSearchesMedian": 1,
      "parallelBatchesMedian": 12,
      "actions": [
        0,
        0,
        0,
        0
      ],
      "runs": [
        {
          "rootResolvedMs": 45.340400000000045,
          "elapsedMs": 45.34690000000046,
          "shallowExpanded": 32,
          "workerExpanded": 14039,
          "totalExpanded": 14071,
          "leafTasks": 37,
          "scoutTasks": 36,
          "incrementalScoutCompletions": 32,
          "detachedScoutTasks": 4,
          "detachedBatches": 2,
          "reSearches": 1,
          "parallelBatches": 12,
          "forcedMacroTransitions": 0,
          "proofAdmissions": 31,
          "coordinatorStates": 81,
          "coordinatorClasses": 150,
          "coordinatorPaths": 63,
          "priorityMemoEntries": 32,
          "priorityMemoDrops": 0
        },
        {
          "rootResolvedMs": 50.10159999999996,
          "elapsedMs": 50.11229999999978,
          "shallowExpanded": 32,
          "workerExpanded": 14014,
          "totalExpanded": 14046,
          "leafTasks": 37,
          "scoutTasks": 36,
          "incrementalScoutCompletions": 32,
          "detachedScoutTasks": 4,
          "detachedBatches": 2,
          "reSearches": 1,
          "parallelBatches": 12,
          "forcedMacroTransitions": 0,
          "proofAdmissions": 31,
          "coordinatorStates": 81,
          "coordinatorClasses": 150,
          "coordinatorPaths": 63,
          "priorityMemoEntries": 32,
          "priorityMemoDrops": 0
        },
        {
          "rootResolvedMs": 43.67360000000008,
          "elapsedMs": 43.708700000000135,
          "shallowExpanded": 32,
          "workerExpanded": 14064,
          "totalExpanded": 14096,
          "leafTasks": 37,
          "scoutTasks": 36,
          "incrementalScoutCompletions": 32,
          "detachedScoutTasks": 4,
          "detachedBatches": 2,
          "reSearches": 1,
          "parallelBatches": 12,
          "forcedMacroTransitions": 0,
          "proofAdmissions": 31,
          "coordinatorStates": 81,
          "coordinatorClasses": 150,
          "coordinatorPaths": 63,
          "priorityMemoEntries": 32,
          "priorityMemoDrops": 0
        },
        {
          "rootResolvedMs": 46.97429999999986,
          "elapsedMs": 46.98189999999977,
          "shallowExpanded": 32,
          "workerExpanded": 14096,
          "totalExpanded": 14128,
          "leafTasks": 37,
          "scoutTasks": 36,
          "incrementalScoutCompletions": 32,
          "detachedScoutTasks": 4,
          "detachedBatches": 2,
          "reSearches": 1,
          "parallelBatches": 12,
          "forcedMacroTransitions": 0,
          "proofAdmissions": 31,
          "coordinatorStates": 81,
          "coordinatorClasses": 150,
          "coordinatorPaths": 63,
          "priorityMemoEntries": 32,
          "priorityMemoDrops": 0
        },
        {
          "rootResolvedMs": 32.572400000000016,
          "elapsedMs": 32.57860000000073,
          "shallowExpanded": 32,
          "workerExpanded": 14012,
          "totalExpanded": 14044,
          "leafTasks": 37,
          "scoutTasks": 36,
          "incrementalScoutCompletions": 33,
          "detachedScoutTasks": 3,
          "detachedBatches": 2,
          "reSearches": 1,
          "parallelBatches": 12,
          "forcedMacroTransitions": 0,
          "proofAdmissions": 31,
          "coordinatorStates": 81,
          "coordinatorClasses": 150,
          "coordinatorPaths": 63,
          "priorityMemoEntries": 32,
          "priorityMemoDrops": 0
        }
      ]
    }
  ],
  "best": {
    "requestedWorkers": 2,
    "workers": 2,
    "splitDepth": 3,
    "splitDepthMeaning": "unresolved_decision_depth_after_forced_macro_normalization",
    "rootResolvedMsMedian": 18.668699999999717,
    "elapsedMsMedian": 18.672700000000077,
    "totalExpandedMedian": 10815,
    "shallowExpandedMedian": 12,
    "workerExpandedMedian": 10803,
    "leafTasksMedian": 20,
    "scoutTasksMedian": 18,
    "detachedScoutTasksMedian": 0,
    "reSearchesMedian": 1,
    "parallelBatchesMedian": 6,
    "actions": [
      0,
      0,
      0,
      0
    ],
    "runs": [
      {
        "rootResolvedMs": 18.82410000000027,
        "elapsedMs": 18.82840000000033,
        "shallowExpanded": 12,
        "workerExpanded": 10783,
        "totalExpanded": 10795,
        "leafTasks": 20,
        "scoutTasks": 18,
        "incrementalScoutCompletions": 18,
        "detachedScoutTasks": 0,
        "detachedBatches": 0,
        "reSearches": 1,
        "parallelBatches": 6,
        "forcedMacroTransitions": 0,
        "proofAdmissions": 12,
        "coordinatorStates": 40,
        "coordinatorClasses": 68,
        "coordinatorPaths": 31,
        "priorityMemoEntries": 19,
        "priorityMemoDrops": 0
      },
      {
        "rootResolvedMs": 18.57029999999986,
        "elapsedMs": 18.575800000000072,
        "shallowExpanded": 12,
        "workerExpanded": 10841,
        "totalExpanded": 10853,
        "leafTasks": 20,
        "scoutTasks": 18,
        "incrementalScoutCompletions": 18,
        "detachedScoutTasks": 0,
        "detachedBatches": 0,
        "reSearches": 1,
        "parallelBatches": 6,
        "forcedMacroTransitions": 0,
        "proofAdmissions": 12,
        "coordinatorStates": 40,
        "coordinatorClasses": 68,
        "coordinatorPaths": 31,
        "priorityMemoEntries": 19,
        "priorityMemoDrops": 0
      },
      {
        "rootResolvedMs": 18.668699999999717,
        "elapsedMs": 18.672700000000077,
        "shallowExpanded": 12,
        "workerExpanded": 10803,
        "totalExpanded": 10815,
        "leafTasks": 20,
        "scoutTasks": 18,
        "incrementalScoutCompletions": 18,
        "detachedScoutTasks": 0,
        "detachedBatches": 0,
        "reSearches": 1,
        "parallelBatches": 6,
        "forcedMacroTransitions": 0,
        "proofAdmissions": 12,
        "coordinatorStates": 40,
        "coordinatorClasses": 68,
        "coordinatorPaths": 31,
        "priorityMemoEntries": 19,
        "priorityMemoDrops": 0
      },
      {
        "rootResolvedMs": 18.713500000000295,
        "elapsedMs": 18.71770000000015,
        "shallowExpanded": 12,
        "workerExpanded": 10880,
        "totalExpanded": 10892,
        "leafTasks": 20,
        "scoutTasks": 18,
        "incrementalScoutCompletions": 18,
        "detachedScoutTasks": 0,
        "detachedBatches": 0,
        "reSearches": 1,
        "parallelBatches": 6,
        "forcedMacroTransitions": 0,
        "proofAdmissions": 12,
        "coordinatorStates": 40,
        "coordinatorClasses": 68,
        "coordinatorPaths": 31,
        "priorityMemoEntries": 19,
        "priorityMemoDrops": 0
      },
      {
        "rootResolvedMs": 18.50330000000031,
        "elapsedMs": 18.50739999999996,
        "shallowExpanded": 12,
        "workerExpanded": 10798,
        "totalExpanded": 10810,
        "leafTasks": 20,
        "scoutTasks": 18,
        "incrementalScoutCompletions": 18,
        "detachedScoutTasks": 0,
        "detachedBatches": 0,
        "reSearches": 1,
        "parallelBatches": 6,
        "forcedMacroTransitions": 0,
        "proofAdmissions": 12,
        "coordinatorStates": 40,
        "coordinatorClasses": 68,
        "coordinatorPaths": 31,
        "priorityMemoEntries": 19,
        "priorityMemoDrops": 0
      }
    ]
  }
}
